2025-11-29 23:14:23 INFO            _                _                      
2025-11-29 23:14:23 INFO           / \   ___ ___ ___| | ___ _ __ __ _ _   _ 
2025-11-29 23:14:23 INFO          / _ \ / __/ __/ _ \ |/ _ \ '__/ _` | | | |
2025-11-29 23:14:23 INFO         / ___ \ (_| (_|  __/ |  __/ | | (_| | |_| |
2025-11-29 23:14:23 INFO        /_/   \_\___\___\___|_|\___|_|  \__, |\__, |
2025-11-29 23:14:23 INFO                                        |___/ |___/ 
2025-11-29 23:14:23 INFO        generating outputs according to the following specified output flags... 
2025-11-29 23:14:23 INFO         Please use the -f flag to update the preference (default to all output files)
2025-11-29 23:14:23 INFO        {'ERT': 1, 'ERT_summary': 1, 'ART': 1, 'ART_summary': 1, 'energy_estimation': 1, 'flattened_arch': 1}
2025-11-29 23:14:23 INFO        Located config file at /home/juliana/.config/accelergy/accelergy_config.yaml.
2025-11-29 23:14:23 INFO        config file located:
2025-11-29 23:14:23 INFO        /home/juliana/.config/accelergy/accelergy_config.yaml
2025-11-29 23:14:23 INFO        Parsing file /home/juliana/Topicos-Especiais-XII/trabalho_final/timeloop/dse_pe_mac_width/outputs/16_neurons_2_macs_6_width/parsed-processed-input.yaml for architecture info
2025-11-29 23:14:23 INFO        Parsing file /home/juliana/Topicos-Especiais-XII/trabalho_final/timeloop/dse_pe_mac_width/outputs/16_neurons_2_macs_6_width/parsed-processed-input.yaml for compound_components info
2025-11-29 23:14:23 WARNING     No compound component classes specified, architecture can only contain primitive components
2025-11-29 23:14:23 INFO        Adding required action "read" to class SRAM
2025-11-29 23:14:23 INFO        Adding required action "write" to class SRAM
2025-11-29 23:14:23 INFO        Adding required action "leak" to class SRAM
2025-11-29 23:14:23 INFO        Adding required action "update" to class SRAM
2025-11-29 23:14:23 INFO        Adding required action "read" to class regfile
2025-11-29 23:14:23 INFO        Adding required action "write" to class regfile
2025-11-29 23:14:23 INFO        Adding required action "leak" to class regfile
2025-11-29 23:14:23 INFO        Adding required action "update" to class regfile
2025-11-29 23:14:23 INFO        Adding required action "compute" to class intmac
2025-11-29 23:14:23 INFO        Estimator plug-in identified by: /home/juliana/venv_pytorch/share/accelergy/estimation_plug_ins/accelergy-adc-plug-in/adc.estimator.yaml
2025-11-29 23:14:23 INFO        Estimator plug-in identified by: /home/juliana/venv_pytorch/share/accelergy/estimation_plug_ins/accelergy-table-based-plug-ins/table.estimator.yaml
2025-11-29 23:14:23 INFO        Estimator plug-in identified by: /home/juliana/venv_pytorch/share/accelergy/estimation_plug_ins/accelergy-library-plugin/library.estimator.yaml
2025-11-29 23:14:23 INFO        Estimator plug-in identified by: /home/juliana/venv_pytorch/share/accelergy/estimation_plug_ins/dummy_tables/dummy.estimator.yaml
2025-11-29 23:14:23 INFO        Estimator plug-in identified by: /home/juliana/venv_pytorch/share/accelergy/estimation_plug_ins/accelergy-neurosim-plugin/neurosim.estimator.yaml
2025-11-29 23:14:23 INFO        Estimator plug-in identified by: /home/juliana/venv_pytorch/share/accelergy/estimation_plug_ins/accelergy-aladdin-plug-in/aladdin.estimator.yaml
2025-11-29 23:14:23 INFO        Estimator plug-in identified by: /home/juliana/venv_pytorch/share/accelergy/estimation_plug_ins/accelergy-cacti-plug-in/cacti.estimator.yaml
2025-11-29 23:14:23 INFO        Loading Python plug-in: /home/juliana/venv_pytorch/share/accelergy/estimation_plug_ins/accelergy-cacti-plug-in/cacti_wrapper.py. Errors below are likely due to plug-in, not Accelergy.
2025-11-29 23:14:23 INFO        Getting all estimators in module <module 'python_plug_in0' from '/home/juliana/venv_pytorch/share/accelergy/estimation_plug_ins/accelergy-cacti-plug-in/cacti_wrapper.py'>
2025-11-29 23:14:23 INFO        Added estimator CactiCache that estimates cache with actions idle, read, read_access, update, update_access, write, write_access, leak
2025-11-29 23:14:23 INFO        Added estimator CactiDRAM that estimates ['DRAM', 'dram'] with actions idle, read, update, write, leak
2025-11-29 23:14:23 INFO        Added estimator CactiSRAM that estimates ['SRAM', 'sram'] with actions idle, read, update, write, leak
2025-11-29 23:14:23 INFO        Done loading Python plug-ins.
2025-11-29 23:14:23 INFO        Found estimator plug-in: ADC Plug-In (<ADCEstimator.ADCEstimator object at 0x772511985be0>)
2025-11-29 23:14:23 INFO        Found estimator plug-in: DEPRECATED table-based-plug-ins. Use the Library plug-in instead. (<SetsOfTables.SetsOfTables object at 0x772511a01160>)
2025-11-29 23:14:23 INFO        Found estimator plug-in: Library (<LibraryEstimator.LibraryEstimator object at 0x7725117c2f00>)
2025-11-29 23:14:23 INFO        Found estimator plug-in: dummy (<DummyTable.DummyTable object at 0x77251195ad20>)
2025-11-29 23:14:23 INFO        Found estimator plug-in: Neurosim Plug-In (<NeuroWrapper.NeuroWrapper object at 0x772511a8c410>)
2025-11-29 23:14:23 INFO        Found estimator plug-in: Aladdin_table (<AladdinTable.AladdinTable object at 0x772511828f80>)
2025-11-29 23:14:23 INFO        Found estimator plug-in: CactiCache (<accelergy.plug_in_interface.estimator_wrapper.EstimatorWrapper object at 0x772511984140>)
2025-11-29 23:14:23 INFO        Found estimator plug-in: CactiDRAM (<accelergy.plug_in_interface.estimator_wrapper.EstimatorWrapper object at 0x772511954e60>)
2025-11-29 23:14:23 INFO        Found estimator plug-in: CactiSRAM (<accelergy.plug_in_interface.estimator_wrapper.EstimatorWrapper object at 0x772511954da0>)
2025-11-29 23:14:23 INFO        
2025-11-29 23:14:23 INFO        ENERGY ESTIMATION for SRAM(depth=16384, width=384, datawidth=6, instances=1, meshX=1, has_power_gating=False, n_banks=2, cluster_size=1, reduction_supported=True, multiple_buffering=1, min_utilization=0, allow_overbooking=False, meshY=1, technology=40nm, global_cycle_seconds=1e-09, version=0.4, action_latency_cycles=1, cycle_seconds=1e-09, n_instances=1).read(global_cycle_seconds=1e-09, action_latency_cycles=1)
2025-11-29 23:14:25 INFO        CactiSRAM estimated 2.381759230769231e-10 with accuracy 80%. Messages:
2025-11-29 23:14:25 INFO        | Unused arguments (datawidth, instances, meshX, has_power_gating, cluster_size, reduction_supported, multiple_buffering, min_utilization, allow_overbooking, meshY, global_cycle_seconds, version, action_latency_cycles, cycle_seconds, n_instances) provided for ['SRAM', 'sram'].__init__. Arguments used: (depth, width, n_banks, technology)
2025-11-29 23:14:25 INFO        | Unused arguments (global_cycle_seconds, action_latency_cycles) provided for ['SRAM', 'sram'].read. Arguments used: ()
2025-11-29 23:14:25 INFO        | Interpolating technology between 32 and 45.
2025-11-29 23:14:25 INFO        | Calling CACTI with cache_size=786432 n_rw_ports=1 block_size=48 tech_node_um=0.032 n_banks=2 tag_size=0 associativity=1
2025-11-29 23:14:25 INFO        | Calling CACTI with input path /home/juliana/venv_pytorch/share/accelergy/estimation_plug_ins/accelergy-cacti-plug-in/cacti_inputs_outputs/tmp7h6lvimy
2025-11-29 23:14:25 INFO        | CACTI output will be written to /home/juliana/venv_pytorch/share/accelergy/estimation_plug_ins/accelergy-cacti-plug-in/cacti_inputs_outputs/tmpd_lyjtv3
2025-11-29 23:14:25 INFO        | CACTI executable not found at /home/juliana/venv_pytorch/share/accelergy/estimation_plug_ins/accelergy-cacti-plug-in/cacti/cacti
2025-11-29 23:14:25 INFO        | Calling: cd /home/juliana/venv_pytorch/share/accelergy/estimation_plug_ins/accelergy-cacti-plug-in ; ./cacti -infile /home/juliana/venv_pytorch/share/accelergy/estimation_plug_ins/accelergy-cacti-plug-in/cacti_inputs_outputs/tmp7h6lvimy >> /home/juliana/venv_pytorch/share/accelergy/estimation_plug_ins/accelergy-cacti-plug-in/cacti_inputs_outputs/tmpd_lyjtv3 2>&1
2025-11-29 23:14:25 INFO        | Calling CACTI with cache_size=786432 n_rw_ports=1 block_size=48 tech_node_um=0.045 n_banks=2 tag_size=0 associativity=1
2025-11-29 23:14:25 INFO        | Calling CACTI with input path /home/juliana/venv_pytorch/share/accelergy/estimation_plug_ins/accelergy-cacti-plug-in/cacti_inputs_outputs/tmplbdtzx73
2025-11-29 23:14:25 INFO        | CACTI output will be written to /home/juliana/venv_pytorch/share/accelergy/estimation_plug_ins/accelergy-cacti-plug-in/cacti_inputs_outputs/tmp8rjegn00
2025-11-29 23:14:25 INFO        | CACTI executable not found at /home/juliana/venv_pytorch/share/accelergy/estimation_plug_ins/accelergy-cacti-plug-in/cacti/cacti
2025-11-29 23:14:25 INFO        | Calling: cd /home/juliana/venv_pytorch/share/accelergy/estimation_plug_ins/accelergy-cacti-plug-in ; ./cacti -infile /home/juliana/venv_pytorch/share/accelergy/estimation_plug_ins/accelergy-cacti-plug-in/cacti_inputs_outputs/tmplbdtzx73 >> /home/juliana/venv_pytorch/share/accelergy/estimation_plug_ins/accelergy-cacti-plug-in/cacti_inputs_outputs/tmp8rjegn00 2>&1
2025-11-29 23:14:25 INFO        | Cache bandwidth: 96.0 bytes/cycle
2025-11-29 23:14:25 INFO        | Cache bandwidth: 147201013422.36163 bits/second
2025-11-29 23:14:25 INFO        
2025-11-29 23:14:25 INFO        ENERGY ESTIMATION for SRAM(depth=16384, width=384, datawidth=6, instances=1, meshX=1, has_power_gating=False, n_banks=2, cluster_size=1, reduction_supported=True, multiple_buffering=1, min_utilization=0, allow_overbooking=False, meshY=1, technology=40nm, global_cycle_seconds=1e-09, version=0.4, action_latency_cycles=1, cycle_seconds=1e-09, n_instances=1).write(global_cycle_seconds=1e-09, action_latency_cycles=1)
2025-11-29 23:14:27 INFO        CactiSRAM estimated 2.286563076923077e-10 with accuracy 80%. Messages:
2025-11-29 23:14:27 INFO        | Unused arguments (datawidth, instances, meshX, has_power_gating, cluster_size, reduction_supported, multiple_buffering, min_utilization, allow_overbooking, meshY, global_cycle_seconds, version, action_latency_cycles, cycle_seconds, n_instances) provided for ['SRAM', 'sram'].__init__. Arguments used: (depth, width, n_banks, technology)
2025-11-29 23:14:27 INFO        | Unused arguments (global_cycle_seconds, action_latency_cycles) provided for ['SRAM', 'sram'].write. Arguments used: ()
2025-11-29 23:14:27 INFO        | Interpolating technology between 32 and 45.
2025-11-29 23:14:27 INFO        | Calling CACTI with cache_size=786432 n_rw_ports=1 block_size=48 tech_node_um=0.032 n_banks=2 tag_size=0 associativity=1
2025-11-29 23:14:27 INFO        | Calling CACTI with input path /home/juliana/venv_pytorch/share/accelergy/estimation_plug_ins/accelergy-cacti-plug-in/cacti_inputs_outputs/tmpv5gldpxg
2025-11-29 23:14:27 INFO        | CACTI output will be written to /home/juliana/venv_pytorch/share/accelergy/estimation_plug_ins/accelergy-cacti-plug-in/cacti_inputs_outputs/tmpnr7hy_zu
2025-11-29 23:14:27 INFO        | CACTI executable not found at /home/juliana/venv_pytorch/share/accelergy/estimation_plug_ins/accelergy-cacti-plug-in/cacti/cacti
2025-11-29 23:14:27 INFO        | Calling: cd /home/juliana/venv_pytorch/share/accelergy/estimation_plug_ins/accelergy-cacti-plug-in ; ./cacti -infile /home/juliana/venv_pytorch/share/accelergy/estimation_plug_ins/accelergy-cacti-plug-in/cacti_inputs_outputs/tmpv5gldpxg >> /home/juliana/venv_pytorch/share/accelergy/estimation_plug_ins/accelergy-cacti-plug-in/cacti_inputs_outputs/tmpnr7hy_zu 2>&1
2025-11-29 23:14:27 INFO        | Calling CACTI with cache_size=786432 n_rw_ports=1 block_size=48 tech_node_um=0.045 n_banks=2 tag_size=0 associativity=1
2025-11-29 23:14:27 INFO        | Calling CACTI with input path /home/juliana/venv_pytorch/share/accelergy/estimation_plug_ins/accelergy-cacti-plug-in/cacti_inputs_outputs/tmpugs8e22z
2025-11-29 23:14:27 INFO        | CACTI output will be written to /home/juliana/venv_pytorch/share/accelergy/estimation_plug_ins/accelergy-cacti-plug-in/cacti_inputs_outputs/tmprf_no649
2025-11-29 23:14:27 INFO        | CACTI executable not found at /home/juliana/venv_pytorch/share/accelergy/estimation_plug_ins/accelergy-cacti-plug-in/cacti/cacti
2025-11-29 23:14:27 INFO        | Calling: cd /home/juliana/venv_pytorch/share/accelergy/estimation_plug_ins/accelergy-cacti-plug-in ; ./cacti -infile /home/juliana/venv_pytorch/share/accelergy/estimation_plug_ins/accelergy-cacti-plug-in/cacti_inputs_outputs/tmpugs8e22z >> /home/juliana/venv_pytorch/share/accelergy/estimation_plug_ins/accelergy-cacti-plug-in/cacti_inputs_outputs/tmprf_no649 2>&1
2025-11-29 23:14:27 INFO        | Cache bandwidth: 96.0 bytes/cycle
2025-11-29 23:14:27 INFO        | Cache bandwidth: 147201013422.36163 bits/second
2025-11-29 23:14:27 INFO        
2025-11-29 23:14:27 INFO        ENERGY ESTIMATION for SRAM(depth=16384, width=384, datawidth=6, instances=1, meshX=1, has_power_gating=False, n_banks=2, cluster_size=1, reduction_supported=True, multiple_buffering=1, min_utilization=0, allow_overbooking=False, meshY=1, technology=40nm, global_cycle_seconds=1e-09, version=0.4, action_latency_cycles=1, cycle_seconds=1e-09, n_instances=1).leak(global_cycle_seconds=1e-09, action_latency_cycles=1)
2025-11-29 23:14:30 INFO        CactiSRAM estimated 2.3314486153846157e-14 with accuracy 80%. Messages:
2025-11-29 23:14:30 INFO        | Unused arguments (datawidth, instances, meshX, has_power_gating, cluster_size, reduction_supported, multiple_buffering, min_utilization, allow_overbooking, meshY, global_cycle_seconds, version, action_latency_cycles, cycle_seconds, n_instances) provided for ['SRAM', 'sram'].__init__. Arguments used: (depth, width, n_banks, technology)
2025-11-29 23:14:30 INFO        | Unused arguments (action_latency_cycles) provided for ['SRAM', 'sram'].leak. Arguments used: (global_cycle_seconds)
2025-11-29 23:14:30 INFO        | Interpolating technology between 32 and 45.
2025-11-29 23:14:30 INFO        | Calling CACTI with cache_size=786432 n_rw_ports=1 block_size=48 tech_node_um=0.032 n_banks=2 tag_size=0 associativity=1
2025-11-29 23:14:30 INFO        | Calling CACTI with input path /home/juliana/venv_pytorch/share/accelergy/estimation_plug_ins/accelergy-cacti-plug-in/cacti_inputs_outputs/tmp2ebnzu6w
2025-11-29 23:14:30 INFO        | CACTI output will be written to /home/juliana/venv_pytorch/share/accelergy/estimation_plug_ins/accelergy-cacti-plug-in/cacti_inputs_outputs/tmpm2cl5l4i
2025-11-29 23:14:30 INFO        | CACTI executable not found at /home/juliana/venv_pytorch/share/accelergy/estimation_plug_ins/accelergy-cacti-plug-in/cacti/cacti
2025-11-29 23:14:30 INFO        | Calling: cd /home/juliana/venv_pytorch/share/accelergy/estimation_plug_ins/accelergy-cacti-plug-in ; ./cacti -infile /home/juliana/venv_pytorch/share/accelergy/estimation_plug_ins/accelergy-cacti-plug-in/cacti_inputs_outputs/tmp2ebnzu6w >> /home/juliana/venv_pytorch/share/accelergy/estimation_plug_ins/accelergy-cacti-plug-in/cacti_inputs_outputs/tmpm2cl5l4i 2>&1
2025-11-29 23:14:30 INFO        | Calling CACTI with cache_size=786432 n_rw_ports=1 block_size=48 tech_node_um=0.045 n_banks=2 tag_size=0 associativity=1
2025-11-29 23:14:30 INFO        | Calling CACTI with input path /home/juliana/venv_pytorch/share/accelergy/estimation_plug_ins/accelergy-cacti-plug-in/cacti_inputs_outputs/tmpj7i38xv9
2025-11-29 23:14:30 INFO        | CACTI output will be written to /home/juliana/venv_pytorch/share/accelergy/estimation_plug_ins/accelergy-cacti-plug-in/cacti_inputs_outputs/tmpw_t4emdk
2025-11-29 23:14:30 INFO        | CACTI executable not found at /home/juliana/venv_pytorch/share/accelergy/estimation_plug_ins/accelergy-cacti-plug-in/cacti/cacti
2025-11-29 23:14:30 INFO        | Calling: cd /home/juliana/venv_pytorch/share/accelergy/estimation_plug_ins/accelergy-cacti-plug-in ; ./cacti -infile /home/juliana/venv_pytorch/share/accelergy/estimation_plug_ins/accelergy-cacti-plug-in/cacti_inputs_outputs/tmpj7i38xv9 >> /home/juliana/venv_pytorch/share/accelergy/estimation_plug_ins/accelergy-cacti-plug-in/cacti_inputs_outputs/tmpw_t4emdk 2>&1
2025-11-29 23:14:30 INFO        | Cache bandwidth: 96.0 bytes/cycle
2025-11-29 23:14:30 INFO        | Cache bandwidth: 147201013422.36163 bits/second
2025-11-29 23:14:30 INFO        | Global cycle time 1e-09 is less than the cache's random cycle time 5.217355384615385e-09
2025-11-29 23:14:30 INFO        | Multiplying by n_instances 1
2025-11-29 23:14:30 INFO        
2025-11-29 23:14:30 INFO        ENERGY ESTIMATION for SRAM(depth=16384, width=384, datawidth=6, instances=1, meshX=1, has_power_gating=False, n_banks=2, cluster_size=1, reduction_supported=True, multiple_buffering=1, min_utilization=0, allow_overbooking=False, meshY=1, technology=40nm, global_cycle_seconds=1e-09, version=0.4, action_latency_cycles=1, cycle_seconds=1e-09, n_instances=1).update(global_cycle_seconds=1e-09, action_latency_cycles=1)
2025-11-29 23:14:33 INFO        CactiSRAM estimated 2.286563076923077e-10 with accuracy 80%. Messages:
2025-11-29 23:14:33 INFO        | Unused arguments (datawidth, instances, meshX, has_power_gating, cluster_size, reduction_supported, multiple_buffering, min_utilization, allow_overbooking, meshY, global_cycle_seconds, version, action_latency_cycles, cycle_seconds, n_instances) provided for ['SRAM', 'sram'].__init__. Arguments used: (depth, width, n_banks, technology)
2025-11-29 23:14:33 INFO        | Unused arguments (global_cycle_seconds, action_latency_cycles) provided for ['SRAM', 'sram'].update. Arguments used: ()
2025-11-29 23:14:33 INFO        | Interpolating technology between 32 and 45.
2025-11-29 23:14:33 INFO        | Calling CACTI with cache_size=786432 n_rw_ports=1 block_size=48 tech_node_um=0.032 n_banks=2 tag_size=0 associativity=1
2025-11-29 23:14:33 INFO        | Calling CACTI with input path /home/juliana/venv_pytorch/share/accelergy/estimation_plug_ins/accelergy-cacti-plug-in/cacti_inputs_outputs/tmpizf6jz7p
2025-11-29 23:14:33 INFO        | CACTI output will be written to /home/juliana/venv_pytorch/share/accelergy/estimation_plug_ins/accelergy-cacti-plug-in/cacti_inputs_outputs/tmpo4p0q77c
2025-11-29 23:14:33 INFO        | CACTI executable not found at /home/juliana/venv_pytorch/share/accelergy/estimation_plug_ins/accelergy-cacti-plug-in/cacti/cacti
2025-11-29 23:14:33 INFO        | Calling: cd /home/juliana/venv_pytorch/share/accelergy/estimation_plug_ins/accelergy-cacti-plug-in ; ./cacti -infile /home/juliana/venv_pytorch/share/accelergy/estimation_plug_ins/accelergy-cacti-plug-in/cacti_inputs_outputs/tmpizf6jz7p >> /home/juliana/venv_pytorch/share/accelergy/estimation_plug_ins/accelergy-cacti-plug-in/cacti_inputs_outputs/tmpo4p0q77c 2>&1
2025-11-29 23:14:33 INFO        | Calling CACTI with cache_size=786432 n_rw_ports=1 block_size=48 tech_node_um=0.045 n_banks=2 tag_size=0 associativity=1
2025-11-29 23:14:33 INFO        | Calling CACTI with input path /home/juliana/venv_pytorch/share/accelergy/estimation_plug_ins/accelergy-cacti-plug-in/cacti_inputs_outputs/tmpcgapmbqr
2025-11-29 23:14:33 INFO        | CACTI output will be written to /home/juliana/venv_pytorch/share/accelergy/estimation_plug_ins/accelergy-cacti-plug-in/cacti_inputs_outputs/tmpruyicrih
2025-11-29 23:14:33 INFO        | CACTI executable not found at /home/juliana/venv_pytorch/share/accelergy/estimation_plug_ins/accelergy-cacti-plug-in/cacti/cacti
2025-11-29 23:14:33 INFO        | Calling: cd /home/juliana/venv_pytorch/share/accelergy/estimation_plug_ins/accelergy-cacti-plug-in ; ./cacti -infile /home/juliana/venv_pytorch/share/accelergy/estimation_plug_ins/accelergy-cacti-plug-in/cacti_inputs_outputs/tmpcgapmbqr >> /home/juliana/venv_pytorch/share/accelergy/estimation_plug_ins/accelergy-cacti-plug-in/cacti_inputs_outputs/tmpruyicrih 2>&1
2025-11-29 23:14:33 INFO        | Cache bandwidth: 96.0 bytes/cycle
2025-11-29 23:14:33 INFO        | Cache bandwidth: 147201013422.36163 bits/second
2025-11-29 23:14:33 INFO        
2025-11-29 23:14:33 INFO        ENERGY ESTIMATION for regfile(depth=1, width=12, datawidth=6, has_power_gating=False, n_banks=2, cluster_size=1, reduction_supported=True, multiple_buffering=1, min_utilization=0, allow_overbooking=False, meshX=16, meshY=1, technology=40nm, global_cycle_seconds=1e-09, spatial={'meshX': 32}, version=0.4, action_latency_cycles=1, cycle_seconds=1e-09, n_instances=1).read(global_cycle_seconds=1e-09, action_latency_cycles=1)
2025-11-29 23:14:33 INFO        Aladdin_table estimated 0.009p with accuracy 70%. 
2025-11-29 23:14:33 INFO        
2025-11-29 23:14:33 INFO        ENERGY ESTIMATION for regfile(depth=1, width=12, datawidth=6, has_power_gating=False, n_banks=2, cluster_size=1, reduction_supported=True, multiple_buffering=1, min_utilization=0, allow_overbooking=False, meshX=16, meshY=1, technology=40nm, global_cycle_seconds=1e-09, spatial={'meshX': 32}, version=0.4, action_latency_cycles=1, cycle_seconds=1e-09, n_instances=1).write(global_cycle_seconds=1e-09, action_latency_cycles=1)
2025-11-29 23:14:33 INFO        Aladdin_table estimated 0.009p with accuracy 70%. 
2025-11-29 23:14:33 INFO        
2025-11-29 23:14:33 INFO        ENERGY ESTIMATION for regfile(depth=1, width=12, datawidth=6, has_power_gating=False, n_banks=2, cluster_size=1, reduction_supported=True, multiple_buffering=1, min_utilization=0, allow_overbooking=False, meshX=16, meshY=1, technology=40nm, global_cycle_seconds=1e-09, spatial={'meshX': 32}, version=0.4, action_latency_cycles=1, cycle_seconds=1e-09, n_instances=1).leak(global_cycle_seconds=1e-09, action_latency_cycles=1)
2025-11-29 23:14:33 INFO        Aladdin_table estimated 7e-05p with accuracy 70%. Messages:
2025-11-29 23:14:33 INFO        | Multiplying by n_instances 1
2025-11-29 23:14:33 INFO        
2025-11-29 23:14:33 INFO        ENERGY ESTIMATION for regfile(depth=1, width=12, datawidth=6, has_power_gating=False, n_banks=2, cluster_size=1, reduction_supported=True, multiple_buffering=1, min_utilization=0, allow_overbooking=False, meshX=16, meshY=1, technology=40nm, global_cycle_seconds=1e-09, spatial={'meshX': 32}, version=0.4, action_latency_cycles=1, cycle_seconds=1e-09, n_instances=1).update(global_cycle_seconds=1e-09, action_latency_cycles=1)
2025-11-29 23:14:33 INFO        Aladdin_table estimated 0.009p with accuracy 70%. 
2025-11-29 23:14:33 INFO        
2025-11-29 23:14:33 INFO        ENERGY ESTIMATION for intmac(width=6, datawidth=6, has_power_gating=False, meshX=32, meshY=1, technology=40nm, global_cycle_seconds=1e-09, spatial={'meshX': 32}, version=0.4, action_latency_cycles=1, cycle_seconds=1e-09, n_instances=1).compute(global_cycle_seconds=1e-09, action_latency_cycles=1)
2025-11-29 23:14:33 INFO        Aladdin_table estimated 0.48515625p with accuracy 70%. 
2025-11-29 23:14:33 WARNING     No action counts are specified as yaml input
2025-11-29 23:14:33 INFO        
2025-11-29 23:14:33 INFO        AREA ESTIMATION for SRAM(depth=16384, width=384, datawidth=6, instances=1, meshX=1, has_power_gating=False, n_banks=2, cluster_size=1, reduction_supported=True, multiple_buffering=1, min_utilization=0, allow_overbooking=False, meshY=1, technology=40nm, global_cycle_seconds=1e-09, version=0.4, action_latency_cycles=1, cycle_seconds=1e-09, n_instances=1)
2025-11-29 23:14:35 INFO        CactiSRAM estimated 2.3879784615384618e-06 with accuracy 80%. Messages:
2025-11-29 23:14:35 INFO        | Unused arguments (datawidth, instances, meshX, has_power_gating, cluster_size, reduction_supported, multiple_buffering, min_utilization, allow_overbooking, meshY, global_cycle_seconds, version, action_latency_cycles, cycle_seconds, n_instances) provided for ['SRAM', 'sram'].__init__. Arguments used: (depth, width, n_banks, technology)
2025-11-29 23:14:35 INFO        | Interpolating technology between 32 and 45.
2025-11-29 23:14:35 INFO        | Calling CACTI with cache_size=786432 n_rw_ports=1 block_size=48 tech_node_um=0.032 n_banks=2 tag_size=0 associativity=1
2025-11-29 23:14:35 INFO        | Calling CACTI with input path /home/juliana/venv_pytorch/share/accelergy/estimation_plug_ins/accelergy-cacti-plug-in/cacti_inputs_outputs/tmp_pal7t8u
2025-11-29 23:14:35 INFO        | CACTI output will be written to /home/juliana/venv_pytorch/share/accelergy/estimation_plug_ins/accelergy-cacti-plug-in/cacti_inputs_outputs/tmpu4njmtxv
2025-11-29 23:14:35 INFO        | CACTI executable not found at /home/juliana/venv_pytorch/share/accelergy/estimation_plug_ins/accelergy-cacti-plug-in/cacti/cacti
2025-11-29 23:14:35 INFO        | Calling: cd /home/juliana/venv_pytorch/share/accelergy/estimation_plug_ins/accelergy-cacti-plug-in ; ./cacti -infile /home/juliana/venv_pytorch/share/accelergy/estimation_plug_ins/accelergy-cacti-plug-in/cacti_inputs_outputs/tmp_pal7t8u >> /home/juliana/venv_pytorch/share/accelergy/estimation_plug_ins/accelergy-cacti-plug-in/cacti_inputs_outputs/tmpu4njmtxv 2>&1
2025-11-29 23:14:35 INFO        | Calling CACTI with cache_size=786432 n_rw_ports=1 block_size=48 tech_node_um=0.045 n_banks=2 tag_size=0 associativity=1
2025-11-29 23:14:35 INFO        | Calling CACTI with input path /home/juliana/venv_pytorch/share/accelergy/estimation_plug_ins/accelergy-cacti-plug-in/cacti_inputs_outputs/tmprox773_h
2025-11-29 23:14:35 INFO        | CACTI output will be written to /home/juliana/venv_pytorch/share/accelergy/estimation_plug_ins/accelergy-cacti-plug-in/cacti_inputs_outputs/tmpqlpr7tvo
2025-11-29 23:14:35 INFO        | CACTI executable not found at /home/juliana/venv_pytorch/share/accelergy/estimation_plug_ins/accelergy-cacti-plug-in/cacti/cacti
2025-11-29 23:14:35 INFO        | Calling: cd /home/juliana/venv_pytorch/share/accelergy/estimation_plug_ins/accelergy-cacti-plug-in ; ./cacti -infile /home/juliana/venv_pytorch/share/accelergy/estimation_plug_ins/accelergy-cacti-plug-in/cacti_inputs_outputs/tmprox773_h >> /home/juliana/venv_pytorch/share/accelergy/estimation_plug_ins/accelergy-cacti-plug-in/cacti_inputs_outputs/tmpqlpr7tvo 2>&1
2025-11-29 23:14:35 INFO        | Cache bandwidth: 96.0 bytes/cycle
2025-11-29 23:14:35 INFO        | Cache bandwidth: 147201013422.36163 bits/second
2025-11-29 23:14:35 INFO        | Multiplying by n_instances 1
2025-11-29 23:14:35 INFO        
2025-11-29 23:14:35 INFO        AREA ESTIMATION for dummy_storage(width=1, depth=1, datawidth=1, technology=-1, has_power_gating=False, n_banks=2, cluster_size=1, reduction_supported=True, multiple_buffering=1, min_utilization=0, allow_overbooking=False, meshX=1, meshY=1, global_cycle_seconds=1e-09, spatial={'meshX': 32}, version=0.4, action_latency_cycles=1, cycle_seconds=1e-09, n_instances=1)
2025-11-29 23:14:35 INFO        dummy estimated 1u^2 with accuracy 100%. Messages:
2025-11-29 23:14:35 INFO        | Multiplying by n_instances 1
2025-11-29 23:14:35 INFO        
2025-11-29 23:14:35 INFO        AREA ESTIMATION for regfile(depth=1, width=12, datawidth=6, has_power_gating=False, n_banks=2, cluster_size=1, reduction_supported=True, multiple_buffering=1, min_utilization=0, allow_overbooking=False, meshX=16, meshY=1, technology=40nm, global_cycle_seconds=1e-09, spatial={'meshX': 32}, version=0.4, action_latency_cycles=1, cycle_seconds=1e-09, n_instances=1)
2025-11-29 23:14:35 INFO        Aladdin_table estimated 5.98u^2 with accuracy 70%. Messages:
2025-11-29 23:14:35 INFO        | Multiplying by n_instances 1
2025-11-29 23:14:35 INFO        
2025-11-29 23:14:35 INFO        AREA ESTIMATION for dummy_storage(width=1, depth=1, datawidth=1, technology=-1, has_power_gating=False, n_banks=2, cluster_size=1, reduction_supported=True, multiple_buffering=1, min_utilization=0, allow_overbooking=False, meshX=16, meshY=1, global_cycle_seconds=1e-09, spatial={'meshX': 32}, version=0.4, action_latency_cycles=1, cycle_seconds=1e-09, n_instances=1)
2025-11-29 23:14:35 INFO        dummy estimated 1u^2 with accuracy 100%. Messages:
2025-11-29 23:14:35 INFO        | Multiplying by n_instances 1
2025-11-29 23:14:35 INFO        
2025-11-29 23:14:35 INFO        AREA ESTIMATION for intmac(width=6, datawidth=6, has_power_gating=False, meshX=32, meshY=1, technology=40nm, global_cycle_seconds=1e-09, spatial={'meshX': 32}, version=0.4, action_latency_cycles=1, cycle_seconds=1e-09, n_instances=1)
2025-11-29 23:14:35 INFO        Aladdin_table estimated 275.3671875u^2 with accuracy 70%. Messages:
2025-11-29 23:14:35 INFO        | Multiplying by n_instances 1
2025-11-29 23:14:35 INFO        flattened architecture is saved to:
2025-11-29 23:14:35 INFO        ./timeloop-mapper.flattened_architecture.yaml
2025-11-29 23:14:35 INFO        energy reference table is saved to:
2025-11-29 23:14:35 INFO        ./timeloop-mapper.ERT.yaml
2025-11-29 23:14:35 INFO        energy reference table summary is saved to:
2025-11-29 23:14:35 INFO        ./timeloop-mapper.ERT_summary.yaml
2025-11-29 23:14:35 WARNING     no runtime energy estimations are generated... not generating energy_estimation.yaml
2025-11-29 23:14:35 INFO        area reference table is saved to:
2025-11-29 23:14:35 INFO        ./timeloop-mapper.ART.yaml
2025-11-29 23:14:35 INFO        area reference table summary is saved to:
2025-11-29 23:14:35 INFO        ./timeloop-mapper.ART_summary.yaml
