2025-11-29 23:11:33 INFO            _                _                      
2025-11-29 23:11:33 INFO           / \   ___ ___ ___| | ___ _ __ __ _ _   _ 
2025-11-29 23:11:33 INFO          / _ \ / __/ __/ _ \ |/ _ \ '__/ _` | | | |
2025-11-29 23:11:33 INFO         / ___ \ (_| (_|  __/ |  __/ | | (_| | |_| |
2025-11-29 23:11:33 INFO        /_/   \_\___\___\___|_|\___|_|  \__, |\__, |
2025-11-29 23:11:33 INFO                                        |___/ |___/ 
2025-11-29 23:11:33 INFO        generating outputs according to the following specified output flags... 
2025-11-29 23:11:33 INFO         Please use the -f flag to update the preference (default to all output files)
2025-11-29 23:11:33 INFO        {'ERT': 1, 'ERT_summary': 1, 'ART': 1, 'ART_summary': 1, 'energy_estimation': 1, 'flattened_arch': 1}
2025-11-29 23:11:33 INFO        Located config file at /home/juliana/.config/accelergy/accelergy_config.yaml.
2025-11-29 23:11:33 INFO        config file located:
2025-11-29 23:11:33 INFO        /home/juliana/.config/accelergy/accelergy_config.yaml
2025-11-29 23:11:33 INFO        Parsing file /home/juliana/Topicos-Especiais-XII/trabalho_final/timeloop/dse_pe_mac_width/outputs/4_neurons_4_macs_6_width/parsed-processed-input.yaml for architecture info
2025-11-29 23:11:33 INFO        Parsing file /home/juliana/Topicos-Especiais-XII/trabalho_final/timeloop/dse_pe_mac_width/outputs/4_neurons_4_macs_6_width/parsed-processed-input.yaml for compound_components info
2025-11-29 23:11:33 WARNING     No compound component classes specified, architecture can only contain primitive components
2025-11-29 23:11:33 INFO        Adding required action "read" to class SRAM
2025-11-29 23:11:33 INFO        Adding required action "write" to class SRAM
2025-11-29 23:11:33 INFO        Adding required action "leak" to class SRAM
2025-11-29 23:11:33 INFO        Adding required action "update" to class SRAM
2025-11-29 23:11:33 INFO        Adding required action "read" to class regfile
2025-11-29 23:11:33 INFO        Adding required action "write" to class regfile
2025-11-29 23:11:33 INFO        Adding required action "leak" to class regfile
2025-11-29 23:11:33 INFO        Adding required action "update" to class regfile
2025-11-29 23:11:33 INFO        Adding required action "compute" to class intmac
2025-11-29 23:11:33 INFO        Estimator plug-in identified by: /home/juliana/venv_pytorch/share/accelergy/estimation_plug_ins/accelergy-adc-plug-in/adc.estimator.yaml
2025-11-29 23:11:34 INFO        Estimator plug-in identified by: /home/juliana/venv_pytorch/share/accelergy/estimation_plug_ins/accelergy-table-based-plug-ins/table.estimator.yaml
2025-11-29 23:11:34 INFO        Estimator plug-in identified by: /home/juliana/venv_pytorch/share/accelergy/estimation_plug_ins/accelergy-library-plugin/library.estimator.yaml
2025-11-29 23:11:34 INFO        Estimator plug-in identified by: /home/juliana/venv_pytorch/share/accelergy/estimation_plug_ins/dummy_tables/dummy.estimator.yaml
2025-11-29 23:11:34 INFO        Estimator plug-in identified by: /home/juliana/venv_pytorch/share/accelergy/estimation_plug_ins/accelergy-neurosim-plugin/neurosim.estimator.yaml
2025-11-29 23:11:34 INFO        Estimator plug-in identified by: /home/juliana/venv_pytorch/share/accelergy/estimation_plug_ins/accelergy-aladdin-plug-in/aladdin.estimator.yaml
2025-11-29 23:11:34 INFO        Estimator plug-in identified by: /home/juliana/venv_pytorch/share/accelergy/estimation_plug_ins/accelergy-cacti-plug-in/cacti.estimator.yaml
2025-11-29 23:11:34 INFO        Loading Python plug-in: /home/juliana/venv_pytorch/share/accelergy/estimation_plug_ins/accelergy-cacti-plug-in/cacti_wrapper.py. Errors below are likely due to plug-in, not Accelergy.
2025-11-29 23:11:34 INFO        Getting all estimators in module <module 'python_plug_in0' from '/home/juliana/venv_pytorch/share/accelergy/estimation_plug_ins/accelergy-cacti-plug-in/cacti_wrapper.py'>
2025-11-29 23:11:34 INFO        Added estimator CactiCache that estimates cache with actions idle, read, read_access, update, update_access, write, write_access, leak
2025-11-29 23:11:34 INFO        Added estimator CactiDRAM that estimates ['DRAM', 'dram'] with actions idle, read, update, write, leak
2025-11-29 23:11:34 INFO        Added estimator CactiSRAM that estimates ['SRAM', 'sram'] with actions idle, read, update, write, leak
2025-11-29 23:11:34 INFO        Done loading Python plug-ins.
2025-11-29 23:11:34 INFO        Found estimator plug-in: ADC Plug-In (<ADCEstimator.ADCEstimator object at 0x70bb33c0b230>)
2025-11-29 23:11:34 INFO        Found estimator plug-in: DEPRECATED table-based-plug-ins. Use the Library plug-in instead. (<SetsOfTables.SetsOfTables object at 0x70bb33df5c10>)
2025-11-29 23:11:34 INFO        Found estimator plug-in: Library (<LibraryEstimator.LibraryEstimator object at 0x70bb33df6060>)
2025-11-29 23:11:34 INFO        Found estimator plug-in: dummy (<DummyTable.DummyTable object at 0x70bb33dc1bb0>)
2025-11-29 23:11:34 INFO        Found estimator plug-in: Neurosim Plug-In (<NeuroWrapper.NeuroWrapper object at 0x70bb33dc03b0>)
2025-11-29 23:11:34 INFO        Found estimator plug-in: Aladdin_table (<AladdinTable.AladdinTable object at 0x70bb33c8d460>)
2025-11-29 23:11:34 INFO        Found estimator plug-in: CactiCache (<accelergy.plug_in_interface.estimator_wrapper.EstimatorWrapper object at 0x70bb33dc6120>)
2025-11-29 23:11:34 INFO        Found estimator plug-in: CactiDRAM (<accelergy.plug_in_interface.estimator_wrapper.EstimatorWrapper object at 0x70bb33dc7890>)
2025-11-29 23:11:34 INFO        Found estimator plug-in: CactiSRAM (<accelergy.plug_in_interface.estimator_wrapper.EstimatorWrapper object at 0x70bb33da5fa0>)
2025-11-29 23:11:34 INFO        
2025-11-29 23:11:34 INFO        ENERGY ESTIMATION for SRAM(depth=16384, width=192, datawidth=6, instances=1, meshX=1, has_power_gating=False, n_banks=2, cluster_size=1, reduction_supported=True, multiple_buffering=1, min_utilization=0, allow_overbooking=False, meshY=1, technology=40nm, global_cycle_seconds=1e-09, version=0.4, action_latency_cycles=1, cycle_seconds=1e-09, n_instances=1).read(global_cycle_seconds=1e-09, action_latency_cycles=1)
2025-11-29 23:11:35 INFO        CactiSRAM estimated 9.510592307692308e-11 with accuracy 80%. Messages:
2025-11-29 23:11:35 INFO        | Unused arguments (datawidth, instances, meshX, has_power_gating, cluster_size, reduction_supported, multiple_buffering, min_utilization, allow_overbooking, meshY, global_cycle_seconds, version, action_latency_cycles, cycle_seconds, n_instances) provided for ['SRAM', 'sram'].__init__. Arguments used: (depth, width, n_banks, technology)
2025-11-29 23:11:35 INFO        | Unused arguments (global_cycle_seconds, action_latency_cycles) provided for ['SRAM', 'sram'].read. Arguments used: ()
2025-11-29 23:11:35 INFO        | Interpolating technology between 32 and 45.
2025-11-29 23:11:35 INFO        | Calling CACTI with cache_size=393216 n_rw_ports=1 block_size=24 tech_node_um=0.032 n_banks=2 tag_size=0 associativity=1
2025-11-29 23:11:35 INFO        | Calling CACTI with input path /home/juliana/venv_pytorch/share/accelergy/estimation_plug_ins/accelergy-cacti-plug-in/cacti_inputs_outputs/tmpx9wjq1r0
2025-11-29 23:11:35 INFO        | CACTI output will be written to /home/juliana/venv_pytorch/share/accelergy/estimation_plug_ins/accelergy-cacti-plug-in/cacti_inputs_outputs/tmphjwc6xba
2025-11-29 23:11:35 INFO        | CACTI executable not found at /home/juliana/venv_pytorch/share/accelergy/estimation_plug_ins/accelergy-cacti-plug-in/cacti/cacti
2025-11-29 23:11:35 INFO        | Calling: cd /home/juliana/venv_pytorch/share/accelergy/estimation_plug_ins/accelergy-cacti-plug-in ; ./cacti -infile /home/juliana/venv_pytorch/share/accelergy/estimation_plug_ins/accelergy-cacti-plug-in/cacti_inputs_outputs/tmpx9wjq1r0 >> /home/juliana/venv_pytorch/share/accelergy/estimation_plug_ins/accelergy-cacti-plug-in/cacti_inputs_outputs/tmphjwc6xba 2>&1
2025-11-29 23:11:35 INFO        | Calling CACTI with cache_size=393216 n_rw_ports=1 block_size=24 tech_node_um=0.045 n_banks=2 tag_size=0 associativity=1
2025-11-29 23:11:35 INFO        | Calling CACTI with input path /home/juliana/venv_pytorch/share/accelergy/estimation_plug_ins/accelergy-cacti-plug-in/cacti_inputs_outputs/tmpebrnbx_j
2025-11-29 23:11:35 INFO        | CACTI output will be written to /home/juliana/venv_pytorch/share/accelergy/estimation_plug_ins/accelergy-cacti-plug-in/cacti_inputs_outputs/tmp0rjm0isy
2025-11-29 23:11:35 INFO        | CACTI executable not found at /home/juliana/venv_pytorch/share/accelergy/estimation_plug_ins/accelergy-cacti-plug-in/cacti/cacti
2025-11-29 23:11:35 INFO        | Calling: cd /home/juliana/venv_pytorch/share/accelergy/estimation_plug_ins/accelergy-cacti-plug-in ; ./cacti -infile /home/juliana/venv_pytorch/share/accelergy/estimation_plug_ins/accelergy-cacti-plug-in/cacti_inputs_outputs/tmpebrnbx_j >> /home/juliana/venv_pytorch/share/accelergy/estimation_plug_ins/accelergy-cacti-plug-in/cacti_inputs_outputs/tmp0rjm0isy 2>&1
2025-11-29 23:11:35 INFO        | Cache bandwidth: 48.0 bytes/cycle
2025-11-29 23:11:35 INFO        | Cache bandwidth: 160076652089.17343 bits/second
2025-11-29 23:11:35 INFO        
2025-11-29 23:11:35 INFO        ENERGY ESTIMATION for SRAM(depth=16384, width=192, datawidth=6, instances=1, meshX=1, has_power_gating=False, n_banks=2, cluster_size=1, reduction_supported=True, multiple_buffering=1, min_utilization=0, allow_overbooking=False, meshY=1, technology=40nm, global_cycle_seconds=1e-09, version=0.4, action_latency_cycles=1, cycle_seconds=1e-09, n_instances=1).write(global_cycle_seconds=1e-09, action_latency_cycles=1)
2025-11-29 23:11:36 INFO        CactiSRAM estimated 9.034584615384616e-11 with accuracy 80%. Messages:
2025-11-29 23:11:36 INFO        | Unused arguments (datawidth, instances, meshX, has_power_gating, cluster_size, reduction_supported, multiple_buffering, min_utilization, allow_overbooking, meshY, global_cycle_seconds, version, action_latency_cycles, cycle_seconds, n_instances) provided for ['SRAM', 'sram'].__init__. Arguments used: (depth, width, n_banks, technology)
2025-11-29 23:11:36 INFO        | Unused arguments (global_cycle_seconds, action_latency_cycles) provided for ['SRAM', 'sram'].write. Arguments used: ()
2025-11-29 23:11:36 INFO        | Interpolating technology between 32 and 45.
2025-11-29 23:11:36 INFO        | Calling CACTI with cache_size=393216 n_rw_ports=1 block_size=24 tech_node_um=0.032 n_banks=2 tag_size=0 associativity=1
2025-11-29 23:11:36 INFO        | Calling CACTI with input path /home/juliana/venv_pytorch/share/accelergy/estimation_plug_ins/accelergy-cacti-plug-in/cacti_inputs_outputs/tmpkxjptt4p
2025-11-29 23:11:36 INFO        | CACTI output will be written to /home/juliana/venv_pytorch/share/accelergy/estimation_plug_ins/accelergy-cacti-plug-in/cacti_inputs_outputs/tmp9ykg8i02
2025-11-29 23:11:36 INFO        | CACTI executable not found at /home/juliana/venv_pytorch/share/accelergy/estimation_plug_ins/accelergy-cacti-plug-in/cacti/cacti
2025-11-29 23:11:36 INFO        | Calling: cd /home/juliana/venv_pytorch/share/accelergy/estimation_plug_ins/accelergy-cacti-plug-in ; ./cacti -infile /home/juliana/venv_pytorch/share/accelergy/estimation_plug_ins/accelergy-cacti-plug-in/cacti_inputs_outputs/tmpkxjptt4p >> /home/juliana/venv_pytorch/share/accelergy/estimation_plug_ins/accelergy-cacti-plug-in/cacti_inputs_outputs/tmp9ykg8i02 2>&1
2025-11-29 23:11:36 INFO        | Calling CACTI with cache_size=393216 n_rw_ports=1 block_size=24 tech_node_um=0.045 n_banks=2 tag_size=0 associativity=1
2025-11-29 23:11:36 INFO        | Calling CACTI with input path /home/juliana/venv_pytorch/share/accelergy/estimation_plug_ins/accelergy-cacti-plug-in/cacti_inputs_outputs/tmpuxgjlhef
2025-11-29 23:11:36 INFO        | CACTI output will be written to /home/juliana/venv_pytorch/share/accelergy/estimation_plug_ins/accelergy-cacti-plug-in/cacti_inputs_outputs/tmp670si7xm
2025-11-29 23:11:36 INFO        | CACTI executable not found at /home/juliana/venv_pytorch/share/accelergy/estimation_plug_ins/accelergy-cacti-plug-in/cacti/cacti
2025-11-29 23:11:36 INFO        | Calling: cd /home/juliana/venv_pytorch/share/accelergy/estimation_plug_ins/accelergy-cacti-plug-in ; ./cacti -infile /home/juliana/venv_pytorch/share/accelergy/estimation_plug_ins/accelergy-cacti-plug-in/cacti_inputs_outputs/tmpuxgjlhef >> /home/juliana/venv_pytorch/share/accelergy/estimation_plug_ins/accelergy-cacti-plug-in/cacti_inputs_outputs/tmp670si7xm 2>&1
2025-11-29 23:11:36 INFO        | Cache bandwidth: 48.0 bytes/cycle
2025-11-29 23:11:36 INFO        | Cache bandwidth: 160076652089.17343 bits/second
2025-11-29 23:11:36 INFO        
2025-11-29 23:11:36 INFO        ENERGY ESTIMATION for SRAM(depth=16384, width=192, datawidth=6, instances=1, meshX=1, has_power_gating=False, n_banks=2, cluster_size=1, reduction_supported=True, multiple_buffering=1, min_utilization=0, allow_overbooking=False, meshY=1, technology=40nm, global_cycle_seconds=1e-09, version=0.4, action_latency_cycles=1, cycle_seconds=1e-09, n_instances=1).leak(global_cycle_seconds=1e-09, action_latency_cycles=1)
2025-11-29 23:11:38 INFO        CactiSRAM estimated 1.2104063076923077e-14 with accuracy 80%. Messages:
2025-11-29 23:11:38 INFO        | Unused arguments (datawidth, instances, meshX, has_power_gating, cluster_size, reduction_supported, multiple_buffering, min_utilization, allow_overbooking, meshY, global_cycle_seconds, version, action_latency_cycles, cycle_seconds, n_instances) provided for ['SRAM', 'sram'].__init__. Arguments used: (depth, width, n_banks, technology)
2025-11-29 23:11:38 INFO        | Unused arguments (action_latency_cycles) provided for ['SRAM', 'sram'].leak. Arguments used: (global_cycle_seconds)
2025-11-29 23:11:38 INFO        | Interpolating technology between 32 and 45.
2025-11-29 23:11:38 INFO        | Calling CACTI with cache_size=393216 n_rw_ports=1 block_size=24 tech_node_um=0.032 n_banks=2 tag_size=0 associativity=1
2025-11-29 23:11:38 INFO        | Calling CACTI with input path /home/juliana/venv_pytorch/share/accelergy/estimation_plug_ins/accelergy-cacti-plug-in/cacti_inputs_outputs/tmp4428j4uv
2025-11-29 23:11:38 INFO        | CACTI output will be written to /home/juliana/venv_pytorch/share/accelergy/estimation_plug_ins/accelergy-cacti-plug-in/cacti_inputs_outputs/tmpo550k524
2025-11-29 23:11:38 INFO        | CACTI executable not found at /home/juliana/venv_pytorch/share/accelergy/estimation_plug_ins/accelergy-cacti-plug-in/cacti/cacti
2025-11-29 23:11:38 INFO        | Calling: cd /home/juliana/venv_pytorch/share/accelergy/estimation_plug_ins/accelergy-cacti-plug-in ; ./cacti -infile /home/juliana/venv_pytorch/share/accelergy/estimation_plug_ins/accelergy-cacti-plug-in/cacti_inputs_outputs/tmp4428j4uv >> /home/juliana/venv_pytorch/share/accelergy/estimation_plug_ins/accelergy-cacti-plug-in/cacti_inputs_outputs/tmpo550k524 2>&1
2025-11-29 23:11:38 INFO        | Calling CACTI with cache_size=393216 n_rw_ports=1 block_size=24 tech_node_um=0.045 n_banks=2 tag_size=0 associativity=1
2025-11-29 23:11:38 INFO        | Calling CACTI with input path /home/juliana/venv_pytorch/share/accelergy/estimation_plug_ins/accelergy-cacti-plug-in/cacti_inputs_outputs/tmpkvitrbb1
2025-11-29 23:11:38 INFO        | CACTI output will be written to /home/juliana/venv_pytorch/share/accelergy/estimation_plug_ins/accelergy-cacti-plug-in/cacti_inputs_outputs/tmpszl1fcdp
2025-11-29 23:11:38 INFO        | CACTI executable not found at /home/juliana/venv_pytorch/share/accelergy/estimation_plug_ins/accelergy-cacti-plug-in/cacti/cacti
2025-11-29 23:11:38 INFO        | Calling: cd /home/juliana/venv_pytorch/share/accelergy/estimation_plug_ins/accelergy-cacti-plug-in ; ./cacti -infile /home/juliana/venv_pytorch/share/accelergy/estimation_plug_ins/accelergy-cacti-plug-in/cacti_inputs_outputs/tmpkvitrbb1 >> /home/juliana/venv_pytorch/share/accelergy/estimation_plug_ins/accelergy-cacti-plug-in/cacti_inputs_outputs/tmpszl1fcdp 2>&1
2025-11-29 23:11:38 INFO        | Cache bandwidth: 48.0 bytes/cycle
2025-11-29 23:11:38 INFO        | Cache bandwidth: 160076652089.17343 bits/second
2025-11-29 23:11:38 INFO        | Global cycle time 1e-09 is less than the cache's random cycle time 2.3988507692307698e-09
2025-11-29 23:11:38 INFO        | Multiplying by n_instances 1
2025-11-29 23:11:38 INFO        
2025-11-29 23:11:38 INFO        ENERGY ESTIMATION for SRAM(depth=16384, width=192, datawidth=6, instances=1, meshX=1, has_power_gating=False, n_banks=2, cluster_size=1, reduction_supported=True, multiple_buffering=1, min_utilization=0, allow_overbooking=False, meshY=1, technology=40nm, global_cycle_seconds=1e-09, version=0.4, action_latency_cycles=1, cycle_seconds=1e-09, n_instances=1).update(global_cycle_seconds=1e-09, action_latency_cycles=1)
2025-11-29 23:11:40 INFO        CactiSRAM estimated 9.034584615384616e-11 with accuracy 80%. Messages:
2025-11-29 23:11:40 INFO        | Unused arguments (datawidth, instances, meshX, has_power_gating, cluster_size, reduction_supported, multiple_buffering, min_utilization, allow_overbooking, meshY, global_cycle_seconds, version, action_latency_cycles, cycle_seconds, n_instances) provided for ['SRAM', 'sram'].__init__. Arguments used: (depth, width, n_banks, technology)
2025-11-29 23:11:40 INFO        | Unused arguments (global_cycle_seconds, action_latency_cycles) provided for ['SRAM', 'sram'].update. Arguments used: ()
2025-11-29 23:11:40 INFO        | Interpolating technology between 32 and 45.
2025-11-29 23:11:40 INFO        | Calling CACTI with cache_size=393216 n_rw_ports=1 block_size=24 tech_node_um=0.032 n_banks=2 tag_size=0 associativity=1
2025-11-29 23:11:40 INFO        | Calling CACTI with input path /home/juliana/venv_pytorch/share/accelergy/estimation_plug_ins/accelergy-cacti-plug-in/cacti_inputs_outputs/tmpwuccm70b
2025-11-29 23:11:40 INFO        | CACTI output will be written to /home/juliana/venv_pytorch/share/accelergy/estimation_plug_ins/accelergy-cacti-plug-in/cacti_inputs_outputs/tmp8qqvcgxt
2025-11-29 23:11:40 INFO        | CACTI executable not found at /home/juliana/venv_pytorch/share/accelergy/estimation_plug_ins/accelergy-cacti-plug-in/cacti/cacti
2025-11-29 23:11:40 INFO        | Calling: cd /home/juliana/venv_pytorch/share/accelergy/estimation_plug_ins/accelergy-cacti-plug-in ; ./cacti -infile /home/juliana/venv_pytorch/share/accelergy/estimation_plug_ins/accelergy-cacti-plug-in/cacti_inputs_outputs/tmpwuccm70b >> /home/juliana/venv_pytorch/share/accelergy/estimation_plug_ins/accelergy-cacti-plug-in/cacti_inputs_outputs/tmp8qqvcgxt 2>&1
2025-11-29 23:11:40 INFO        | Calling CACTI with cache_size=393216 n_rw_ports=1 block_size=24 tech_node_um=0.045 n_banks=2 tag_size=0 associativity=1
2025-11-29 23:11:40 INFO        | Calling CACTI with input path /home/juliana/venv_pytorch/share/accelergy/estimation_plug_ins/accelergy-cacti-plug-in/cacti_inputs_outputs/tmp2gelbijw
2025-11-29 23:11:40 INFO        | CACTI output will be written to /home/juliana/venv_pytorch/share/accelergy/estimation_plug_ins/accelergy-cacti-plug-in/cacti_inputs_outputs/tmpc7184m2e
2025-11-29 23:11:40 INFO        | CACTI executable not found at /home/juliana/venv_pytorch/share/accelergy/estimation_plug_ins/accelergy-cacti-plug-in/cacti/cacti
2025-11-29 23:11:40 INFO        | Calling: cd /home/juliana/venv_pytorch/share/accelergy/estimation_plug_ins/accelergy-cacti-plug-in ; ./cacti -infile /home/juliana/venv_pytorch/share/accelergy/estimation_plug_ins/accelergy-cacti-plug-in/cacti_inputs_outputs/tmp2gelbijw >> /home/juliana/venv_pytorch/share/accelergy/estimation_plug_ins/accelergy-cacti-plug-in/cacti_inputs_outputs/tmpc7184m2e 2>&1
2025-11-29 23:11:40 INFO        | Cache bandwidth: 48.0 bytes/cycle
2025-11-29 23:11:40 INFO        | Cache bandwidth: 160076652089.17343 bits/second
2025-11-29 23:11:40 INFO        
2025-11-29 23:11:40 INFO        ENERGY ESTIMATION for regfile(depth=1, width=24, datawidth=6, has_power_gating=False, n_banks=2, cluster_size=1, reduction_supported=True, multiple_buffering=1, min_utilization=0, allow_overbooking=False, meshX=4, meshY=1, technology=40nm, global_cycle_seconds=1e-09, spatial={'meshX': 32}, version=0.4, action_latency_cycles=1, cycle_seconds=1e-09, n_instances=1).read(global_cycle_seconds=1e-09, action_latency_cycles=1)
2025-11-29 23:11:40 INFO        Aladdin_table estimated 0.009p with accuracy 70%. 
2025-11-29 23:11:40 INFO        
2025-11-29 23:11:40 INFO        ENERGY ESTIMATION for regfile(depth=1, width=24, datawidth=6, has_power_gating=False, n_banks=2, cluster_size=1, reduction_supported=True, multiple_buffering=1, min_utilization=0, allow_overbooking=False, meshX=4, meshY=1, technology=40nm, global_cycle_seconds=1e-09, spatial={'meshX': 32}, version=0.4, action_latency_cycles=1, cycle_seconds=1e-09, n_instances=1).write(global_cycle_seconds=1e-09, action_latency_cycles=1)
2025-11-29 23:11:40 INFO        Aladdin_table estimated 0.009p with accuracy 70%. 
2025-11-29 23:11:40 INFO        
2025-11-29 23:11:40 INFO        ENERGY ESTIMATION for regfile(depth=1, width=24, datawidth=6, has_power_gating=False, n_banks=2, cluster_size=1, reduction_supported=True, multiple_buffering=1, min_utilization=0, allow_overbooking=False, meshX=4, meshY=1, technology=40nm, global_cycle_seconds=1e-09, spatial={'meshX': 32}, version=0.4, action_latency_cycles=1, cycle_seconds=1e-09, n_instances=1).leak(global_cycle_seconds=1e-09, action_latency_cycles=1)
2025-11-29 23:11:40 INFO        Aladdin_table estimated 7e-05p with accuracy 70%. Messages:
2025-11-29 23:11:40 INFO        | Multiplying by n_instances 1
2025-11-29 23:11:40 INFO        
2025-11-29 23:11:40 INFO        ENERGY ESTIMATION for regfile(depth=1, width=24, datawidth=6, has_power_gating=False, n_banks=2, cluster_size=1, reduction_supported=True, multiple_buffering=1, min_utilization=0, allow_overbooking=False, meshX=4, meshY=1, technology=40nm, global_cycle_seconds=1e-09, spatial={'meshX': 32}, version=0.4, action_latency_cycles=1, cycle_seconds=1e-09, n_instances=1).update(global_cycle_seconds=1e-09, action_latency_cycles=1)
2025-11-29 23:11:40 INFO        Aladdin_table estimated 0.009p with accuracy 70%. 
2025-11-29 23:11:40 INFO        
2025-11-29 23:11:40 INFO        ENERGY ESTIMATION for intmac(width=6, datawidth=6, has_power_gating=False, meshX=16, meshY=1, technology=40nm, global_cycle_seconds=1e-09, spatial={'meshX': 32}, version=0.4, action_latency_cycles=1, cycle_seconds=1e-09, n_instances=1).compute(global_cycle_seconds=1e-09, action_latency_cycles=1)
2025-11-29 23:11:40 INFO        Aladdin_table estimated 0.48515625p with accuracy 70%. 
2025-11-29 23:11:40 WARNING     No action counts are specified as yaml input
2025-11-29 23:11:40 INFO        
2025-11-29 23:11:40 INFO        AREA ESTIMATION for SRAM(depth=16384, width=192, datawidth=6, instances=1, meshX=1, has_power_gating=False, n_banks=2, cluster_size=1, reduction_supported=True, multiple_buffering=1, min_utilization=0, allow_overbooking=False, meshY=1, technology=40nm, global_cycle_seconds=1e-09, version=0.4, action_latency_cycles=1, cycle_seconds=1e-09, n_instances=1)
2025-11-29 23:11:42 INFO        CactiSRAM estimated 1.1108657692307693e-06 with accuracy 80%. Messages:
2025-11-29 23:11:42 INFO        | Unused arguments (datawidth, instances, meshX, has_power_gating, cluster_size, reduction_supported, multiple_buffering, min_utilization, allow_overbooking, meshY, global_cycle_seconds, version, action_latency_cycles, cycle_seconds, n_instances) provided for ['SRAM', 'sram'].__init__. Arguments used: (depth, width, n_banks, technology)
2025-11-29 23:11:42 INFO        | Interpolating technology between 32 and 45.
2025-11-29 23:11:42 INFO        | Calling CACTI with cache_size=393216 n_rw_ports=1 block_size=24 tech_node_um=0.032 n_banks=2 tag_size=0 associativity=1
2025-11-29 23:11:42 INFO        | Calling CACTI with input path /home/juliana/venv_pytorch/share/accelergy/estimation_plug_ins/accelergy-cacti-plug-in/cacti_inputs_outputs/tmpjt8sf0pp
2025-11-29 23:11:42 INFO        | CACTI output will be written to /home/juliana/venv_pytorch/share/accelergy/estimation_plug_ins/accelergy-cacti-plug-in/cacti_inputs_outputs/tmpg9nx0q3v
2025-11-29 23:11:42 INFO        | CACTI executable not found at /home/juliana/venv_pytorch/share/accelergy/estimation_plug_ins/accelergy-cacti-plug-in/cacti/cacti
2025-11-29 23:11:42 INFO        | Calling: cd /home/juliana/venv_pytorch/share/accelergy/estimation_plug_ins/accelergy-cacti-plug-in ; ./cacti -infile /home/juliana/venv_pytorch/share/accelergy/estimation_plug_ins/accelergy-cacti-plug-in/cacti_inputs_outputs/tmpjt8sf0pp >> /home/juliana/venv_pytorch/share/accelergy/estimation_plug_ins/accelergy-cacti-plug-in/cacti_inputs_outputs/tmpg9nx0q3v 2>&1
2025-11-29 23:11:42 INFO        | Calling CACTI with cache_size=393216 n_rw_ports=1 block_size=24 tech_node_um=0.045 n_banks=2 tag_size=0 associativity=1
2025-11-29 23:11:42 INFO        | Calling CACTI with input path /home/juliana/venv_pytorch/share/accelergy/estimation_plug_ins/accelergy-cacti-plug-in/cacti_inputs_outputs/tmp06bua7ng
2025-11-29 23:11:42 INFO        | CACTI output will be written to /home/juliana/venv_pytorch/share/accelergy/estimation_plug_ins/accelergy-cacti-plug-in/cacti_inputs_outputs/tmpyfb1i6s_
2025-11-29 23:11:42 INFO        | CACTI executable not found at /home/juliana/venv_pytorch/share/accelergy/estimation_plug_ins/accelergy-cacti-plug-in/cacti/cacti
2025-11-29 23:11:42 INFO        | Calling: cd /home/juliana/venv_pytorch/share/accelergy/estimation_plug_ins/accelergy-cacti-plug-in ; ./cacti -infile /home/juliana/venv_pytorch/share/accelergy/estimation_plug_ins/accelergy-cacti-plug-in/cacti_inputs_outputs/tmp06bua7ng >> /home/juliana/venv_pytorch/share/accelergy/estimation_plug_ins/accelergy-cacti-plug-in/cacti_inputs_outputs/tmpyfb1i6s_ 2>&1
2025-11-29 23:11:42 INFO        | Cache bandwidth: 48.0 bytes/cycle
2025-11-29 23:11:42 INFO        | Cache bandwidth: 160076652089.17343 bits/second
2025-11-29 23:11:42 INFO        | Multiplying by n_instances 1
2025-11-29 23:11:42 INFO        
2025-11-29 23:11:42 INFO        AREA ESTIMATION for dummy_storage(width=1, depth=1, datawidth=1, technology=-1, has_power_gating=False, n_banks=2, cluster_size=1, reduction_supported=True, multiple_buffering=1, min_utilization=0, allow_overbooking=False, meshX=1, meshY=1, global_cycle_seconds=1e-09, spatial={'meshX': 32}, version=0.4, action_latency_cycles=1, cycle_seconds=1e-09, n_instances=1)
2025-11-29 23:11:42 INFO        dummy estimated 1u^2 with accuracy 100%. Messages:
2025-11-29 23:11:42 INFO        | Multiplying by n_instances 1
2025-11-29 23:11:42 INFO        
2025-11-29 23:11:42 INFO        AREA ESTIMATION for regfile(depth=1, width=24, datawidth=6, has_power_gating=False, n_banks=2, cluster_size=1, reduction_supported=True, multiple_buffering=1, min_utilization=0, allow_overbooking=False, meshX=4, meshY=1, technology=40nm, global_cycle_seconds=1e-09, spatial={'meshX': 32}, version=0.4, action_latency_cycles=1, cycle_seconds=1e-09, n_instances=1)
2025-11-29 23:11:42 INFO        Aladdin_table estimated 5.98u^2 with accuracy 70%. Messages:
2025-11-29 23:11:42 INFO        | Multiplying by n_instances 1
2025-11-29 23:11:42 INFO        
2025-11-29 23:11:42 INFO        AREA ESTIMATION for dummy_storage(width=1, depth=1, datawidth=1, technology=-1, has_power_gating=False, n_banks=2, cluster_size=1, reduction_supported=True, multiple_buffering=1, min_utilization=0, allow_overbooking=False, meshX=4, meshY=1, global_cycle_seconds=1e-09, spatial={'meshX': 32}, version=0.4, action_latency_cycles=1, cycle_seconds=1e-09, n_instances=1)
2025-11-29 23:11:42 INFO        dummy estimated 1u^2 with accuracy 100%. Messages:
2025-11-29 23:11:42 INFO        | Multiplying by n_instances 1
2025-11-29 23:11:42 INFO        
2025-11-29 23:11:42 INFO        AREA ESTIMATION for intmac(width=6, datawidth=6, has_power_gating=False, meshX=16, meshY=1, technology=40nm, global_cycle_seconds=1e-09, spatial={'meshX': 32}, version=0.4, action_latency_cycles=1, cycle_seconds=1e-09, n_instances=1)
2025-11-29 23:11:42 INFO        Aladdin_table estimated 275.3671875u^2 with accuracy 70%. Messages:
2025-11-29 23:11:42 INFO        | Multiplying by n_instances 1
2025-11-29 23:11:42 INFO        flattened architecture is saved to:
2025-11-29 23:11:42 INFO        ./timeloop-mapper.flattened_architecture.yaml
2025-11-29 23:11:42 INFO        energy reference table is saved to:
2025-11-29 23:11:42 INFO        ./timeloop-mapper.ERT.yaml
2025-11-29 23:11:42 INFO        energy reference table summary is saved to:
2025-11-29 23:11:42 INFO        ./timeloop-mapper.ERT_summary.yaml
2025-11-29 23:11:42 WARNING     no runtime energy estimations are generated... not generating energy_estimation.yaml
2025-11-29 23:11:42 INFO        area reference table is saved to:
2025-11-29 23:11:42 INFO        ./timeloop-mapper.ART.yaml
2025-11-29 23:11:42 INFO        area reference table summary is saved to:
2025-11-29 23:11:42 INFO        ./timeloop-mapper.ART_summary.yaml
