2025-11-29 23:15:36 INFO            _                _                      
2025-11-29 23:15:36 INFO           / \   ___ ___ ___| | ___ _ __ __ _ _   _ 
2025-11-29 23:15:36 INFO          / _ \ / __/ __/ _ \ |/ _ \ '__/ _` | | | |
2025-11-29 23:15:36 INFO         / ___ \ (_| (_|  __/ |  __/ | | (_| | |_| |
2025-11-29 23:15:36 INFO        /_/   \_\___\___\___|_|\___|_|  \__, |\__, |
2025-11-29 23:15:36 INFO                                        |___/ |___/ 
2025-11-29 23:15:36 INFO        generating outputs according to the following specified output flags... 
2025-11-29 23:15:36 INFO         Please use the -f flag to update the preference (default to all output files)
2025-11-29 23:15:36 INFO        {'ERT': 1, 'ERT_summary': 1, 'ART': 1, 'ART_summary': 1, 'energy_estimation': 1, 'flattened_arch': 1}
2025-11-29 23:15:36 INFO        Located config file at /home/juliana/.config/accelergy/accelergy_config.yaml.
2025-11-29 23:15:36 INFO        config file located:
2025-11-29 23:15:36 INFO        /home/juliana/.config/accelergy/accelergy_config.yaml
2025-11-29 23:15:36 INFO        Parsing file /home/juliana/Topicos-Especiais-XII/trabalho_final/timeloop/dse_pe_mac_width/outputs/16_neurons_8_macs_6_width/parsed-processed-input.yaml for architecture info
2025-11-29 23:15:36 INFO        Parsing file /home/juliana/Topicos-Especiais-XII/trabalho_final/timeloop/dse_pe_mac_width/outputs/16_neurons_8_macs_6_width/parsed-processed-input.yaml for compound_components info
2025-11-29 23:15:36 WARNING     No compound component classes specified, architecture can only contain primitive components
2025-11-29 23:15:36 INFO        Adding required action "read" to class SRAM
2025-11-29 23:15:36 INFO        Adding required action "write" to class SRAM
2025-11-29 23:15:36 INFO        Adding required action "leak" to class SRAM
2025-11-29 23:15:36 INFO        Adding required action "update" to class SRAM
2025-11-29 23:15:36 INFO        Adding required action "read" to class regfile
2025-11-29 23:15:36 INFO        Adding required action "write" to class regfile
2025-11-29 23:15:36 INFO        Adding required action "leak" to class regfile
2025-11-29 23:15:36 INFO        Adding required action "update" to class regfile
2025-11-29 23:15:36 INFO        Adding required action "compute" to class intmac
2025-11-29 23:15:36 INFO        Estimator plug-in identified by: /home/juliana/venv_pytorch/share/accelergy/estimation_plug_ins/accelergy-adc-plug-in/adc.estimator.yaml
2025-11-29 23:15:36 INFO        Estimator plug-in identified by: /home/juliana/venv_pytorch/share/accelergy/estimation_plug_ins/accelergy-table-based-plug-ins/table.estimator.yaml
2025-11-29 23:15:36 INFO        Estimator plug-in identified by: /home/juliana/venv_pytorch/share/accelergy/estimation_plug_ins/accelergy-library-plugin/library.estimator.yaml
2025-11-29 23:15:36 INFO        Estimator plug-in identified by: /home/juliana/venv_pytorch/share/accelergy/estimation_plug_ins/dummy_tables/dummy.estimator.yaml
2025-11-29 23:15:36 INFO        Estimator plug-in identified by: /home/juliana/venv_pytorch/share/accelergy/estimation_plug_ins/accelergy-neurosim-plugin/neurosim.estimator.yaml
2025-11-29 23:15:36 INFO        Estimator plug-in identified by: /home/juliana/venv_pytorch/share/accelergy/estimation_plug_ins/accelergy-aladdin-plug-in/aladdin.estimator.yaml
2025-11-29 23:15:36 INFO        Estimator plug-in identified by: /home/juliana/venv_pytorch/share/accelergy/estimation_plug_ins/accelergy-cacti-plug-in/cacti.estimator.yaml
2025-11-29 23:15:36 INFO        Loading Python plug-in: /home/juliana/venv_pytorch/share/accelergy/estimation_plug_ins/accelergy-cacti-plug-in/cacti_wrapper.py. Errors below are likely due to plug-in, not Accelergy.
2025-11-29 23:15:36 INFO        Getting all estimators in module <module 'python_plug_in0' from '/home/juliana/venv_pytorch/share/accelergy/estimation_plug_ins/accelergy-cacti-plug-in/cacti_wrapper.py'>
2025-11-29 23:15:36 INFO        Added estimator CactiCache that estimates cache with actions idle, read, read_access, update, update_access, write, write_access, leak
2025-11-29 23:15:36 INFO        Added estimator CactiDRAM that estimates ['DRAM', 'dram'] with actions idle, read, update, write, leak
2025-11-29 23:15:36 INFO        Added estimator CactiSRAM that estimates ['SRAM', 'sram'] with actions idle, read, update, write, leak
2025-11-29 23:15:36 INFO        Done loading Python plug-ins.
2025-11-29 23:15:36 INFO        Found estimator plug-in: ADC Plug-In (<ADCEstimator.ADCEstimator object at 0x7ee97e18d700>)
2025-11-29 23:15:36 INFO        Found estimator plug-in: DEPRECATED table-based-plug-ins. Use the Library plug-in instead. (<SetsOfTables.SetsOfTables object at 0x7ee97eb6f860>)
2025-11-29 23:15:36 INFO        Found estimator plug-in: Library (<LibraryEstimator.LibraryEstimator object at 0x7ee97e15b410>)
2025-11-29 23:15:36 INFO        Found estimator plug-in: dummy (<DummyTable.DummyTable object at 0x7ee97e13db50>)
2025-11-29 23:15:36 INFO        Found estimator plug-in: Neurosim Plug-In (<NeuroWrapper.NeuroWrapper object at 0x7ee97e13e3c0>)
2025-11-29 23:15:36 INFO        Found estimator plug-in: Aladdin_table (<AladdinTable.AladdinTable object at 0x7ee97e02cec0>)
2025-11-29 23:15:36 INFO        Found estimator plug-in: CactiCache (<accelergy.plug_in_interface.estimator_wrapper.EstimatorWrapper object at 0x7ee97e18c140>)
2025-11-29 23:15:36 INFO        Found estimator plug-in: CactiDRAM (<accelergy.plug_in_interface.estimator_wrapper.EstimatorWrapper object at 0x7ee97e18c9e0>)
2025-11-29 23:15:36 INFO        Found estimator plug-in: CactiSRAM (<accelergy.plug_in_interface.estimator_wrapper.EstimatorWrapper object at 0x7ee97e18eab0>)
2025-11-29 23:15:36 INFO        
2025-11-29 23:15:36 INFO        ENERGY ESTIMATION for SRAM(depth=16384, width=1536, datawidth=6, instances=1, meshX=1, has_power_gating=False, n_banks=2, cluster_size=1, reduction_supported=True, multiple_buffering=1, min_utilization=0, allow_overbooking=False, meshY=1, technology=40nm, global_cycle_seconds=1e-09, version=0.4, action_latency_cycles=1, cycle_seconds=1e-09, n_instances=1).read(global_cycle_seconds=1e-09, action_latency_cycles=1)
2025-11-29 23:15:38 INFO        CactiSRAM estimated 1.664896153846154e-09 with accuracy 80%. Messages:
2025-11-29 23:15:38 INFO        | Unused arguments (datawidth, instances, meshX, has_power_gating, cluster_size, reduction_supported, multiple_buffering, min_utilization, allow_overbooking, meshY, global_cycle_seconds, version, action_latency_cycles, cycle_seconds, n_instances) provided for ['SRAM', 'sram'].__init__. Arguments used: (depth, width, n_banks, technology)
2025-11-29 23:15:38 INFO        | Unused arguments (global_cycle_seconds, action_latency_cycles) provided for ['SRAM', 'sram'].read. Arguments used: ()
2025-11-29 23:15:38 INFO        | Interpolating technology between 32 and 45.
2025-11-29 23:15:38 INFO        | Calling CACTI with cache_size=3145728 n_rw_ports=1 block_size=192 tech_node_um=0.032 n_banks=2 tag_size=0 associativity=1
2025-11-29 23:15:38 INFO        | Calling CACTI with input path /home/juliana/venv_pytorch/share/accelergy/estimation_plug_ins/accelergy-cacti-plug-in/cacti_inputs_outputs/tmpstbwsk_y
2025-11-29 23:15:38 INFO        | CACTI output will be written to /home/juliana/venv_pytorch/share/accelergy/estimation_plug_ins/accelergy-cacti-plug-in/cacti_inputs_outputs/tmp9mgpij1w
2025-11-29 23:15:38 INFO        | CACTI executable not found at /home/juliana/venv_pytorch/share/accelergy/estimation_plug_ins/accelergy-cacti-plug-in/cacti/cacti
2025-11-29 23:15:38 INFO        | Calling: cd /home/juliana/venv_pytorch/share/accelergy/estimation_plug_ins/accelergy-cacti-plug-in ; ./cacti -infile /home/juliana/venv_pytorch/share/accelergy/estimation_plug_ins/accelergy-cacti-plug-in/cacti_inputs_outputs/tmpstbwsk_y >> /home/juliana/venv_pytorch/share/accelergy/estimation_plug_ins/accelergy-cacti-plug-in/cacti_inputs_outputs/tmp9mgpij1w 2>&1
2025-11-29 23:15:38 INFO        | Calling CACTI with cache_size=3145728 n_rw_ports=1 block_size=192 tech_node_um=0.045 n_banks=2 tag_size=0 associativity=1
2025-11-29 23:15:38 INFO        | Calling CACTI with input path /home/juliana/venv_pytorch/share/accelergy/estimation_plug_ins/accelergy-cacti-plug-in/cacti_inputs_outputs/tmp5ccldtbb
2025-11-29 23:15:38 INFO        | CACTI output will be written to /home/juliana/venv_pytorch/share/accelergy/estimation_plug_ins/accelergy-cacti-plug-in/cacti_inputs_outputs/tmp2six1nrm
2025-11-29 23:15:38 INFO        | CACTI executable not found at /home/juliana/venv_pytorch/share/accelergy/estimation_plug_ins/accelergy-cacti-plug-in/cacti/cacti
2025-11-29 23:15:38 INFO        | Calling: cd /home/juliana/venv_pytorch/share/accelergy/estimation_plug_ins/accelergy-cacti-plug-in ; ./cacti -infile /home/juliana/venv_pytorch/share/accelergy/estimation_plug_ins/accelergy-cacti-plug-in/cacti_inputs_outputs/tmp5ccldtbb >> /home/juliana/venv_pytorch/share/accelergy/estimation_plug_ins/accelergy-cacti-plug-in/cacti_inputs_outputs/tmp2six1nrm 2>&1
2025-11-29 23:15:38 INFO        | Cache bandwidth: 384.0 bytes/cycle
2025-11-29 23:15:38 INFO        | Cache bandwidth: 200970532272.991 bits/second
2025-11-29 23:15:38 INFO        
2025-11-29 23:15:38 INFO        ENERGY ESTIMATION for SRAM(depth=16384, width=1536, datawidth=6, instances=1, meshX=1, has_power_gating=False, n_banks=2, cluster_size=1, reduction_supported=True, multiple_buffering=1, min_utilization=0, allow_overbooking=False, meshY=1, technology=40nm, global_cycle_seconds=1e-09, version=0.4, action_latency_cycles=1, cycle_seconds=1e-09, n_instances=1).write(global_cycle_seconds=1e-09, action_latency_cycles=1)
2025-11-29 23:15:40 INFO        CactiSRAM estimated 1.8059153846153845e-09 with accuracy 80%. Messages:
2025-11-29 23:15:40 INFO        | Unused arguments (datawidth, instances, meshX, has_power_gating, cluster_size, reduction_supported, multiple_buffering, min_utilization, allow_overbooking, meshY, global_cycle_seconds, version, action_latency_cycles, cycle_seconds, n_instances) provided for ['SRAM', 'sram'].__init__. Arguments used: (depth, width, n_banks, technology)
2025-11-29 23:15:40 INFO        | Unused arguments (global_cycle_seconds, action_latency_cycles) provided for ['SRAM', 'sram'].write. Arguments used: ()
2025-11-29 23:15:40 INFO        | Interpolating technology between 32 and 45.
2025-11-29 23:15:40 INFO        | Calling CACTI with cache_size=3145728 n_rw_ports=1 block_size=192 tech_node_um=0.032 n_banks=2 tag_size=0 associativity=1
2025-11-29 23:15:40 INFO        | Calling CACTI with input path /home/juliana/venv_pytorch/share/accelergy/estimation_plug_ins/accelergy-cacti-plug-in/cacti_inputs_outputs/tmp3w403a65
2025-11-29 23:15:40 INFO        | CACTI output will be written to /home/juliana/venv_pytorch/share/accelergy/estimation_plug_ins/accelergy-cacti-plug-in/cacti_inputs_outputs/tmpvsh71z4b
2025-11-29 23:15:40 INFO        | CACTI executable not found at /home/juliana/venv_pytorch/share/accelergy/estimation_plug_ins/accelergy-cacti-plug-in/cacti/cacti
2025-11-29 23:15:40 INFO        | Calling: cd /home/juliana/venv_pytorch/share/accelergy/estimation_plug_ins/accelergy-cacti-plug-in ; ./cacti -infile /home/juliana/venv_pytorch/share/accelergy/estimation_plug_ins/accelergy-cacti-plug-in/cacti_inputs_outputs/tmp3w403a65 >> /home/juliana/venv_pytorch/share/accelergy/estimation_plug_ins/accelergy-cacti-plug-in/cacti_inputs_outputs/tmpvsh71z4b 2>&1
2025-11-29 23:15:40 INFO        | Calling CACTI with cache_size=3145728 n_rw_ports=1 block_size=192 tech_node_um=0.045 n_banks=2 tag_size=0 associativity=1
2025-11-29 23:15:40 INFO        | Calling CACTI with input path /home/juliana/venv_pytorch/share/accelergy/estimation_plug_ins/accelergy-cacti-plug-in/cacti_inputs_outputs/tmpk_5if_5n
2025-11-29 23:15:40 INFO        | CACTI output will be written to /home/juliana/venv_pytorch/share/accelergy/estimation_plug_ins/accelergy-cacti-plug-in/cacti_inputs_outputs/tmp1e5avzy8
2025-11-29 23:15:40 INFO        | CACTI executable not found at /home/juliana/venv_pytorch/share/accelergy/estimation_plug_ins/accelergy-cacti-plug-in/cacti/cacti
2025-11-29 23:15:40 INFO        | Calling: cd /home/juliana/venv_pytorch/share/accelergy/estimation_plug_ins/accelergy-cacti-plug-in ; ./cacti -infile /home/juliana/venv_pytorch/share/accelergy/estimation_plug_ins/accelergy-cacti-plug-in/cacti_inputs_outputs/tmpk_5if_5n >> /home/juliana/venv_pytorch/share/accelergy/estimation_plug_ins/accelergy-cacti-plug-in/cacti_inputs_outputs/tmp1e5avzy8 2>&1
2025-11-29 23:15:40 INFO        | Cache bandwidth: 384.0 bytes/cycle
2025-11-29 23:15:40 INFO        | Cache bandwidth: 200970532272.991 bits/second
2025-11-29 23:15:40 INFO        
2025-11-29 23:15:40 INFO        ENERGY ESTIMATION for SRAM(depth=16384, width=1536, datawidth=6, instances=1, meshX=1, has_power_gating=False, n_banks=2, cluster_size=1, reduction_supported=True, multiple_buffering=1, min_utilization=0, allow_overbooking=False, meshY=1, technology=40nm, global_cycle_seconds=1e-09, version=0.4, action_latency_cycles=1, cycle_seconds=1e-09, n_instances=1).leak(global_cycle_seconds=1e-09, action_latency_cycles=1)
2025-11-29 23:15:42 INFO        CactiSRAM estimated 9.314055384615384e-14 with accuracy 80%. Messages:
2025-11-29 23:15:42 INFO        | Unused arguments (datawidth, instances, meshX, has_power_gating, cluster_size, reduction_supported, multiple_buffering, min_utilization, allow_overbooking, meshY, global_cycle_seconds, version, action_latency_cycles, cycle_seconds, n_instances) provided for ['SRAM', 'sram'].__init__. Arguments used: (depth, width, n_banks, technology)
2025-11-29 23:15:42 INFO        | Unused arguments (action_latency_cycles) provided for ['SRAM', 'sram'].leak. Arguments used: (global_cycle_seconds)
2025-11-29 23:15:42 INFO        | Interpolating technology between 32 and 45.
2025-11-29 23:15:42 INFO        | Calling CACTI with cache_size=3145728 n_rw_ports=1 block_size=192 tech_node_um=0.032 n_banks=2 tag_size=0 associativity=1
2025-11-29 23:15:42 INFO        | Calling CACTI with input path /home/juliana/venv_pytorch/share/accelergy/estimation_plug_ins/accelergy-cacti-plug-in/cacti_inputs_outputs/tmp3cjpfyvs
2025-11-29 23:15:42 INFO        | CACTI output will be written to /home/juliana/venv_pytorch/share/accelergy/estimation_plug_ins/accelergy-cacti-plug-in/cacti_inputs_outputs/tmprpyzlnpg
2025-11-29 23:15:42 INFO        | CACTI executable not found at /home/juliana/venv_pytorch/share/accelergy/estimation_plug_ins/accelergy-cacti-plug-in/cacti/cacti
2025-11-29 23:15:42 INFO        | Calling: cd /home/juliana/venv_pytorch/share/accelergy/estimation_plug_ins/accelergy-cacti-plug-in ; ./cacti -infile /home/juliana/venv_pytorch/share/accelergy/estimation_plug_ins/accelergy-cacti-plug-in/cacti_inputs_outputs/tmp3cjpfyvs >> /home/juliana/venv_pytorch/share/accelergy/estimation_plug_ins/accelergy-cacti-plug-in/cacti_inputs_outputs/tmprpyzlnpg 2>&1
2025-11-29 23:15:42 INFO        | Calling CACTI with cache_size=3145728 n_rw_ports=1 block_size=192 tech_node_um=0.045 n_banks=2 tag_size=0 associativity=1
2025-11-29 23:15:42 INFO        | Calling CACTI with input path /home/juliana/venv_pytorch/share/accelergy/estimation_plug_ins/accelergy-cacti-plug-in/cacti_inputs_outputs/tmpr5pazvz2
2025-11-29 23:15:42 INFO        | CACTI output will be written to /home/juliana/venv_pytorch/share/accelergy/estimation_plug_ins/accelergy-cacti-plug-in/cacti_inputs_outputs/tmpdlpv2h7n
2025-11-29 23:15:42 INFO        | CACTI executable not found at /home/juliana/venv_pytorch/share/accelergy/estimation_plug_ins/accelergy-cacti-plug-in/cacti/cacti
2025-11-29 23:15:42 INFO        | Calling: cd /home/juliana/venv_pytorch/share/accelergy/estimation_plug_ins/accelergy-cacti-plug-in ; ./cacti -infile /home/juliana/venv_pytorch/share/accelergy/estimation_plug_ins/accelergy-cacti-plug-in/cacti_inputs_outputs/tmpr5pazvz2 >> /home/juliana/venv_pytorch/share/accelergy/estimation_plug_ins/accelergy-cacti-plug-in/cacti_inputs_outputs/tmpdlpv2h7n 2>&1
2025-11-29 23:15:42 INFO        | Cache bandwidth: 384.0 bytes/cycle
2025-11-29 23:15:42 INFO        | Cache bandwidth: 200970532272.991 bits/second
2025-11-29 23:15:42 INFO        | Global cycle time 1e-09 is less than the cache's random cycle time 1.5285823076923077e-08
2025-11-29 23:15:42 INFO        | Multiplying by n_instances 1
2025-11-29 23:15:42 INFO        
2025-11-29 23:15:42 INFO        ENERGY ESTIMATION for SRAM(depth=16384, width=1536, datawidth=6, instances=1, meshX=1, has_power_gating=False, n_banks=2, cluster_size=1, reduction_supported=True, multiple_buffering=1, min_utilization=0, allow_overbooking=False, meshY=1, technology=40nm, global_cycle_seconds=1e-09, version=0.4, action_latency_cycles=1, cycle_seconds=1e-09, n_instances=1).update(global_cycle_seconds=1e-09, action_latency_cycles=1)
2025-11-29 23:15:44 INFO        CactiSRAM estimated 1.8059153846153845e-09 with accuracy 80%. Messages:
2025-11-29 23:15:44 INFO        | Unused arguments (datawidth, instances, meshX, has_power_gating, cluster_size, reduction_supported, multiple_buffering, min_utilization, allow_overbooking, meshY, global_cycle_seconds, version, action_latency_cycles, cycle_seconds, n_instances) provided for ['SRAM', 'sram'].__init__. Arguments used: (depth, width, n_banks, technology)
2025-11-29 23:15:44 INFO        | Unused arguments (global_cycle_seconds, action_latency_cycles) provided for ['SRAM', 'sram'].update. Arguments used: ()
2025-11-29 23:15:44 INFO        | Interpolating technology between 32 and 45.
2025-11-29 23:15:44 INFO        | Calling CACTI with cache_size=3145728 n_rw_ports=1 block_size=192 tech_node_um=0.032 n_banks=2 tag_size=0 associativity=1
2025-11-29 23:15:44 INFO        | Calling CACTI with input path /home/juliana/venv_pytorch/share/accelergy/estimation_plug_ins/accelergy-cacti-plug-in/cacti_inputs_outputs/tmp4xmqlr2q
2025-11-29 23:15:44 INFO        | CACTI output will be written to /home/juliana/venv_pytorch/share/accelergy/estimation_plug_ins/accelergy-cacti-plug-in/cacti_inputs_outputs/tmpgb06ic0u
2025-11-29 23:15:44 INFO        | CACTI executable not found at /home/juliana/venv_pytorch/share/accelergy/estimation_plug_ins/accelergy-cacti-plug-in/cacti/cacti
2025-11-29 23:15:44 INFO        | Calling: cd /home/juliana/venv_pytorch/share/accelergy/estimation_plug_ins/accelergy-cacti-plug-in ; ./cacti -infile /home/juliana/venv_pytorch/share/accelergy/estimation_plug_ins/accelergy-cacti-plug-in/cacti_inputs_outputs/tmp4xmqlr2q >> /home/juliana/venv_pytorch/share/accelergy/estimation_plug_ins/accelergy-cacti-plug-in/cacti_inputs_outputs/tmpgb06ic0u 2>&1
2025-11-29 23:15:44 INFO        | Calling CACTI with cache_size=3145728 n_rw_ports=1 block_size=192 tech_node_um=0.045 n_banks=2 tag_size=0 associativity=1
2025-11-29 23:15:44 INFO        | Calling CACTI with input path /home/juliana/venv_pytorch/share/accelergy/estimation_plug_ins/accelergy-cacti-plug-in/cacti_inputs_outputs/tmpmv3u11q7
2025-11-29 23:15:44 INFO        | CACTI output will be written to /home/juliana/venv_pytorch/share/accelergy/estimation_plug_ins/accelergy-cacti-plug-in/cacti_inputs_outputs/tmpa608su9j
2025-11-29 23:15:44 INFO        | CACTI executable not found at /home/juliana/venv_pytorch/share/accelergy/estimation_plug_ins/accelergy-cacti-plug-in/cacti/cacti
2025-11-29 23:15:44 INFO        | Calling: cd /home/juliana/venv_pytorch/share/accelergy/estimation_plug_ins/accelergy-cacti-plug-in ; ./cacti -infile /home/juliana/venv_pytorch/share/accelergy/estimation_plug_ins/accelergy-cacti-plug-in/cacti_inputs_outputs/tmpmv3u11q7 >> /home/juliana/venv_pytorch/share/accelergy/estimation_plug_ins/accelergy-cacti-plug-in/cacti_inputs_outputs/tmpa608su9j 2>&1
2025-11-29 23:15:44 INFO        | Cache bandwidth: 384.0 bytes/cycle
2025-11-29 23:15:44 INFO        | Cache bandwidth: 200970532272.991 bits/second
2025-11-29 23:15:44 INFO        
2025-11-29 23:15:44 INFO        ENERGY ESTIMATION for regfile(depth=1, width=48, datawidth=6, has_power_gating=False, n_banks=2, cluster_size=1, reduction_supported=True, multiple_buffering=1, min_utilization=0, allow_overbooking=False, meshX=16, meshY=1, technology=40nm, global_cycle_seconds=1e-09, spatial={'meshX': 32}, version=0.4, action_latency_cycles=1, cycle_seconds=1e-09, n_instances=1).read(global_cycle_seconds=1e-09, action_latency_cycles=1)
2025-11-29 23:15:44 INFO        Aladdin_table estimated 0.009p with accuracy 70%. 
2025-11-29 23:15:44 INFO        
2025-11-29 23:15:44 INFO        ENERGY ESTIMATION for regfile(depth=1, width=48, datawidth=6, has_power_gating=False, n_banks=2, cluster_size=1, reduction_supported=True, multiple_buffering=1, min_utilization=0, allow_overbooking=False, meshX=16, meshY=1, technology=40nm, global_cycle_seconds=1e-09, spatial={'meshX': 32}, version=0.4, action_latency_cycles=1, cycle_seconds=1e-09, n_instances=1).write(global_cycle_seconds=1e-09, action_latency_cycles=1)
2025-11-29 23:15:44 INFO        Aladdin_table estimated 0.009p with accuracy 70%. 
2025-11-29 23:15:44 INFO        
2025-11-29 23:15:44 INFO        ENERGY ESTIMATION for regfile(depth=1, width=48, datawidth=6, has_power_gating=False, n_banks=2, cluster_size=1, reduction_supported=True, multiple_buffering=1, min_utilization=0, allow_overbooking=False, meshX=16, meshY=1, technology=40nm, global_cycle_seconds=1e-09, spatial={'meshX': 32}, version=0.4, action_latency_cycles=1, cycle_seconds=1e-09, n_instances=1).leak(global_cycle_seconds=1e-09, action_latency_cycles=1)
2025-11-29 23:15:44 INFO        Aladdin_table estimated 7e-05p with accuracy 70%. Messages:
2025-11-29 23:15:44 INFO        | Multiplying by n_instances 1
2025-11-29 23:15:44 INFO        
2025-11-29 23:15:44 INFO        ENERGY ESTIMATION for regfile(depth=1, width=48, datawidth=6, has_power_gating=False, n_banks=2, cluster_size=1, reduction_supported=True, multiple_buffering=1, min_utilization=0, allow_overbooking=False, meshX=16, meshY=1, technology=40nm, global_cycle_seconds=1e-09, spatial={'meshX': 32}, version=0.4, action_latency_cycles=1, cycle_seconds=1e-09, n_instances=1).update(global_cycle_seconds=1e-09, action_latency_cycles=1)
2025-11-29 23:15:44 INFO        Aladdin_table estimated 0.009p with accuracy 70%. 
2025-11-29 23:15:44 INFO        
2025-11-29 23:15:44 INFO        ENERGY ESTIMATION for intmac(width=6, datawidth=6, has_power_gating=False, meshX=128, meshY=1, technology=40nm, global_cycle_seconds=1e-09, spatial={'meshX': 32}, version=0.4, action_latency_cycles=1, cycle_seconds=1e-09, n_instances=1).compute(global_cycle_seconds=1e-09, action_latency_cycles=1)
2025-11-29 23:15:44 INFO        Aladdin_table estimated 0.48515625p with accuracy 70%. 
2025-11-29 23:15:44 WARNING     No action counts are specified as yaml input
2025-11-29 23:15:44 INFO        
2025-11-29 23:15:44 INFO        AREA ESTIMATION for SRAM(depth=16384, width=1536, datawidth=6, instances=1, meshX=1, has_power_gating=False, n_banks=2, cluster_size=1, reduction_supported=True, multiple_buffering=1, min_utilization=0, allow_overbooking=False, meshY=1, technology=40nm, global_cycle_seconds=1e-09, version=0.4, action_latency_cycles=1, cycle_seconds=1e-09, n_instances=1)
2025-11-29 23:15:47 INFO        CactiSRAM estimated 1.261128076923077e-05 with accuracy 80%. Messages:
2025-11-29 23:15:47 INFO        | Unused arguments (datawidth, instances, meshX, has_power_gating, cluster_size, reduction_supported, multiple_buffering, min_utilization, allow_overbooking, meshY, global_cycle_seconds, version, action_latency_cycles, cycle_seconds, n_instances) provided for ['SRAM', 'sram'].__init__. Arguments used: (depth, width, n_banks, technology)
2025-11-29 23:15:47 INFO        | Interpolating technology between 32 and 45.
2025-11-29 23:15:47 INFO        | Calling CACTI with cache_size=3145728 n_rw_ports=1 block_size=192 tech_node_um=0.032 n_banks=2 tag_size=0 associativity=1
2025-11-29 23:15:47 INFO        | Calling CACTI with input path /home/juliana/venv_pytorch/share/accelergy/estimation_plug_ins/accelergy-cacti-plug-in/cacti_inputs_outputs/tmps8zusgjk
2025-11-29 23:15:47 INFO        | CACTI output will be written to /home/juliana/venv_pytorch/share/accelergy/estimation_plug_ins/accelergy-cacti-plug-in/cacti_inputs_outputs/tmpko81_hwu
2025-11-29 23:15:47 INFO        | CACTI executable not found at /home/juliana/venv_pytorch/share/accelergy/estimation_plug_ins/accelergy-cacti-plug-in/cacti/cacti
2025-11-29 23:15:47 INFO        | Calling: cd /home/juliana/venv_pytorch/share/accelergy/estimation_plug_ins/accelergy-cacti-plug-in ; ./cacti -infile /home/juliana/venv_pytorch/share/accelergy/estimation_plug_ins/accelergy-cacti-plug-in/cacti_inputs_outputs/tmps8zusgjk >> /home/juliana/venv_pytorch/share/accelergy/estimation_plug_ins/accelergy-cacti-plug-in/cacti_inputs_outputs/tmpko81_hwu 2>&1
2025-11-29 23:15:47 INFO        | Calling CACTI with cache_size=3145728 n_rw_ports=1 block_size=192 tech_node_um=0.045 n_banks=2 tag_size=0 associativity=1
2025-11-29 23:15:47 INFO        | Calling CACTI with input path /home/juliana/venv_pytorch/share/accelergy/estimation_plug_ins/accelergy-cacti-plug-in/cacti_inputs_outputs/tmpwgratg7a
2025-11-29 23:15:47 INFO        | CACTI output will be written to /home/juliana/venv_pytorch/share/accelergy/estimation_plug_ins/accelergy-cacti-plug-in/cacti_inputs_outputs/tmpmzciel17
2025-11-29 23:15:47 INFO        | CACTI executable not found at /home/juliana/venv_pytorch/share/accelergy/estimation_plug_ins/accelergy-cacti-plug-in/cacti/cacti
2025-11-29 23:15:47 INFO        | Calling: cd /home/juliana/venv_pytorch/share/accelergy/estimation_plug_ins/accelergy-cacti-plug-in ; ./cacti -infile /home/juliana/venv_pytorch/share/accelergy/estimation_plug_ins/accelergy-cacti-plug-in/cacti_inputs_outputs/tmpwgratg7a >> /home/juliana/venv_pytorch/share/accelergy/estimation_plug_ins/accelergy-cacti-plug-in/cacti_inputs_outputs/tmpmzciel17 2>&1
2025-11-29 23:15:47 INFO        | Cache bandwidth: 384.0 bytes/cycle
2025-11-29 23:15:47 INFO        | Cache bandwidth: 200970532272.991 bits/second
2025-11-29 23:15:47 INFO        | Multiplying by n_instances 1
2025-11-29 23:15:47 INFO        
2025-11-29 23:15:47 INFO        AREA ESTIMATION for dummy_storage(width=1, depth=1, datawidth=1, technology=-1, has_power_gating=False, n_banks=2, cluster_size=1, reduction_supported=True, multiple_buffering=1, min_utilization=0, allow_overbooking=False, meshX=1, meshY=1, global_cycle_seconds=1e-09, spatial={'meshX': 32}, version=0.4, action_latency_cycles=1, cycle_seconds=1e-09, n_instances=1)
2025-11-29 23:15:47 INFO        dummy estimated 1u^2 with accuracy 100%. Messages:
2025-11-29 23:15:47 INFO        | Multiplying by n_instances 1
2025-11-29 23:15:47 INFO        
2025-11-29 23:15:47 INFO        AREA ESTIMATION for regfile(depth=1, width=48, datawidth=6, has_power_gating=False, n_banks=2, cluster_size=1, reduction_supported=True, multiple_buffering=1, min_utilization=0, allow_overbooking=False, meshX=16, meshY=1, technology=40nm, global_cycle_seconds=1e-09, spatial={'meshX': 32}, version=0.4, action_latency_cycles=1, cycle_seconds=1e-09, n_instances=1)
2025-11-29 23:15:47 INFO        Aladdin_table estimated 5.98u^2 with accuracy 70%. Messages:
2025-11-29 23:15:47 INFO        | Multiplying by n_instances 1
2025-11-29 23:15:47 INFO        
2025-11-29 23:15:47 INFO        AREA ESTIMATION for dummy_storage(width=1, depth=1, datawidth=1, technology=-1, has_power_gating=False, n_banks=2, cluster_size=1, reduction_supported=True, multiple_buffering=1, min_utilization=0, allow_overbooking=False, meshX=16, meshY=1, global_cycle_seconds=1e-09, spatial={'meshX': 32}, version=0.4, action_latency_cycles=1, cycle_seconds=1e-09, n_instances=1)
2025-11-29 23:15:47 INFO        dummy estimated 1u^2 with accuracy 100%. Messages:
2025-11-29 23:15:47 INFO        | Multiplying by n_instances 1
2025-11-29 23:15:47 INFO        
2025-11-29 23:15:47 INFO        AREA ESTIMATION for intmac(width=6, datawidth=6, has_power_gating=False, meshX=128, meshY=1, technology=40nm, global_cycle_seconds=1e-09, spatial={'meshX': 32}, version=0.4, action_latency_cycles=1, cycle_seconds=1e-09, n_instances=1)
2025-11-29 23:15:47 INFO        Aladdin_table estimated 275.3671875u^2 with accuracy 70%. Messages:
2025-11-29 23:15:47 INFO        | Multiplying by n_instances 1
2025-11-29 23:15:47 INFO        flattened architecture is saved to:
2025-11-29 23:15:47 INFO        ./timeloop-mapper.flattened_architecture.yaml
2025-11-29 23:15:47 INFO        energy reference table is saved to:
2025-11-29 23:15:47 INFO        ./timeloop-mapper.ERT.yaml
2025-11-29 23:15:47 INFO        energy reference table summary is saved to:
2025-11-29 23:15:47 INFO        ./timeloop-mapper.ERT_summary.yaml
2025-11-29 23:15:47 WARNING     no runtime energy estimations are generated... not generating energy_estimation.yaml
2025-11-29 23:15:47 INFO        area reference table is saved to:
2025-11-29 23:15:47 INFO        ./timeloop-mapper.ART.yaml
2025-11-29 23:15:47 INFO        area reference table summary is saved to:
2025-11-29 23:15:47 INFO        ./timeloop-mapper.ART_summary.yaml
