============================================================
  Generated by:           Genus(TM) Synthesis Solution 23.12-s086_1
  Generated on:           Oct 09 2025  02:15:32 am
  Module:                 neuron_intra_Nbits
  Operating conditions:   PVT_0P9V_125C 
  Interconnect mode:      global
  Area mode:              physical library
============================================================


Path 1: MET (6785 ps) Setup Check with Pin Out_reg[2]/CK->D
          Group: clock
     Startpoint: (R) acc_reg[125]/CK
          Clock: (R) clock
       Endpoint: (F) Out_reg[2]/D
          Clock: (R) clock

                     Capture       Launch     
        Clock Edge:+   10000            0     
       Src Latency:+       0            0     
       Net Latency:+       0 (I)        0 (I) 
           Arrival:=   10000            0     
                                              
             Setup:-     128                  
     Required Time:=    9872                  
      Launch Clock:-       0                  
         Data Path:-    3087                  
             Slack:=    6785                  

#----------------------------------------------------------------------------------------
#  Timing Point   Flags   Arc   Edge   Cell     Fanout Load Trans Delay Arrival Instance 
#                                                      (fF)  (ps)  (ps)   (ps)  Location 
#----------------------------------------------------------------------------------------
  acc_reg[125]/CK -       -     R     (arrival)    191    -     0     0       0    (-,-) 
  acc_reg[125]/Q  -       CK->Q F     SDFFRHQX1      2  4.2   116   255     255    (-,-) 
  g3571__6260/Y   -       A->Y  R     NOR3X2         1  2.3   135   167     422    (-,-) 
  g3507__1666/Y   -       AN->Y R     NOR3BX2        1  2.9   155   250     672    (-,-) 
  g3374__7482/Y   -       C->Y  F     NAND3X2        1  2.3   177   184     856    (-,-) 
  g3372__1881/Y   -       AN->Y F     NAND2BX1       1  2.4   178   216    1072    (-,-) 
  g3369__8246/Y   -       B->Y  R     NOR2X1         1  2.3   143   175    1247    (-,-) 
  g3368__5122/Y   -       D->Y  R     AND4XL         1  2.3   104   338    1585    (-,-) 
  g3367__1705/Y   -       D->Y  R     AND4XL         1  2.3   104   322    1906    (-,-) 
  g3366__2802/Y   -       AN->Y R     NOR3BX2        1  2.3   135   222    2129    (-,-) 
  g3365__1617/Y   -       AN->Y R     NOR3BX2        1  2.9   155   251    2379    (-,-) 
  g3364__3680/Y   -       B->Y  R     OR2X8         32 47.1   142   216    2595    (-,-) 
  drc_bufs3630/Y  -       A->Y  F     INVX1          1  5.0   158   163    2758    (-,-) 
  drc_bufs3627/Y  -       A->Y  R     INVX8         32 47.1   153   144    2902    (-,-) 
  g3330__5107/Y   -       B->Y  F     NAND2X1        1  2.4   173   185    3087    (-,-) 
  Out_reg[2]/D    <<<     -     F     DFFRHQX1       1    -     -     0    3087    (-,-) 
#----------------------------------------------------------------------------------------

