MAxPy: OpenSTA LOG

Command line:

sta cmd_file.sta

OpenSTA file:

read_liberty /home/juliana/venv_pytorch/lib/python3.12/site-packages/MAxPy/pdk/NanGate15nm.lib
read_verilog neuron_drums_4/neuron_intra_Nbits_LOBA0s_4/netlist_yosys/neuron_intra_Nbits.v
link_design neuron_intra_Nbits
report_power -digits 5 >power.rpt
report_checks -unconstrained -path_delay max -format summary -digits 5 >timing.rpt
exit


Log from stdout and stderr:

OpenSTA 2.7.0 581364982d Copyright (c) 2025, Parallax Software, Inc.
License GPLv3: GNU GPL version 3 <http://gnu.org/licenses/gpl.html>

This is free software, and you are free to change and redistribute it
under certain conditions; type `show_copying' for details. 
This program comes with ABSOLUTELY NO WARRANTY; for details type `show_warranty'.
Power report:

['Group                   Internal   Switching     Leakage       Total\n', '                           Power       Power       Power       Power (Watts)\n', '--------------------------------------------------------------------\n', 'Sequential           7.14496e-03 2.36957e-03 5.29296e-07 9.51506e-03   3.5%\n', 'Combinational        1.29810e-01 1.35169e-01 1.15243e-05 2.64990e-01  96.5%\n', 'Clock                0.00000e+00 0.00000e+00 0.00000e+00 0.00000e+00   0.0%\n', 'Macro                0.00000e+00 0.00000e+00 0.00000e+00 0.00000e+00   0.0%\n', 'Pad                  0.00000e+00 0.00000e+00 0.00000e+00 0.00000e+00   0.0%\n', '--------------------------------------------------------------------\n', 'Total                1.36955e-01 1.37538e-01 1.20536e-05 2.74505e-01 100.0%\n', '                           49.9%       50.1%        0.0%\n']

Timing report:

['Startpoint                           Endpoint                                  Slack\n', '-----------------------------------------------------------------------------------\n', 'W[25] (input)                        _1691_/D (DFFRNQ_X1)                  182.31010\n', '\n']

