2025-11-29 23:15:01 INFO            _                _                      
2025-11-29 23:15:01 INFO           / \   ___ ___ ___| | ___ _ __ __ _ _   _ 
2025-11-29 23:15:01 INFO          / _ \ / __/ __/ _ \ |/ _ \ '__/ _` | | | |
2025-11-29 23:15:01 INFO         / ___ \ (_| (_|  __/ |  __/ | | (_| | |_| |
2025-11-29 23:15:01 INFO        /_/   \_\___\___\___|_|\___|_|  \__, |\__, |
2025-11-29 23:15:01 INFO                                        |___/ |___/ 
2025-11-29 23:15:01 INFO        generating outputs according to the following specified output flags... 
2025-11-29 23:15:01 INFO         Please use the -f flag to update the preference (default to all output files)
2025-11-29 23:15:01 INFO        {'ERT': 1, 'ERT_summary': 1, 'ART': 1, 'ART_summary': 1, 'energy_estimation': 1, 'flattened_arch': 1}
2025-11-29 23:15:01 INFO        Located config file at /home/juliana/.config/accelergy/accelergy_config.yaml.
2025-11-29 23:15:01 INFO        config file located:
2025-11-29 23:15:01 INFO        /home/juliana/.config/accelergy/accelergy_config.yaml
2025-11-29 23:15:01 INFO        Parsing file /home/juliana/Topicos-Especiais-XII/trabalho_final/timeloop/dse_pe_mac_width/outputs/16_neurons_4_macs_6_width/parsed-processed-input.yaml for architecture info
2025-11-29 23:15:01 INFO        Parsing file /home/juliana/Topicos-Especiais-XII/trabalho_final/timeloop/dse_pe_mac_width/outputs/16_neurons_4_macs_6_width/parsed-processed-input.yaml for compound_components info
2025-11-29 23:15:01 WARNING     No compound component classes specified, architecture can only contain primitive components
2025-11-29 23:15:01 INFO        Adding required action "read" to class SRAM
2025-11-29 23:15:01 INFO        Adding required action "write" to class SRAM
2025-11-29 23:15:01 INFO        Adding required action "leak" to class SRAM
2025-11-29 23:15:01 INFO        Adding required action "update" to class SRAM
2025-11-29 23:15:01 INFO        Adding required action "read" to class regfile
2025-11-29 23:15:01 INFO        Adding required action "write" to class regfile
2025-11-29 23:15:01 INFO        Adding required action "leak" to class regfile
2025-11-29 23:15:01 INFO        Adding required action "update" to class regfile
2025-11-29 23:15:01 INFO        Adding required action "compute" to class intmac
2025-11-29 23:15:01 INFO        Estimator plug-in identified by: /home/juliana/venv_pytorch/share/accelergy/estimation_plug_ins/accelergy-adc-plug-in/adc.estimator.yaml
2025-11-29 23:15:01 INFO        Estimator plug-in identified by: /home/juliana/venv_pytorch/share/accelergy/estimation_plug_ins/accelergy-table-based-plug-ins/table.estimator.yaml
2025-11-29 23:15:01 INFO        Estimator plug-in identified by: /home/juliana/venv_pytorch/share/accelergy/estimation_plug_ins/accelergy-library-plugin/library.estimator.yaml
2025-11-29 23:15:01 INFO        Estimator plug-in identified by: /home/juliana/venv_pytorch/share/accelergy/estimation_plug_ins/dummy_tables/dummy.estimator.yaml
2025-11-29 23:15:01 INFO        Estimator plug-in identified by: /home/juliana/venv_pytorch/share/accelergy/estimation_plug_ins/accelergy-neurosim-plugin/neurosim.estimator.yaml
2025-11-29 23:15:01 INFO        Estimator plug-in identified by: /home/juliana/venv_pytorch/share/accelergy/estimation_plug_ins/accelergy-aladdin-plug-in/aladdin.estimator.yaml
2025-11-29 23:15:01 INFO        Estimator plug-in identified by: /home/juliana/venv_pytorch/share/accelergy/estimation_plug_ins/accelergy-cacti-plug-in/cacti.estimator.yaml
2025-11-29 23:15:01 INFO        Loading Python plug-in: /home/juliana/venv_pytorch/share/accelergy/estimation_plug_ins/accelergy-cacti-plug-in/cacti_wrapper.py. Errors below are likely due to plug-in, not Accelergy.
2025-11-29 23:15:01 INFO        Getting all estimators in module <module 'python_plug_in0' from '/home/juliana/venv_pytorch/share/accelergy/estimation_plug_ins/accelergy-cacti-plug-in/cacti_wrapper.py'>
2025-11-29 23:15:01 INFO        Added estimator CactiCache that estimates cache with actions idle, read, read_access, update, update_access, write, write_access, leak
2025-11-29 23:15:01 INFO        Added estimator CactiDRAM that estimates ['DRAM', 'dram'] with actions idle, read, update, write, leak
2025-11-29 23:15:01 INFO        Added estimator CactiSRAM that estimates ['SRAM', 'sram'] with actions idle, read, update, write, leak
2025-11-29 23:15:01 INFO        Done loading Python plug-ins.
2025-11-29 23:15:01 INFO        Found estimator plug-in: ADC Plug-In (<ADCEstimator.ADCEstimator object at 0x7882ff4ce990>)
2025-11-29 23:15:01 INFO        Found estimator plug-in: DEPRECATED table-based-plug-ins. Use the Library plug-in instead. (<SetsOfTables.SetsOfTables object at 0x7882ff4cc680>)
2025-11-29 23:15:01 INFO        Found estimator plug-in: Library (<LibraryEstimator.LibraryEstimator object at 0x7882ff302f90>)
2025-11-29 23:15:01 INFO        Found estimator plug-in: dummy (<DummyTable.DummyTable object at 0x7882ff314c80>)
2025-11-29 23:15:01 INFO        Found estimator plug-in: Neurosim Plug-In (<NeuroWrapper.NeuroWrapper object at 0x7882ff39c830>)
2025-11-29 23:15:01 INFO        Found estimator plug-in: Aladdin_table (<AladdinTable.AladdinTable object at 0x7882ff4cdcd0>)
2025-11-29 23:15:01 INFO        Found estimator plug-in: CactiCache (<accelergy.plug_in_interface.estimator_wrapper.EstimatorWrapper object at 0x7882ff426f00>)
2025-11-29 23:15:01 INFO        Found estimator plug-in: CactiDRAM (<accelergy.plug_in_interface.estimator_wrapper.EstimatorWrapper object at 0x7882ff424830>)
2025-11-29 23:15:01 INFO        Found estimator plug-in: CactiSRAM (<accelergy.plug_in_interface.estimator_wrapper.EstimatorWrapper object at 0x7882ff39d130>)
2025-11-29 23:15:01 INFO        
2025-11-29 23:15:01 INFO        ENERGY ESTIMATION for SRAM(depth=16384, width=768, datawidth=6, instances=1, meshX=1, has_power_gating=False, n_banks=2, cluster_size=1, reduction_supported=True, multiple_buffering=1, min_utilization=0, allow_overbooking=False, meshY=1, technology=40nm, global_cycle_seconds=1e-09, version=0.4, action_latency_cycles=1, cycle_seconds=1e-09, n_instances=1).read(global_cycle_seconds=1e-09, action_latency_cycles=1)
2025-11-29 23:15:04 INFO        CactiSRAM estimated 6.075826153846155e-10 with accuracy 80%. Messages:
2025-11-29 23:15:04 INFO        | Unused arguments (datawidth, instances, meshX, has_power_gating, cluster_size, reduction_supported, multiple_buffering, min_utilization, allow_overbooking, meshY, global_cycle_seconds, version, action_latency_cycles, cycle_seconds, n_instances) provided for ['SRAM', 'sram'].__init__. Arguments used: (depth, width, n_banks, technology)
2025-11-29 23:15:04 INFO        | Unused arguments (global_cycle_seconds, action_latency_cycles) provided for ['SRAM', 'sram'].read. Arguments used: ()
2025-11-29 23:15:04 INFO        | Interpolating technology between 32 and 45.
2025-11-29 23:15:04 INFO        | Calling CACTI with cache_size=1572864 n_rw_ports=1 block_size=96 tech_node_um=0.032 n_banks=2 tag_size=0 associativity=1
2025-11-29 23:15:04 INFO        | Calling CACTI with input path /home/juliana/venv_pytorch/share/accelergy/estimation_plug_ins/accelergy-cacti-plug-in/cacti_inputs_outputs/tmplal3niy5
2025-11-29 23:15:04 INFO        | CACTI output will be written to /home/juliana/venv_pytorch/share/accelergy/estimation_plug_ins/accelergy-cacti-plug-in/cacti_inputs_outputs/tmp_t0_ogw0
2025-11-29 23:15:04 INFO        | CACTI executable not found at /home/juliana/venv_pytorch/share/accelergy/estimation_plug_ins/accelergy-cacti-plug-in/cacti/cacti
2025-11-29 23:15:04 INFO        | Calling: cd /home/juliana/venv_pytorch/share/accelergy/estimation_plug_ins/accelergy-cacti-plug-in ; ./cacti -infile /home/juliana/venv_pytorch/share/accelergy/estimation_plug_ins/accelergy-cacti-plug-in/cacti_inputs_outputs/tmplal3niy5 >> /home/juliana/venv_pytorch/share/accelergy/estimation_plug_ins/accelergy-cacti-plug-in/cacti_inputs_outputs/tmp_t0_ogw0 2>&1
2025-11-29 23:15:04 INFO        | Calling CACTI with cache_size=1572864 n_rw_ports=1 block_size=96 tech_node_um=0.045 n_banks=2 tag_size=0 associativity=1
2025-11-29 23:15:04 INFO        | Calling CACTI with input path /home/juliana/venv_pytorch/share/accelergy/estimation_plug_ins/accelergy-cacti-plug-in/cacti_inputs_outputs/tmpzc86no95
2025-11-29 23:15:04 INFO        | CACTI output will be written to /home/juliana/venv_pytorch/share/accelergy/estimation_plug_ins/accelergy-cacti-plug-in/cacti_inputs_outputs/tmp3rsomy3d
2025-11-29 23:15:04 INFO        | CACTI executable not found at /home/juliana/venv_pytorch/share/accelergy/estimation_plug_ins/accelergy-cacti-plug-in/cacti/cacti
2025-11-29 23:15:04 INFO        | Calling: cd /home/juliana/venv_pytorch/share/accelergy/estimation_plug_ins/accelergy-cacti-plug-in ; ./cacti -infile /home/juliana/venv_pytorch/share/accelergy/estimation_plug_ins/accelergy-cacti-plug-in/cacti_inputs_outputs/tmpzc86no95 >> /home/juliana/venv_pytorch/share/accelergy/estimation_plug_ins/accelergy-cacti-plug-in/cacti_inputs_outputs/tmp3rsomy3d 2>&1
2025-11-29 23:15:04 INFO        | Cache bandwidth: 192.0 bytes/cycle
2025-11-29 23:15:04 INFO        | Cache bandwidth: 270215628498.97977 bits/second
2025-11-29 23:15:04 INFO        
2025-11-29 23:15:04 INFO        ENERGY ESTIMATION for SRAM(depth=16384, width=768, datawidth=6, instances=1, meshX=1, has_power_gating=False, n_banks=2, cluster_size=1, reduction_supported=True, multiple_buffering=1, min_utilization=0, allow_overbooking=False, meshY=1, technology=40nm, global_cycle_seconds=1e-09, version=0.4, action_latency_cycles=1, cycle_seconds=1e-09, n_instances=1).write(global_cycle_seconds=1e-09, action_latency_cycles=1)
2025-11-29 23:15:06 INFO        CactiSRAM estimated 6.78091076923077e-10 with accuracy 80%. Messages:
2025-11-29 23:15:06 INFO        | Unused arguments (datawidth, instances, meshX, has_power_gating, cluster_size, reduction_supported, multiple_buffering, min_utilization, allow_overbooking, meshY, global_cycle_seconds, version, action_latency_cycles, cycle_seconds, n_instances) provided for ['SRAM', 'sram'].__init__. Arguments used: (depth, width, n_banks, technology)
2025-11-29 23:15:06 INFO        | Unused arguments (global_cycle_seconds, action_latency_cycles) provided for ['SRAM', 'sram'].write. Arguments used: ()
2025-11-29 23:15:06 INFO        | Interpolating technology between 32 and 45.
2025-11-29 23:15:06 INFO        | Calling CACTI with cache_size=1572864 n_rw_ports=1 block_size=96 tech_node_um=0.032 n_banks=2 tag_size=0 associativity=1
2025-11-29 23:15:06 INFO        | Calling CACTI with input path /home/juliana/venv_pytorch/share/accelergy/estimation_plug_ins/accelergy-cacti-plug-in/cacti_inputs_outputs/tmpshmeoeuu
2025-11-29 23:15:06 INFO        | CACTI output will be written to /home/juliana/venv_pytorch/share/accelergy/estimation_plug_ins/accelergy-cacti-plug-in/cacti_inputs_outputs/tmpo06saovr
2025-11-29 23:15:06 INFO        | CACTI executable not found at /home/juliana/venv_pytorch/share/accelergy/estimation_plug_ins/accelergy-cacti-plug-in/cacti/cacti
2025-11-29 23:15:06 INFO        | Calling: cd /home/juliana/venv_pytorch/share/accelergy/estimation_plug_ins/accelergy-cacti-plug-in ; ./cacti -infile /home/juliana/venv_pytorch/share/accelergy/estimation_plug_ins/accelergy-cacti-plug-in/cacti_inputs_outputs/tmpshmeoeuu >> /home/juliana/venv_pytorch/share/accelergy/estimation_plug_ins/accelergy-cacti-plug-in/cacti_inputs_outputs/tmpo06saovr 2>&1
2025-11-29 23:15:06 INFO        | Calling CACTI with cache_size=1572864 n_rw_ports=1 block_size=96 tech_node_um=0.045 n_banks=2 tag_size=0 associativity=1
2025-11-29 23:15:06 INFO        | Calling CACTI with input path /home/juliana/venv_pytorch/share/accelergy/estimation_plug_ins/accelergy-cacti-plug-in/cacti_inputs_outputs/tmp0u4gj9u7
2025-11-29 23:15:06 INFO        | CACTI output will be written to /home/juliana/venv_pytorch/share/accelergy/estimation_plug_ins/accelergy-cacti-plug-in/cacti_inputs_outputs/tmplq_42pu9
2025-11-29 23:15:06 INFO        | CACTI executable not found at /home/juliana/venv_pytorch/share/accelergy/estimation_plug_ins/accelergy-cacti-plug-in/cacti/cacti
2025-11-29 23:15:06 INFO        | Calling: cd /home/juliana/venv_pytorch/share/accelergy/estimation_plug_ins/accelergy-cacti-plug-in ; ./cacti -infile /home/juliana/venv_pytorch/share/accelergy/estimation_plug_ins/accelergy-cacti-plug-in/cacti_inputs_outputs/tmp0u4gj9u7 >> /home/juliana/venv_pytorch/share/accelergy/estimation_plug_ins/accelergy-cacti-plug-in/cacti_inputs_outputs/tmplq_42pu9 2>&1
2025-11-29 23:15:06 INFO        | Cache bandwidth: 192.0 bytes/cycle
2025-11-29 23:15:06 INFO        | Cache bandwidth: 270215628498.97977 bits/second
2025-11-29 23:15:06 INFO        
2025-11-29 23:15:06 INFO        ENERGY ESTIMATION for SRAM(depth=16384, width=768, datawidth=6, instances=1, meshX=1, has_power_gating=False, n_banks=2, cluster_size=1, reduction_supported=True, multiple_buffering=1, min_utilization=0, allow_overbooking=False, meshY=1, technology=40nm, global_cycle_seconds=1e-09, version=0.4, action_latency_cycles=1, cycle_seconds=1e-09, n_instances=1).leak(global_cycle_seconds=1e-09, action_latency_cycles=1)
2025-11-29 23:15:07 INFO        CactiSRAM estimated 4.691889230769232e-14 with accuracy 80%. Messages:
2025-11-29 23:15:07 INFO        | Unused arguments (datawidth, instances, meshX, has_power_gating, cluster_size, reduction_supported, multiple_buffering, min_utilization, allow_overbooking, meshY, global_cycle_seconds, version, action_latency_cycles, cycle_seconds, n_instances) provided for ['SRAM', 'sram'].__init__. Arguments used: (depth, width, n_banks, technology)
2025-11-29 23:15:07 INFO        | Unused arguments (action_latency_cycles) provided for ['SRAM', 'sram'].leak. Arguments used: (global_cycle_seconds)
2025-11-29 23:15:07 INFO        | Interpolating technology between 32 and 45.
2025-11-29 23:15:07 INFO        | Calling CACTI with cache_size=1572864 n_rw_ports=1 block_size=96 tech_node_um=0.032 n_banks=2 tag_size=0 associativity=1
2025-11-29 23:15:07 INFO        | Calling CACTI with input path /home/juliana/venv_pytorch/share/accelergy/estimation_plug_ins/accelergy-cacti-plug-in/cacti_inputs_outputs/tmpby1ot_0j
2025-11-29 23:15:07 INFO        | CACTI output will be written to /home/juliana/venv_pytorch/share/accelergy/estimation_plug_ins/accelergy-cacti-plug-in/cacti_inputs_outputs/tmpf2iulwn2
2025-11-29 23:15:07 INFO        | CACTI executable not found at /home/juliana/venv_pytorch/share/accelergy/estimation_plug_ins/accelergy-cacti-plug-in/cacti/cacti
2025-11-29 23:15:07 INFO        | Calling: cd /home/juliana/venv_pytorch/share/accelergy/estimation_plug_ins/accelergy-cacti-plug-in ; ./cacti -infile /home/juliana/venv_pytorch/share/accelergy/estimation_plug_ins/accelergy-cacti-plug-in/cacti_inputs_outputs/tmpby1ot_0j >> /home/juliana/venv_pytorch/share/accelergy/estimation_plug_ins/accelergy-cacti-plug-in/cacti_inputs_outputs/tmpf2iulwn2 2>&1
2025-11-29 23:15:07 INFO        | Calling CACTI with cache_size=1572864 n_rw_ports=1 block_size=96 tech_node_um=0.045 n_banks=2 tag_size=0 associativity=1
2025-11-29 23:15:07 INFO        | Calling CACTI with input path /home/juliana/venv_pytorch/share/accelergy/estimation_plug_ins/accelergy-cacti-plug-in/cacti_inputs_outputs/tmpbzofozjj
2025-11-29 23:15:07 INFO        | CACTI output will be written to /home/juliana/venv_pytorch/share/accelergy/estimation_plug_ins/accelergy-cacti-plug-in/cacti_inputs_outputs/tmpzh2ch8i0
2025-11-29 23:15:07 INFO        | CACTI executable not found at /home/juliana/venv_pytorch/share/accelergy/estimation_plug_ins/accelergy-cacti-plug-in/cacti/cacti
2025-11-29 23:15:07 INFO        | Calling: cd /home/juliana/venv_pytorch/share/accelergy/estimation_plug_ins/accelergy-cacti-plug-in ; ./cacti -infile /home/juliana/venv_pytorch/share/accelergy/estimation_plug_ins/accelergy-cacti-plug-in/cacti_inputs_outputs/tmpbzofozjj >> /home/juliana/venv_pytorch/share/accelergy/estimation_plug_ins/accelergy-cacti-plug-in/cacti_inputs_outputs/tmpzh2ch8i0 2>&1
2025-11-29 23:15:07 INFO        | Cache bandwidth: 192.0 bytes/cycle
2025-11-29 23:15:07 INFO        | Cache bandwidth: 270215628498.97977 bits/second
2025-11-29 23:15:07 INFO        | Global cycle time 1e-09 is less than the cache's random cycle time 5.6843492307692314e-09
2025-11-29 23:15:07 INFO        | Multiplying by n_instances 1
2025-11-29 23:15:07 INFO        
2025-11-29 23:15:07 INFO        ENERGY ESTIMATION for SRAM(depth=16384, width=768, datawidth=6, instances=1, meshX=1, has_power_gating=False, n_banks=2, cluster_size=1, reduction_supported=True, multiple_buffering=1, min_utilization=0, allow_overbooking=False, meshY=1, technology=40nm, global_cycle_seconds=1e-09, version=0.4, action_latency_cycles=1, cycle_seconds=1e-09, n_instances=1).update(global_cycle_seconds=1e-09, action_latency_cycles=1)
2025-11-29 23:15:10 INFO        CactiSRAM estimated 6.78091076923077e-10 with accuracy 80%. Messages:
2025-11-29 23:15:10 INFO        | Unused arguments (datawidth, instances, meshX, has_power_gating, cluster_size, reduction_supported, multiple_buffering, min_utilization, allow_overbooking, meshY, global_cycle_seconds, version, action_latency_cycles, cycle_seconds, n_instances) provided for ['SRAM', 'sram'].__init__. Arguments used: (depth, width, n_banks, technology)
2025-11-29 23:15:10 INFO        | Unused arguments (global_cycle_seconds, action_latency_cycles) provided for ['SRAM', 'sram'].update. Arguments used: ()
2025-11-29 23:15:10 INFO        | Interpolating technology between 32 and 45.
2025-11-29 23:15:10 INFO        | Calling CACTI with cache_size=1572864 n_rw_ports=1 block_size=96 tech_node_um=0.032 n_banks=2 tag_size=0 associativity=1
2025-11-29 23:15:10 INFO        | Calling CACTI with input path /home/juliana/venv_pytorch/share/accelergy/estimation_plug_ins/accelergy-cacti-plug-in/cacti_inputs_outputs/tmp_8vnvb_z
2025-11-29 23:15:10 INFO        | CACTI output will be written to /home/juliana/venv_pytorch/share/accelergy/estimation_plug_ins/accelergy-cacti-plug-in/cacti_inputs_outputs/tmpyn9dikpn
2025-11-29 23:15:10 INFO        | CACTI executable not found at /home/juliana/venv_pytorch/share/accelergy/estimation_plug_ins/accelergy-cacti-plug-in/cacti/cacti
2025-11-29 23:15:10 INFO        | Calling: cd /home/juliana/venv_pytorch/share/accelergy/estimation_plug_ins/accelergy-cacti-plug-in ; ./cacti -infile /home/juliana/venv_pytorch/share/accelergy/estimation_plug_ins/accelergy-cacti-plug-in/cacti_inputs_outputs/tmp_8vnvb_z >> /home/juliana/venv_pytorch/share/accelergy/estimation_plug_ins/accelergy-cacti-plug-in/cacti_inputs_outputs/tmpyn9dikpn 2>&1
2025-11-29 23:15:10 INFO        | Calling CACTI with cache_size=1572864 n_rw_ports=1 block_size=96 tech_node_um=0.045 n_banks=2 tag_size=0 associativity=1
2025-11-29 23:15:10 INFO        | Calling CACTI with input path /home/juliana/venv_pytorch/share/accelergy/estimation_plug_ins/accelergy-cacti-plug-in/cacti_inputs_outputs/tmp6bj1j3m2
2025-11-29 23:15:10 INFO        | CACTI output will be written to /home/juliana/venv_pytorch/share/accelergy/estimation_plug_ins/accelergy-cacti-plug-in/cacti_inputs_outputs/tmpsswmgaid
2025-11-29 23:15:10 INFO        | CACTI executable not found at /home/juliana/venv_pytorch/share/accelergy/estimation_plug_ins/accelergy-cacti-plug-in/cacti/cacti
2025-11-29 23:15:10 INFO        | Calling: cd /home/juliana/venv_pytorch/share/accelergy/estimation_plug_ins/accelergy-cacti-plug-in ; ./cacti -infile /home/juliana/venv_pytorch/share/accelergy/estimation_plug_ins/accelergy-cacti-plug-in/cacti_inputs_outputs/tmp6bj1j3m2 >> /home/juliana/venv_pytorch/share/accelergy/estimation_plug_ins/accelergy-cacti-plug-in/cacti_inputs_outputs/tmpsswmgaid 2>&1
2025-11-29 23:15:10 INFO        | Cache bandwidth: 192.0 bytes/cycle
2025-11-29 23:15:10 INFO        | Cache bandwidth: 270215628498.97977 bits/second
2025-11-29 23:15:10 INFO        
2025-11-29 23:15:10 INFO        ENERGY ESTIMATION for regfile(depth=1, width=24, datawidth=6, has_power_gating=False, n_banks=2, cluster_size=1, reduction_supported=True, multiple_buffering=1, min_utilization=0, allow_overbooking=False, meshX=16, meshY=1, technology=40nm, global_cycle_seconds=1e-09, spatial={'meshX': 32}, version=0.4, action_latency_cycles=1, cycle_seconds=1e-09, n_instances=1).read(global_cycle_seconds=1e-09, action_latency_cycles=1)
2025-11-29 23:15:10 INFO        Aladdin_table estimated 0.009p with accuracy 70%. 
2025-11-29 23:15:10 INFO        
2025-11-29 23:15:10 INFO        ENERGY ESTIMATION for regfile(depth=1, width=24, datawidth=6, has_power_gating=False, n_banks=2, cluster_size=1, reduction_supported=True, multiple_buffering=1, min_utilization=0, allow_overbooking=False, meshX=16, meshY=1, technology=40nm, global_cycle_seconds=1e-09, spatial={'meshX': 32}, version=0.4, action_latency_cycles=1, cycle_seconds=1e-09, n_instances=1).write(global_cycle_seconds=1e-09, action_latency_cycles=1)
2025-11-29 23:15:10 INFO        Aladdin_table estimated 0.009p with accuracy 70%. 
2025-11-29 23:15:10 INFO        
2025-11-29 23:15:10 INFO        ENERGY ESTIMATION for regfile(depth=1, width=24, datawidth=6, has_power_gating=False, n_banks=2, cluster_size=1, reduction_supported=True, multiple_buffering=1, min_utilization=0, allow_overbooking=False, meshX=16, meshY=1, technology=40nm, global_cycle_seconds=1e-09, spatial={'meshX': 32}, version=0.4, action_latency_cycles=1, cycle_seconds=1e-09, n_instances=1).leak(global_cycle_seconds=1e-09, action_latency_cycles=1)
2025-11-29 23:15:10 INFO        Aladdin_table estimated 7e-05p with accuracy 70%. Messages:
2025-11-29 23:15:10 INFO        | Multiplying by n_instances 1
2025-11-29 23:15:10 INFO        
2025-11-29 23:15:10 INFO        ENERGY ESTIMATION for regfile(depth=1, width=24, datawidth=6, has_power_gating=False, n_banks=2, cluster_size=1, reduction_supported=True, multiple_buffering=1, min_utilization=0, allow_overbooking=False, meshX=16, meshY=1, technology=40nm, global_cycle_seconds=1e-09, spatial={'meshX': 32}, version=0.4, action_latency_cycles=1, cycle_seconds=1e-09, n_instances=1).update(global_cycle_seconds=1e-09, action_latency_cycles=1)
2025-11-29 23:15:10 INFO        Aladdin_table estimated 0.009p with accuracy 70%. 
2025-11-29 23:15:10 INFO        
2025-11-29 23:15:10 INFO        ENERGY ESTIMATION for intmac(width=6, datawidth=6, has_power_gating=False, meshX=64, meshY=1, technology=40nm, global_cycle_seconds=1e-09, spatial={'meshX': 32}, version=0.4, action_latency_cycles=1, cycle_seconds=1e-09, n_instances=1).compute(global_cycle_seconds=1e-09, action_latency_cycles=1)
2025-11-29 23:15:10 INFO        Aladdin_table estimated 0.48515625p with accuracy 70%. 
2025-11-29 23:15:10 WARNING     No action counts are specified as yaml input
2025-11-29 23:15:10 INFO        
2025-11-29 23:15:10 INFO        AREA ESTIMATION for SRAM(depth=16384, width=768, datawidth=6, instances=1, meshX=1, has_power_gating=False, n_banks=2, cluster_size=1, reduction_supported=True, multiple_buffering=1, min_utilization=0, allow_overbooking=False, meshY=1, technology=40nm, global_cycle_seconds=1e-09, version=0.4, action_latency_cycles=1, cycle_seconds=1e-09, n_instances=1)
2025-11-29 23:15:12 INFO        CactiSRAM estimated 5.424592307692308e-06 with accuracy 80%. Messages:
2025-11-29 23:15:12 INFO        | Unused arguments (datawidth, instances, meshX, has_power_gating, cluster_size, reduction_supported, multiple_buffering, min_utilization, allow_overbooking, meshY, global_cycle_seconds, version, action_latency_cycles, cycle_seconds, n_instances) provided for ['SRAM', 'sram'].__init__. Arguments used: (depth, width, n_banks, technology)
2025-11-29 23:15:12 INFO        | Interpolating technology between 32 and 45.
2025-11-29 23:15:12 INFO        | Calling CACTI with cache_size=1572864 n_rw_ports=1 block_size=96 tech_node_um=0.032 n_banks=2 tag_size=0 associativity=1
2025-11-29 23:15:12 INFO        | Calling CACTI with input path /home/juliana/venv_pytorch/share/accelergy/estimation_plug_ins/accelergy-cacti-plug-in/cacti_inputs_outputs/tmppn02y4ky
2025-11-29 23:15:12 INFO        | CACTI output will be written to /home/juliana/venv_pytorch/share/accelergy/estimation_plug_ins/accelergy-cacti-plug-in/cacti_inputs_outputs/tmpjeva20gd
2025-11-29 23:15:12 INFO        | CACTI executable not found at /home/juliana/venv_pytorch/share/accelergy/estimation_plug_ins/accelergy-cacti-plug-in/cacti/cacti
2025-11-29 23:15:12 INFO        | Calling: cd /home/juliana/venv_pytorch/share/accelergy/estimation_plug_ins/accelergy-cacti-plug-in ; ./cacti -infile /home/juliana/venv_pytorch/share/accelergy/estimation_plug_ins/accelergy-cacti-plug-in/cacti_inputs_outputs/tmppn02y4ky >> /home/juliana/venv_pytorch/share/accelergy/estimation_plug_ins/accelergy-cacti-plug-in/cacti_inputs_outputs/tmpjeva20gd 2>&1
2025-11-29 23:15:12 INFO        | Calling CACTI with cache_size=1572864 n_rw_ports=1 block_size=96 tech_node_um=0.045 n_banks=2 tag_size=0 associativity=1
2025-11-29 23:15:12 INFO        | Calling CACTI with input path /home/juliana/venv_pytorch/share/accelergy/estimation_plug_ins/accelergy-cacti-plug-in/cacti_inputs_outputs/tmp_w8b3bfi
2025-11-29 23:15:12 INFO        | CACTI output will be written to /home/juliana/venv_pytorch/share/accelergy/estimation_plug_ins/accelergy-cacti-plug-in/cacti_inputs_outputs/tmp_yq4q0en
2025-11-29 23:15:12 INFO        | CACTI executable not found at /home/juliana/venv_pytorch/share/accelergy/estimation_plug_ins/accelergy-cacti-plug-in/cacti/cacti
2025-11-29 23:15:12 INFO        | Calling: cd /home/juliana/venv_pytorch/share/accelergy/estimation_plug_ins/accelergy-cacti-plug-in ; ./cacti -infile /home/juliana/venv_pytorch/share/accelergy/estimation_plug_ins/accelergy-cacti-plug-in/cacti_inputs_outputs/tmp_w8b3bfi >> /home/juliana/venv_pytorch/share/accelergy/estimation_plug_ins/accelergy-cacti-plug-in/cacti_inputs_outputs/tmp_yq4q0en 2>&1
2025-11-29 23:15:12 INFO        | Cache bandwidth: 192.0 bytes/cycle
2025-11-29 23:15:12 INFO        | Cache bandwidth: 270215628498.97977 bits/second
2025-11-29 23:15:12 INFO        | Multiplying by n_instances 1
2025-11-29 23:15:12 INFO        
2025-11-29 23:15:12 INFO        AREA ESTIMATION for dummy_storage(width=1, depth=1, datawidth=1, technology=-1, has_power_gating=False, n_banks=2, cluster_size=1, reduction_supported=True, multiple_buffering=1, min_utilization=0, allow_overbooking=False, meshX=1, meshY=1, global_cycle_seconds=1e-09, spatial={'meshX': 32}, version=0.4, action_latency_cycles=1, cycle_seconds=1e-09, n_instances=1)
2025-11-29 23:15:12 INFO        dummy estimated 1u^2 with accuracy 100%. Messages:
2025-11-29 23:15:12 INFO        | Multiplying by n_instances 1
2025-11-29 23:15:12 INFO        
2025-11-29 23:15:12 INFO        AREA ESTIMATION for regfile(depth=1, width=24, datawidth=6, has_power_gating=False, n_banks=2, cluster_size=1, reduction_supported=True, multiple_buffering=1, min_utilization=0, allow_overbooking=False, meshX=16, meshY=1, technology=40nm, global_cycle_seconds=1e-09, spatial={'meshX': 32}, version=0.4, action_latency_cycles=1, cycle_seconds=1e-09, n_instances=1)
2025-11-29 23:15:12 INFO        Aladdin_table estimated 5.98u^2 with accuracy 70%. Messages:
2025-11-29 23:15:12 INFO        | Multiplying by n_instances 1
2025-11-29 23:15:12 INFO        
2025-11-29 23:15:12 INFO        AREA ESTIMATION for dummy_storage(width=1, depth=1, datawidth=1, technology=-1, has_power_gating=False, n_banks=2, cluster_size=1, reduction_supported=True, multiple_buffering=1, min_utilization=0, allow_overbooking=False, meshX=16, meshY=1, global_cycle_seconds=1e-09, spatial={'meshX': 32}, version=0.4, action_latency_cycles=1, cycle_seconds=1e-09, n_instances=1)
2025-11-29 23:15:12 INFO        dummy estimated 1u^2 with accuracy 100%. Messages:
2025-11-29 23:15:12 INFO        | Multiplying by n_instances 1
2025-11-29 23:15:12 INFO        
2025-11-29 23:15:12 INFO        AREA ESTIMATION for intmac(width=6, datawidth=6, has_power_gating=False, meshX=64, meshY=1, technology=40nm, global_cycle_seconds=1e-09, spatial={'meshX': 32}, version=0.4, action_latency_cycles=1, cycle_seconds=1e-09, n_instances=1)
2025-11-29 23:15:12 INFO        Aladdin_table estimated 275.3671875u^2 with accuracy 70%. Messages:
2025-11-29 23:15:12 INFO        | Multiplying by n_instances 1
2025-11-29 23:15:12 INFO        flattened architecture is saved to:
2025-11-29 23:15:12 INFO        ./timeloop-mapper.flattened_architecture.yaml
2025-11-29 23:15:12 INFO        energy reference table is saved to:
2025-11-29 23:15:12 INFO        ./timeloop-mapper.ERT.yaml
2025-11-29 23:15:12 INFO        energy reference table summary is saved to:
2025-11-29 23:15:12 INFO        ./timeloop-mapper.ERT_summary.yaml
2025-11-29 23:15:12 WARNING     no runtime energy estimations are generated... not generating energy_estimation.yaml
2025-11-29 23:15:12 INFO        area reference table is saved to:
2025-11-29 23:15:12 INFO        ./timeloop-mapper.ART.yaml
2025-11-29 23:15:12 INFO        area reference table summary is saved to:
2025-11-29 23:15:12 INFO        ./timeloop-mapper.ART_summary.yaml
