2025-12-03 16:11:41 INFO            _                _                      
2025-12-03 16:11:41 INFO           / \   ___ ___ ___| | ___ _ __ __ _ _   _ 
2025-12-03 16:11:41 INFO          / _ \ / __/ __/ _ \ |/ _ \ '__/ _` | | | |
2025-12-03 16:11:41 INFO         / ___ \ (_| (_|  __/ |  __/ | | (_| | |_| |
2025-12-03 16:11:41 INFO        /_/   \_\___\___\___|_|\___|_|  \__, |\__, |
2025-12-03 16:11:41 INFO                                        |___/ |___/ 
2025-12-03 16:11:41 INFO        generating outputs according to the following specified output flags... 
2025-12-03 16:11:41 INFO         Please use the -f flag to update the preference (default to all output files)
2025-12-03 16:11:41 INFO        {'ERT': 1, 'ERT_summary': 1, 'ART': 1, 'ART_summary': 1, 'energy_estimation': 1, 'flattened_arch': 1}
2025-12-03 16:11:41 INFO        Located config file at /home/juliana/.config/accelergy/accelergy_config.yaml.
2025-12-03 16:11:41 INFO        config file located:
2025-12-03 16:11:41 INFO        /home/juliana/.config/accelergy/accelergy_config.yaml
2025-12-03 16:11:42 INFO        Parsing file /home/juliana/Topicos-Especiais-XII/trabalho_final/timeloop/dse_pe_mac_width/outputs/4_neurons_8_macs_16_width/parsed-processed-input.yaml for architecture info
2025-12-03 16:11:42 INFO        Parsing file /home/juliana/Topicos-Especiais-XII/trabalho_final/timeloop/dse_pe_mac_width/outputs/4_neurons_8_macs_16_width/parsed-processed-input.yaml for compound_components info
2025-12-03 16:11:42 WARNING     No compound component classes specified, architecture can only contain primitive components
2025-12-03 16:11:42 INFO        Adding required action "write" to class SRAM
2025-12-03 16:11:42 INFO        Adding required action "read" to class SRAM
2025-12-03 16:11:42 INFO        Adding required action "update" to class SRAM
2025-12-03 16:11:42 INFO        Adding required action "leak" to class SRAM
2025-12-03 16:11:42 INFO        Adding required action "write" to class regfile
2025-12-03 16:11:42 INFO        Adding required action "read" to class regfile
2025-12-03 16:11:42 INFO        Adding required action "update" to class regfile
2025-12-03 16:11:42 INFO        Adding required action "leak" to class regfile
2025-12-03 16:11:42 INFO        Adding required action "compute" to class intmac
2025-12-03 16:11:42 INFO        Estimator plug-in identified by: /home/juliana/venv_pytorch/share/accelergy/estimation_plug_ins/accelergy-adc-plug-in/adc.estimator.yaml
2025-12-03 16:11:42 INFO        Estimator plug-in identified by: /home/juliana/venv_pytorch/share/accelergy/estimation_plug_ins/accelergy-table-based-plug-ins/table.estimator.yaml
2025-12-03 16:11:42 INFO        Estimator plug-in identified by: /home/juliana/venv_pytorch/share/accelergy/estimation_plug_ins/accelergy-library-plugin/library.estimator.yaml
2025-12-03 16:11:42 INFO        Estimator plug-in identified by: /home/juliana/venv_pytorch/share/accelergy/estimation_plug_ins/dummy_tables/dummy.estimator.yaml
2025-12-03 16:11:42 INFO        Estimator plug-in identified by: /home/juliana/venv_pytorch/share/accelergy/estimation_plug_ins/accelergy-neurosim-plugin/neurosim.estimator.yaml
2025-12-03 16:11:42 INFO        Estimator plug-in identified by: /home/juliana/venv_pytorch/share/accelergy/estimation_plug_ins/accelergy-aladdin-plug-in/aladdin.estimator.yaml
2025-12-03 16:11:42 INFO        Estimator plug-in identified by: /home/juliana/venv_pytorch/share/accelergy/estimation_plug_ins/accelergy-cacti-plug-in/cacti.estimator.yaml
2025-12-03 16:11:42 INFO        Loading Python plug-in: /home/juliana/venv_pytorch/share/accelergy/estimation_plug_ins/accelergy-cacti-plug-in/cacti_wrapper.py. Errors below are likely due to plug-in, not Accelergy.
2025-12-03 16:11:42 INFO        Getting all estimators in module <module 'python_plug_in0' from '/home/juliana/venv_pytorch/share/accelergy/estimation_plug_ins/accelergy-cacti-plug-in/cacti_wrapper.py'>
2025-12-03 16:11:42 INFO        Added estimator CactiCache that estimates cache with actions idle, read, read_access, update, update_access, write, write_access, leak
2025-12-03 16:11:42 INFO        Added estimator CactiDRAM that estimates ['DRAM', 'dram'] with actions idle, read, update, write, leak
2025-12-03 16:11:42 INFO        Added estimator CactiSRAM that estimates ['SRAM', 'sram'] with actions idle, read, update, write, leak
2025-12-03 16:11:42 INFO        Done loading Python plug-ins.
2025-12-03 16:11:42 INFO        Found estimator plug-in: ADC Plug-In (<ADCEstimator.ADCEstimator object at 0x766f11ca7e90>)
2025-12-03 16:11:42 INFO        Found estimator plug-in: DEPRECATED table-based-plug-ins. Use the Library plug-in instead. (<SetsOfTables.SetsOfTables object at 0x766f11e51df0>)
2025-12-03 16:11:42 INFO        Found estimator plug-in: Library (<LibraryEstimator.LibraryEstimator object at 0x766f12788a10>)
2025-12-03 16:11:42 INFO        Found estimator plug-in: dummy (<DummyTable.DummyTable object at 0x766f11e77140>)
2025-12-03 16:11:42 INFO        Found estimator plug-in: Neurosim Plug-In (<NeuroWrapper.NeuroWrapper object at 0x766f11e6e6f0>)
2025-12-03 16:11:42 INFO        Found estimator plug-in: Aladdin_table (<AladdinTable.AladdinTable object at 0x766f11d2ef60>)
2025-12-03 16:11:42 INFO        Found estimator plug-in: CactiCache (<accelergy.plug_in_interface.estimator_wrapper.EstimatorWrapper object at 0x766f11d7b1d0>)
2025-12-03 16:11:42 INFO        Found estimator plug-in: CactiDRAM (<accelergy.plug_in_interface.estimator_wrapper.EstimatorWrapper object at 0x766f11d7af00>)
2025-12-03 16:11:42 INFO        Found estimator plug-in: CactiSRAM (<accelergy.plug_in_interface.estimator_wrapper.EstimatorWrapper object at 0x766f11d2fb00>)
2025-12-03 16:11:42 INFO        
2025-12-03 16:11:42 INFO        ENERGY ESTIMATION for SRAM(depth=16384, width=1024, datawidth=16, instances=1, meshX=1, has_power_gating=False, n_banks=2, cluster_size=1, reduction_supported=True, multiple_buffering=1, min_utilization=0, allow_overbooking=False, meshY=1, technology=40nm, global_cycle_seconds=1e-09, version=0.4, action_latency_cycles=1, cycle_seconds=1e-09, n_instances=1).write(global_cycle_seconds=1e-09, action_latency_cycles=1)
2025-12-03 16:11:44 INFO        CactiSRAM estimated 1.0034984615384617e-09 with accuracy 80%. Messages:
2025-12-03 16:11:44 INFO        | Unused arguments (datawidth, instances, meshX, has_power_gating, cluster_size, reduction_supported, multiple_buffering, min_utilization, allow_overbooking, meshY, global_cycle_seconds, version, action_latency_cycles, cycle_seconds, n_instances) provided for ['SRAM', 'sram'].__init__. Arguments used: (depth, width, n_banks, technology)
2025-12-03 16:11:44 INFO        | Unused arguments (global_cycle_seconds, action_latency_cycles) provided for ['SRAM', 'sram'].write. Arguments used: ()
2025-12-03 16:11:44 INFO        | Interpolating technology between 32 and 45.
2025-12-03 16:11:44 INFO        | Calling CACTI with cache_size=2097152 n_rw_ports=1 block_size=128 tech_node_um=0.032 n_banks=2 tag_size=0 associativity=1
2025-12-03 16:11:44 INFO        | Calling CACTI with input path /home/juliana/venv_pytorch/share/accelergy/estimation_plug_ins/accelergy-cacti-plug-in/cacti_inputs_outputs/tmpqwum6bqb
2025-12-03 16:11:44 INFO        | CACTI output will be written to /home/juliana/venv_pytorch/share/accelergy/estimation_plug_ins/accelergy-cacti-plug-in/cacti_inputs_outputs/tmpnri9wz_1
2025-12-03 16:11:44 INFO        | CACTI executable not found at /home/juliana/venv_pytorch/share/accelergy/estimation_plug_ins/accelergy-cacti-plug-in/cacti/cacti
2025-12-03 16:11:44 INFO        | Calling: cd /home/juliana/venv_pytorch/share/accelergy/estimation_plug_ins/accelergy-cacti-plug-in ; ./cacti -infile /home/juliana/venv_pytorch/share/accelergy/estimation_plug_ins/accelergy-cacti-plug-in/cacti_inputs_outputs/tmpqwum6bqb >> /home/juliana/venv_pytorch/share/accelergy/estimation_plug_ins/accelergy-cacti-plug-in/cacti_inputs_outputs/tmpnri9wz_1 2>&1
2025-12-03 16:11:44 INFO        | Calling CACTI with cache_size=2097152 n_rw_ports=1 block_size=128 tech_node_um=0.045 n_banks=2 tag_size=0 associativity=1
2025-12-03 16:11:44 INFO        | Calling CACTI with input path /home/juliana/venv_pytorch/share/accelergy/estimation_plug_ins/accelergy-cacti-plug-in/cacti_inputs_outputs/tmp8gwykd1p
2025-12-03 16:11:44 INFO        | CACTI output will be written to /home/juliana/venv_pytorch/share/accelergy/estimation_plug_ins/accelergy-cacti-plug-in/cacti_inputs_outputs/tmp0bw4ps02
2025-12-03 16:11:44 INFO        | CACTI executable not found at /home/juliana/venv_pytorch/share/accelergy/estimation_plug_ins/accelergy-cacti-plug-in/cacti/cacti
2025-12-03 16:11:44 INFO        | Calling: cd /home/juliana/venv_pytorch/share/accelergy/estimation_plug_ins/accelergy-cacti-plug-in ; ./cacti -infile /home/juliana/venv_pytorch/share/accelergy/estimation_plug_ins/accelergy-cacti-plug-in/cacti_inputs_outputs/tmp8gwykd1p >> /home/juliana/venv_pytorch/share/accelergy/estimation_plug_ins/accelergy-cacti-plug-in/cacti_inputs_outputs/tmp0bw4ps02 2>&1
2025-12-03 16:11:44 INFO        | Cache bandwidth: 256.0 bytes/cycle
2025-12-03 16:11:44 INFO        | Cache bandwidth: 246824558116.45712 bits/second
2025-12-03 16:11:44 INFO        
2025-12-03 16:11:44 INFO        ENERGY ESTIMATION for SRAM(depth=16384, width=1024, datawidth=16, instances=1, meshX=1, has_power_gating=False, n_banks=2, cluster_size=1, reduction_supported=True, multiple_buffering=1, min_utilization=0, allow_overbooking=False, meshY=1, technology=40nm, global_cycle_seconds=1e-09, version=0.4, action_latency_cycles=1, cycle_seconds=1e-09, n_instances=1).read(global_cycle_seconds=1e-09, action_latency_cycles=1)
2025-12-03 16:11:46 INFO        CactiSRAM estimated 9.094907692307692e-10 with accuracy 80%. Messages:
2025-12-03 16:11:46 INFO        | Unused arguments (datawidth, instances, meshX, has_power_gating, cluster_size, reduction_supported, multiple_buffering, min_utilization, allow_overbooking, meshY, global_cycle_seconds, version, action_latency_cycles, cycle_seconds, n_instances) provided for ['SRAM', 'sram'].__init__. Arguments used: (depth, width, n_banks, technology)
2025-12-03 16:11:46 INFO        | Unused arguments (global_cycle_seconds, action_latency_cycles) provided for ['SRAM', 'sram'].read. Arguments used: ()
2025-12-03 16:11:46 INFO        | Interpolating technology between 32 and 45.
2025-12-03 16:11:46 INFO        | Calling CACTI with cache_size=2097152 n_rw_ports=1 block_size=128 tech_node_um=0.032 n_banks=2 tag_size=0 associativity=1
2025-12-03 16:11:46 INFO        | Calling CACTI with input path /home/juliana/venv_pytorch/share/accelergy/estimation_plug_ins/accelergy-cacti-plug-in/cacti_inputs_outputs/tmpr2mcu9p9
2025-12-03 16:11:46 INFO        | CACTI output will be written to /home/juliana/venv_pytorch/share/accelergy/estimation_plug_ins/accelergy-cacti-plug-in/cacti_inputs_outputs/tmpounzjzwm
2025-12-03 16:11:46 INFO        | CACTI executable not found at /home/juliana/venv_pytorch/share/accelergy/estimation_plug_ins/accelergy-cacti-plug-in/cacti/cacti
2025-12-03 16:11:46 INFO        | Calling: cd /home/juliana/venv_pytorch/share/accelergy/estimation_plug_ins/accelergy-cacti-plug-in ; ./cacti -infile /home/juliana/venv_pytorch/share/accelergy/estimation_plug_ins/accelergy-cacti-plug-in/cacti_inputs_outputs/tmpr2mcu9p9 >> /home/juliana/venv_pytorch/share/accelergy/estimation_plug_ins/accelergy-cacti-plug-in/cacti_inputs_outputs/tmpounzjzwm 2>&1
2025-12-03 16:11:46 INFO        | Calling CACTI with cache_size=2097152 n_rw_ports=1 block_size=128 tech_node_um=0.045 n_banks=2 tag_size=0 associativity=1
2025-12-03 16:11:46 INFO        | Calling CACTI with input path /home/juliana/venv_pytorch/share/accelergy/estimation_plug_ins/accelergy-cacti-plug-in/cacti_inputs_outputs/tmpek8xtkej
2025-12-03 16:11:46 INFO        | CACTI output will be written to /home/juliana/venv_pytorch/share/accelergy/estimation_plug_ins/accelergy-cacti-plug-in/cacti_inputs_outputs/tmpqik743fm
2025-12-03 16:11:46 INFO        | CACTI executable not found at /home/juliana/venv_pytorch/share/accelergy/estimation_plug_ins/accelergy-cacti-plug-in/cacti/cacti
2025-12-03 16:11:46 INFO        | Calling: cd /home/juliana/venv_pytorch/share/accelergy/estimation_plug_ins/accelergy-cacti-plug-in ; ./cacti -infile /home/juliana/venv_pytorch/share/accelergy/estimation_plug_ins/accelergy-cacti-plug-in/cacti_inputs_outputs/tmpek8xtkej >> /home/juliana/venv_pytorch/share/accelergy/estimation_plug_ins/accelergy-cacti-plug-in/cacti_inputs_outputs/tmpqik743fm 2>&1
2025-12-03 16:11:46 INFO        | Cache bandwidth: 256.0 bytes/cycle
2025-12-03 16:11:46 INFO        | Cache bandwidth: 246824558116.45712 bits/second
2025-12-03 16:11:46 INFO        
2025-12-03 16:11:46 INFO        ENERGY ESTIMATION for SRAM(depth=16384, width=1024, datawidth=16, instances=1, meshX=1, has_power_gating=False, n_banks=2, cluster_size=1, reduction_supported=True, multiple_buffering=1, min_utilization=0, allow_overbooking=False, meshY=1, technology=40nm, global_cycle_seconds=1e-09, version=0.4, action_latency_cycles=1, cycle_seconds=1e-09, n_instances=1).update(global_cycle_seconds=1e-09, action_latency_cycles=1)
2025-12-03 16:11:49 INFO        CactiSRAM estimated 1.0034984615384617e-09 with accuracy 80%. Messages:
2025-12-03 16:11:49 INFO        | Unused arguments (datawidth, instances, meshX, has_power_gating, cluster_size, reduction_supported, multiple_buffering, min_utilization, allow_overbooking, meshY, global_cycle_seconds, version, action_latency_cycles, cycle_seconds, n_instances) provided for ['SRAM', 'sram'].__init__. Arguments used: (depth, width, n_banks, technology)
2025-12-03 16:11:49 INFO        | Unused arguments (global_cycle_seconds, action_latency_cycles) provided for ['SRAM', 'sram'].update. Arguments used: ()
2025-12-03 16:11:49 INFO        | Interpolating technology between 32 and 45.
2025-12-03 16:11:49 INFO        | Calling CACTI with cache_size=2097152 n_rw_ports=1 block_size=128 tech_node_um=0.032 n_banks=2 tag_size=0 associativity=1
2025-12-03 16:11:49 INFO        | Calling CACTI with input path /home/juliana/venv_pytorch/share/accelergy/estimation_plug_ins/accelergy-cacti-plug-in/cacti_inputs_outputs/tmp65sao5tg
2025-12-03 16:11:49 INFO        | CACTI output will be written to /home/juliana/venv_pytorch/share/accelergy/estimation_plug_ins/accelergy-cacti-plug-in/cacti_inputs_outputs/tmp2hf7kxxq
2025-12-03 16:11:49 INFO        | CACTI executable not found at /home/juliana/venv_pytorch/share/accelergy/estimation_plug_ins/accelergy-cacti-plug-in/cacti/cacti
2025-12-03 16:11:49 INFO        | Calling: cd /home/juliana/venv_pytorch/share/accelergy/estimation_plug_ins/accelergy-cacti-plug-in ; ./cacti -infile /home/juliana/venv_pytorch/share/accelergy/estimation_plug_ins/accelergy-cacti-plug-in/cacti_inputs_outputs/tmp65sao5tg >> /home/juliana/venv_pytorch/share/accelergy/estimation_plug_ins/accelergy-cacti-plug-in/cacti_inputs_outputs/tmp2hf7kxxq 2>&1
2025-12-03 16:11:49 INFO        | Calling CACTI with cache_size=2097152 n_rw_ports=1 block_size=128 tech_node_um=0.045 n_banks=2 tag_size=0 associativity=1
2025-12-03 16:11:49 INFO        | Calling CACTI with input path /home/juliana/venv_pytorch/share/accelergy/estimation_plug_ins/accelergy-cacti-plug-in/cacti_inputs_outputs/tmpib_qsy90
2025-12-03 16:11:49 INFO        | CACTI output will be written to /home/juliana/venv_pytorch/share/accelergy/estimation_plug_ins/accelergy-cacti-plug-in/cacti_inputs_outputs/tmpx7642k7w
2025-12-03 16:11:49 INFO        | CACTI executable not found at /home/juliana/venv_pytorch/share/accelergy/estimation_plug_ins/accelergy-cacti-plug-in/cacti/cacti
2025-12-03 16:11:49 INFO        | Calling: cd /home/juliana/venv_pytorch/share/accelergy/estimation_plug_ins/accelergy-cacti-plug-in ; ./cacti -infile /home/juliana/venv_pytorch/share/accelergy/estimation_plug_ins/accelergy-cacti-plug-in/cacti_inputs_outputs/tmpib_qsy90 >> /home/juliana/venv_pytorch/share/accelergy/estimation_plug_ins/accelergy-cacti-plug-in/cacti_inputs_outputs/tmpx7642k7w 2>&1
2025-12-03 16:11:49 INFO        | Cache bandwidth: 256.0 bytes/cycle
2025-12-03 16:11:49 INFO        | Cache bandwidth: 246824558116.45712 bits/second
2025-12-03 16:11:49 INFO        
2025-12-03 16:11:49 INFO        ENERGY ESTIMATION for SRAM(depth=16384, width=1024, datawidth=16, instances=1, meshX=1, has_power_gating=False, n_banks=2, cluster_size=1, reduction_supported=True, multiple_buffering=1, min_utilization=0, allow_overbooking=False, meshY=1, technology=40nm, global_cycle_seconds=1e-09, version=0.4, action_latency_cycles=1, cycle_seconds=1e-09, n_instances=1).leak(global_cycle_seconds=1e-09, action_latency_cycles=1)
2025-12-03 16:11:51 INFO        CactiSRAM estimated 6.217340000000001e-14 with accuracy 80%. Messages:
2025-12-03 16:11:51 INFO        | Unused arguments (datawidth, instances, meshX, has_power_gating, cluster_size, reduction_supported, multiple_buffering, min_utilization, allow_overbooking, meshY, global_cycle_seconds, version, action_latency_cycles, cycle_seconds, n_instances) provided for ['SRAM', 'sram'].__init__. Arguments used: (depth, width, n_banks, technology)
2025-12-03 16:11:51 INFO        | Unused arguments (action_latency_cycles) provided for ['SRAM', 'sram'].leak. Arguments used: (global_cycle_seconds)
2025-12-03 16:11:51 INFO        | Interpolating technology between 32 and 45.
2025-12-03 16:11:51 INFO        | Calling CACTI with cache_size=2097152 n_rw_ports=1 block_size=128 tech_node_um=0.032 n_banks=2 tag_size=0 associativity=1
2025-12-03 16:11:51 INFO        | Calling CACTI with input path /home/juliana/venv_pytorch/share/accelergy/estimation_plug_ins/accelergy-cacti-plug-in/cacti_inputs_outputs/tmpnrpwgpkw
2025-12-03 16:11:51 INFO        | CACTI output will be written to /home/juliana/venv_pytorch/share/accelergy/estimation_plug_ins/accelergy-cacti-plug-in/cacti_inputs_outputs/tmpygq0ab82
2025-12-03 16:11:51 INFO        | CACTI executable not found at /home/juliana/venv_pytorch/share/accelergy/estimation_plug_ins/accelergy-cacti-plug-in/cacti/cacti
2025-12-03 16:11:51 INFO        | Calling: cd /home/juliana/venv_pytorch/share/accelergy/estimation_plug_ins/accelergy-cacti-plug-in ; ./cacti -infile /home/juliana/venv_pytorch/share/accelergy/estimation_plug_ins/accelergy-cacti-plug-in/cacti_inputs_outputs/tmpnrpwgpkw >> /home/juliana/venv_pytorch/share/accelergy/estimation_plug_ins/accelergy-cacti-plug-in/cacti_inputs_outputs/tmpygq0ab82 2>&1
2025-12-03 16:11:51 INFO        | Calling CACTI with cache_size=2097152 n_rw_ports=1 block_size=128 tech_node_um=0.045 n_banks=2 tag_size=0 associativity=1
2025-12-03 16:11:51 INFO        | Calling CACTI with input path /home/juliana/venv_pytorch/share/accelergy/estimation_plug_ins/accelergy-cacti-plug-in/cacti_inputs_outputs/tmpafeb1jj9
2025-12-03 16:11:51 INFO        | CACTI output will be written to /home/juliana/venv_pytorch/share/accelergy/estimation_plug_ins/accelergy-cacti-plug-in/cacti_inputs_outputs/tmptdyg1xdq
2025-12-03 16:11:51 INFO        | CACTI executable not found at /home/juliana/venv_pytorch/share/accelergy/estimation_plug_ins/accelergy-cacti-plug-in/cacti/cacti
2025-12-03 16:11:51 INFO        | Calling: cd /home/juliana/venv_pytorch/share/accelergy/estimation_plug_ins/accelergy-cacti-plug-in ; ./cacti -infile /home/juliana/venv_pytorch/share/accelergy/estimation_plug_ins/accelergy-cacti-plug-in/cacti_inputs_outputs/tmpafeb1jj9 >> /home/juliana/venv_pytorch/share/accelergy/estimation_plug_ins/accelergy-cacti-plug-in/cacti_inputs_outputs/tmptdyg1xdq 2>&1
2025-12-03 16:11:51 INFO        | Cache bandwidth: 256.0 bytes/cycle
2025-12-03 16:11:51 INFO        | Cache bandwidth: 246824558116.45712 bits/second
2025-12-03 16:11:51 INFO        | Global cycle time 1e-09 is less than the cache's random cycle time 8.29739153846154e-09
2025-12-03 16:11:51 INFO        | Multiplying by n_instances 1
2025-12-03 16:11:51 INFO        
2025-12-03 16:11:51 INFO        ENERGY ESTIMATION for regfile(depth=1, width=128, datawidth=16, has_power_gating=False, n_banks=2, cluster_size=1, reduction_supported=True, multiple_buffering=1, min_utilization=0, allow_overbooking=False, meshX=4, meshY=1, technology=40nm, global_cycle_seconds=1e-09, spatial={'meshX': 32}, version=0.4, action_latency_cycles=1, cycle_seconds=1e-09, n_instances=1).write(global_cycle_seconds=1e-09, action_latency_cycles=1)
2025-12-03 16:11:51 INFO        Aladdin_table estimated 0.009p with accuracy 70%. 
2025-12-03 16:11:51 INFO        
2025-12-03 16:11:51 INFO        ENERGY ESTIMATION for regfile(depth=1, width=128, datawidth=16, has_power_gating=False, n_banks=2, cluster_size=1, reduction_supported=True, multiple_buffering=1, min_utilization=0, allow_overbooking=False, meshX=4, meshY=1, technology=40nm, global_cycle_seconds=1e-09, spatial={'meshX': 32}, version=0.4, action_latency_cycles=1, cycle_seconds=1e-09, n_instances=1).read(global_cycle_seconds=1e-09, action_latency_cycles=1)
2025-12-03 16:11:51 INFO        Aladdin_table estimated 0.009p with accuracy 70%. 
2025-12-03 16:11:51 INFO        
2025-12-03 16:11:51 INFO        ENERGY ESTIMATION for regfile(depth=1, width=128, datawidth=16, has_power_gating=False, n_banks=2, cluster_size=1, reduction_supported=True, multiple_buffering=1, min_utilization=0, allow_overbooking=False, meshX=4, meshY=1, technology=40nm, global_cycle_seconds=1e-09, spatial={'meshX': 32}, version=0.4, action_latency_cycles=1, cycle_seconds=1e-09, n_instances=1).update(global_cycle_seconds=1e-09, action_latency_cycles=1)
2025-12-03 16:11:51 INFO        Aladdin_table estimated 0.009p with accuracy 70%. 
2025-12-03 16:11:51 INFO        
2025-12-03 16:11:51 INFO        ENERGY ESTIMATION for regfile(depth=1, width=128, datawidth=16, has_power_gating=False, n_banks=2, cluster_size=1, reduction_supported=True, multiple_buffering=1, min_utilization=0, allow_overbooking=False, meshX=4, meshY=1, technology=40nm, global_cycle_seconds=1e-09, spatial={'meshX': 32}, version=0.4, action_latency_cycles=1, cycle_seconds=1e-09, n_instances=1).leak(global_cycle_seconds=1e-09, action_latency_cycles=1)
2025-12-03 16:11:51 INFO        Aladdin_table estimated 7e-05p with accuracy 70%. Messages:
2025-12-03 16:11:51 INFO        | Multiplying by n_instances 1
2025-12-03 16:11:51 INFO        
2025-12-03 16:11:51 INFO        ENERGY ESTIMATION for intmac(width=16, datawidth=16, has_power_gating=False, meshX=32, meshY=1, technology=40nm, global_cycle_seconds=1e-09, spatial={'meshX': 32}, version=0.4, action_latency_cycles=1, cycle_seconds=1e-09, n_instances=1).compute(global_cycle_seconds=1e-09, action_latency_cycles=1)
2025-12-03 16:11:51 INFO        Aladdin_table estimated 3.275p with accuracy 70%. 
2025-12-03 16:11:51 WARNING     No action counts are specified as yaml input
2025-12-03 16:11:51 INFO        
2025-12-03 16:11:51 INFO        AREA ESTIMATION for SRAM(depth=16384, width=1024, datawidth=16, instances=1, meshX=1, has_power_gating=False, n_banks=2, cluster_size=1, reduction_supported=True, multiple_buffering=1, min_utilization=0, allow_overbooking=False, meshY=1, technology=40nm, global_cycle_seconds=1e-09, version=0.4, action_latency_cycles=1, cycle_seconds=1e-09, n_instances=1)
2025-12-03 16:11:53 INFO        CactiSRAM estimated 7.617915384615384e-06 with accuracy 80%. Messages:
2025-12-03 16:11:53 INFO        | Unused arguments (datawidth, instances, meshX, has_power_gating, cluster_size, reduction_supported, multiple_buffering, min_utilization, allow_overbooking, meshY, global_cycle_seconds, version, action_latency_cycles, cycle_seconds, n_instances) provided for ['SRAM', 'sram'].__init__. Arguments used: (depth, width, n_banks, technology)
2025-12-03 16:11:53 INFO        | Interpolating technology between 32 and 45.
2025-12-03 16:11:53 INFO        | Calling CACTI with cache_size=2097152 n_rw_ports=1 block_size=128 tech_node_um=0.032 n_banks=2 tag_size=0 associativity=1
2025-12-03 16:11:53 INFO        | Calling CACTI with input path /home/juliana/venv_pytorch/share/accelergy/estimation_plug_ins/accelergy-cacti-plug-in/cacti_inputs_outputs/tmpb6hn52ss
2025-12-03 16:11:53 INFO        | CACTI output will be written to /home/juliana/venv_pytorch/share/accelergy/estimation_plug_ins/accelergy-cacti-plug-in/cacti_inputs_outputs/tmp4opqwbjl
2025-12-03 16:11:53 INFO        | CACTI executable not found at /home/juliana/venv_pytorch/share/accelergy/estimation_plug_ins/accelergy-cacti-plug-in/cacti/cacti
2025-12-03 16:11:53 INFO        | Calling: cd /home/juliana/venv_pytorch/share/accelergy/estimation_plug_ins/accelergy-cacti-plug-in ; ./cacti -infile /home/juliana/venv_pytorch/share/accelergy/estimation_plug_ins/accelergy-cacti-plug-in/cacti_inputs_outputs/tmpb6hn52ss >> /home/juliana/venv_pytorch/share/accelergy/estimation_plug_ins/accelergy-cacti-plug-in/cacti_inputs_outputs/tmp4opqwbjl 2>&1
2025-12-03 16:11:53 INFO        | Calling CACTI with cache_size=2097152 n_rw_ports=1 block_size=128 tech_node_um=0.045 n_banks=2 tag_size=0 associativity=1
2025-12-03 16:11:53 INFO        | Calling CACTI with input path /home/juliana/venv_pytorch/share/accelergy/estimation_plug_ins/accelergy-cacti-plug-in/cacti_inputs_outputs/tmpwwdc2ebl
2025-12-03 16:11:53 INFO        | CACTI output will be written to /home/juliana/venv_pytorch/share/accelergy/estimation_plug_ins/accelergy-cacti-plug-in/cacti_inputs_outputs/tmpaslkxff8
2025-12-03 16:11:53 INFO        | CACTI executable not found at /home/juliana/venv_pytorch/share/accelergy/estimation_plug_ins/accelergy-cacti-plug-in/cacti/cacti
2025-12-03 16:11:53 INFO        | Calling: cd /home/juliana/venv_pytorch/share/accelergy/estimation_plug_ins/accelergy-cacti-plug-in ; ./cacti -infile /home/juliana/venv_pytorch/share/accelergy/estimation_plug_ins/accelergy-cacti-plug-in/cacti_inputs_outputs/tmpwwdc2ebl >> /home/juliana/venv_pytorch/share/accelergy/estimation_plug_ins/accelergy-cacti-plug-in/cacti_inputs_outputs/tmpaslkxff8 2>&1
2025-12-03 16:11:53 INFO        | Cache bandwidth: 256.0 bytes/cycle
2025-12-03 16:11:53 INFO        | Cache bandwidth: 246824558116.45712 bits/second
2025-12-03 16:11:53 INFO        | Multiplying by n_instances 1
2025-12-03 16:11:53 INFO        
2025-12-03 16:11:53 INFO        AREA ESTIMATION for dummy_storage(width=1, depth=1, datawidth=1, technology=-1, has_power_gating=False, n_banks=2, cluster_size=1, reduction_supported=True, multiple_buffering=1, min_utilization=0, allow_overbooking=False, meshX=1, meshY=1, global_cycle_seconds=1e-09, spatial={'meshX': 32}, version=0.4, action_latency_cycles=1, cycle_seconds=1e-09, n_instances=1)
2025-12-03 16:11:53 INFO        dummy estimated 1u^2 with accuracy 100%. Messages:
2025-12-03 16:11:53 INFO        | Multiplying by n_instances 1
2025-12-03 16:11:53 INFO        
2025-12-03 16:11:53 INFO        AREA ESTIMATION for regfile(depth=1, width=128, datawidth=16, has_power_gating=False, n_banks=2, cluster_size=1, reduction_supported=True, multiple_buffering=1, min_utilization=0, allow_overbooking=False, meshX=4, meshY=1, technology=40nm, global_cycle_seconds=1e-09, spatial={'meshX': 32}, version=0.4, action_latency_cycles=1, cycle_seconds=1e-09, n_instances=1)
2025-12-03 16:11:53 INFO        Aladdin_table estimated 5.98u^2 with accuracy 70%. Messages:
2025-12-03 16:11:53 INFO        | Multiplying by n_instances 1
2025-12-03 16:11:53 INFO        
2025-12-03 16:11:53 INFO        AREA ESTIMATION for dummy_storage(width=1, depth=1, datawidth=1, technology=-1, has_power_gating=False, n_banks=2, cluster_size=1, reduction_supported=True, multiple_buffering=1, min_utilization=0, allow_overbooking=False, meshX=4, meshY=1, global_cycle_seconds=1e-09, spatial={'meshX': 32}, version=0.4, action_latency_cycles=1, cycle_seconds=1e-09, n_instances=1)
2025-12-03 16:11:53 INFO        dummy estimated 1u^2 with accuracy 100%. Messages:
2025-12-03 16:11:53 INFO        | Multiplying by n_instances 1
2025-12-03 16:11:53 INFO        
2025-12-03 16:11:53 INFO        AREA ESTIMATION for intmac(width=16, datawidth=16, has_power_gating=False, meshX=32, meshY=1, technology=40nm, global_cycle_seconds=1e-09, spatial={'meshX': 32}, version=0.4, action_latency_cycles=1, cycle_seconds=1e-09, n_instances=1)
2025-12-03 16:11:53 INFO        Aladdin_table estimated 1726.5u^2 with accuracy 70%. Messages:
2025-12-03 16:11:53 INFO        | Multiplying by n_instances 1
2025-12-03 16:11:53 INFO        flattened architecture is saved to:
2025-12-03 16:11:53 INFO        ./timeloop-mapper.flattened_architecture.yaml
2025-12-03 16:11:53 INFO        energy reference table is saved to:
2025-12-03 16:11:53 INFO        ./timeloop-mapper.ERT.yaml
2025-12-03 16:11:53 INFO        energy reference table summary is saved to:
2025-12-03 16:11:53 INFO        ./timeloop-mapper.ERT_summary.yaml
2025-12-03 16:11:53 WARNING     no runtime energy estimations are generated... not generating energy_estimation.yaml
2025-12-03 16:11:53 INFO        area reference table is saved to:
2025-12-03 16:11:53 INFO        ./timeloop-mapper.ART.yaml
2025-12-03 16:11:53 INFO        area reference table summary is saved to:
2025-12-03 16:11:53 INFO        ./timeloop-mapper.ART_summary.yaml
