2025-11-29 23:13:13 INFO            _                _                      
2025-11-29 23:13:13 INFO           / \   ___ ___ ___| | ___ _ __ __ _ _   _ 
2025-11-29 23:13:13 INFO          / _ \ / __/ __/ _ \ |/ _ \ '__/ _` | | | |
2025-11-29 23:13:13 INFO         / ___ \ (_| (_|  __/ |  __/ | | (_| | |_| |
2025-11-29 23:13:13 INFO        /_/   \_\___\___\___|_|\___|_|  \__, |\__, |
2025-11-29 23:13:13 INFO                                        |___/ |___/ 
2025-11-29 23:13:13 INFO        generating outputs according to the following specified output flags... 
2025-11-29 23:13:13 INFO         Please use the -f flag to update the preference (default to all output files)
2025-11-29 23:13:13 INFO        {'ERT': 1, 'ERT_summary': 1, 'ART': 1, 'ART_summary': 1, 'energy_estimation': 1, 'flattened_arch': 1}
2025-11-29 23:13:13 INFO        Located config file at /home/juliana/.config/accelergy/accelergy_config.yaml.
2025-11-29 23:13:13 INFO        config file located:
2025-11-29 23:13:13 INFO        /home/juliana/.config/accelergy/accelergy_config.yaml
2025-11-29 23:13:13 INFO        Parsing file /home/juliana/Topicos-Especiais-XII/trabalho_final/timeloop/dse_pe_mac_width/outputs/8_neurons_4_macs_6_width/parsed-processed-input.yaml for architecture info
2025-11-29 23:13:13 INFO        Parsing file /home/juliana/Topicos-Especiais-XII/trabalho_final/timeloop/dse_pe_mac_width/outputs/8_neurons_4_macs_6_width/parsed-processed-input.yaml for compound_components info
2025-11-29 23:13:13 WARNING     No compound component classes specified, architecture can only contain primitive components
2025-11-29 23:13:13 INFO        Adding required action "read" to class SRAM
2025-11-29 23:13:13 INFO        Adding required action "write" to class SRAM
2025-11-29 23:13:13 INFO        Adding required action "leak" to class SRAM
2025-11-29 23:13:13 INFO        Adding required action "update" to class SRAM
2025-11-29 23:13:13 INFO        Adding required action "read" to class regfile
2025-11-29 23:13:13 INFO        Adding required action "write" to class regfile
2025-11-29 23:13:13 INFO        Adding required action "leak" to class regfile
2025-11-29 23:13:13 INFO        Adding required action "update" to class regfile
2025-11-29 23:13:13 INFO        Adding required action "compute" to class intmac
2025-11-29 23:13:13 INFO        Estimator plug-in identified by: /home/juliana/venv_pytorch/share/accelergy/estimation_plug_ins/accelergy-adc-plug-in/adc.estimator.yaml
2025-11-29 23:13:13 INFO        Estimator plug-in identified by: /home/juliana/venv_pytorch/share/accelergy/estimation_plug_ins/accelergy-table-based-plug-ins/table.estimator.yaml
2025-11-29 23:13:13 INFO        Estimator plug-in identified by: /home/juliana/venv_pytorch/share/accelergy/estimation_plug_ins/accelergy-library-plugin/library.estimator.yaml
2025-11-29 23:13:13 INFO        Estimator plug-in identified by: /home/juliana/venv_pytorch/share/accelergy/estimation_plug_ins/dummy_tables/dummy.estimator.yaml
2025-11-29 23:13:13 INFO        Estimator plug-in identified by: /home/juliana/venv_pytorch/share/accelergy/estimation_plug_ins/accelergy-neurosim-plugin/neurosim.estimator.yaml
2025-11-29 23:13:13 INFO        Estimator plug-in identified by: /home/juliana/venv_pytorch/share/accelergy/estimation_plug_ins/accelergy-aladdin-plug-in/aladdin.estimator.yaml
2025-11-29 23:13:13 INFO        Estimator plug-in identified by: /home/juliana/venv_pytorch/share/accelergy/estimation_plug_ins/accelergy-cacti-plug-in/cacti.estimator.yaml
2025-11-29 23:13:13 INFO        Loading Python plug-in: /home/juliana/venv_pytorch/share/accelergy/estimation_plug_ins/accelergy-cacti-plug-in/cacti_wrapper.py. Errors below are likely due to plug-in, not Accelergy.
2025-11-29 23:13:13 INFO        Getting all estimators in module <module 'python_plug_in0' from '/home/juliana/venv_pytorch/share/accelergy/estimation_plug_ins/accelergy-cacti-plug-in/cacti_wrapper.py'>
2025-11-29 23:13:13 INFO        Added estimator CactiCache that estimates cache with actions idle, read, read_access, update, update_access, write, write_access, leak
2025-11-29 23:13:13 INFO        Added estimator CactiDRAM that estimates ['DRAM', 'dram'] with actions idle, read, update, write, leak
2025-11-29 23:13:13 INFO        Added estimator CactiSRAM that estimates ['SRAM', 'sram'] with actions idle, read, update, write, leak
2025-11-29 23:13:13 INFO        Done loading Python plug-ins.
2025-11-29 23:13:13 INFO        Found estimator plug-in: ADC Plug-In (<ADCEstimator.ADCEstimator object at 0x73e4d25f8650>)
2025-11-29 23:13:13 INFO        Found estimator plug-in: DEPRECATED table-based-plug-ins. Use the Library plug-in instead. (<SetsOfTables.SetsOfTables object at 0x73e4d25fb1d0>)
2025-11-29 23:13:13 INFO        Found estimator plug-in: Library (<LibraryEstimator.LibraryEstimator object at 0x73e4d25d6c00>)
2025-11-29 23:13:13 INFO        Found estimator plug-in: dummy (<DummyTable.DummyTable object at 0x73e4d240ccb0>)
2025-11-29 23:13:13 INFO        Found estimator plug-in: Neurosim Plug-In (<NeuroWrapper.NeuroWrapper object at 0x73e4d2494b90>)
2025-11-29 23:13:13 INFO        Found estimator plug-in: Aladdin_table (<AladdinTable.AladdinTable object at 0x73e4d2495430>)
2025-11-29 23:13:13 INFO        Found estimator plug-in: CactiCache (<accelergy.plug_in_interface.estimator_wrapper.EstimatorWrapper object at 0x73e4d25f8c80>)
2025-11-29 23:13:13 INFO        Found estimator plug-in: CactiDRAM (<accelergy.plug_in_interface.estimator_wrapper.EstimatorWrapper object at 0x73e4d25f9af0>)
2025-11-29 23:13:13 INFO        Found estimator plug-in: CactiSRAM (<accelergy.plug_in_interface.estimator_wrapper.EstimatorWrapper object at 0x73e4d25d55b0>)
2025-11-29 23:13:13 INFO        
2025-11-29 23:13:13 INFO        ENERGY ESTIMATION for SRAM(depth=16384, width=384, datawidth=6, instances=1, meshX=1, has_power_gating=False, n_banks=2, cluster_size=1, reduction_supported=True, multiple_buffering=1, min_utilization=0, allow_overbooking=False, meshY=1, technology=40nm, global_cycle_seconds=1e-09, version=0.4, action_latency_cycles=1, cycle_seconds=1e-09, n_instances=1).read(global_cycle_seconds=1e-09, action_latency_cycles=1)
2025-11-29 23:13:15 INFO        CactiSRAM estimated 2.381759230769231e-10 with accuracy 80%. Messages:
2025-11-29 23:13:15 INFO        | Unused arguments (datawidth, instances, meshX, has_power_gating, cluster_size, reduction_supported, multiple_buffering, min_utilization, allow_overbooking, meshY, global_cycle_seconds, version, action_latency_cycles, cycle_seconds, n_instances) provided for ['SRAM', 'sram'].__init__. Arguments used: (depth, width, n_banks, technology)
2025-11-29 23:13:15 INFO        | Unused arguments (global_cycle_seconds, action_latency_cycles) provided for ['SRAM', 'sram'].read. Arguments used: ()
2025-11-29 23:13:15 INFO        | Interpolating technology between 32 and 45.
2025-11-29 23:13:15 INFO        | Calling CACTI with cache_size=786432 n_rw_ports=1 block_size=48 tech_node_um=0.032 n_banks=2 tag_size=0 associativity=1
2025-11-29 23:13:15 INFO        | Calling CACTI with input path /home/juliana/venv_pytorch/share/accelergy/estimation_plug_ins/accelergy-cacti-plug-in/cacti_inputs_outputs/tmpdatnj5jo
2025-11-29 23:13:15 INFO        | CACTI output will be written to /home/juliana/venv_pytorch/share/accelergy/estimation_plug_ins/accelergy-cacti-plug-in/cacti_inputs_outputs/tmp2wey4gii
2025-11-29 23:13:15 INFO        | CACTI executable not found at /home/juliana/venv_pytorch/share/accelergy/estimation_plug_ins/accelergy-cacti-plug-in/cacti/cacti
2025-11-29 23:13:15 INFO        | Calling: cd /home/juliana/venv_pytorch/share/accelergy/estimation_plug_ins/accelergy-cacti-plug-in ; ./cacti -infile /home/juliana/venv_pytorch/share/accelergy/estimation_plug_ins/accelergy-cacti-plug-in/cacti_inputs_outputs/tmpdatnj5jo >> /home/juliana/venv_pytorch/share/accelergy/estimation_plug_ins/accelergy-cacti-plug-in/cacti_inputs_outputs/tmp2wey4gii 2>&1
2025-11-29 23:13:15 INFO        | Calling CACTI with cache_size=786432 n_rw_ports=1 block_size=48 tech_node_um=0.045 n_banks=2 tag_size=0 associativity=1
2025-11-29 23:13:15 INFO        | Calling CACTI with input path /home/juliana/venv_pytorch/share/accelergy/estimation_plug_ins/accelergy-cacti-plug-in/cacti_inputs_outputs/tmpt1rh98r7
2025-11-29 23:13:15 INFO        | CACTI output will be written to /home/juliana/venv_pytorch/share/accelergy/estimation_plug_ins/accelergy-cacti-plug-in/cacti_inputs_outputs/tmpwbm4ah4n
2025-11-29 23:13:15 INFO        | CACTI executable not found at /home/juliana/venv_pytorch/share/accelergy/estimation_plug_ins/accelergy-cacti-plug-in/cacti/cacti
2025-11-29 23:13:15 INFO        | Calling: cd /home/juliana/venv_pytorch/share/accelergy/estimation_plug_ins/accelergy-cacti-plug-in ; ./cacti -infile /home/juliana/venv_pytorch/share/accelergy/estimation_plug_ins/accelergy-cacti-plug-in/cacti_inputs_outputs/tmpt1rh98r7 >> /home/juliana/venv_pytorch/share/accelergy/estimation_plug_ins/accelergy-cacti-plug-in/cacti_inputs_outputs/tmpwbm4ah4n 2>&1
2025-11-29 23:13:15 INFO        | Cache bandwidth: 96.0 bytes/cycle
2025-11-29 23:13:15 INFO        | Cache bandwidth: 147201013422.36163 bits/second
2025-11-29 23:13:15 INFO        
2025-11-29 23:13:15 INFO        ENERGY ESTIMATION for SRAM(depth=16384, width=384, datawidth=6, instances=1, meshX=1, has_power_gating=False, n_banks=2, cluster_size=1, reduction_supported=True, multiple_buffering=1, min_utilization=0, allow_overbooking=False, meshY=1, technology=40nm, global_cycle_seconds=1e-09, version=0.4, action_latency_cycles=1, cycle_seconds=1e-09, n_instances=1).write(global_cycle_seconds=1e-09, action_latency_cycles=1)
2025-11-29 23:13:18 INFO        CactiSRAM estimated 2.286563076923077e-10 with accuracy 80%. Messages:
2025-11-29 23:13:18 INFO        | Unused arguments (datawidth, instances, meshX, has_power_gating, cluster_size, reduction_supported, multiple_buffering, min_utilization, allow_overbooking, meshY, global_cycle_seconds, version, action_latency_cycles, cycle_seconds, n_instances) provided for ['SRAM', 'sram'].__init__. Arguments used: (depth, width, n_banks, technology)
2025-11-29 23:13:18 INFO        | Unused arguments (global_cycle_seconds, action_latency_cycles) provided for ['SRAM', 'sram'].write. Arguments used: ()
2025-11-29 23:13:18 INFO        | Interpolating technology between 32 and 45.
2025-11-29 23:13:18 INFO        | Calling CACTI with cache_size=786432 n_rw_ports=1 block_size=48 tech_node_um=0.032 n_banks=2 tag_size=0 associativity=1
2025-11-29 23:13:18 INFO        | Calling CACTI with input path /home/juliana/venv_pytorch/share/accelergy/estimation_plug_ins/accelergy-cacti-plug-in/cacti_inputs_outputs/tmpp5cbaabt
2025-11-29 23:13:18 INFO        | CACTI output will be written to /home/juliana/venv_pytorch/share/accelergy/estimation_plug_ins/accelergy-cacti-plug-in/cacti_inputs_outputs/tmpzzwldepd
2025-11-29 23:13:18 INFO        | CACTI executable not found at /home/juliana/venv_pytorch/share/accelergy/estimation_plug_ins/accelergy-cacti-plug-in/cacti/cacti
2025-11-29 23:13:18 INFO        | Calling: cd /home/juliana/venv_pytorch/share/accelergy/estimation_plug_ins/accelergy-cacti-plug-in ; ./cacti -infile /home/juliana/venv_pytorch/share/accelergy/estimation_plug_ins/accelergy-cacti-plug-in/cacti_inputs_outputs/tmpp5cbaabt >> /home/juliana/venv_pytorch/share/accelergy/estimation_plug_ins/accelergy-cacti-plug-in/cacti_inputs_outputs/tmpzzwldepd 2>&1
2025-11-29 23:13:18 INFO        | Calling CACTI with cache_size=786432 n_rw_ports=1 block_size=48 tech_node_um=0.045 n_banks=2 tag_size=0 associativity=1
2025-11-29 23:13:18 INFO        | Calling CACTI with input path /home/juliana/venv_pytorch/share/accelergy/estimation_plug_ins/accelergy-cacti-plug-in/cacti_inputs_outputs/tmpkvcpae9x
2025-11-29 23:13:18 INFO        | CACTI output will be written to /home/juliana/venv_pytorch/share/accelergy/estimation_plug_ins/accelergy-cacti-plug-in/cacti_inputs_outputs/tmp0yfffmse
2025-11-29 23:13:18 INFO        | CACTI executable not found at /home/juliana/venv_pytorch/share/accelergy/estimation_plug_ins/accelergy-cacti-plug-in/cacti/cacti
2025-11-29 23:13:18 INFO        | Calling: cd /home/juliana/venv_pytorch/share/accelergy/estimation_plug_ins/accelergy-cacti-plug-in ; ./cacti -infile /home/juliana/venv_pytorch/share/accelergy/estimation_plug_ins/accelergy-cacti-plug-in/cacti_inputs_outputs/tmpkvcpae9x >> /home/juliana/venv_pytorch/share/accelergy/estimation_plug_ins/accelergy-cacti-plug-in/cacti_inputs_outputs/tmp0yfffmse 2>&1
2025-11-29 23:13:18 INFO        | Cache bandwidth: 96.0 bytes/cycle
2025-11-29 23:13:18 INFO        | Cache bandwidth: 147201013422.36163 bits/second
2025-11-29 23:13:18 INFO        
2025-11-29 23:13:18 INFO        ENERGY ESTIMATION for SRAM(depth=16384, width=384, datawidth=6, instances=1, meshX=1, has_power_gating=False, n_banks=2, cluster_size=1, reduction_supported=True, multiple_buffering=1, min_utilization=0, allow_overbooking=False, meshY=1, technology=40nm, global_cycle_seconds=1e-09, version=0.4, action_latency_cycles=1, cycle_seconds=1e-09, n_instances=1).leak(global_cycle_seconds=1e-09, action_latency_cycles=1)
2025-11-29 23:13:20 INFO        CactiSRAM estimated 2.3314486153846157e-14 with accuracy 80%. Messages:
2025-11-29 23:13:20 INFO        | Unused arguments (datawidth, instances, meshX, has_power_gating, cluster_size, reduction_supported, multiple_buffering, min_utilization, allow_overbooking, meshY, global_cycle_seconds, version, action_latency_cycles, cycle_seconds, n_instances) provided for ['SRAM', 'sram'].__init__. Arguments used: (depth, width, n_banks, technology)
2025-11-29 23:13:20 INFO        | Unused arguments (action_latency_cycles) provided for ['SRAM', 'sram'].leak. Arguments used: (global_cycle_seconds)
2025-11-29 23:13:20 INFO        | Interpolating technology between 32 and 45.
2025-11-29 23:13:20 INFO        | Calling CACTI with cache_size=786432 n_rw_ports=1 block_size=48 tech_node_um=0.032 n_banks=2 tag_size=0 associativity=1
2025-11-29 23:13:20 INFO        | Calling CACTI with input path /home/juliana/venv_pytorch/share/accelergy/estimation_plug_ins/accelergy-cacti-plug-in/cacti_inputs_outputs/tmpnd1go4pt
2025-11-29 23:13:20 INFO        | CACTI output will be written to /home/juliana/venv_pytorch/share/accelergy/estimation_plug_ins/accelergy-cacti-plug-in/cacti_inputs_outputs/tmpisdf5fte
2025-11-29 23:13:20 INFO        | CACTI executable not found at /home/juliana/venv_pytorch/share/accelergy/estimation_plug_ins/accelergy-cacti-plug-in/cacti/cacti
2025-11-29 23:13:20 INFO        | Calling: cd /home/juliana/venv_pytorch/share/accelergy/estimation_plug_ins/accelergy-cacti-plug-in ; ./cacti -infile /home/juliana/venv_pytorch/share/accelergy/estimation_plug_ins/accelergy-cacti-plug-in/cacti_inputs_outputs/tmpnd1go4pt >> /home/juliana/venv_pytorch/share/accelergy/estimation_plug_ins/accelergy-cacti-plug-in/cacti_inputs_outputs/tmpisdf5fte 2>&1
2025-11-29 23:13:20 INFO        | Calling CACTI with cache_size=786432 n_rw_ports=1 block_size=48 tech_node_um=0.045 n_banks=2 tag_size=0 associativity=1
2025-11-29 23:13:20 INFO        | Calling CACTI with input path /home/juliana/venv_pytorch/share/accelergy/estimation_plug_ins/accelergy-cacti-plug-in/cacti_inputs_outputs/tmp85nz3gox
2025-11-29 23:13:20 INFO        | CACTI output will be written to /home/juliana/venv_pytorch/share/accelergy/estimation_plug_ins/accelergy-cacti-plug-in/cacti_inputs_outputs/tmppdtt1njm
2025-11-29 23:13:20 INFO        | CACTI executable not found at /home/juliana/venv_pytorch/share/accelergy/estimation_plug_ins/accelergy-cacti-plug-in/cacti/cacti
2025-11-29 23:13:20 INFO        | Calling: cd /home/juliana/venv_pytorch/share/accelergy/estimation_plug_ins/accelergy-cacti-plug-in ; ./cacti -infile /home/juliana/venv_pytorch/share/accelergy/estimation_plug_ins/accelergy-cacti-plug-in/cacti_inputs_outputs/tmp85nz3gox >> /home/juliana/venv_pytorch/share/accelergy/estimation_plug_ins/accelergy-cacti-plug-in/cacti_inputs_outputs/tmppdtt1njm 2>&1
2025-11-29 23:13:20 INFO        | Cache bandwidth: 96.0 bytes/cycle
2025-11-29 23:13:20 INFO        | Cache bandwidth: 147201013422.36163 bits/second
2025-11-29 23:13:20 INFO        | Global cycle time 1e-09 is less than the cache's random cycle time 5.217355384615385e-09
2025-11-29 23:13:20 INFO        | Multiplying by n_instances 1
2025-11-29 23:13:20 INFO        
2025-11-29 23:13:20 INFO        ENERGY ESTIMATION for SRAM(depth=16384, width=384, datawidth=6, instances=1, meshX=1, has_power_gating=False, n_banks=2, cluster_size=1, reduction_supported=True, multiple_buffering=1, min_utilization=0, allow_overbooking=False, meshY=1, technology=40nm, global_cycle_seconds=1e-09, version=0.4, action_latency_cycles=1, cycle_seconds=1e-09, n_instances=1).update(global_cycle_seconds=1e-09, action_latency_cycles=1)
2025-11-29 23:13:22 INFO        CactiSRAM estimated 2.286563076923077e-10 with accuracy 80%. Messages:
2025-11-29 23:13:22 INFO        | Unused arguments (datawidth, instances, meshX, has_power_gating, cluster_size, reduction_supported, multiple_buffering, min_utilization, allow_overbooking, meshY, global_cycle_seconds, version, action_latency_cycles, cycle_seconds, n_instances) provided for ['SRAM', 'sram'].__init__. Arguments used: (depth, width, n_banks, technology)
2025-11-29 23:13:22 INFO        | Unused arguments (global_cycle_seconds, action_latency_cycles) provided for ['SRAM', 'sram'].update. Arguments used: ()
2025-11-29 23:13:22 INFO        | Interpolating technology between 32 and 45.
2025-11-29 23:13:22 INFO        | Calling CACTI with cache_size=786432 n_rw_ports=1 block_size=48 tech_node_um=0.032 n_banks=2 tag_size=0 associativity=1
2025-11-29 23:13:22 INFO        | Calling CACTI with input path /home/juliana/venv_pytorch/share/accelergy/estimation_plug_ins/accelergy-cacti-plug-in/cacti_inputs_outputs/tmpym5vcox9
2025-11-29 23:13:22 INFO        | CACTI output will be written to /home/juliana/venv_pytorch/share/accelergy/estimation_plug_ins/accelergy-cacti-plug-in/cacti_inputs_outputs/tmp7ki14kwu
2025-11-29 23:13:22 INFO        | CACTI executable not found at /home/juliana/venv_pytorch/share/accelergy/estimation_plug_ins/accelergy-cacti-plug-in/cacti/cacti
2025-11-29 23:13:22 INFO        | Calling: cd /home/juliana/venv_pytorch/share/accelergy/estimation_plug_ins/accelergy-cacti-plug-in ; ./cacti -infile /home/juliana/venv_pytorch/share/accelergy/estimation_plug_ins/accelergy-cacti-plug-in/cacti_inputs_outputs/tmpym5vcox9 >> /home/juliana/venv_pytorch/share/accelergy/estimation_plug_ins/accelergy-cacti-plug-in/cacti_inputs_outputs/tmp7ki14kwu 2>&1
2025-11-29 23:13:22 INFO        | Calling CACTI with cache_size=786432 n_rw_ports=1 block_size=48 tech_node_um=0.045 n_banks=2 tag_size=0 associativity=1
2025-11-29 23:13:22 INFO        | Calling CACTI with input path /home/juliana/venv_pytorch/share/accelergy/estimation_plug_ins/accelergy-cacti-plug-in/cacti_inputs_outputs/tmp9svu0x6b
2025-11-29 23:13:22 INFO        | CACTI output will be written to /home/juliana/venv_pytorch/share/accelergy/estimation_plug_ins/accelergy-cacti-plug-in/cacti_inputs_outputs/tmpiu3sq65a
2025-11-29 23:13:22 INFO        | CACTI executable not found at /home/juliana/venv_pytorch/share/accelergy/estimation_plug_ins/accelergy-cacti-plug-in/cacti/cacti
2025-11-29 23:13:22 INFO        | Calling: cd /home/juliana/venv_pytorch/share/accelergy/estimation_plug_ins/accelergy-cacti-plug-in ; ./cacti -infile /home/juliana/venv_pytorch/share/accelergy/estimation_plug_ins/accelergy-cacti-plug-in/cacti_inputs_outputs/tmp9svu0x6b >> /home/juliana/venv_pytorch/share/accelergy/estimation_plug_ins/accelergy-cacti-plug-in/cacti_inputs_outputs/tmpiu3sq65a 2>&1
2025-11-29 23:13:22 INFO        | Cache bandwidth: 96.0 bytes/cycle
2025-11-29 23:13:22 INFO        | Cache bandwidth: 147201013422.36163 bits/second
2025-11-29 23:13:22 INFO        
2025-11-29 23:13:22 INFO        ENERGY ESTIMATION for regfile(depth=1, width=24, datawidth=6, has_power_gating=False, n_banks=2, cluster_size=1, reduction_supported=True, multiple_buffering=1, min_utilization=0, allow_overbooking=False, meshX=8, meshY=1, technology=40nm, global_cycle_seconds=1e-09, spatial={'meshX': 32}, version=0.4, action_latency_cycles=1, cycle_seconds=1e-09, n_instances=1).read(global_cycle_seconds=1e-09, action_latency_cycles=1)
2025-11-29 23:13:22 INFO        Aladdin_table estimated 0.009p with accuracy 70%. 
2025-11-29 23:13:22 INFO        
2025-11-29 23:13:22 INFO        ENERGY ESTIMATION for regfile(depth=1, width=24, datawidth=6, has_power_gating=False, n_banks=2, cluster_size=1, reduction_supported=True, multiple_buffering=1, min_utilization=0, allow_overbooking=False, meshX=8, meshY=1, technology=40nm, global_cycle_seconds=1e-09, spatial={'meshX': 32}, version=0.4, action_latency_cycles=1, cycle_seconds=1e-09, n_instances=1).write(global_cycle_seconds=1e-09, action_latency_cycles=1)
2025-11-29 23:13:22 INFO        Aladdin_table estimated 0.009p with accuracy 70%. 
2025-11-29 23:13:22 INFO        
2025-11-29 23:13:22 INFO        ENERGY ESTIMATION for regfile(depth=1, width=24, datawidth=6, has_power_gating=False, n_banks=2, cluster_size=1, reduction_supported=True, multiple_buffering=1, min_utilization=0, allow_overbooking=False, meshX=8, meshY=1, technology=40nm, global_cycle_seconds=1e-09, spatial={'meshX': 32}, version=0.4, action_latency_cycles=1, cycle_seconds=1e-09, n_instances=1).leak(global_cycle_seconds=1e-09, action_latency_cycles=1)
2025-11-29 23:13:22 INFO        Aladdin_table estimated 7e-05p with accuracy 70%. Messages:
2025-11-29 23:13:22 INFO        | Multiplying by n_instances 1
2025-11-29 23:13:22 INFO        
2025-11-29 23:13:22 INFO        ENERGY ESTIMATION for regfile(depth=1, width=24, datawidth=6, has_power_gating=False, n_banks=2, cluster_size=1, reduction_supported=True, multiple_buffering=1, min_utilization=0, allow_overbooking=False, meshX=8, meshY=1, technology=40nm, global_cycle_seconds=1e-09, spatial={'meshX': 32}, version=0.4, action_latency_cycles=1, cycle_seconds=1e-09, n_instances=1).update(global_cycle_seconds=1e-09, action_latency_cycles=1)
2025-11-29 23:13:22 INFO        Aladdin_table estimated 0.009p with accuracy 70%. 
2025-11-29 23:13:22 INFO        
2025-11-29 23:13:22 INFO        ENERGY ESTIMATION for intmac(width=6, datawidth=6, has_power_gating=False, meshX=32, meshY=1, technology=40nm, global_cycle_seconds=1e-09, spatial={'meshX': 32}, version=0.4, action_latency_cycles=1, cycle_seconds=1e-09, n_instances=1).compute(global_cycle_seconds=1e-09, action_latency_cycles=1)
2025-11-29 23:13:22 INFO        Aladdin_table estimated 0.48515625p with accuracy 70%. 
2025-11-29 23:13:22 WARNING     No action counts are specified as yaml input
2025-11-29 23:13:22 INFO        
2025-11-29 23:13:22 INFO        AREA ESTIMATION for SRAM(depth=16384, width=384, datawidth=6, instances=1, meshX=1, has_power_gating=False, n_banks=2, cluster_size=1, reduction_supported=True, multiple_buffering=1, min_utilization=0, allow_overbooking=False, meshY=1, technology=40nm, global_cycle_seconds=1e-09, version=0.4, action_latency_cycles=1, cycle_seconds=1e-09, n_instances=1)
2025-11-29 23:13:24 INFO        CactiSRAM estimated 2.3879784615384618e-06 with accuracy 80%. Messages:
2025-11-29 23:13:24 INFO        | Unused arguments (datawidth, instances, meshX, has_power_gating, cluster_size, reduction_supported, multiple_buffering, min_utilization, allow_overbooking, meshY, global_cycle_seconds, version, action_latency_cycles, cycle_seconds, n_instances) provided for ['SRAM', 'sram'].__init__. Arguments used: (depth, width, n_banks, technology)
2025-11-29 23:13:24 INFO        | Interpolating technology between 32 and 45.
2025-11-29 23:13:24 INFO        | Calling CACTI with cache_size=786432 n_rw_ports=1 block_size=48 tech_node_um=0.032 n_banks=2 tag_size=0 associativity=1
2025-11-29 23:13:24 INFO        | Calling CACTI with input path /home/juliana/venv_pytorch/share/accelergy/estimation_plug_ins/accelergy-cacti-plug-in/cacti_inputs_outputs/tmpgdiipnuh
2025-11-29 23:13:24 INFO        | CACTI output will be written to /home/juliana/venv_pytorch/share/accelergy/estimation_plug_ins/accelergy-cacti-plug-in/cacti_inputs_outputs/tmpo9397j3z
2025-11-29 23:13:24 INFO        | CACTI executable not found at /home/juliana/venv_pytorch/share/accelergy/estimation_plug_ins/accelergy-cacti-plug-in/cacti/cacti
2025-11-29 23:13:24 INFO        | Calling: cd /home/juliana/venv_pytorch/share/accelergy/estimation_plug_ins/accelergy-cacti-plug-in ; ./cacti -infile /home/juliana/venv_pytorch/share/accelergy/estimation_plug_ins/accelergy-cacti-plug-in/cacti_inputs_outputs/tmpgdiipnuh >> /home/juliana/venv_pytorch/share/accelergy/estimation_plug_ins/accelergy-cacti-plug-in/cacti_inputs_outputs/tmpo9397j3z 2>&1
2025-11-29 23:13:24 INFO        | Calling CACTI with cache_size=786432 n_rw_ports=1 block_size=48 tech_node_um=0.045 n_banks=2 tag_size=0 associativity=1
2025-11-29 23:13:24 INFO        | Calling CACTI with input path /home/juliana/venv_pytorch/share/accelergy/estimation_plug_ins/accelergy-cacti-plug-in/cacti_inputs_outputs/tmpq80lo__l
2025-11-29 23:13:24 INFO        | CACTI output will be written to /home/juliana/venv_pytorch/share/accelergy/estimation_plug_ins/accelergy-cacti-plug-in/cacti_inputs_outputs/tmpqz1mgg15
2025-11-29 23:13:24 INFO        | CACTI executable not found at /home/juliana/venv_pytorch/share/accelergy/estimation_plug_ins/accelergy-cacti-plug-in/cacti/cacti
2025-11-29 23:13:24 INFO        | Calling: cd /home/juliana/venv_pytorch/share/accelergy/estimation_plug_ins/accelergy-cacti-plug-in ; ./cacti -infile /home/juliana/venv_pytorch/share/accelergy/estimation_plug_ins/accelergy-cacti-plug-in/cacti_inputs_outputs/tmpq80lo__l >> /home/juliana/venv_pytorch/share/accelergy/estimation_plug_ins/accelergy-cacti-plug-in/cacti_inputs_outputs/tmpqz1mgg15 2>&1
2025-11-29 23:13:24 INFO        | Cache bandwidth: 96.0 bytes/cycle
2025-11-29 23:13:24 INFO        | Cache bandwidth: 147201013422.36163 bits/second
2025-11-29 23:13:24 INFO        | Multiplying by n_instances 1
2025-11-29 23:13:24 INFO        
2025-11-29 23:13:24 INFO        AREA ESTIMATION for dummy_storage(width=1, depth=1, datawidth=1, technology=-1, has_power_gating=False, n_banks=2, cluster_size=1, reduction_supported=True, multiple_buffering=1, min_utilization=0, allow_overbooking=False, meshX=1, meshY=1, global_cycle_seconds=1e-09, spatial={'meshX': 32}, version=0.4, action_latency_cycles=1, cycle_seconds=1e-09, n_instances=1)
2025-11-29 23:13:24 INFO        dummy estimated 1u^2 with accuracy 100%. Messages:
2025-11-29 23:13:24 INFO        | Multiplying by n_instances 1
2025-11-29 23:13:24 INFO        
2025-11-29 23:13:24 INFO        AREA ESTIMATION for regfile(depth=1, width=24, datawidth=6, has_power_gating=False, n_banks=2, cluster_size=1, reduction_supported=True, multiple_buffering=1, min_utilization=0, allow_overbooking=False, meshX=8, meshY=1, technology=40nm, global_cycle_seconds=1e-09, spatial={'meshX': 32}, version=0.4, action_latency_cycles=1, cycle_seconds=1e-09, n_instances=1)
2025-11-29 23:13:24 INFO        Aladdin_table estimated 5.98u^2 with accuracy 70%. Messages:
2025-11-29 23:13:24 INFO        | Multiplying by n_instances 1
2025-11-29 23:13:24 INFO        
2025-11-29 23:13:24 INFO        AREA ESTIMATION for dummy_storage(width=1, depth=1, datawidth=1, technology=-1, has_power_gating=False, n_banks=2, cluster_size=1, reduction_supported=True, multiple_buffering=1, min_utilization=0, allow_overbooking=False, meshX=8, meshY=1, global_cycle_seconds=1e-09, spatial={'meshX': 32}, version=0.4, action_latency_cycles=1, cycle_seconds=1e-09, n_instances=1)
2025-11-29 23:13:24 INFO        dummy estimated 1u^2 with accuracy 100%. Messages:
2025-11-29 23:13:24 INFO        | Multiplying by n_instances 1
2025-11-29 23:13:24 INFO        
2025-11-29 23:13:24 INFO        AREA ESTIMATION for intmac(width=6, datawidth=6, has_power_gating=False, meshX=32, meshY=1, technology=40nm, global_cycle_seconds=1e-09, spatial={'meshX': 32}, version=0.4, action_latency_cycles=1, cycle_seconds=1e-09, n_instances=1)
2025-11-29 23:13:24 INFO        Aladdin_table estimated 275.3671875u^2 with accuracy 70%. Messages:
2025-11-29 23:13:24 INFO        | Multiplying by n_instances 1
2025-11-29 23:13:24 INFO        flattened architecture is saved to:
2025-11-29 23:13:24 INFO        ./timeloop-mapper.flattened_architecture.yaml
2025-11-29 23:13:24 INFO        energy reference table is saved to:
2025-11-29 23:13:24 INFO        ./timeloop-mapper.ERT.yaml
2025-11-29 23:13:24 INFO        energy reference table summary is saved to:
2025-11-29 23:13:24 INFO        ./timeloop-mapper.ERT_summary.yaml
2025-11-29 23:13:24 WARNING     no runtime energy estimations are generated... not generating energy_estimation.yaml
2025-11-29 23:13:24 INFO        area reference table is saved to:
2025-11-29 23:13:24 INFO        ./timeloop-mapper.ART.yaml
2025-11-29 23:13:24 INFO        area reference table summary is saved to:
2025-11-29 23:13:24 INFO        ./timeloop-mapper.ART_summary.yaml
