2025-11-29 23:08:31 INFO            _                _                      
2025-11-29 23:08:31 INFO           / \   ___ ___ ___| | ___ _ __ __ _ _   _ 
2025-11-29 23:08:31 INFO          / _ \ / __/ __/ _ \ |/ _ \ '__/ _` | | | |
2025-11-29 23:08:31 INFO         / ___ \ (_| (_|  __/ |  __/ | | (_| | |_| |
2025-11-29 23:08:31 INFO        /_/   \_\___\___\___|_|\___|_|  \__, |\__, |
2025-11-29 23:08:31 INFO                                        |___/ |___/ 
2025-11-29 23:08:31 INFO        generating outputs according to the following specified output flags... 
2025-11-29 23:08:31 INFO         Please use the -f flag to update the preference (default to all output files)
2025-11-29 23:08:31 INFO        {'ERT': 1, 'ERT_summary': 1, 'ART': 1, 'ART_summary': 1, 'energy_estimation': 1, 'flattened_arch': 1}
2025-11-29 23:08:31 INFO        Located config file at /home/juliana/.config/accelergy/accelergy_config.yaml.
2025-11-29 23:08:31 INFO        config file located:
2025-11-29 23:08:31 INFO        /home/juliana/.config/accelergy/accelergy_config.yaml
2025-11-29 23:08:31 INFO        Parsing file /home/juliana/Topicos-Especiais-XII/trabalho_final/timeloop/dse_pe_mac_width/outputs/1_neurons_2_macs_6_width/parsed-processed-input.yaml for architecture info
2025-11-29 23:08:31 INFO        Parsing file /home/juliana/Topicos-Especiais-XII/trabalho_final/timeloop/dse_pe_mac_width/outputs/1_neurons_2_macs_6_width/parsed-processed-input.yaml for compound_components info
2025-11-29 23:08:31 WARNING     No compound component classes specified, architecture can only contain primitive components
2025-11-29 23:08:31 INFO        Adding required action "read" to class SRAM
2025-11-29 23:08:31 INFO        Adding required action "write" to class SRAM
2025-11-29 23:08:31 INFO        Adding required action "leak" to class SRAM
2025-11-29 23:08:31 INFO        Adding required action "update" to class SRAM
2025-11-29 23:08:31 INFO        Adding required action "read" to class regfile
2025-11-29 23:08:31 INFO        Adding required action "write" to class regfile
2025-11-29 23:08:31 INFO        Adding required action "leak" to class regfile
2025-11-29 23:08:31 INFO        Adding required action "update" to class regfile
2025-11-29 23:08:31 INFO        Adding required action "compute" to class intmac
2025-11-29 23:08:31 INFO        Estimator plug-in identified by: /home/juliana/venv_pytorch/share/accelergy/estimation_plug_ins/accelergy-adc-plug-in/adc.estimator.yaml
2025-11-29 23:08:31 INFO        Estimator plug-in identified by: /home/juliana/venv_pytorch/share/accelergy/estimation_plug_ins/accelergy-table-based-plug-ins/table.estimator.yaml
2025-11-29 23:08:31 INFO        Estimator plug-in identified by: /home/juliana/venv_pytorch/share/accelergy/estimation_plug_ins/accelergy-library-plugin/library.estimator.yaml
2025-11-29 23:08:31 INFO        Estimator plug-in identified by: /home/juliana/venv_pytorch/share/accelergy/estimation_plug_ins/dummy_tables/dummy.estimator.yaml
2025-11-29 23:08:31 INFO        Estimator plug-in identified by: /home/juliana/venv_pytorch/share/accelergy/estimation_plug_ins/accelergy-neurosim-plugin/neurosim.estimator.yaml
2025-11-29 23:08:31 INFO        Estimator plug-in identified by: /home/juliana/venv_pytorch/share/accelergy/estimation_plug_ins/accelergy-aladdin-plug-in/aladdin.estimator.yaml
2025-11-29 23:08:31 INFO        Estimator plug-in identified by: /home/juliana/venv_pytorch/share/accelergy/estimation_plug_ins/accelergy-cacti-plug-in/cacti.estimator.yaml
2025-11-29 23:08:31 INFO        Loading Python plug-in: /home/juliana/venv_pytorch/share/accelergy/estimation_plug_ins/accelergy-cacti-plug-in/cacti_wrapper.py. Errors below are likely due to plug-in, not Accelergy.
2025-11-29 23:08:31 INFO        Getting all estimators in module <module 'python_plug_in0' from '/home/juliana/venv_pytorch/share/accelergy/estimation_plug_ins/accelergy-cacti-plug-in/cacti_wrapper.py'>
2025-11-29 23:08:31 INFO        Added estimator CactiCache that estimates cache with actions idle, read, read_access, update, update_access, write, write_access, leak
2025-11-29 23:08:31 INFO        Added estimator CactiDRAM that estimates ['DRAM', 'dram'] with actions idle, read, update, write, leak
2025-11-29 23:08:31 INFO        Added estimator CactiSRAM that estimates ['SRAM', 'sram'] with actions idle, read, update, write, leak
2025-11-29 23:08:31 INFO        Done loading Python plug-ins.
2025-11-29 23:08:31 INFO        Found estimator plug-in: ADC Plug-In (<ADCEstimator.ADCEstimator object at 0x7ae5c2eab650>)
2025-11-29 23:08:31 INFO        Found estimator plug-in: DEPRECATED table-based-plug-ins. Use the Library plug-in instead. (<SetsOfTables.SetsOfTables object at 0x7ae5c3063f20>)
2025-11-29 23:08:31 INFO        Found estimator plug-in: Library (<LibraryEstimator.LibraryEstimator object at 0x7ae5c3075e50>)
2025-11-29 23:08:31 INFO        Found estimator plug-in: dummy (<DummyTable.DummyTable object at 0x7ae5c303f350>)
2025-11-29 23:08:31 INFO        Found estimator plug-in: Neurosim Plug-In (<NeuroWrapper.NeuroWrapper object at 0x7ae5c3063a10>)
2025-11-29 23:08:31 INFO        Found estimator plug-in: Aladdin_table (<AladdinTable.AladdinTable object at 0x7ae5c2f30c20>)
2025-11-29 23:08:31 INFO        Found estimator plug-in: CactiCache (<accelergy.plug_in_interface.estimator_wrapper.EstimatorWrapper object at 0x7ae5c3075af0>)
2025-11-29 23:08:31 INFO        Found estimator plug-in: CactiDRAM (<accelergy.plug_in_interface.estimator_wrapper.EstimatorWrapper object at 0x7ae5c3089a00>)
2025-11-29 23:08:31 INFO        Found estimator plug-in: CactiSRAM (<accelergy.plug_in_interface.estimator_wrapper.EstimatorWrapper object at 0x7ae5c2f73fe0>)
2025-11-29 23:08:31 INFO        
2025-11-29 23:08:31 INFO        ENERGY ESTIMATION for SRAM(depth=16384, width=24, datawidth=6, instances=1, meshX=1, has_power_gating=False, n_banks=2, cluster_size=1, reduction_supported=True, multiple_buffering=1, min_utilization=0, allow_overbooking=False, meshY=1, technology=40nm, global_cycle_seconds=1e-09, version=0.4, action_latency_cycles=1, cycle_seconds=1e-09, n_instances=1).read(global_cycle_seconds=1e-09, action_latency_cycles=1)
2025-11-29 23:08:32 INFO        CactiSRAM estimated 1.3716967211538461e-11 with accuracy 80%. Messages:
2025-11-29 23:08:32 INFO        | Unused arguments (datawidth, instances, meshX, has_power_gating, cluster_size, reduction_supported, multiple_buffering, min_utilization, allow_overbooking, meshY, global_cycle_seconds, version, action_latency_cycles, cycle_seconds, n_instances) provided for ['SRAM', 'sram'].__init__. Arguments used: (depth, width, n_banks, technology)
2025-11-29 23:08:32 INFO        | Unused arguments (global_cycle_seconds, action_latency_cycles) provided for ['SRAM', 'sram'].read. Arguments used: ()
2025-11-29 23:08:32 INFO        | Interpolating technology between 32 and 45.
2025-11-29 23:08:32 INFO        | Calling CACTI with cache_size=65536 n_rw_ports=1 block_size=4 tech_node_um=0.032 n_banks=2 tag_size=0 associativity=1
2025-11-29 23:08:32 INFO        | Calling CACTI with input path /home/juliana/venv_pytorch/share/accelergy/estimation_plug_ins/accelergy-cacti-plug-in/cacti_inputs_outputs/tmpo8pgc24n
2025-11-29 23:08:32 INFO        | CACTI output will be written to /home/juliana/venv_pytorch/share/accelergy/estimation_plug_ins/accelergy-cacti-plug-in/cacti_inputs_outputs/tmphieau4ny
2025-11-29 23:08:32 INFO        | CACTI executable not found at /home/juliana/venv_pytorch/share/accelergy/estimation_plug_ins/accelergy-cacti-plug-in/cacti/cacti
2025-11-29 23:08:32 INFO        | Calling: cd /home/juliana/venv_pytorch/share/accelergy/estimation_plug_ins/accelergy-cacti-plug-in ; ./cacti -infile /home/juliana/venv_pytorch/share/accelergy/estimation_plug_ins/accelergy-cacti-plug-in/cacti_inputs_outputs/tmpo8pgc24n >> /home/juliana/venv_pytorch/share/accelergy/estimation_plug_ins/accelergy-cacti-plug-in/cacti_inputs_outputs/tmphieau4ny 2>&1
2025-11-29 23:08:32 INFO        | Calling CACTI with cache_size=65536 n_rw_ports=1 block_size=4 tech_node_um=0.045 n_banks=2 tag_size=0 associativity=1
2025-11-29 23:08:32 INFO        | Calling CACTI with input path /home/juliana/venv_pytorch/share/accelergy/estimation_plug_ins/accelergy-cacti-plug-in/cacti_inputs_outputs/tmpgej7cn5v
2025-11-29 23:08:32 INFO        | CACTI output will be written to /home/juliana/venv_pytorch/share/accelergy/estimation_plug_ins/accelergy-cacti-plug-in/cacti_inputs_outputs/tmp3dlfwp2e
2025-11-29 23:08:32 INFO        | CACTI executable not found at /home/juliana/venv_pytorch/share/accelergy/estimation_plug_ins/accelergy-cacti-plug-in/cacti/cacti
2025-11-29 23:08:32 INFO        | Calling: cd /home/juliana/venv_pytorch/share/accelergy/estimation_plug_ins/accelergy-cacti-plug-in ; ./cacti -infile /home/juliana/venv_pytorch/share/accelergy/estimation_plug_ins/accelergy-cacti-plug-in/cacti_inputs_outputs/tmpgej7cn5v >> /home/juliana/venv_pytorch/share/accelergy/estimation_plug_ins/accelergy-cacti-plug-in/cacti_inputs_outputs/tmp3dlfwp2e 2>&1
2025-11-29 23:08:32 INFO        | Cache bandwidth: 6.0 bytes/cycle
2025-11-29 23:08:32 INFO        | Cache bandwidth: 32535246517.060146 bits/second
2025-11-29 23:08:32 INFO        
2025-11-29 23:08:32 INFO        ENERGY ESTIMATION for SRAM(depth=16384, width=24, datawidth=6, instances=1, meshX=1, has_power_gating=False, n_banks=2, cluster_size=1, reduction_supported=True, multiple_buffering=1, min_utilization=0, allow_overbooking=False, meshY=1, technology=40nm, global_cycle_seconds=1e-09, version=0.4, action_latency_cycles=1, cycle_seconds=1e-09, n_instances=1).write(global_cycle_seconds=1e-09, action_latency_cycles=1)
2025-11-29 23:08:33 INFO        CactiSRAM estimated 8.584718365384615e-12 with accuracy 80%. Messages:
2025-11-29 23:08:33 INFO        | Unused arguments (datawidth, instances, meshX, has_power_gating, cluster_size, reduction_supported, multiple_buffering, min_utilization, allow_overbooking, meshY, global_cycle_seconds, version, action_latency_cycles, cycle_seconds, n_instances) provided for ['SRAM', 'sram'].__init__. Arguments used: (depth, width, n_banks, technology)
2025-11-29 23:08:33 INFO        | Unused arguments (global_cycle_seconds, action_latency_cycles) provided for ['SRAM', 'sram'].write. Arguments used: ()
2025-11-29 23:08:33 INFO        | Interpolating technology between 32 and 45.
2025-11-29 23:08:33 INFO        | Calling CACTI with cache_size=65536 n_rw_ports=1 block_size=4 tech_node_um=0.032 n_banks=2 tag_size=0 associativity=1
2025-11-29 23:08:33 INFO        | Calling CACTI with input path /home/juliana/venv_pytorch/share/accelergy/estimation_plug_ins/accelergy-cacti-plug-in/cacti_inputs_outputs/tmprvme98_5
2025-11-29 23:08:33 INFO        | CACTI output will be written to /home/juliana/venv_pytorch/share/accelergy/estimation_plug_ins/accelergy-cacti-plug-in/cacti_inputs_outputs/tmpajmw3hn_
2025-11-29 23:08:33 INFO        | CACTI executable not found at /home/juliana/venv_pytorch/share/accelergy/estimation_plug_ins/accelergy-cacti-plug-in/cacti/cacti
2025-11-29 23:08:33 INFO        | Calling: cd /home/juliana/venv_pytorch/share/accelergy/estimation_plug_ins/accelergy-cacti-plug-in ; ./cacti -infile /home/juliana/venv_pytorch/share/accelergy/estimation_plug_ins/accelergy-cacti-plug-in/cacti_inputs_outputs/tmprvme98_5 >> /home/juliana/venv_pytorch/share/accelergy/estimation_plug_ins/accelergy-cacti-plug-in/cacti_inputs_outputs/tmpajmw3hn_ 2>&1
2025-11-29 23:08:33 INFO        | Calling CACTI with cache_size=65536 n_rw_ports=1 block_size=4 tech_node_um=0.045 n_banks=2 tag_size=0 associativity=1
2025-11-29 23:08:33 INFO        | Calling CACTI with input path /home/juliana/venv_pytorch/share/accelergy/estimation_plug_ins/accelergy-cacti-plug-in/cacti_inputs_outputs/tmpgnvyobr4
2025-11-29 23:08:33 INFO        | CACTI output will be written to /home/juliana/venv_pytorch/share/accelergy/estimation_plug_ins/accelergy-cacti-plug-in/cacti_inputs_outputs/tmprbo7_3fp
2025-11-29 23:08:33 INFO        | CACTI executable not found at /home/juliana/venv_pytorch/share/accelergy/estimation_plug_ins/accelergy-cacti-plug-in/cacti/cacti
2025-11-29 23:08:33 INFO        | Calling: cd /home/juliana/venv_pytorch/share/accelergy/estimation_plug_ins/accelergy-cacti-plug-in ; ./cacti -infile /home/juliana/venv_pytorch/share/accelergy/estimation_plug_ins/accelergy-cacti-plug-in/cacti_inputs_outputs/tmpgnvyobr4 >> /home/juliana/venv_pytorch/share/accelergy/estimation_plug_ins/accelergy-cacti-plug-in/cacti_inputs_outputs/tmprbo7_3fp 2>&1
2025-11-29 23:08:33 INFO        | Cache bandwidth: 6.0 bytes/cycle
2025-11-29 23:08:33 INFO        | Cache bandwidth: 32535246517.060146 bits/second
2025-11-29 23:08:33 INFO        
2025-11-29 23:08:33 INFO        ENERGY ESTIMATION for SRAM(depth=16384, width=24, datawidth=6, instances=1, meshX=1, has_power_gating=False, n_banks=2, cluster_size=1, reduction_supported=True, multiple_buffering=1, min_utilization=0, allow_overbooking=False, meshY=1, technology=40nm, global_cycle_seconds=1e-09, version=0.4, action_latency_cycles=1, cycle_seconds=1e-09, n_instances=1).leak(global_cycle_seconds=1e-09, action_latency_cycles=1)
2025-11-29 23:08:34 INFO        CactiSRAM estimated 1.6202455384615387e-15 with accuracy 80%. Messages:
2025-11-29 23:08:34 INFO        | Unused arguments (datawidth, instances, meshX, has_power_gating, cluster_size, reduction_supported, multiple_buffering, min_utilization, allow_overbooking, meshY, global_cycle_seconds, version, action_latency_cycles, cycle_seconds, n_instances) provided for ['SRAM', 'sram'].__init__. Arguments used: (depth, width, n_banks, technology)
2025-11-29 23:08:34 INFO        | Unused arguments (action_latency_cycles) provided for ['SRAM', 'sram'].leak. Arguments used: (global_cycle_seconds)
2025-11-29 23:08:34 INFO        | Interpolating technology between 32 and 45.
2025-11-29 23:08:34 INFO        | Calling CACTI with cache_size=65536 n_rw_ports=1 block_size=4 tech_node_um=0.032 n_banks=2 tag_size=0 associativity=1
2025-11-29 23:08:34 INFO        | Calling CACTI with input path /home/juliana/venv_pytorch/share/accelergy/estimation_plug_ins/accelergy-cacti-plug-in/cacti_inputs_outputs/tmpn6mso226
2025-11-29 23:08:34 INFO        | CACTI output will be written to /home/juliana/venv_pytorch/share/accelergy/estimation_plug_ins/accelergy-cacti-plug-in/cacti_inputs_outputs/tmprq8t34jm
2025-11-29 23:08:34 INFO        | CACTI executable not found at /home/juliana/venv_pytorch/share/accelergy/estimation_plug_ins/accelergy-cacti-plug-in/cacti/cacti
2025-11-29 23:08:34 INFO        | Calling: cd /home/juliana/venv_pytorch/share/accelergy/estimation_plug_ins/accelergy-cacti-plug-in ; ./cacti -infile /home/juliana/venv_pytorch/share/accelergy/estimation_plug_ins/accelergy-cacti-plug-in/cacti_inputs_outputs/tmpn6mso226 >> /home/juliana/venv_pytorch/share/accelergy/estimation_plug_ins/accelergy-cacti-plug-in/cacti_inputs_outputs/tmprq8t34jm 2>&1
2025-11-29 23:08:34 INFO        | Calling CACTI with cache_size=65536 n_rw_ports=1 block_size=4 tech_node_um=0.045 n_banks=2 tag_size=0 associativity=1
2025-11-29 23:08:34 INFO        | Calling CACTI with input path /home/juliana/venv_pytorch/share/accelergy/estimation_plug_ins/accelergy-cacti-plug-in/cacti_inputs_outputs/tmpmmdhyr1v
2025-11-29 23:08:34 INFO        | CACTI output will be written to /home/juliana/venv_pytorch/share/accelergy/estimation_plug_ins/accelergy-cacti-plug-in/cacti_inputs_outputs/tmpoiqgmc95
2025-11-29 23:08:34 INFO        | CACTI executable not found at /home/juliana/venv_pytorch/share/accelergy/estimation_plug_ins/accelergy-cacti-plug-in/cacti/cacti
2025-11-29 23:08:34 INFO        | Calling: cd /home/juliana/venv_pytorch/share/accelergy/estimation_plug_ins/accelergy-cacti-plug-in ; ./cacti -infile /home/juliana/venv_pytorch/share/accelergy/estimation_plug_ins/accelergy-cacti-plug-in/cacti_inputs_outputs/tmpmmdhyr1v >> /home/juliana/venv_pytorch/share/accelergy/estimation_plug_ins/accelergy-cacti-plug-in/cacti_inputs_outputs/tmpoiqgmc95 2>&1
2025-11-29 23:08:34 INFO        | Cache bandwidth: 6.0 bytes/cycle
2025-11-29 23:08:34 INFO        | Cache bandwidth: 32535246517.060146 bits/second
2025-11-29 23:08:34 INFO        | Global cycle time 1e-09 is less than the cache's random cycle time 1.475323076923077e-09
2025-11-29 23:08:34 INFO        | Multiplying by n_instances 1
2025-11-29 23:08:34 INFO        
2025-11-29 23:08:34 INFO        ENERGY ESTIMATION for SRAM(depth=16384, width=24, datawidth=6, instances=1, meshX=1, has_power_gating=False, n_banks=2, cluster_size=1, reduction_supported=True, multiple_buffering=1, min_utilization=0, allow_overbooking=False, meshY=1, technology=40nm, global_cycle_seconds=1e-09, version=0.4, action_latency_cycles=1, cycle_seconds=1e-09, n_instances=1).update(global_cycle_seconds=1e-09, action_latency_cycles=1)
2025-11-29 23:08:35 INFO        CactiSRAM estimated 8.584718365384615e-12 with accuracy 80%. Messages:
2025-11-29 23:08:35 INFO        | Unused arguments (datawidth, instances, meshX, has_power_gating, cluster_size, reduction_supported, multiple_buffering, min_utilization, allow_overbooking, meshY, global_cycle_seconds, version, action_latency_cycles, cycle_seconds, n_instances) provided for ['SRAM', 'sram'].__init__. Arguments used: (depth, width, n_banks, technology)
2025-11-29 23:08:35 INFO        | Unused arguments (global_cycle_seconds, action_latency_cycles) provided for ['SRAM', 'sram'].update. Arguments used: ()
2025-11-29 23:08:35 INFO        | Interpolating technology between 32 and 45.
2025-11-29 23:08:35 INFO        | Calling CACTI with cache_size=65536 n_rw_ports=1 block_size=4 tech_node_um=0.032 n_banks=2 tag_size=0 associativity=1
2025-11-29 23:08:35 INFO        | Calling CACTI with input path /home/juliana/venv_pytorch/share/accelergy/estimation_plug_ins/accelergy-cacti-plug-in/cacti_inputs_outputs/tmpdlv5o61b
2025-11-29 23:08:35 INFO        | CACTI output will be written to /home/juliana/venv_pytorch/share/accelergy/estimation_plug_ins/accelergy-cacti-plug-in/cacti_inputs_outputs/tmpxcb66zbx
2025-11-29 23:08:35 INFO        | CACTI executable not found at /home/juliana/venv_pytorch/share/accelergy/estimation_plug_ins/accelergy-cacti-plug-in/cacti/cacti
2025-11-29 23:08:35 INFO        | Calling: cd /home/juliana/venv_pytorch/share/accelergy/estimation_plug_ins/accelergy-cacti-plug-in ; ./cacti -infile /home/juliana/venv_pytorch/share/accelergy/estimation_plug_ins/accelergy-cacti-plug-in/cacti_inputs_outputs/tmpdlv5o61b >> /home/juliana/venv_pytorch/share/accelergy/estimation_plug_ins/accelergy-cacti-plug-in/cacti_inputs_outputs/tmpxcb66zbx 2>&1
2025-11-29 23:08:35 INFO        | Calling CACTI with cache_size=65536 n_rw_ports=1 block_size=4 tech_node_um=0.045 n_banks=2 tag_size=0 associativity=1
2025-11-29 23:08:35 INFO        | Calling CACTI with input path /home/juliana/venv_pytorch/share/accelergy/estimation_plug_ins/accelergy-cacti-plug-in/cacti_inputs_outputs/tmp13a3vlf9
2025-11-29 23:08:35 INFO        | CACTI output will be written to /home/juliana/venv_pytorch/share/accelergy/estimation_plug_ins/accelergy-cacti-plug-in/cacti_inputs_outputs/tmpy47g1h8y
2025-11-29 23:08:35 INFO        | CACTI executable not found at /home/juliana/venv_pytorch/share/accelergy/estimation_plug_ins/accelergy-cacti-plug-in/cacti/cacti
2025-11-29 23:08:35 INFO        | Calling: cd /home/juliana/venv_pytorch/share/accelergy/estimation_plug_ins/accelergy-cacti-plug-in ; ./cacti -infile /home/juliana/venv_pytorch/share/accelergy/estimation_plug_ins/accelergy-cacti-plug-in/cacti_inputs_outputs/tmp13a3vlf9 >> /home/juliana/venv_pytorch/share/accelergy/estimation_plug_ins/accelergy-cacti-plug-in/cacti_inputs_outputs/tmpy47g1h8y 2>&1
2025-11-29 23:08:35 INFO        | Cache bandwidth: 6.0 bytes/cycle
2025-11-29 23:08:35 INFO        | Cache bandwidth: 32535246517.060146 bits/second
2025-11-29 23:08:35 INFO        
2025-11-29 23:08:35 INFO        ENERGY ESTIMATION for regfile(depth=1, width=12, datawidth=6, has_power_gating=False, n_banks=2, cluster_size=1, reduction_supported=True, multiple_buffering=1, min_utilization=0, allow_overbooking=False, meshX=1, meshY=1, technology=40nm, global_cycle_seconds=1e-09, spatial={'meshX': 32}, version=0.4, action_latency_cycles=1, cycle_seconds=1e-09, n_instances=1).read(global_cycle_seconds=1e-09, action_latency_cycles=1)
2025-11-29 23:08:35 INFO        Aladdin_table estimated 0.009p with accuracy 70%. 
2025-11-29 23:08:35 INFO        
2025-11-29 23:08:35 INFO        ENERGY ESTIMATION for regfile(depth=1, width=12, datawidth=6, has_power_gating=False, n_banks=2, cluster_size=1, reduction_supported=True, multiple_buffering=1, min_utilization=0, allow_overbooking=False, meshX=1, meshY=1, technology=40nm, global_cycle_seconds=1e-09, spatial={'meshX': 32}, version=0.4, action_latency_cycles=1, cycle_seconds=1e-09, n_instances=1).write(global_cycle_seconds=1e-09, action_latency_cycles=1)
2025-11-29 23:08:35 INFO        Aladdin_table estimated 0.009p with accuracy 70%. 
2025-11-29 23:08:35 INFO        
2025-11-29 23:08:35 INFO        ENERGY ESTIMATION for regfile(depth=1, width=12, datawidth=6, has_power_gating=False, n_banks=2, cluster_size=1, reduction_supported=True, multiple_buffering=1, min_utilization=0, allow_overbooking=False, meshX=1, meshY=1, technology=40nm, global_cycle_seconds=1e-09, spatial={'meshX': 32}, version=0.4, action_latency_cycles=1, cycle_seconds=1e-09, n_instances=1).leak(global_cycle_seconds=1e-09, action_latency_cycles=1)
2025-11-29 23:08:35 INFO        Aladdin_table estimated 7e-05p with accuracy 70%. Messages:
2025-11-29 23:08:35 INFO        | Multiplying by n_instances 1
2025-11-29 23:08:35 INFO        
2025-11-29 23:08:35 INFO        ENERGY ESTIMATION for regfile(depth=1, width=12, datawidth=6, has_power_gating=False, n_banks=2, cluster_size=1, reduction_supported=True, multiple_buffering=1, min_utilization=0, allow_overbooking=False, meshX=1, meshY=1, technology=40nm, global_cycle_seconds=1e-09, spatial={'meshX': 32}, version=0.4, action_latency_cycles=1, cycle_seconds=1e-09, n_instances=1).update(global_cycle_seconds=1e-09, action_latency_cycles=1)
2025-11-29 23:08:35 INFO        Aladdin_table estimated 0.009p with accuracy 70%. 
2025-11-29 23:08:35 INFO        
2025-11-29 23:08:35 INFO        ENERGY ESTIMATION for intmac(width=6, datawidth=6, has_power_gating=False, meshX=2, meshY=1, technology=40nm, global_cycle_seconds=1e-09, spatial={'meshX': 32}, version=0.4, action_latency_cycles=1, cycle_seconds=1e-09, n_instances=1).compute(global_cycle_seconds=1e-09, action_latency_cycles=1)
2025-11-29 23:08:35 INFO        Aladdin_table estimated 0.48515625p with accuracy 70%. 
2025-11-29 23:08:35 WARNING     No action counts are specified as yaml input
2025-11-29 23:08:35 INFO        
2025-11-29 23:08:35 INFO        AREA ESTIMATION for SRAM(depth=16384, width=24, datawidth=6, instances=1, meshX=1, has_power_gating=False, n_banks=2, cluster_size=1, reduction_supported=True, multiple_buffering=1, min_utilization=0, allow_overbooking=False, meshY=1, technology=40nm, global_cycle_seconds=1e-09, version=0.4, action_latency_cycles=1, cycle_seconds=1e-09, n_instances=1)
2025-11-29 23:08:36 INFO        CactiSRAM estimated 1.2903398076923077e-07 with accuracy 80%. Messages:
2025-11-29 23:08:36 INFO        | Unused arguments (datawidth, instances, meshX, has_power_gating, cluster_size, reduction_supported, multiple_buffering, min_utilization, allow_overbooking, meshY, global_cycle_seconds, version, action_latency_cycles, cycle_seconds, n_instances) provided for ['SRAM', 'sram'].__init__. Arguments used: (depth, width, n_banks, technology)
2025-11-29 23:08:36 INFO        | Interpolating technology between 32 and 45.
2025-11-29 23:08:36 INFO        | Calling CACTI with cache_size=65536 n_rw_ports=1 block_size=4 tech_node_um=0.032 n_banks=2 tag_size=0 associativity=1
2025-11-29 23:08:36 INFO        | Calling CACTI with input path /home/juliana/venv_pytorch/share/accelergy/estimation_plug_ins/accelergy-cacti-plug-in/cacti_inputs_outputs/tmpk2go0piy
2025-11-29 23:08:36 INFO        | CACTI output will be written to /home/juliana/venv_pytorch/share/accelergy/estimation_plug_ins/accelergy-cacti-plug-in/cacti_inputs_outputs/tmp_ozr6yep
2025-11-29 23:08:36 INFO        | CACTI executable not found at /home/juliana/venv_pytorch/share/accelergy/estimation_plug_ins/accelergy-cacti-plug-in/cacti/cacti
2025-11-29 23:08:36 INFO        | Calling: cd /home/juliana/venv_pytorch/share/accelergy/estimation_plug_ins/accelergy-cacti-plug-in ; ./cacti -infile /home/juliana/venv_pytorch/share/accelergy/estimation_plug_ins/accelergy-cacti-plug-in/cacti_inputs_outputs/tmpk2go0piy >> /home/juliana/venv_pytorch/share/accelergy/estimation_plug_ins/accelergy-cacti-plug-in/cacti_inputs_outputs/tmp_ozr6yep 2>&1
2025-11-29 23:08:36 INFO        | Calling CACTI with cache_size=65536 n_rw_ports=1 block_size=4 tech_node_um=0.045 n_banks=2 tag_size=0 associativity=1
2025-11-29 23:08:36 INFO        | Calling CACTI with input path /home/juliana/venv_pytorch/share/accelergy/estimation_plug_ins/accelergy-cacti-plug-in/cacti_inputs_outputs/tmpw1bxn4jz
2025-11-29 23:08:36 INFO        | CACTI output will be written to /home/juliana/venv_pytorch/share/accelergy/estimation_plug_ins/accelergy-cacti-plug-in/cacti_inputs_outputs/tmp1f5792ax
2025-11-29 23:08:36 INFO        | CACTI executable not found at /home/juliana/venv_pytorch/share/accelergy/estimation_plug_ins/accelergy-cacti-plug-in/cacti/cacti
2025-11-29 23:08:36 INFO        | Calling: cd /home/juliana/venv_pytorch/share/accelergy/estimation_plug_ins/accelergy-cacti-plug-in ; ./cacti -infile /home/juliana/venv_pytorch/share/accelergy/estimation_plug_ins/accelergy-cacti-plug-in/cacti_inputs_outputs/tmpw1bxn4jz >> /home/juliana/venv_pytorch/share/accelergy/estimation_plug_ins/accelergy-cacti-plug-in/cacti_inputs_outputs/tmp1f5792ax 2>&1
2025-11-29 23:08:36 INFO        | Cache bandwidth: 6.0 bytes/cycle
2025-11-29 23:08:36 INFO        | Cache bandwidth: 32535246517.060146 bits/second
2025-11-29 23:08:36 INFO        | Multiplying by n_instances 1
2025-11-29 23:08:36 INFO        
2025-11-29 23:08:36 INFO        AREA ESTIMATION for regfile(depth=1, width=12, datawidth=6, has_power_gating=False, n_banks=2, cluster_size=1, reduction_supported=True, multiple_buffering=1, min_utilization=0, allow_overbooking=False, meshX=1, meshY=1, technology=40nm, global_cycle_seconds=1e-09, spatial={'meshX': 32}, version=0.4, action_latency_cycles=1, cycle_seconds=1e-09, n_instances=1)
2025-11-29 23:08:36 INFO        Aladdin_table estimated 5.98u^2 with accuracy 70%. Messages:
2025-11-29 23:08:36 INFO        | Multiplying by n_instances 1
2025-11-29 23:08:36 INFO        
2025-11-29 23:08:36 INFO        AREA ESTIMATION for dummy_storage(width=1, depth=1, datawidth=1, technology=-1, has_power_gating=False, n_banks=2, cluster_size=1, reduction_supported=True, multiple_buffering=1, min_utilization=0, allow_overbooking=False, meshX=1, meshY=1, global_cycle_seconds=1e-09, spatial={'meshX': 32}, version=0.4, action_latency_cycles=1, cycle_seconds=1e-09, n_instances=1)
2025-11-29 23:08:36 INFO        dummy estimated 1u^2 with accuracy 100%. Messages:
2025-11-29 23:08:36 INFO        | Multiplying by n_instances 1
2025-11-29 23:08:36 INFO        
2025-11-29 23:08:36 INFO        AREA ESTIMATION for intmac(width=6, datawidth=6, has_power_gating=False, meshX=2, meshY=1, technology=40nm, global_cycle_seconds=1e-09, spatial={'meshX': 32}, version=0.4, action_latency_cycles=1, cycle_seconds=1e-09, n_instances=1)
2025-11-29 23:08:36 INFO        Aladdin_table estimated 275.3671875u^2 with accuracy 70%. Messages:
2025-11-29 23:08:36 INFO        | Multiplying by n_instances 1
2025-11-29 23:08:37 INFO        flattened architecture is saved to:
2025-11-29 23:08:37 INFO        ./timeloop-mapper.flattened_architecture.yaml
2025-11-29 23:08:37 INFO        energy reference table is saved to:
2025-11-29 23:08:37 INFO        ./timeloop-mapper.ERT.yaml
2025-11-29 23:08:37 INFO        energy reference table summary is saved to:
2025-11-29 23:08:37 INFO        ./timeloop-mapper.ERT_summary.yaml
2025-11-29 23:08:37 WARNING     no runtime energy estimations are generated... not generating energy_estimation.yaml
2025-11-29 23:08:37 INFO        area reference table is saved to:
2025-11-29 23:08:37 INFO        ./timeloop-mapper.ART.yaml
2025-11-29 23:08:37 INFO        area reference table summary is saved to:
2025-11-29 23:08:37 INFO        ./timeloop-mapper.ART_summary.yaml
