2025-12-03 16:09:03 INFO            _                _                      
2025-12-03 16:09:03 INFO           / \   ___ ___ ___| | ___ _ __ __ _ _   _ 
2025-12-03 16:09:03 INFO          / _ \ / __/ __/ _ \ |/ _ \ '__/ _` | | | |
2025-12-03 16:09:03 INFO         / ___ \ (_| (_|  __/ |  __/ | | (_| | |_| |
2025-12-03 16:09:03 INFO        /_/   \_\___\___\___|_|\___|_|  \__, |\__, |
2025-12-03 16:09:03 INFO                                        |___/ |___/ 
2025-12-03 16:09:03 INFO        generating outputs according to the following specified output flags... 
2025-12-03 16:09:03 INFO         Please use the -f flag to update the preference (default to all output files)
2025-12-03 16:09:03 INFO        {'ERT': 1, 'ERT_summary': 1, 'ART': 1, 'ART_summary': 1, 'energy_estimation': 1, 'flattened_arch': 1}
2025-12-03 16:09:03 INFO        Located config file at /home/juliana/.config/accelergy/accelergy_config.yaml.
2025-12-03 16:09:03 INFO        config file located:
2025-12-03 16:09:03 INFO        /home/juliana/.config/accelergy/accelergy_config.yaml
2025-12-03 16:09:03 INFO        Parsing file /home/juliana/Topicos-Especiais-XII/trabalho_final/timeloop/dse_pe_mac_width/outputs/1_neurons_8_macs_8_width/parsed-processed-input.yaml for architecture info
2025-12-03 16:09:03 INFO        Parsing file /home/juliana/Topicos-Especiais-XII/trabalho_final/timeloop/dse_pe_mac_width/outputs/1_neurons_8_macs_8_width/parsed-processed-input.yaml for compound_components info
2025-12-03 16:09:03 WARNING     No compound component classes specified, architecture can only contain primitive components
2025-12-03 16:09:03 INFO        Adding required action "write" to class SRAM
2025-12-03 16:09:03 INFO        Adding required action "read" to class SRAM
2025-12-03 16:09:03 INFO        Adding required action "update" to class SRAM
2025-12-03 16:09:03 INFO        Adding required action "leak" to class SRAM
2025-12-03 16:09:03 INFO        Adding required action "write" to class regfile
2025-12-03 16:09:03 INFO        Adding required action "read" to class regfile
2025-12-03 16:09:03 INFO        Adding required action "update" to class regfile
2025-12-03 16:09:03 INFO        Adding required action "leak" to class regfile
2025-12-03 16:09:03 INFO        Adding required action "compute" to class intmac
2025-12-03 16:09:03 INFO        Estimator plug-in identified by: /home/juliana/venv_pytorch/share/accelergy/estimation_plug_ins/accelergy-adc-plug-in/adc.estimator.yaml
2025-12-03 16:09:03 INFO        Estimator plug-in identified by: /home/juliana/venv_pytorch/share/accelergy/estimation_plug_ins/accelergy-table-based-plug-ins/table.estimator.yaml
2025-12-03 16:09:03 INFO        Estimator plug-in identified by: /home/juliana/venv_pytorch/share/accelergy/estimation_plug_ins/accelergy-library-plugin/library.estimator.yaml
2025-12-03 16:09:03 INFO        Estimator plug-in identified by: /home/juliana/venv_pytorch/share/accelergy/estimation_plug_ins/dummy_tables/dummy.estimator.yaml
2025-12-03 16:09:03 INFO        Estimator plug-in identified by: /home/juliana/venv_pytorch/share/accelergy/estimation_plug_ins/accelergy-neurosim-plugin/neurosim.estimator.yaml
2025-12-03 16:09:03 INFO        Estimator plug-in identified by: /home/juliana/venv_pytorch/share/accelergy/estimation_plug_ins/accelergy-aladdin-plug-in/aladdin.estimator.yaml
2025-12-03 16:09:03 INFO        Estimator plug-in identified by: /home/juliana/venv_pytorch/share/accelergy/estimation_plug_ins/accelergy-cacti-plug-in/cacti.estimator.yaml
2025-12-03 16:09:03 INFO        Loading Python plug-in: /home/juliana/venv_pytorch/share/accelergy/estimation_plug_ins/accelergy-cacti-plug-in/cacti_wrapper.py. Errors below are likely due to plug-in, not Accelergy.
2025-12-03 16:09:03 INFO        Getting all estimators in module <module 'python_plug_in0' from '/home/juliana/venv_pytorch/share/accelergy/estimation_plug_ins/accelergy-cacti-plug-in/cacti_wrapper.py'>
2025-12-03 16:09:03 INFO        Added estimator CactiCache that estimates cache with actions idle, read, read_access, update, update_access, write, write_access, leak
2025-12-03 16:09:03 INFO        Added estimator CactiDRAM that estimates ['DRAM', 'dram'] with actions idle, read, update, write, leak
2025-12-03 16:09:03 INFO        Added estimator CactiSRAM that estimates ['SRAM', 'sram'] with actions idle, read, update, write, leak
2025-12-03 16:09:03 INFO        Done loading Python plug-ins.
2025-12-03 16:09:03 INFO        Found estimator plug-in: ADC Plug-In (<ADCEstimator.ADCEstimator object at 0x75a8c386c9b0>)
2025-12-03 16:09:03 INFO        Found estimator plug-in: DEPRECATED table-based-plug-ins. Use the Library plug-in instead. (<SetsOfTables.SetsOfTables object at 0x75a8c36a3350>)
2025-12-03 16:09:03 INFO        Found estimator plug-in: Library (<LibraryEstimator.LibraryEstimator object at 0x75a8c36a5790>)
2025-12-03 16:09:03 INFO        Found estimator plug-in: dummy (<DummyTable.DummyTable object at 0x75a8c3853080>)
2025-12-03 16:09:03 INFO        Found estimator plug-in: Neurosim Plug-In (<NeuroWrapper.NeuroWrapper object at 0x75a8c371fb00>)
2025-12-03 16:09:03 INFO        Found estimator plug-in: Aladdin_table (<AladdinTable.AladdinTable object at 0x75a8c3748470>)
2025-12-03 16:09:03 INFO        Found estimator plug-in: CactiCache (<accelergy.plug_in_interface.estimator_wrapper.EstimatorWrapper object at 0x75a8c36a7d10>)
2025-12-03 16:09:03 INFO        Found estimator plug-in: CactiDRAM (<accelergy.plug_in_interface.estimator_wrapper.EstimatorWrapper object at 0x75a8c371ff50>)
2025-12-03 16:09:03 INFO        Found estimator plug-in: CactiSRAM (<accelergy.plug_in_interface.estimator_wrapper.EstimatorWrapper object at 0x75a8c386c2c0>)
2025-12-03 16:09:03 INFO        
2025-12-03 16:09:03 INFO        ENERGY ESTIMATION for SRAM(depth=16384, width=128, datawidth=8, instances=1, meshX=1, has_power_gating=False, n_banks=2, cluster_size=1, reduction_supported=True, multiple_buffering=1, min_utilization=0, allow_overbooking=False, meshY=1, technology=40nm, global_cycle_seconds=1e-09, version=0.4, action_latency_cycles=1, cycle_seconds=1e-09, n_instances=1).write(global_cycle_seconds=1e-09, action_latency_cycles=1)
2025-12-03 16:09:04 INFO        CactiSRAM estimated 5.109424615384615e-11 with accuracy 80%. Messages:
2025-12-03 16:09:04 INFO        | Unused arguments (datawidth, instances, meshX, has_power_gating, cluster_size, reduction_supported, multiple_buffering, min_utilization, allow_overbooking, meshY, global_cycle_seconds, version, action_latency_cycles, cycle_seconds, n_instances) provided for ['SRAM', 'sram'].__init__. Arguments used: (depth, width, n_banks, technology)
2025-12-03 16:09:04 INFO        | Unused arguments (global_cycle_seconds, action_latency_cycles) provided for ['SRAM', 'sram'].write. Arguments used: ()
2025-12-03 16:09:04 INFO        | Interpolating technology between 32 and 45.
2025-12-03 16:09:04 INFO        | Calling CACTI with cache_size=262144 n_rw_ports=1 block_size=16 tech_node_um=0.032 n_banks=2 tag_size=0 associativity=1
2025-12-03 16:09:04 INFO        | Calling CACTI with input path /home/juliana/venv_pytorch/share/accelergy/estimation_plug_ins/accelergy-cacti-plug-in/cacti_inputs_outputs/tmpd71t7rfm
2025-12-03 16:09:04 INFO        | CACTI output will be written to /home/juliana/venv_pytorch/share/accelergy/estimation_plug_ins/accelergy-cacti-plug-in/cacti_inputs_outputs/tmpgt2_hhji
2025-12-03 16:09:04 INFO        | CACTI executable not found at /home/juliana/venv_pytorch/share/accelergy/estimation_plug_ins/accelergy-cacti-plug-in/cacti/cacti
2025-12-03 16:09:04 INFO        | Calling: cd /home/juliana/venv_pytorch/share/accelergy/estimation_plug_ins/accelergy-cacti-plug-in ; ./cacti -infile /home/juliana/venv_pytorch/share/accelergy/estimation_plug_ins/accelergy-cacti-plug-in/cacti_inputs_outputs/tmpd71t7rfm >> /home/juliana/venv_pytorch/share/accelergy/estimation_plug_ins/accelergy-cacti-plug-in/cacti_inputs_outputs/tmpgt2_hhji 2>&1
2025-12-03 16:09:04 INFO        | Calling CACTI with cache_size=262144 n_rw_ports=1 block_size=16 tech_node_um=0.045 n_banks=2 tag_size=0 associativity=1
2025-12-03 16:09:04 INFO        | Calling CACTI with input path /home/juliana/venv_pytorch/share/accelergy/estimation_plug_ins/accelergy-cacti-plug-in/cacti_inputs_outputs/tmps3vxc7uf
2025-12-03 16:09:04 INFO        | CACTI output will be written to /home/juliana/venv_pytorch/share/accelergy/estimation_plug_ins/accelergy-cacti-plug-in/cacti_inputs_outputs/tmp7d4voa5x
2025-12-03 16:09:04 INFO        | CACTI executable not found at /home/juliana/venv_pytorch/share/accelergy/estimation_plug_ins/accelergy-cacti-plug-in/cacti/cacti
2025-12-03 16:09:04 INFO        | Calling: cd /home/juliana/venv_pytorch/share/accelergy/estimation_plug_ins/accelergy-cacti-plug-in ; ./cacti -infile /home/juliana/venv_pytorch/share/accelergy/estimation_plug_ins/accelergy-cacti-plug-in/cacti_inputs_outputs/tmps3vxc7uf >> /home/juliana/venv_pytorch/share/accelergy/estimation_plug_ins/accelergy-cacti-plug-in/cacti_inputs_outputs/tmp7d4voa5x 2>&1
2025-12-03 16:09:04 INFO        | Cache bandwidth: 32.0 bytes/cycle
2025-12-03 16:09:04 INFO        | Cache bandwidth: 86573037025.32129 bits/second
2025-12-03 16:09:04 INFO        
2025-12-03 16:09:04 INFO        ENERGY ESTIMATION for SRAM(depth=16384, width=128, datawidth=8, instances=1, meshX=1, has_power_gating=False, n_banks=2, cluster_size=1, reduction_supported=True, multiple_buffering=1, min_utilization=0, allow_overbooking=False, meshY=1, technology=40nm, global_cycle_seconds=1e-09, version=0.4, action_latency_cycles=1, cycle_seconds=1e-09, n_instances=1).read(global_cycle_seconds=1e-09, action_latency_cycles=1)
2025-12-03 16:09:08 INFO        CactiSRAM estimated 6.186296923076923e-11 with accuracy 80%. Messages:
2025-12-03 16:09:08 INFO        | Unused arguments (datawidth, instances, meshX, has_power_gating, cluster_size, reduction_supported, multiple_buffering, min_utilization, allow_overbooking, meshY, global_cycle_seconds, version, action_latency_cycles, cycle_seconds, n_instances) provided for ['SRAM', 'sram'].__init__. Arguments used: (depth, width, n_banks, technology)
2025-12-03 16:09:08 INFO        | Unused arguments (global_cycle_seconds, action_latency_cycles) provided for ['SRAM', 'sram'].read. Arguments used: ()
2025-12-03 16:09:08 INFO        | Interpolating technology between 32 and 45.
2025-12-03 16:09:08 INFO        | Calling CACTI with cache_size=262144 n_rw_ports=1 block_size=16 tech_node_um=0.032 n_banks=2 tag_size=0 associativity=1
2025-12-03 16:09:08 INFO        | Calling CACTI with input path /home/juliana/venv_pytorch/share/accelergy/estimation_plug_ins/accelergy-cacti-plug-in/cacti_inputs_outputs/tmpoi7meq86
2025-12-03 16:09:08 INFO        | CACTI output will be written to /home/juliana/venv_pytorch/share/accelergy/estimation_plug_ins/accelergy-cacti-plug-in/cacti_inputs_outputs/tmp800ua2v8
2025-12-03 16:09:08 INFO        | CACTI executable not found at /home/juliana/venv_pytorch/share/accelergy/estimation_plug_ins/accelergy-cacti-plug-in/cacti/cacti
2025-12-03 16:09:08 INFO        | Calling: cd /home/juliana/venv_pytorch/share/accelergy/estimation_plug_ins/accelergy-cacti-plug-in ; ./cacti -infile /home/juliana/venv_pytorch/share/accelergy/estimation_plug_ins/accelergy-cacti-plug-in/cacti_inputs_outputs/tmpoi7meq86 >> /home/juliana/venv_pytorch/share/accelergy/estimation_plug_ins/accelergy-cacti-plug-in/cacti_inputs_outputs/tmp800ua2v8 2>&1
2025-12-03 16:09:08 INFO        | Calling CACTI with cache_size=262144 n_rw_ports=1 block_size=16 tech_node_um=0.045 n_banks=2 tag_size=0 associativity=1
2025-12-03 16:09:08 INFO        | Calling CACTI with input path /home/juliana/venv_pytorch/share/accelergy/estimation_plug_ins/accelergy-cacti-plug-in/cacti_inputs_outputs/tmp6bw84qrd
2025-12-03 16:09:08 INFO        | CACTI output will be written to /home/juliana/venv_pytorch/share/accelergy/estimation_plug_ins/accelergy-cacti-plug-in/cacti_inputs_outputs/tmp0ezhfl4p
2025-12-03 16:09:08 INFO        | CACTI executable not found at /home/juliana/venv_pytorch/share/accelergy/estimation_plug_ins/accelergy-cacti-plug-in/cacti/cacti
2025-12-03 16:09:08 INFO        | Calling: cd /home/juliana/venv_pytorch/share/accelergy/estimation_plug_ins/accelergy-cacti-plug-in ; ./cacti -infile /home/juliana/venv_pytorch/share/accelergy/estimation_plug_ins/accelergy-cacti-plug-in/cacti_inputs_outputs/tmp6bw84qrd >> /home/juliana/venv_pytorch/share/accelergy/estimation_plug_ins/accelergy-cacti-plug-in/cacti_inputs_outputs/tmp0ezhfl4p 2>&1
2025-12-03 16:09:08 INFO        | Cache bandwidth: 32.0 bytes/cycle
2025-12-03 16:09:08 INFO        | Cache bandwidth: 86573037025.32129 bits/second
2025-12-03 16:09:08 INFO        
2025-12-03 16:09:08 INFO        ENERGY ESTIMATION for SRAM(depth=16384, width=128, datawidth=8, instances=1, meshX=1, has_power_gating=False, n_banks=2, cluster_size=1, reduction_supported=True, multiple_buffering=1, min_utilization=0, allow_overbooking=False, meshY=1, technology=40nm, global_cycle_seconds=1e-09, version=0.4, action_latency_cycles=1, cycle_seconds=1e-09, n_instances=1).update(global_cycle_seconds=1e-09, action_latency_cycles=1)
2025-12-03 16:09:10 INFO        CactiSRAM estimated 5.109424615384615e-11 with accuracy 80%. Messages:
2025-12-03 16:09:10 INFO        | Unused arguments (datawidth, instances, meshX, has_power_gating, cluster_size, reduction_supported, multiple_buffering, min_utilization, allow_overbooking, meshY, global_cycle_seconds, version, action_latency_cycles, cycle_seconds, n_instances) provided for ['SRAM', 'sram'].__init__. Arguments used: (depth, width, n_banks, technology)
2025-12-03 16:09:10 INFO        | Unused arguments (global_cycle_seconds, action_latency_cycles) provided for ['SRAM', 'sram'].update. Arguments used: ()
2025-12-03 16:09:10 INFO        | Interpolating technology between 32 and 45.
2025-12-03 16:09:10 INFO        | Calling CACTI with cache_size=262144 n_rw_ports=1 block_size=16 tech_node_um=0.032 n_banks=2 tag_size=0 associativity=1
2025-12-03 16:09:10 INFO        | Calling CACTI with input path /home/juliana/venv_pytorch/share/accelergy/estimation_plug_ins/accelergy-cacti-plug-in/cacti_inputs_outputs/tmpgj0ol851
2025-12-03 16:09:10 INFO        | CACTI output will be written to /home/juliana/venv_pytorch/share/accelergy/estimation_plug_ins/accelergy-cacti-plug-in/cacti_inputs_outputs/tmpdh0zxxll
2025-12-03 16:09:10 INFO        | CACTI executable not found at /home/juliana/venv_pytorch/share/accelergy/estimation_plug_ins/accelergy-cacti-plug-in/cacti/cacti
2025-12-03 16:09:10 INFO        | Calling: cd /home/juliana/venv_pytorch/share/accelergy/estimation_plug_ins/accelergy-cacti-plug-in ; ./cacti -infile /home/juliana/venv_pytorch/share/accelergy/estimation_plug_ins/accelergy-cacti-plug-in/cacti_inputs_outputs/tmpgj0ol851 >> /home/juliana/venv_pytorch/share/accelergy/estimation_plug_ins/accelergy-cacti-plug-in/cacti_inputs_outputs/tmpdh0zxxll 2>&1
2025-12-03 16:09:10 INFO        | Calling CACTI with cache_size=262144 n_rw_ports=1 block_size=16 tech_node_um=0.045 n_banks=2 tag_size=0 associativity=1
2025-12-03 16:09:10 INFO        | Calling CACTI with input path /home/juliana/venv_pytorch/share/accelergy/estimation_plug_ins/accelergy-cacti-plug-in/cacti_inputs_outputs/tmpnwkpyhj8
2025-12-03 16:09:10 INFO        | CACTI output will be written to /home/juliana/venv_pytorch/share/accelergy/estimation_plug_ins/accelergy-cacti-plug-in/cacti_inputs_outputs/tmpga0k6202
2025-12-03 16:09:10 INFO        | CACTI executable not found at /home/juliana/venv_pytorch/share/accelergy/estimation_plug_ins/accelergy-cacti-plug-in/cacti/cacti
2025-12-03 16:09:10 INFO        | Calling: cd /home/juliana/venv_pytorch/share/accelergy/estimation_plug_ins/accelergy-cacti-plug-in ; ./cacti -infile /home/juliana/venv_pytorch/share/accelergy/estimation_plug_ins/accelergy-cacti-plug-in/cacti_inputs_outputs/tmpnwkpyhj8 >> /home/juliana/venv_pytorch/share/accelergy/estimation_plug_ins/accelergy-cacti-plug-in/cacti_inputs_outputs/tmpga0k6202 2>&1
2025-12-03 16:09:10 INFO        | Cache bandwidth: 32.0 bytes/cycle
2025-12-03 16:09:10 INFO        | Cache bandwidth: 86573037025.32129 bits/second
2025-12-03 16:09:10 INFO        
2025-12-03 16:09:10 INFO        ENERGY ESTIMATION for SRAM(depth=16384, width=128, datawidth=8, instances=1, meshX=1, has_power_gating=False, n_banks=2, cluster_size=1, reduction_supported=True, multiple_buffering=1, min_utilization=0, allow_overbooking=False, meshY=1, technology=40nm, global_cycle_seconds=1e-09, version=0.4, action_latency_cycles=1, cycle_seconds=1e-09, n_instances=1).leak(global_cycle_seconds=1e-09, action_latency_cycles=1)
2025-12-03 16:09:12 INFO        CactiSRAM estimated 7.938727692307692e-15 with accuracy 80%. Messages:
2025-12-03 16:09:12 INFO        | Unused arguments (datawidth, instances, meshX, has_power_gating, cluster_size, reduction_supported, multiple_buffering, min_utilization, allow_overbooking, meshY, global_cycle_seconds, version, action_latency_cycles, cycle_seconds, n_instances) provided for ['SRAM', 'sram'].__init__. Arguments used: (depth, width, n_banks, technology)
2025-12-03 16:09:12 INFO        | Unused arguments (action_latency_cycles) provided for ['SRAM', 'sram'].leak. Arguments used: (global_cycle_seconds)
2025-12-03 16:09:12 INFO        | Interpolating technology between 32 and 45.
2025-12-03 16:09:12 INFO        | Calling CACTI with cache_size=262144 n_rw_ports=1 block_size=16 tech_node_um=0.032 n_banks=2 tag_size=0 associativity=1
2025-12-03 16:09:12 INFO        | Calling CACTI with input path /home/juliana/venv_pytorch/share/accelergy/estimation_plug_ins/accelergy-cacti-plug-in/cacti_inputs_outputs/tmpyjiguu9a
2025-12-03 16:09:12 INFO        | CACTI output will be written to /home/juliana/venv_pytorch/share/accelergy/estimation_plug_ins/accelergy-cacti-plug-in/cacti_inputs_outputs/tmpeptjbm3r
2025-12-03 16:09:12 INFO        | CACTI executable not found at /home/juliana/venv_pytorch/share/accelergy/estimation_plug_ins/accelergy-cacti-plug-in/cacti/cacti
2025-12-03 16:09:12 INFO        | Calling: cd /home/juliana/venv_pytorch/share/accelergy/estimation_plug_ins/accelergy-cacti-plug-in ; ./cacti -infile /home/juliana/venv_pytorch/share/accelergy/estimation_plug_ins/accelergy-cacti-plug-in/cacti_inputs_outputs/tmpyjiguu9a >> /home/juliana/venv_pytorch/share/accelergy/estimation_plug_ins/accelergy-cacti-plug-in/cacti_inputs_outputs/tmpeptjbm3r 2>&1
2025-12-03 16:09:12 INFO        | Calling CACTI with cache_size=262144 n_rw_ports=1 block_size=16 tech_node_um=0.045 n_banks=2 tag_size=0 associativity=1
2025-12-03 16:09:12 INFO        | Calling CACTI with input path /home/juliana/venv_pytorch/share/accelergy/estimation_plug_ins/accelergy-cacti-plug-in/cacti_inputs_outputs/tmpvposwctw
2025-12-03 16:09:12 INFO        | CACTI output will be written to /home/juliana/venv_pytorch/share/accelergy/estimation_plug_ins/accelergy-cacti-plug-in/cacti_inputs_outputs/tmpjknh2u3p
2025-12-03 16:09:12 INFO        | CACTI executable not found at /home/juliana/venv_pytorch/share/accelergy/estimation_plug_ins/accelergy-cacti-plug-in/cacti/cacti
2025-12-03 16:09:12 INFO        | Calling: cd /home/juliana/venv_pytorch/share/accelergy/estimation_plug_ins/accelergy-cacti-plug-in ; ./cacti -infile /home/juliana/venv_pytorch/share/accelergy/estimation_plug_ins/accelergy-cacti-plug-in/cacti_inputs_outputs/tmpvposwctw >> /home/juliana/venv_pytorch/share/accelergy/estimation_plug_ins/accelergy-cacti-plug-in/cacti_inputs_outputs/tmpjknh2u3p 2>&1
2025-12-03 16:09:12 INFO        | Cache bandwidth: 32.0 bytes/cycle
2025-12-03 16:09:12 INFO        | Cache bandwidth: 86573037025.32129 bits/second
2025-12-03 16:09:12 INFO        | Global cycle time 1e-09 is less than the cache's random cycle time 2.95704076923077e-09
2025-12-03 16:09:12 INFO        | Multiplying by n_instances 1
2025-12-03 16:09:12 INFO        
2025-12-03 16:09:12 INFO        ENERGY ESTIMATION for regfile(depth=1, width=64, datawidth=8, has_power_gating=False, n_banks=2, cluster_size=1, reduction_supported=True, multiple_buffering=1, min_utilization=0, allow_overbooking=False, meshX=1, meshY=1, technology=40nm, global_cycle_seconds=1e-09, spatial={'meshX': 32}, version=0.4, action_latency_cycles=1, cycle_seconds=1e-09, n_instances=1).write(global_cycle_seconds=1e-09, action_latency_cycles=1)
2025-12-03 16:09:12 INFO        Aladdin_table estimated 0.009p with accuracy 70%. 
2025-12-03 16:09:12 INFO        
2025-12-03 16:09:12 INFO        ENERGY ESTIMATION for regfile(depth=1, width=64, datawidth=8, has_power_gating=False, n_banks=2, cluster_size=1, reduction_supported=True, multiple_buffering=1, min_utilization=0, allow_overbooking=False, meshX=1, meshY=1, technology=40nm, global_cycle_seconds=1e-09, spatial={'meshX': 32}, version=0.4, action_latency_cycles=1, cycle_seconds=1e-09, n_instances=1).read(global_cycle_seconds=1e-09, action_latency_cycles=1)
2025-12-03 16:09:12 INFO        Aladdin_table estimated 0.009p with accuracy 70%. 
2025-12-03 16:09:12 INFO        
2025-12-03 16:09:12 INFO        ENERGY ESTIMATION for regfile(depth=1, width=64, datawidth=8, has_power_gating=False, n_banks=2, cluster_size=1, reduction_supported=True, multiple_buffering=1, min_utilization=0, allow_overbooking=False, meshX=1, meshY=1, technology=40nm, global_cycle_seconds=1e-09, spatial={'meshX': 32}, version=0.4, action_latency_cycles=1, cycle_seconds=1e-09, n_instances=1).update(global_cycle_seconds=1e-09, action_latency_cycles=1)
2025-12-03 16:09:12 INFO        Aladdin_table estimated 0.009p with accuracy 70%. 
2025-12-03 16:09:12 INFO        
2025-12-03 16:09:12 INFO        ENERGY ESTIMATION for regfile(depth=1, width=64, datawidth=8, has_power_gating=False, n_banks=2, cluster_size=1, reduction_supported=True, multiple_buffering=1, min_utilization=0, allow_overbooking=False, meshX=1, meshY=1, technology=40nm, global_cycle_seconds=1e-09, spatial={'meshX': 32}, version=0.4, action_latency_cycles=1, cycle_seconds=1e-09, n_instances=1).leak(global_cycle_seconds=1e-09, action_latency_cycles=1)
2025-12-03 16:09:12 INFO        Aladdin_table estimated 7e-05p with accuracy 70%. Messages:
2025-12-03 16:09:12 INFO        | Multiplying by n_instances 1
2025-12-03 16:09:12 INFO        
2025-12-03 16:09:12 INFO        ENERGY ESTIMATION for intmac(width=8, datawidth=8, has_power_gating=False, meshX=8, meshY=1, technology=40nm, global_cycle_seconds=1e-09, spatial={'meshX': 32}, version=0.4, action_latency_cycles=1, cycle_seconds=1e-09, n_instances=1).compute(global_cycle_seconds=1e-09, action_latency_cycles=1)
2025-12-03 16:09:12 INFO        Aladdin_table estimated 0.845p with accuracy 70%. 
2025-12-03 16:09:12 WARNING     No action counts are specified as yaml input
2025-12-03 16:09:12 INFO        
2025-12-03 16:09:12 INFO        AREA ESTIMATION for SRAM(depth=16384, width=128, datawidth=8, instances=1, meshX=1, has_power_gating=False, n_banks=2, cluster_size=1, reduction_supported=True, multiple_buffering=1, min_utilization=0, allow_overbooking=False, meshY=1, technology=40nm, global_cycle_seconds=1e-09, version=0.4, action_latency_cycles=1, cycle_seconds=1e-09, n_instances=1)
2025-12-03 16:09:14 INFO        CactiSRAM estimated 7.340426923076923e-07 with accuracy 80%. Messages:
2025-12-03 16:09:14 INFO        | Unused arguments (datawidth, instances, meshX, has_power_gating, cluster_size, reduction_supported, multiple_buffering, min_utilization, allow_overbooking, meshY, global_cycle_seconds, version, action_latency_cycles, cycle_seconds, n_instances) provided for ['SRAM', 'sram'].__init__. Arguments used: (depth, width, n_banks, technology)
2025-12-03 16:09:14 INFO        | Interpolating technology between 32 and 45.
2025-12-03 16:09:14 INFO        | Calling CACTI with cache_size=262144 n_rw_ports=1 block_size=16 tech_node_um=0.032 n_banks=2 tag_size=0 associativity=1
2025-12-03 16:09:14 INFO        | Calling CACTI with input path /home/juliana/venv_pytorch/share/accelergy/estimation_plug_ins/accelergy-cacti-plug-in/cacti_inputs_outputs/tmpmostg_ld
2025-12-03 16:09:14 INFO        | CACTI output will be written to /home/juliana/venv_pytorch/share/accelergy/estimation_plug_ins/accelergy-cacti-plug-in/cacti_inputs_outputs/tmpzp7azvpe
2025-12-03 16:09:14 INFO        | CACTI executable not found at /home/juliana/venv_pytorch/share/accelergy/estimation_plug_ins/accelergy-cacti-plug-in/cacti/cacti
2025-12-03 16:09:14 INFO        | Calling: cd /home/juliana/venv_pytorch/share/accelergy/estimation_plug_ins/accelergy-cacti-plug-in ; ./cacti -infile /home/juliana/venv_pytorch/share/accelergy/estimation_plug_ins/accelergy-cacti-plug-in/cacti_inputs_outputs/tmpmostg_ld >> /home/juliana/venv_pytorch/share/accelergy/estimation_plug_ins/accelergy-cacti-plug-in/cacti_inputs_outputs/tmpzp7azvpe 2>&1
2025-12-03 16:09:14 INFO        | Calling CACTI with cache_size=262144 n_rw_ports=1 block_size=16 tech_node_um=0.045 n_banks=2 tag_size=0 associativity=1
2025-12-03 16:09:14 INFO        | Calling CACTI with input path /home/juliana/venv_pytorch/share/accelergy/estimation_plug_ins/accelergy-cacti-plug-in/cacti_inputs_outputs/tmp7_oxtp7q
2025-12-03 16:09:14 INFO        | CACTI output will be written to /home/juliana/venv_pytorch/share/accelergy/estimation_plug_ins/accelergy-cacti-plug-in/cacti_inputs_outputs/tmpfqcbz4en
2025-12-03 16:09:14 INFO        | CACTI executable not found at /home/juliana/venv_pytorch/share/accelergy/estimation_plug_ins/accelergy-cacti-plug-in/cacti/cacti
2025-12-03 16:09:14 INFO        | Calling: cd /home/juliana/venv_pytorch/share/accelergy/estimation_plug_ins/accelergy-cacti-plug-in ; ./cacti -infile /home/juliana/venv_pytorch/share/accelergy/estimation_plug_ins/accelergy-cacti-plug-in/cacti_inputs_outputs/tmp7_oxtp7q >> /home/juliana/venv_pytorch/share/accelergy/estimation_plug_ins/accelergy-cacti-plug-in/cacti_inputs_outputs/tmpfqcbz4en 2>&1
2025-12-03 16:09:14 INFO        | Cache bandwidth: 32.0 bytes/cycle
2025-12-03 16:09:14 INFO        | Cache bandwidth: 86573037025.32129 bits/second
2025-12-03 16:09:14 INFO        | Multiplying by n_instances 1
2025-12-03 16:09:14 INFO        
2025-12-03 16:09:14 INFO        AREA ESTIMATION for regfile(depth=1, width=64, datawidth=8, has_power_gating=False, n_banks=2, cluster_size=1, reduction_supported=True, multiple_buffering=1, min_utilization=0, allow_overbooking=False, meshX=1, meshY=1, technology=40nm, global_cycle_seconds=1e-09, spatial={'meshX': 32}, version=0.4, action_latency_cycles=1, cycle_seconds=1e-09, n_instances=1)
2025-12-03 16:09:14 INFO        Aladdin_table estimated 5.98u^2 with accuracy 70%. Messages:
2025-12-03 16:09:14 INFO        | Multiplying by n_instances 1
2025-12-03 16:09:14 INFO        
2025-12-03 16:09:14 INFO        AREA ESTIMATION for dummy_storage(width=1, depth=1, datawidth=1, technology=-1, has_power_gating=False, n_banks=2, cluster_size=1, reduction_supported=True, multiple_buffering=1, min_utilization=0, allow_overbooking=False, meshX=1, meshY=1, global_cycle_seconds=1e-09, spatial={'meshX': 32}, version=0.4, action_latency_cycles=1, cycle_seconds=1e-09, n_instances=1)
2025-12-03 16:09:14 INFO        dummy estimated 1u^2 with accuracy 100%. Messages:
2025-12-03 16:09:14 INFO        | Multiplying by n_instances 1
2025-12-03 16:09:14 INFO        
2025-12-03 16:09:14 INFO        AREA ESTIMATION for intmac(width=8, datawidth=8, has_power_gating=False, meshX=8, meshY=1, technology=40nm, global_cycle_seconds=1e-09, spatial={'meshX': 32}, version=0.4, action_latency_cycles=1, cycle_seconds=1e-09, n_instances=1)
2025-12-03 16:09:14 INFO        Aladdin_table estimated 466.375u^2 with accuracy 70%. Messages:
2025-12-03 16:09:14 INFO        | Multiplying by n_instances 1
2025-12-03 16:09:14 INFO        flattened architecture is saved to:
2025-12-03 16:09:14 INFO        ./timeloop-mapper.flattened_architecture.yaml
2025-12-03 16:09:14 INFO        energy reference table is saved to:
2025-12-03 16:09:14 INFO        ./timeloop-mapper.ERT.yaml
2025-12-03 16:09:14 INFO        energy reference table summary is saved to:
2025-12-03 16:09:14 INFO        ./timeloop-mapper.ERT_summary.yaml
2025-12-03 16:09:14 WARNING     no runtime energy estimations are generated... not generating energy_estimation.yaml
2025-12-03 16:09:14 INFO        area reference table is saved to:
2025-12-03 16:09:14 INFO        ./timeloop-mapper.ART.yaml
2025-12-03 16:09:14 INFO        area reference table summary is saved to:
2025-12-03 16:09:14 INFO        ./timeloop-mapper.ART_summary.yaml
