2025-11-29 22:54:55 INFO            _                _                      
2025-11-29 22:54:55 INFO           / \   ___ ___ ___| | ___ _ __ __ _ _   _ 
2025-11-29 22:54:55 INFO          / _ \ / __/ __/ _ \ |/ _ \ '__/ _` | | | |
2025-11-29 22:54:55 INFO         / ___ \ (_| (_|  __/ |  __/ | | (_| | |_| |
2025-11-29 22:54:55 INFO        /_/   \_\___\___\___|_|\___|_|  \__, |\__, |
2025-11-29 22:54:55 INFO                                        |___/ |___/ 
2025-11-29 22:54:55 INFO        generating outputs according to the following specified output flags... 
2025-11-29 22:54:55 INFO         Please use the -f flag to update the preference (default to all output files)
2025-11-29 22:54:55 INFO        {'ERT': 1, 'ERT_summary': 1, 'ART': 1, 'ART_summary': 1, 'energy_estimation': 1, 'flattened_arch': 1}
2025-11-29 22:54:55 INFO        Located config file at /home/juliana/.config/accelergy/accelergy_config.yaml.
2025-11-29 22:54:55 INFO        config file located:
2025-11-29 22:54:55 INFO        /home/juliana/.config/accelergy/accelergy_config.yaml
2025-11-29 22:54:55 INFO        Parsing file /home/juliana/Topicos-Especiais-XII/trabalho_final/timeloop/dse_pe_mac/outputs/8_neurons_8_macs/parsed-processed-input.yaml for architecture info
2025-11-29 22:54:55 INFO        Parsing file /home/juliana/Topicos-Especiais-XII/trabalho_final/timeloop/dse_pe_mac/outputs/8_neurons_8_macs/parsed-processed-input.yaml for compound_components info
2025-11-29 22:54:55 WARNING     No compound component classes specified, architecture can only contain primitive components
2025-11-29 22:54:55 INFO        Adding required action "write" to class SRAM
2025-11-29 22:54:55 INFO        Adding required action "read" to class SRAM
2025-11-29 22:54:55 INFO        Adding required action "leak" to class SRAM
2025-11-29 22:54:55 INFO        Adding required action "update" to class SRAM
2025-11-29 22:54:55 INFO        Adding required action "write" to class regfile
2025-11-29 22:54:55 INFO        Adding required action "read" to class regfile
2025-11-29 22:54:55 INFO        Adding required action "leak" to class regfile
2025-11-29 22:54:55 INFO        Adding required action "update" to class regfile
2025-11-29 22:54:55 INFO        Adding required action "compute" to class intmac
2025-11-29 22:54:55 INFO        Estimator plug-in identified by: /home/juliana/venv_pytorch/share/accelergy/estimation_plug_ins/accelergy-adc-plug-in/adc.estimator.yaml
2025-11-29 22:54:55 INFO        Estimator plug-in identified by: /home/juliana/venv_pytorch/share/accelergy/estimation_plug_ins/accelergy-table-based-plug-ins/table.estimator.yaml
2025-11-29 22:54:55 INFO        Estimator plug-in identified by: /home/juliana/venv_pytorch/share/accelergy/estimation_plug_ins/accelergy-library-plugin/library.estimator.yaml
2025-11-29 22:54:55 INFO        Estimator plug-in identified by: /home/juliana/venv_pytorch/share/accelergy/estimation_plug_ins/dummy_tables/dummy.estimator.yaml
2025-11-29 22:54:55 INFO        Estimator plug-in identified by: /home/juliana/venv_pytorch/share/accelergy/estimation_plug_ins/accelergy-neurosim-plugin/neurosim.estimator.yaml
2025-11-29 22:54:55 INFO        Estimator plug-in identified by: /home/juliana/venv_pytorch/share/accelergy/estimation_plug_ins/accelergy-aladdin-plug-in/aladdin.estimator.yaml
2025-11-29 22:54:55 INFO        Estimator plug-in identified by: /home/juliana/venv_pytorch/share/accelergy/estimation_plug_ins/accelergy-cacti-plug-in/cacti.estimator.yaml
2025-11-29 22:54:55 INFO        Loading Python plug-in: /home/juliana/venv_pytorch/share/accelergy/estimation_plug_ins/accelergy-cacti-plug-in/cacti_wrapper.py. Errors below are likely due to plug-in, not Accelergy.
2025-11-29 22:54:55 INFO        Getting all estimators in module <module 'python_plug_in0' from '/home/juliana/venv_pytorch/share/accelergy/estimation_plug_ins/accelergy-cacti-plug-in/cacti_wrapper.py'>
2025-11-29 22:54:55 INFO        Added estimator CactiCache that estimates cache with actions idle, read, read_access, update, update_access, write, write_access, leak
2025-11-29 22:54:55 INFO        Added estimator CactiDRAM that estimates ['DRAM', 'dram'] with actions idle, read, update, write, leak
2025-11-29 22:54:55 INFO        Added estimator CactiSRAM that estimates ['SRAM', 'sram'] with actions idle, read, update, write, leak
2025-11-29 22:54:55 INFO        Done loading Python plug-ins.
2025-11-29 22:54:55 INFO        Found estimator plug-in: ADC Plug-In (<ADCEstimator.ADCEstimator object at 0x7236454c4290>)
2025-11-29 22:54:55 INFO        Found estimator plug-in: DEPRECATED table-based-plug-ins. Use the Library plug-in instead. (<SetsOfTables.SetsOfTables object at 0x72364550deb0>)
2025-11-29 22:54:55 INFO        Found estimator plug-in: Library (<LibraryEstimator.LibraryEstimator object at 0x723645339550>)
2025-11-29 22:54:55 INFO        Found estimator plug-in: dummy (<DummyTable.DummyTable object at 0x7236454aa000>)
2025-11-29 22:54:55 INFO        Found estimator plug-in: Neurosim Plug-In (<NeuroWrapper.NeuroWrapper object at 0x7236453390d0>)
2025-11-29 22:54:55 INFO        Found estimator plug-in: Aladdin_table (<AladdinTable.AladdinTable object at 0x723645339cd0>)
2025-11-29 22:54:55 INFO        Found estimator plug-in: CactiCache (<accelergy.plug_in_interface.estimator_wrapper.EstimatorWrapper object at 0x7236454fc140>)
2025-11-29 22:54:55 INFO        Found estimator plug-in: CactiDRAM (<accelergy.plug_in_interface.estimator_wrapper.EstimatorWrapper object at 0x723645300110>)
2025-11-29 22:54:55 INFO        Found estimator plug-in: CactiSRAM (<accelergy.plug_in_interface.estimator_wrapper.EstimatorWrapper object at 0x723645398a10>)
2025-11-29 22:54:55 INFO        
2025-11-29 22:54:55 INFO        ENERGY ESTIMATION for SRAM(depth=16384, width=1024, datawidth=8, instances=1, meshX=1, has_power_gating=False, n_banks=2, cluster_size=1, reduction_supported=True, multiple_buffering=1, min_utilization=0, allow_overbooking=False, meshY=1, technology=40nm, global_cycle_seconds=1e-09, version=0.4, action_latency_cycles=1, cycle_seconds=1e-09, n_instances=1).write(global_cycle_seconds=1e-09, action_latency_cycles=1)
2025-11-29 22:54:58 INFO        CactiSRAM estimated 1.0034984615384617e-09 with accuracy 80%. Messages:
2025-11-29 22:54:58 INFO        | Unused arguments (datawidth, instances, meshX, has_power_gating, cluster_size, reduction_supported, multiple_buffering, min_utilization, allow_overbooking, meshY, global_cycle_seconds, version, action_latency_cycles, cycle_seconds, n_instances) provided for ['SRAM', 'sram'].__init__. Arguments used: (depth, width, n_banks, technology)
2025-11-29 22:54:58 INFO        | Unused arguments (global_cycle_seconds, action_latency_cycles) provided for ['SRAM', 'sram'].write. Arguments used: ()
2025-11-29 22:54:58 INFO        | Interpolating technology between 32 and 45.
2025-11-29 22:54:58 INFO        | Calling CACTI with cache_size=2097152 n_rw_ports=1 block_size=128 tech_node_um=0.032 n_banks=2 tag_size=0 associativity=1
2025-11-29 22:54:58 INFO        | Calling CACTI with input path /home/juliana/venv_pytorch/share/accelergy/estimation_plug_ins/accelergy-cacti-plug-in/cacti_inputs_outputs/tmpb4rypizp
2025-11-29 22:54:58 INFO        | CACTI output will be written to /home/juliana/venv_pytorch/share/accelergy/estimation_plug_ins/accelergy-cacti-plug-in/cacti_inputs_outputs/tmpkhkqdmy0
2025-11-29 22:54:58 INFO        | CACTI executable not found at /home/juliana/venv_pytorch/share/accelergy/estimation_plug_ins/accelergy-cacti-plug-in/cacti/cacti
2025-11-29 22:54:58 INFO        | Calling: cd /home/juliana/venv_pytorch/share/accelergy/estimation_plug_ins/accelergy-cacti-plug-in ; ./cacti -infile /home/juliana/venv_pytorch/share/accelergy/estimation_plug_ins/accelergy-cacti-plug-in/cacti_inputs_outputs/tmpb4rypizp >> /home/juliana/venv_pytorch/share/accelergy/estimation_plug_ins/accelergy-cacti-plug-in/cacti_inputs_outputs/tmpkhkqdmy0 2>&1
2025-11-29 22:54:58 INFO        | Calling CACTI with cache_size=2097152 n_rw_ports=1 block_size=128 tech_node_um=0.045 n_banks=2 tag_size=0 associativity=1
2025-11-29 22:54:58 INFO        | Calling CACTI with input path /home/juliana/venv_pytorch/share/accelergy/estimation_plug_ins/accelergy-cacti-plug-in/cacti_inputs_outputs/tmp7hcuw7gk
2025-11-29 22:54:58 INFO        | CACTI output will be written to /home/juliana/venv_pytorch/share/accelergy/estimation_plug_ins/accelergy-cacti-plug-in/cacti_inputs_outputs/tmp_xckjdlo
2025-11-29 22:54:58 INFO        | CACTI executable not found at /home/juliana/venv_pytorch/share/accelergy/estimation_plug_ins/accelergy-cacti-plug-in/cacti/cacti
2025-11-29 22:54:58 INFO        | Calling: cd /home/juliana/venv_pytorch/share/accelergy/estimation_plug_ins/accelergy-cacti-plug-in ; ./cacti -infile /home/juliana/venv_pytorch/share/accelergy/estimation_plug_ins/accelergy-cacti-plug-in/cacti_inputs_outputs/tmp7hcuw7gk >> /home/juliana/venv_pytorch/share/accelergy/estimation_plug_ins/accelergy-cacti-plug-in/cacti_inputs_outputs/tmp_xckjdlo 2>&1
2025-11-29 22:54:58 INFO        | Cache bandwidth: 256.0 bytes/cycle
2025-11-29 22:54:58 INFO        | Cache bandwidth: 246824558116.45712 bits/second
2025-11-29 22:54:58 INFO        
2025-11-29 22:54:58 INFO        ENERGY ESTIMATION for SRAM(depth=16384, width=1024, datawidth=8, instances=1, meshX=1, has_power_gating=False, n_banks=2, cluster_size=1, reduction_supported=True, multiple_buffering=1, min_utilization=0, allow_overbooking=False, meshY=1, technology=40nm, global_cycle_seconds=1e-09, version=0.4, action_latency_cycles=1, cycle_seconds=1e-09, n_instances=1).read(global_cycle_seconds=1e-09, action_latency_cycles=1)
2025-11-29 22:55:01 INFO        CactiSRAM estimated 9.094907692307692e-10 with accuracy 80%. Messages:
2025-11-29 22:55:01 INFO        | Unused arguments (datawidth, instances, meshX, has_power_gating, cluster_size, reduction_supported, multiple_buffering, min_utilization, allow_overbooking, meshY, global_cycle_seconds, version, action_latency_cycles, cycle_seconds, n_instances) provided for ['SRAM', 'sram'].__init__. Arguments used: (depth, width, n_banks, technology)
2025-11-29 22:55:01 INFO        | Unused arguments (global_cycle_seconds, action_latency_cycles) provided for ['SRAM', 'sram'].read. Arguments used: ()
2025-11-29 22:55:01 INFO        | Interpolating technology between 32 and 45.
2025-11-29 22:55:01 INFO        | Calling CACTI with cache_size=2097152 n_rw_ports=1 block_size=128 tech_node_um=0.032 n_banks=2 tag_size=0 associativity=1
2025-11-29 22:55:01 INFO        | Calling CACTI with input path /home/juliana/venv_pytorch/share/accelergy/estimation_plug_ins/accelergy-cacti-plug-in/cacti_inputs_outputs/tmpsjlhnl9e
2025-11-29 22:55:01 INFO        | CACTI output will be written to /home/juliana/venv_pytorch/share/accelergy/estimation_plug_ins/accelergy-cacti-plug-in/cacti_inputs_outputs/tmp6x44m8re
2025-11-29 22:55:01 INFO        | CACTI executable not found at /home/juliana/venv_pytorch/share/accelergy/estimation_plug_ins/accelergy-cacti-plug-in/cacti/cacti
2025-11-29 22:55:01 INFO        | Calling: cd /home/juliana/venv_pytorch/share/accelergy/estimation_plug_ins/accelergy-cacti-plug-in ; ./cacti -infile /home/juliana/venv_pytorch/share/accelergy/estimation_plug_ins/accelergy-cacti-plug-in/cacti_inputs_outputs/tmpsjlhnl9e >> /home/juliana/venv_pytorch/share/accelergy/estimation_plug_ins/accelergy-cacti-plug-in/cacti_inputs_outputs/tmp6x44m8re 2>&1
2025-11-29 22:55:01 INFO        | Calling CACTI with cache_size=2097152 n_rw_ports=1 block_size=128 tech_node_um=0.045 n_banks=2 tag_size=0 associativity=1
2025-11-29 22:55:01 INFO        | Calling CACTI with input path /home/juliana/venv_pytorch/share/accelergy/estimation_plug_ins/accelergy-cacti-plug-in/cacti_inputs_outputs/tmp4du0481a
2025-11-29 22:55:01 INFO        | CACTI output will be written to /home/juliana/venv_pytorch/share/accelergy/estimation_plug_ins/accelergy-cacti-plug-in/cacti_inputs_outputs/tmp8snv4nn7
2025-11-29 22:55:01 INFO        | CACTI executable not found at /home/juliana/venv_pytorch/share/accelergy/estimation_plug_ins/accelergy-cacti-plug-in/cacti/cacti
2025-11-29 22:55:01 INFO        | Calling: cd /home/juliana/venv_pytorch/share/accelergy/estimation_plug_ins/accelergy-cacti-plug-in ; ./cacti -infile /home/juliana/venv_pytorch/share/accelergy/estimation_plug_ins/accelergy-cacti-plug-in/cacti_inputs_outputs/tmp4du0481a >> /home/juliana/venv_pytorch/share/accelergy/estimation_plug_ins/accelergy-cacti-plug-in/cacti_inputs_outputs/tmp8snv4nn7 2>&1
2025-11-29 22:55:01 INFO        | Cache bandwidth: 256.0 bytes/cycle
2025-11-29 22:55:01 INFO        | Cache bandwidth: 246824558116.45712 bits/second
2025-11-29 22:55:01 INFO        
2025-11-29 22:55:01 INFO        ENERGY ESTIMATION for SRAM(depth=16384, width=1024, datawidth=8, instances=1, meshX=1, has_power_gating=False, n_banks=2, cluster_size=1, reduction_supported=True, multiple_buffering=1, min_utilization=0, allow_overbooking=False, meshY=1, technology=40nm, global_cycle_seconds=1e-09, version=0.4, action_latency_cycles=1, cycle_seconds=1e-09, n_instances=1).leak(global_cycle_seconds=1e-09, action_latency_cycles=1)
2025-11-29 22:55:05 INFO        CactiSRAM estimated 6.217340000000001e-14 with accuracy 80%. Messages:
2025-11-29 22:55:05 INFO        | Unused arguments (datawidth, instances, meshX, has_power_gating, cluster_size, reduction_supported, multiple_buffering, min_utilization, allow_overbooking, meshY, global_cycle_seconds, version, action_latency_cycles, cycle_seconds, n_instances) provided for ['SRAM', 'sram'].__init__. Arguments used: (depth, width, n_banks, technology)
2025-11-29 22:55:05 INFO        | Unused arguments (action_latency_cycles) provided for ['SRAM', 'sram'].leak. Arguments used: (global_cycle_seconds)
2025-11-29 22:55:05 INFO        | Interpolating technology between 32 and 45.
2025-11-29 22:55:05 INFO        | Calling CACTI with cache_size=2097152 n_rw_ports=1 block_size=128 tech_node_um=0.032 n_banks=2 tag_size=0 associativity=1
2025-11-29 22:55:05 INFO        | Calling CACTI with input path /home/juliana/venv_pytorch/share/accelergy/estimation_plug_ins/accelergy-cacti-plug-in/cacti_inputs_outputs/tmpvqp_2eb4
2025-11-29 22:55:05 INFO        | CACTI output will be written to /home/juliana/venv_pytorch/share/accelergy/estimation_plug_ins/accelergy-cacti-plug-in/cacti_inputs_outputs/tmpthfo_v9v
2025-11-29 22:55:05 INFO        | CACTI executable not found at /home/juliana/venv_pytorch/share/accelergy/estimation_plug_ins/accelergy-cacti-plug-in/cacti/cacti
2025-11-29 22:55:05 INFO        | Calling: cd /home/juliana/venv_pytorch/share/accelergy/estimation_plug_ins/accelergy-cacti-plug-in ; ./cacti -infile /home/juliana/venv_pytorch/share/accelergy/estimation_plug_ins/accelergy-cacti-plug-in/cacti_inputs_outputs/tmpvqp_2eb4 >> /home/juliana/venv_pytorch/share/accelergy/estimation_plug_ins/accelergy-cacti-plug-in/cacti_inputs_outputs/tmpthfo_v9v 2>&1
2025-11-29 22:55:05 INFO        | Calling CACTI with cache_size=2097152 n_rw_ports=1 block_size=128 tech_node_um=0.045 n_banks=2 tag_size=0 associativity=1
2025-11-29 22:55:05 INFO        | Calling CACTI with input path /home/juliana/venv_pytorch/share/accelergy/estimation_plug_ins/accelergy-cacti-plug-in/cacti_inputs_outputs/tmpu4n3ql_p
2025-11-29 22:55:05 INFO        | CACTI output will be written to /home/juliana/venv_pytorch/share/accelergy/estimation_plug_ins/accelergy-cacti-plug-in/cacti_inputs_outputs/tmp4iwi8m9m
2025-11-29 22:55:05 INFO        | CACTI executable not found at /home/juliana/venv_pytorch/share/accelergy/estimation_plug_ins/accelergy-cacti-plug-in/cacti/cacti
2025-11-29 22:55:05 INFO        | Calling: cd /home/juliana/venv_pytorch/share/accelergy/estimation_plug_ins/accelergy-cacti-plug-in ; ./cacti -infile /home/juliana/venv_pytorch/share/accelergy/estimation_plug_ins/accelergy-cacti-plug-in/cacti_inputs_outputs/tmpu4n3ql_p >> /home/juliana/venv_pytorch/share/accelergy/estimation_plug_ins/accelergy-cacti-plug-in/cacti_inputs_outputs/tmp4iwi8m9m 2>&1
2025-11-29 22:55:05 INFO        | Cache bandwidth: 256.0 bytes/cycle
2025-11-29 22:55:05 INFO        | Cache bandwidth: 246824558116.45712 bits/second
2025-11-29 22:55:05 INFO        | Global cycle time 1e-09 is less than the cache's random cycle time 8.29739153846154e-09
2025-11-29 22:55:05 INFO        | Multiplying by n_instances 1
2025-11-29 22:55:05 INFO        
2025-11-29 22:55:05 INFO        ENERGY ESTIMATION for SRAM(depth=16384, width=1024, datawidth=8, instances=1, meshX=1, has_power_gating=False, n_banks=2, cluster_size=1, reduction_supported=True, multiple_buffering=1, min_utilization=0, allow_overbooking=False, meshY=1, technology=40nm, global_cycle_seconds=1e-09, version=0.4, action_latency_cycles=1, cycle_seconds=1e-09, n_instances=1).update(global_cycle_seconds=1e-09, action_latency_cycles=1)
2025-11-29 22:55:09 INFO        CactiSRAM estimated 1.0034984615384617e-09 with accuracy 80%. Messages:
2025-11-29 22:55:09 INFO        | Unused arguments (datawidth, instances, meshX, has_power_gating, cluster_size, reduction_supported, multiple_buffering, min_utilization, allow_overbooking, meshY, global_cycle_seconds, version, action_latency_cycles, cycle_seconds, n_instances) provided for ['SRAM', 'sram'].__init__. Arguments used: (depth, width, n_banks, technology)
2025-11-29 22:55:09 INFO        | Unused arguments (global_cycle_seconds, action_latency_cycles) provided for ['SRAM', 'sram'].update. Arguments used: ()
2025-11-29 22:55:09 INFO        | Interpolating technology between 32 and 45.
2025-11-29 22:55:09 INFO        | Calling CACTI with cache_size=2097152 n_rw_ports=1 block_size=128 tech_node_um=0.032 n_banks=2 tag_size=0 associativity=1
2025-11-29 22:55:09 INFO        | Calling CACTI with input path /home/juliana/venv_pytorch/share/accelergy/estimation_plug_ins/accelergy-cacti-plug-in/cacti_inputs_outputs/tmpntywxi7f
2025-11-29 22:55:09 INFO        | CACTI output will be written to /home/juliana/venv_pytorch/share/accelergy/estimation_plug_ins/accelergy-cacti-plug-in/cacti_inputs_outputs/tmpvf1rchhp
2025-11-29 22:55:09 INFO        | CACTI executable not found at /home/juliana/venv_pytorch/share/accelergy/estimation_plug_ins/accelergy-cacti-plug-in/cacti/cacti
2025-11-29 22:55:09 INFO        | Calling: cd /home/juliana/venv_pytorch/share/accelergy/estimation_plug_ins/accelergy-cacti-plug-in ; ./cacti -infile /home/juliana/venv_pytorch/share/accelergy/estimation_plug_ins/accelergy-cacti-plug-in/cacti_inputs_outputs/tmpntywxi7f >> /home/juliana/venv_pytorch/share/accelergy/estimation_plug_ins/accelergy-cacti-plug-in/cacti_inputs_outputs/tmpvf1rchhp 2>&1
2025-11-29 22:55:09 INFO        | Calling CACTI with cache_size=2097152 n_rw_ports=1 block_size=128 tech_node_um=0.045 n_banks=2 tag_size=0 associativity=1
2025-11-29 22:55:09 INFO        | Calling CACTI with input path /home/juliana/venv_pytorch/share/accelergy/estimation_plug_ins/accelergy-cacti-plug-in/cacti_inputs_outputs/tmpb8v4gern
2025-11-29 22:55:09 INFO        | CACTI output will be written to /home/juliana/venv_pytorch/share/accelergy/estimation_plug_ins/accelergy-cacti-plug-in/cacti_inputs_outputs/tmpwyu3uemy
2025-11-29 22:55:09 INFO        | CACTI executable not found at /home/juliana/venv_pytorch/share/accelergy/estimation_plug_ins/accelergy-cacti-plug-in/cacti/cacti
2025-11-29 22:55:09 INFO        | Calling: cd /home/juliana/venv_pytorch/share/accelergy/estimation_plug_ins/accelergy-cacti-plug-in ; ./cacti -infile /home/juliana/venv_pytorch/share/accelergy/estimation_plug_ins/accelergy-cacti-plug-in/cacti_inputs_outputs/tmpb8v4gern >> /home/juliana/venv_pytorch/share/accelergy/estimation_plug_ins/accelergy-cacti-plug-in/cacti_inputs_outputs/tmpwyu3uemy 2>&1
2025-11-29 22:55:09 INFO        | Cache bandwidth: 256.0 bytes/cycle
2025-11-29 22:55:09 INFO        | Cache bandwidth: 246824558116.45712 bits/second
2025-11-29 22:55:09 INFO        
2025-11-29 22:55:09 INFO        ENERGY ESTIMATION for regfile(depth=1, width=64, datawidth=8, has_power_gating=False, n_banks=2, cluster_size=1, reduction_supported=True, multiple_buffering=1, min_utilization=0, allow_overbooking=False, meshX=8, meshY=1, technology=40nm, global_cycle_seconds=1e-09, spatial={'meshX': 32}, version=0.4, action_latency_cycles=1, cycle_seconds=1e-09, n_instances=1).write(global_cycle_seconds=1e-09, action_latency_cycles=1)
2025-11-29 22:55:09 INFO        Aladdin_table estimated 0.009p with accuracy 70%. 
2025-11-29 22:55:09 INFO        
2025-11-29 22:55:09 INFO        ENERGY ESTIMATION for regfile(depth=1, width=64, datawidth=8, has_power_gating=False, n_banks=2, cluster_size=1, reduction_supported=True, multiple_buffering=1, min_utilization=0, allow_overbooking=False, meshX=8, meshY=1, technology=40nm, global_cycle_seconds=1e-09, spatial={'meshX': 32}, version=0.4, action_latency_cycles=1, cycle_seconds=1e-09, n_instances=1).read(global_cycle_seconds=1e-09, action_latency_cycles=1)
2025-11-29 22:55:09 INFO        Aladdin_table estimated 0.009p with accuracy 70%. 
2025-11-29 22:55:09 INFO        
2025-11-29 22:55:09 INFO        ENERGY ESTIMATION for regfile(depth=1, width=64, datawidth=8, has_power_gating=False, n_banks=2, cluster_size=1, reduction_supported=True, multiple_buffering=1, min_utilization=0, allow_overbooking=False, meshX=8, meshY=1, technology=40nm, global_cycle_seconds=1e-09, spatial={'meshX': 32}, version=0.4, action_latency_cycles=1, cycle_seconds=1e-09, n_instances=1).leak(global_cycle_seconds=1e-09, action_latency_cycles=1)
2025-11-29 22:55:09 INFO        Aladdin_table estimated 7e-05p with accuracy 70%. Messages:
2025-11-29 22:55:09 INFO        | Multiplying by n_instances 1
2025-11-29 22:55:09 INFO        
2025-11-29 22:55:09 INFO        ENERGY ESTIMATION for regfile(depth=1, width=64, datawidth=8, has_power_gating=False, n_banks=2, cluster_size=1, reduction_supported=True, multiple_buffering=1, min_utilization=0, allow_overbooking=False, meshX=8, meshY=1, technology=40nm, global_cycle_seconds=1e-09, spatial={'meshX': 32}, version=0.4, action_latency_cycles=1, cycle_seconds=1e-09, n_instances=1).update(global_cycle_seconds=1e-09, action_latency_cycles=1)
2025-11-29 22:55:09 INFO        Aladdin_table estimated 0.009p with accuracy 70%. 
2025-11-29 22:55:09 INFO        
2025-11-29 22:55:09 INFO        ENERGY ESTIMATION for intmac(width=8, datawidth=8, has_power_gating=False, meshX=64, meshY=1, technology=40nm, global_cycle_seconds=1e-09, spatial={'meshX': 32}, version=0.4, action_latency_cycles=1, cycle_seconds=1e-09, n_instances=1).compute(global_cycle_seconds=1e-09, action_latency_cycles=1)
2025-11-29 22:55:09 INFO        Aladdin_table estimated 0.845p with accuracy 70%. 
2025-11-29 22:55:09 WARNING     No action counts are specified as yaml input
2025-11-29 22:55:09 INFO        
2025-11-29 22:55:09 INFO        AREA ESTIMATION for SRAM(depth=16384, width=1024, datawidth=8, instances=1, meshX=1, has_power_gating=False, n_banks=2, cluster_size=1, reduction_supported=True, multiple_buffering=1, min_utilization=0, allow_overbooking=False, meshY=1, technology=40nm, global_cycle_seconds=1e-09, version=0.4, action_latency_cycles=1, cycle_seconds=1e-09, n_instances=1)
2025-11-29 22:55:14 INFO        CactiSRAM estimated 7.617915384615384e-06 with accuracy 80%. Messages:
2025-11-29 22:55:14 INFO        | Unused arguments (datawidth, instances, meshX, has_power_gating, cluster_size, reduction_supported, multiple_buffering, min_utilization, allow_overbooking, meshY, global_cycle_seconds, version, action_latency_cycles, cycle_seconds, n_instances) provided for ['SRAM', 'sram'].__init__. Arguments used: (depth, width, n_banks, technology)
2025-11-29 22:55:14 INFO        | Interpolating technology between 32 and 45.
2025-11-29 22:55:14 INFO        | Calling CACTI with cache_size=2097152 n_rw_ports=1 block_size=128 tech_node_um=0.032 n_banks=2 tag_size=0 associativity=1
2025-11-29 22:55:14 INFO        | Calling CACTI with input path /home/juliana/venv_pytorch/share/accelergy/estimation_plug_ins/accelergy-cacti-plug-in/cacti_inputs_outputs/tmprfygsk5w
2025-11-29 22:55:14 INFO        | CACTI output will be written to /home/juliana/venv_pytorch/share/accelergy/estimation_plug_ins/accelergy-cacti-plug-in/cacti_inputs_outputs/tmp5zqdex4_
2025-11-29 22:55:14 INFO        | CACTI executable not found at /home/juliana/venv_pytorch/share/accelergy/estimation_plug_ins/accelergy-cacti-plug-in/cacti/cacti
2025-11-29 22:55:14 INFO        | Calling: cd /home/juliana/venv_pytorch/share/accelergy/estimation_plug_ins/accelergy-cacti-plug-in ; ./cacti -infile /home/juliana/venv_pytorch/share/accelergy/estimation_plug_ins/accelergy-cacti-plug-in/cacti_inputs_outputs/tmprfygsk5w >> /home/juliana/venv_pytorch/share/accelergy/estimation_plug_ins/accelergy-cacti-plug-in/cacti_inputs_outputs/tmp5zqdex4_ 2>&1
2025-11-29 22:55:14 INFO        | Calling CACTI with cache_size=2097152 n_rw_ports=1 block_size=128 tech_node_um=0.045 n_banks=2 tag_size=0 associativity=1
2025-11-29 22:55:14 INFO        | Calling CACTI with input path /home/juliana/venv_pytorch/share/accelergy/estimation_plug_ins/accelergy-cacti-plug-in/cacti_inputs_outputs/tmpsi3f1cw6
2025-11-29 22:55:14 INFO        | CACTI output will be written to /home/juliana/venv_pytorch/share/accelergy/estimation_plug_ins/accelergy-cacti-plug-in/cacti_inputs_outputs/tmperje8yi2
2025-11-29 22:55:14 INFO        | CACTI executable not found at /home/juliana/venv_pytorch/share/accelergy/estimation_plug_ins/accelergy-cacti-plug-in/cacti/cacti
2025-11-29 22:55:14 INFO        | Calling: cd /home/juliana/venv_pytorch/share/accelergy/estimation_plug_ins/accelergy-cacti-plug-in ; ./cacti -infile /home/juliana/venv_pytorch/share/accelergy/estimation_plug_ins/accelergy-cacti-plug-in/cacti_inputs_outputs/tmpsi3f1cw6 >> /home/juliana/venv_pytorch/share/accelergy/estimation_plug_ins/accelergy-cacti-plug-in/cacti_inputs_outputs/tmperje8yi2 2>&1
2025-11-29 22:55:14 INFO        | Cache bandwidth: 256.0 bytes/cycle
2025-11-29 22:55:14 INFO        | Cache bandwidth: 246824558116.45712 bits/second
2025-11-29 22:55:14 INFO        | Multiplying by n_instances 1
2025-11-29 22:55:14 INFO        
2025-11-29 22:55:14 INFO        AREA ESTIMATION for dummy_storage(width=1, depth=1, datawidth=1, technology=-1, has_power_gating=False, n_banks=2, cluster_size=1, reduction_supported=True, multiple_buffering=1, min_utilization=0, allow_overbooking=False, meshX=1, meshY=1, global_cycle_seconds=1e-09, spatial={'meshX': 32}, version=0.4, action_latency_cycles=1, cycle_seconds=1e-09, n_instances=1)
2025-11-29 22:55:14 INFO        dummy estimated 1u^2 with accuracy 100%. Messages:
2025-11-29 22:55:14 INFO        | Multiplying by n_instances 1
2025-11-29 22:55:14 INFO        
2025-11-29 22:55:14 INFO        AREA ESTIMATION for regfile(depth=1, width=64, datawidth=8, has_power_gating=False, n_banks=2, cluster_size=1, reduction_supported=True, multiple_buffering=1, min_utilization=0, allow_overbooking=False, meshX=8, meshY=1, technology=40nm, global_cycle_seconds=1e-09, spatial={'meshX': 32}, version=0.4, action_latency_cycles=1, cycle_seconds=1e-09, n_instances=1)
2025-11-29 22:55:14 INFO        Aladdin_table estimated 5.98u^2 with accuracy 70%. Messages:
2025-11-29 22:55:14 INFO        | Multiplying by n_instances 1
2025-11-29 22:55:14 INFO        
2025-11-29 22:55:14 INFO        AREA ESTIMATION for dummy_storage(width=1, depth=1, datawidth=1, technology=-1, has_power_gating=False, n_banks=2, cluster_size=1, reduction_supported=True, multiple_buffering=1, min_utilization=0, allow_overbooking=False, meshX=8, meshY=1, global_cycle_seconds=1e-09, spatial={'meshX': 32}, version=0.4, action_latency_cycles=1, cycle_seconds=1e-09, n_instances=1)
2025-11-29 22:55:14 INFO        dummy estimated 1u^2 with accuracy 100%. Messages:
2025-11-29 22:55:14 INFO        | Multiplying by n_instances 1
2025-11-29 22:55:14 INFO        
2025-11-29 22:55:14 INFO        AREA ESTIMATION for intmac(width=8, datawidth=8, has_power_gating=False, meshX=64, meshY=1, technology=40nm, global_cycle_seconds=1e-09, spatial={'meshX': 32}, version=0.4, action_latency_cycles=1, cycle_seconds=1e-09, n_instances=1)
2025-11-29 22:55:14 INFO        Aladdin_table estimated 466.375u^2 with accuracy 70%. Messages:
2025-11-29 22:55:14 INFO        | Multiplying by n_instances 1
2025-11-29 22:55:14 INFO        flattened architecture is saved to:
2025-11-29 22:55:14 INFO        ./timeloop-mapper.flattened_architecture.yaml
2025-11-29 22:55:14 INFO        energy reference table is saved to:
2025-11-29 22:55:14 INFO        ./timeloop-mapper.ERT.yaml
2025-11-29 22:55:14 INFO        energy reference table summary is saved to:
2025-11-29 22:55:14 INFO        ./timeloop-mapper.ERT_summary.yaml
2025-11-29 22:55:14 WARNING     no runtime energy estimations are generated... not generating energy_estimation.yaml
2025-11-29 22:55:14 INFO        area reference table is saved to:
2025-11-29 22:55:14 INFO        ./timeloop-mapper.ART.yaml
2025-11-29 22:55:14 INFO        area reference table summary is saved to:
2025-11-29 22:55:14 INFO        ./timeloop-mapper.ART_summary.yaml
