2025-11-29 23:08:58 INFO            _                _                      
2025-11-29 23:08:58 INFO           / \   ___ ___ ___| | ___ _ __ __ _ _   _ 
2025-11-29 23:08:58 INFO          / _ \ / __/ __/ _ \ |/ _ \ '__/ _` | | | |
2025-11-29 23:08:58 INFO         / ___ \ (_| (_|  __/ |  __/ | | (_| | |_| |
2025-11-29 23:08:58 INFO        /_/   \_\___\___\___|_|\___|_|  \__, |\__, |
2025-11-29 23:08:58 INFO                                        |___/ |___/ 
2025-11-29 23:08:58 INFO        generating outputs according to the following specified output flags... 
2025-11-29 23:08:58 INFO         Please use the -f flag to update the preference (default to all output files)
2025-11-29 23:08:58 INFO        {'ERT': 1, 'ERT_summary': 1, 'ART': 1, 'ART_summary': 1, 'energy_estimation': 1, 'flattened_arch': 1}
2025-11-29 23:08:58 INFO        Located config file at /home/juliana/.config/accelergy/accelergy_config.yaml.
2025-11-29 23:08:58 INFO        config file located:
2025-11-29 23:08:58 INFO        /home/juliana/.config/accelergy/accelergy_config.yaml
2025-11-29 23:08:58 INFO        Parsing file /home/juliana/Topicos-Especiais-XII/trabalho_final/timeloop/dse_pe_mac_width/outputs/1_neurons_4_macs_6_width/parsed-processed-input.yaml for architecture info
2025-11-29 23:08:58 INFO        Parsing file /home/juliana/Topicos-Especiais-XII/trabalho_final/timeloop/dse_pe_mac_width/outputs/1_neurons_4_macs_6_width/parsed-processed-input.yaml for compound_components info
2025-11-29 23:08:58 WARNING     No compound component classes specified, architecture can only contain primitive components
2025-11-29 23:08:58 INFO        Adding required action "read" to class SRAM
2025-11-29 23:08:58 INFO        Adding required action "write" to class SRAM
2025-11-29 23:08:58 INFO        Adding required action "leak" to class SRAM
2025-11-29 23:08:58 INFO        Adding required action "update" to class SRAM
2025-11-29 23:08:58 INFO        Adding required action "read" to class regfile
2025-11-29 23:08:58 INFO        Adding required action "write" to class regfile
2025-11-29 23:08:58 INFO        Adding required action "leak" to class regfile
2025-11-29 23:08:58 INFO        Adding required action "update" to class regfile
2025-11-29 23:08:58 INFO        Adding required action "compute" to class intmac
2025-11-29 23:08:58 INFO        Estimator plug-in identified by: /home/juliana/venv_pytorch/share/accelergy/estimation_plug_ins/accelergy-adc-plug-in/adc.estimator.yaml
2025-11-29 23:08:58 INFO        Estimator plug-in identified by: /home/juliana/venv_pytorch/share/accelergy/estimation_plug_ins/accelergy-table-based-plug-ins/table.estimator.yaml
2025-11-29 23:08:58 INFO        Estimator plug-in identified by: /home/juliana/venv_pytorch/share/accelergy/estimation_plug_ins/accelergy-library-plugin/library.estimator.yaml
2025-11-29 23:08:58 INFO        Estimator plug-in identified by: /home/juliana/venv_pytorch/share/accelergy/estimation_plug_ins/dummy_tables/dummy.estimator.yaml
2025-11-29 23:08:58 INFO        Estimator plug-in identified by: /home/juliana/venv_pytorch/share/accelergy/estimation_plug_ins/accelergy-neurosim-plugin/neurosim.estimator.yaml
2025-11-29 23:08:58 INFO        Estimator plug-in identified by: /home/juliana/venv_pytorch/share/accelergy/estimation_plug_ins/accelergy-aladdin-plug-in/aladdin.estimator.yaml
2025-11-29 23:08:58 INFO        Estimator plug-in identified by: /home/juliana/venv_pytorch/share/accelergy/estimation_plug_ins/accelergy-cacti-plug-in/cacti.estimator.yaml
2025-11-29 23:08:58 INFO        Loading Python plug-in: /home/juliana/venv_pytorch/share/accelergy/estimation_plug_ins/accelergy-cacti-plug-in/cacti_wrapper.py. Errors below are likely due to plug-in, not Accelergy.
2025-11-29 23:08:58 INFO        Getting all estimators in module <module 'python_plug_in0' from '/home/juliana/venv_pytorch/share/accelergy/estimation_plug_ins/accelergy-cacti-plug-in/cacti_wrapper.py'>
2025-11-29 23:08:58 INFO        Added estimator CactiCache that estimates cache with actions idle, read, read_access, update, update_access, write, write_access, leak
2025-11-29 23:08:58 INFO        Added estimator CactiDRAM that estimates ['DRAM', 'dram'] with actions idle, read, update, write, leak
2025-11-29 23:08:58 INFO        Added estimator CactiSRAM that estimates ['SRAM', 'sram'] with actions idle, read, update, write, leak
2025-11-29 23:08:58 INFO        Done loading Python plug-ins.
2025-11-29 23:08:58 INFO        Found estimator plug-in: ADC Plug-In (<ADCEstimator.ADCEstimator object at 0x77090a9ff6e0>)
2025-11-29 23:08:58 INFO        Found estimator plug-in: DEPRECATED table-based-plug-ins. Use the Library plug-in instead. (<SetsOfTables.SetsOfTables object at 0x77090a9c99d0>)
2025-11-29 23:08:58 INFO        Found estimator plug-in: Library (<LibraryEstimator.LibraryEstimator object at 0x77090a9ca6c0>)
2025-11-29 23:08:58 INFO        Found estimator plug-in: dummy (<DummyTable.DummyTable object at 0x77090a9af140>)
2025-11-29 23:08:58 INFO        Found estimator plug-in: Neurosim Plug-In (<NeuroWrapper.NeuroWrapper object at 0x77090abb3e30>)
2025-11-29 23:08:58 INFO        Found estimator plug-in: Aladdin_table (<AladdinTable.AladdinTable object at 0x77090b234a40>)
2025-11-29 23:08:58 INFO        Found estimator plug-in: CactiCache (<accelergy.plug_in_interface.estimator_wrapper.EstimatorWrapper object at 0x77090a920c80>)
2025-11-29 23:08:58 INFO        Found estimator plug-in: CactiDRAM (<accelergy.plug_in_interface.estimator_wrapper.EstimatorWrapper object at 0x77090a89c140>)
2025-11-29 23:08:58 INFO        Found estimator plug-in: CactiSRAM (<accelergy.plug_in_interface.estimator_wrapper.EstimatorWrapper object at 0x77090a9cb290>)
2025-11-29 23:08:58 INFO        
2025-11-29 23:08:58 INFO        ENERGY ESTIMATION for SRAM(depth=16384, width=48, datawidth=6, instances=1, meshX=1, has_power_gating=False, n_banks=2, cluster_size=1, reduction_supported=True, multiple_buffering=1, min_utilization=0, allow_overbooking=False, meshY=1, technology=40nm, global_cycle_seconds=1e-09, version=0.4, action_latency_cycles=1, cycle_seconds=1e-09, n_instances=1).read(global_cycle_seconds=1e-09, action_latency_cycles=1)
2025-11-29 23:08:59 INFO        CactiSRAM estimated 1.9029769230769232e-11 with accuracy 80%. Messages:
2025-11-29 23:08:59 INFO        | Unused arguments (datawidth, instances, meshX, has_power_gating, cluster_size, reduction_supported, multiple_buffering, min_utilization, allow_overbooking, meshY, global_cycle_seconds, version, action_latency_cycles, cycle_seconds, n_instances) provided for ['SRAM', 'sram'].__init__. Arguments used: (depth, width, n_banks, technology)
2025-11-29 23:08:59 INFO        | Unused arguments (global_cycle_seconds, action_latency_cycles) provided for ['SRAM', 'sram'].read. Arguments used: ()
2025-11-29 23:08:59 INFO        | Interpolating technology between 32 and 45.
2025-11-29 23:08:59 INFO        | Calling CACTI with cache_size=98304 n_rw_ports=1 block_size=6 tech_node_um=0.032 n_banks=2 tag_size=0 associativity=1
2025-11-29 23:08:59 INFO        | Calling CACTI with input path /home/juliana/venv_pytorch/share/accelergy/estimation_plug_ins/accelergy-cacti-plug-in/cacti_inputs_outputs/tmpn58e2cv5
2025-11-29 23:08:59 INFO        | CACTI output will be written to /home/juliana/venv_pytorch/share/accelergy/estimation_plug_ins/accelergy-cacti-plug-in/cacti_inputs_outputs/tmp8ydhgw13
2025-11-29 23:08:59 INFO        | CACTI executable not found at /home/juliana/venv_pytorch/share/accelergy/estimation_plug_ins/accelergy-cacti-plug-in/cacti/cacti
2025-11-29 23:08:59 INFO        | Calling: cd /home/juliana/venv_pytorch/share/accelergy/estimation_plug_ins/accelergy-cacti-plug-in ; ./cacti -infile /home/juliana/venv_pytorch/share/accelergy/estimation_plug_ins/accelergy-cacti-plug-in/cacti_inputs_outputs/tmpn58e2cv5 >> /home/juliana/venv_pytorch/share/accelergy/estimation_plug_ins/accelergy-cacti-plug-in/cacti_inputs_outputs/tmp8ydhgw13 2>&1
2025-11-29 23:08:59 INFO        | Calling CACTI with cache_size=98304 n_rw_ports=1 block_size=6 tech_node_um=0.045 n_banks=2 tag_size=0 associativity=1
2025-11-29 23:08:59 INFO        | Calling CACTI with input path /home/juliana/venv_pytorch/share/accelergy/estimation_plug_ins/accelergy-cacti-plug-in/cacti_inputs_outputs/tmpp0utj1co
2025-11-29 23:08:59 INFO        | CACTI output will be written to /home/juliana/venv_pytorch/share/accelergy/estimation_plug_ins/accelergy-cacti-plug-in/cacti_inputs_outputs/tmpx1u0gvnq
2025-11-29 23:08:59 INFO        | CACTI executable not found at /home/juliana/venv_pytorch/share/accelergy/estimation_plug_ins/accelergy-cacti-plug-in/cacti/cacti
2025-11-29 23:08:59 INFO        | Calling: cd /home/juliana/venv_pytorch/share/accelergy/estimation_plug_ins/accelergy-cacti-plug-in ; ./cacti -infile /home/juliana/venv_pytorch/share/accelergy/estimation_plug_ins/accelergy-cacti-plug-in/cacti_inputs_outputs/tmpp0utj1co >> /home/juliana/venv_pytorch/share/accelergy/estimation_plug_ins/accelergy-cacti-plug-in/cacti_inputs_outputs/tmpx1u0gvnq 2>&1
2025-11-29 23:08:59 INFO        | Cache bandwidth: 12.0 bytes/cycle
2025-11-29 23:08:59 INFO        | Cache bandwidth: 77012839792.92926 bits/second
2025-11-29 23:08:59 INFO        
2025-11-29 23:08:59 INFO        ENERGY ESTIMATION for SRAM(depth=16384, width=48, datawidth=6, instances=1, meshX=1, has_power_gating=False, n_banks=2, cluster_size=1, reduction_supported=True, multiple_buffering=1, min_utilization=0, allow_overbooking=False, meshY=1, technology=40nm, global_cycle_seconds=1e-09, version=0.4, action_latency_cycles=1, cycle_seconds=1e-09, n_instances=1).write(global_cycle_seconds=1e-09, action_latency_cycles=1)
2025-11-29 23:09:01 INFO        CactiSRAM estimated 1.4991496153846158e-11 with accuracy 80%. Messages:
2025-11-29 23:09:01 INFO        | Unused arguments (datawidth, instances, meshX, has_power_gating, cluster_size, reduction_supported, multiple_buffering, min_utilization, allow_overbooking, meshY, global_cycle_seconds, version, action_latency_cycles, cycle_seconds, n_instances) provided for ['SRAM', 'sram'].__init__. Arguments used: (depth, width, n_banks, technology)
2025-11-29 23:09:01 INFO        | Unused arguments (global_cycle_seconds, action_latency_cycles) provided for ['SRAM', 'sram'].write. Arguments used: ()
2025-11-29 23:09:01 INFO        | Interpolating technology between 32 and 45.
2025-11-29 23:09:01 INFO        | Calling CACTI with cache_size=98304 n_rw_ports=1 block_size=6 tech_node_um=0.032 n_banks=2 tag_size=0 associativity=1
2025-11-29 23:09:01 INFO        | Calling CACTI with input path /home/juliana/venv_pytorch/share/accelergy/estimation_plug_ins/accelergy-cacti-plug-in/cacti_inputs_outputs/tmppndz8wae
2025-11-29 23:09:01 INFO        | CACTI output will be written to /home/juliana/venv_pytorch/share/accelergy/estimation_plug_ins/accelergy-cacti-plug-in/cacti_inputs_outputs/tmp_92lxbay
2025-11-29 23:09:01 INFO        | CACTI executable not found at /home/juliana/venv_pytorch/share/accelergy/estimation_plug_ins/accelergy-cacti-plug-in/cacti/cacti
2025-11-29 23:09:01 INFO        | Calling: cd /home/juliana/venv_pytorch/share/accelergy/estimation_plug_ins/accelergy-cacti-plug-in ; ./cacti -infile /home/juliana/venv_pytorch/share/accelergy/estimation_plug_ins/accelergy-cacti-plug-in/cacti_inputs_outputs/tmppndz8wae >> /home/juliana/venv_pytorch/share/accelergy/estimation_plug_ins/accelergy-cacti-plug-in/cacti_inputs_outputs/tmp_92lxbay 2>&1
2025-11-29 23:09:01 INFO        | Calling CACTI with cache_size=98304 n_rw_ports=1 block_size=6 tech_node_um=0.045 n_banks=2 tag_size=0 associativity=1
2025-11-29 23:09:01 INFO        | Calling CACTI with input path /home/juliana/venv_pytorch/share/accelergy/estimation_plug_ins/accelergy-cacti-plug-in/cacti_inputs_outputs/tmpkdcmfq_v
2025-11-29 23:09:01 INFO        | CACTI output will be written to /home/juliana/venv_pytorch/share/accelergy/estimation_plug_ins/accelergy-cacti-plug-in/cacti_inputs_outputs/tmpuvxxfodt
2025-11-29 23:09:01 INFO        | CACTI executable not found at /home/juliana/venv_pytorch/share/accelergy/estimation_plug_ins/accelergy-cacti-plug-in/cacti/cacti
2025-11-29 23:09:01 INFO        | Calling: cd /home/juliana/venv_pytorch/share/accelergy/estimation_plug_ins/accelergy-cacti-plug-in ; ./cacti -infile /home/juliana/venv_pytorch/share/accelergy/estimation_plug_ins/accelergy-cacti-plug-in/cacti_inputs_outputs/tmpkdcmfq_v >> /home/juliana/venv_pytorch/share/accelergy/estimation_plug_ins/accelergy-cacti-plug-in/cacti_inputs_outputs/tmpuvxxfodt 2>&1
2025-11-29 23:09:01 INFO        | Cache bandwidth: 12.0 bytes/cycle
2025-11-29 23:09:01 INFO        | Cache bandwidth: 77012839792.92926 bits/second
2025-11-29 23:09:01 INFO        
2025-11-29 23:09:01 INFO        ENERGY ESTIMATION for SRAM(depth=16384, width=48, datawidth=6, instances=1, meshX=1, has_power_gating=False, n_banks=2, cluster_size=1, reduction_supported=True, multiple_buffering=1, min_utilization=0, allow_overbooking=False, meshY=1, technology=40nm, global_cycle_seconds=1e-09, version=0.4, action_latency_cycles=1, cycle_seconds=1e-09, n_instances=1).leak(global_cycle_seconds=1e-09, action_latency_cycles=1)
2025-11-29 23:09:02 INFO        CactiSRAM estimated 3.3224123076923076e-15 with accuracy 80%. Messages:
2025-11-29 23:09:02 INFO        | Unused arguments (datawidth, instances, meshX, has_power_gating, cluster_size, reduction_supported, multiple_buffering, min_utilization, allow_overbooking, meshY, global_cycle_seconds, version, action_latency_cycles, cycle_seconds, n_instances) provided for ['SRAM', 'sram'].__init__. Arguments used: (depth, width, n_banks, technology)
2025-11-29 23:09:02 INFO        | Unused arguments (action_latency_cycles) provided for ['SRAM', 'sram'].leak. Arguments used: (global_cycle_seconds)
2025-11-29 23:09:02 INFO        | Interpolating technology between 32 and 45.
2025-11-29 23:09:02 INFO        | Calling CACTI with cache_size=98304 n_rw_ports=1 block_size=6 tech_node_um=0.032 n_banks=2 tag_size=0 associativity=1
2025-11-29 23:09:02 INFO        | Calling CACTI with input path /home/juliana/venv_pytorch/share/accelergy/estimation_plug_ins/accelergy-cacti-plug-in/cacti_inputs_outputs/tmpny662qpg
2025-11-29 23:09:02 INFO        | CACTI output will be written to /home/juliana/venv_pytorch/share/accelergy/estimation_plug_ins/accelergy-cacti-plug-in/cacti_inputs_outputs/tmp9wh_doh5
2025-11-29 23:09:02 INFO        | CACTI executable not found at /home/juliana/venv_pytorch/share/accelergy/estimation_plug_ins/accelergy-cacti-plug-in/cacti/cacti
2025-11-29 23:09:02 INFO        | Calling: cd /home/juliana/venv_pytorch/share/accelergy/estimation_plug_ins/accelergy-cacti-plug-in ; ./cacti -infile /home/juliana/venv_pytorch/share/accelergy/estimation_plug_ins/accelergy-cacti-plug-in/cacti_inputs_outputs/tmpny662qpg >> /home/juliana/venv_pytorch/share/accelergy/estimation_plug_ins/accelergy-cacti-plug-in/cacti_inputs_outputs/tmp9wh_doh5 2>&1
2025-11-29 23:09:02 INFO        | Calling CACTI with cache_size=98304 n_rw_ports=1 block_size=6 tech_node_um=0.045 n_banks=2 tag_size=0 associativity=1
2025-11-29 23:09:02 INFO        | Calling CACTI with input path /home/juliana/venv_pytorch/share/accelergy/estimation_plug_ins/accelergy-cacti-plug-in/cacti_inputs_outputs/tmpc37zvklh
2025-11-29 23:09:02 INFO        | CACTI output will be written to /home/juliana/venv_pytorch/share/accelergy/estimation_plug_ins/accelergy-cacti-plug-in/cacti_inputs_outputs/tmp7elbxi11
2025-11-29 23:09:02 INFO        | CACTI executable not found at /home/juliana/venv_pytorch/share/accelergy/estimation_plug_ins/accelergy-cacti-plug-in/cacti/cacti
2025-11-29 23:09:02 INFO        | Calling: cd /home/juliana/venv_pytorch/share/accelergy/estimation_plug_ins/accelergy-cacti-plug-in ; ./cacti -infile /home/juliana/venv_pytorch/share/accelergy/estimation_plug_ins/accelergy-cacti-plug-in/cacti_inputs_outputs/tmpc37zvklh >> /home/juliana/venv_pytorch/share/accelergy/estimation_plug_ins/accelergy-cacti-plug-in/cacti_inputs_outputs/tmp7elbxi11 2>&1
2025-11-29 23:09:02 INFO        | Cache bandwidth: 12.0 bytes/cycle
2025-11-29 23:09:02 INFO        | Cache bandwidth: 77012839792.92926 bits/second
2025-11-29 23:09:02 INFO        | Global cycle time 1e-09 is less than the cache's random cycle time 1.2465453846153846e-09
2025-11-29 23:09:02 INFO        | Multiplying by n_instances 1
2025-11-29 23:09:02 INFO        
2025-11-29 23:09:02 INFO        ENERGY ESTIMATION for SRAM(depth=16384, width=48, datawidth=6, instances=1, meshX=1, has_power_gating=False, n_banks=2, cluster_size=1, reduction_supported=True, multiple_buffering=1, min_utilization=0, allow_overbooking=False, meshY=1, technology=40nm, global_cycle_seconds=1e-09, version=0.4, action_latency_cycles=1, cycle_seconds=1e-09, n_instances=1).update(global_cycle_seconds=1e-09, action_latency_cycles=1)
2025-11-29 23:09:03 INFO        CactiSRAM estimated 1.4991496153846158e-11 with accuracy 80%. Messages:
2025-11-29 23:09:03 INFO        | Unused arguments (datawidth, instances, meshX, has_power_gating, cluster_size, reduction_supported, multiple_buffering, min_utilization, allow_overbooking, meshY, global_cycle_seconds, version, action_latency_cycles, cycle_seconds, n_instances) provided for ['SRAM', 'sram'].__init__. Arguments used: (depth, width, n_banks, technology)
2025-11-29 23:09:03 INFO        | Unused arguments (global_cycle_seconds, action_latency_cycles) provided for ['SRAM', 'sram'].update. Arguments used: ()
2025-11-29 23:09:03 INFO        | Interpolating technology between 32 and 45.
2025-11-29 23:09:03 INFO        | Calling CACTI with cache_size=98304 n_rw_ports=1 block_size=6 tech_node_um=0.032 n_banks=2 tag_size=0 associativity=1
2025-11-29 23:09:03 INFO        | Calling CACTI with input path /home/juliana/venv_pytorch/share/accelergy/estimation_plug_ins/accelergy-cacti-plug-in/cacti_inputs_outputs/tmphxb99pxl
2025-11-29 23:09:03 INFO        | CACTI output will be written to /home/juliana/venv_pytorch/share/accelergy/estimation_plug_ins/accelergy-cacti-plug-in/cacti_inputs_outputs/tmpnkgpq2ub
2025-11-29 23:09:03 INFO        | CACTI executable not found at /home/juliana/venv_pytorch/share/accelergy/estimation_plug_ins/accelergy-cacti-plug-in/cacti/cacti
2025-11-29 23:09:03 INFO        | Calling: cd /home/juliana/venv_pytorch/share/accelergy/estimation_plug_ins/accelergy-cacti-plug-in ; ./cacti -infile /home/juliana/venv_pytorch/share/accelergy/estimation_plug_ins/accelergy-cacti-plug-in/cacti_inputs_outputs/tmphxb99pxl >> /home/juliana/venv_pytorch/share/accelergy/estimation_plug_ins/accelergy-cacti-plug-in/cacti_inputs_outputs/tmpnkgpq2ub 2>&1
2025-11-29 23:09:03 INFO        | Calling CACTI with cache_size=98304 n_rw_ports=1 block_size=6 tech_node_um=0.045 n_banks=2 tag_size=0 associativity=1
2025-11-29 23:09:03 INFO        | Calling CACTI with input path /home/juliana/venv_pytorch/share/accelergy/estimation_plug_ins/accelergy-cacti-plug-in/cacti_inputs_outputs/tmpngnfrhh3
2025-11-29 23:09:03 INFO        | CACTI output will be written to /home/juliana/venv_pytorch/share/accelergy/estimation_plug_ins/accelergy-cacti-plug-in/cacti_inputs_outputs/tmplchq3fyy
2025-11-29 23:09:03 INFO        | CACTI executable not found at /home/juliana/venv_pytorch/share/accelergy/estimation_plug_ins/accelergy-cacti-plug-in/cacti/cacti
2025-11-29 23:09:03 INFO        | Calling: cd /home/juliana/venv_pytorch/share/accelergy/estimation_plug_ins/accelergy-cacti-plug-in ; ./cacti -infile /home/juliana/venv_pytorch/share/accelergy/estimation_plug_ins/accelergy-cacti-plug-in/cacti_inputs_outputs/tmpngnfrhh3 >> /home/juliana/venv_pytorch/share/accelergy/estimation_plug_ins/accelergy-cacti-plug-in/cacti_inputs_outputs/tmplchq3fyy 2>&1
2025-11-29 23:09:03 INFO        | Cache bandwidth: 12.0 bytes/cycle
2025-11-29 23:09:03 INFO        | Cache bandwidth: 77012839792.92926 bits/second
2025-11-29 23:09:03 INFO        
2025-11-29 23:09:03 INFO        ENERGY ESTIMATION for regfile(depth=1, width=24, datawidth=6, has_power_gating=False, n_banks=2, cluster_size=1, reduction_supported=True, multiple_buffering=1, min_utilization=0, allow_overbooking=False, meshX=1, meshY=1, technology=40nm, global_cycle_seconds=1e-09, spatial={'meshX': 32}, version=0.4, action_latency_cycles=1, cycle_seconds=1e-09, n_instances=1).read(global_cycle_seconds=1e-09, action_latency_cycles=1)
2025-11-29 23:09:03 INFO        Aladdin_table estimated 0.009p with accuracy 70%. 
2025-11-29 23:09:03 INFO        
2025-11-29 23:09:03 INFO        ENERGY ESTIMATION for regfile(depth=1, width=24, datawidth=6, has_power_gating=False, n_banks=2, cluster_size=1, reduction_supported=True, multiple_buffering=1, min_utilization=0, allow_overbooking=False, meshX=1, meshY=1, technology=40nm, global_cycle_seconds=1e-09, spatial={'meshX': 32}, version=0.4, action_latency_cycles=1, cycle_seconds=1e-09, n_instances=1).write(global_cycle_seconds=1e-09, action_latency_cycles=1)
2025-11-29 23:09:03 INFO        Aladdin_table estimated 0.009p with accuracy 70%. 
2025-11-29 23:09:03 INFO        
2025-11-29 23:09:03 INFO        ENERGY ESTIMATION for regfile(depth=1, width=24, datawidth=6, has_power_gating=False, n_banks=2, cluster_size=1, reduction_supported=True, multiple_buffering=1, min_utilization=0, allow_overbooking=False, meshX=1, meshY=1, technology=40nm, global_cycle_seconds=1e-09, spatial={'meshX': 32}, version=0.4, action_latency_cycles=1, cycle_seconds=1e-09, n_instances=1).leak(global_cycle_seconds=1e-09, action_latency_cycles=1)
2025-11-29 23:09:03 INFO        Aladdin_table estimated 7e-05p with accuracy 70%. Messages:
2025-11-29 23:09:03 INFO        | Multiplying by n_instances 1
2025-11-29 23:09:03 INFO        
2025-11-29 23:09:03 INFO        ENERGY ESTIMATION for regfile(depth=1, width=24, datawidth=6, has_power_gating=False, n_banks=2, cluster_size=1, reduction_supported=True, multiple_buffering=1, min_utilization=0, allow_overbooking=False, meshX=1, meshY=1, technology=40nm, global_cycle_seconds=1e-09, spatial={'meshX': 32}, version=0.4, action_latency_cycles=1, cycle_seconds=1e-09, n_instances=1).update(global_cycle_seconds=1e-09, action_latency_cycles=1)
2025-11-29 23:09:03 INFO        Aladdin_table estimated 0.009p with accuracy 70%. 
2025-11-29 23:09:03 INFO        
2025-11-29 23:09:03 INFO        ENERGY ESTIMATION for intmac(width=6, datawidth=6, has_power_gating=False, meshX=4, meshY=1, technology=40nm, global_cycle_seconds=1e-09, spatial={'meshX': 32}, version=0.4, action_latency_cycles=1, cycle_seconds=1e-09, n_instances=1).compute(global_cycle_seconds=1e-09, action_latency_cycles=1)
2025-11-29 23:09:03 INFO        Aladdin_table estimated 0.48515625p with accuracy 70%. 
2025-11-29 23:09:03 WARNING     No action counts are specified as yaml input
2025-11-29 23:09:03 INFO        
2025-11-29 23:09:03 INFO        AREA ESTIMATION for SRAM(depth=16384, width=48, datawidth=6, instances=1, meshX=1, has_power_gating=False, n_banks=2, cluster_size=1, reduction_supported=True, multiple_buffering=1, min_utilization=0, allow_overbooking=False, meshY=1, technology=40nm, global_cycle_seconds=1e-09, version=0.4, action_latency_cycles=1, cycle_seconds=1e-09, n_instances=1)
2025-11-29 23:09:04 INFO        CactiSRAM estimated 2.664632307692308e-07 with accuracy 80%. Messages:
2025-11-29 23:09:04 INFO        | Unused arguments (datawidth, instances, meshX, has_power_gating, cluster_size, reduction_supported, multiple_buffering, min_utilization, allow_overbooking, meshY, global_cycle_seconds, version, action_latency_cycles, cycle_seconds, n_instances) provided for ['SRAM', 'sram'].__init__. Arguments used: (depth, width, n_banks, technology)
2025-11-29 23:09:04 INFO        | Interpolating technology between 32 and 45.
2025-11-29 23:09:04 INFO        | Calling CACTI with cache_size=98304 n_rw_ports=1 block_size=6 tech_node_um=0.032 n_banks=2 tag_size=0 associativity=1
2025-11-29 23:09:04 INFO        | Calling CACTI with input path /home/juliana/venv_pytorch/share/accelergy/estimation_plug_ins/accelergy-cacti-plug-in/cacti_inputs_outputs/tmpsr77q25u
2025-11-29 23:09:04 INFO        | CACTI output will be written to /home/juliana/venv_pytorch/share/accelergy/estimation_plug_ins/accelergy-cacti-plug-in/cacti_inputs_outputs/tmpbsydkv_d
2025-11-29 23:09:04 INFO        | CACTI executable not found at /home/juliana/venv_pytorch/share/accelergy/estimation_plug_ins/accelergy-cacti-plug-in/cacti/cacti
2025-11-29 23:09:04 INFO        | Calling: cd /home/juliana/venv_pytorch/share/accelergy/estimation_plug_ins/accelergy-cacti-plug-in ; ./cacti -infile /home/juliana/venv_pytorch/share/accelergy/estimation_plug_ins/accelergy-cacti-plug-in/cacti_inputs_outputs/tmpsr77q25u >> /home/juliana/venv_pytorch/share/accelergy/estimation_plug_ins/accelergy-cacti-plug-in/cacti_inputs_outputs/tmpbsydkv_d 2>&1
2025-11-29 23:09:04 INFO        | Calling CACTI with cache_size=98304 n_rw_ports=1 block_size=6 tech_node_um=0.045 n_banks=2 tag_size=0 associativity=1
2025-11-29 23:09:04 INFO        | Calling CACTI with input path /home/juliana/venv_pytorch/share/accelergy/estimation_plug_ins/accelergy-cacti-plug-in/cacti_inputs_outputs/tmpgshb61mz
2025-11-29 23:09:04 INFO        | CACTI output will be written to /home/juliana/venv_pytorch/share/accelergy/estimation_plug_ins/accelergy-cacti-plug-in/cacti_inputs_outputs/tmpg_jtp0_t
2025-11-29 23:09:04 INFO        | CACTI executable not found at /home/juliana/venv_pytorch/share/accelergy/estimation_plug_ins/accelergy-cacti-plug-in/cacti/cacti
2025-11-29 23:09:04 INFO        | Calling: cd /home/juliana/venv_pytorch/share/accelergy/estimation_plug_ins/accelergy-cacti-plug-in ; ./cacti -infile /home/juliana/venv_pytorch/share/accelergy/estimation_plug_ins/accelergy-cacti-plug-in/cacti_inputs_outputs/tmpgshb61mz >> /home/juliana/venv_pytorch/share/accelergy/estimation_plug_ins/accelergy-cacti-plug-in/cacti_inputs_outputs/tmpg_jtp0_t 2>&1
2025-11-29 23:09:04 INFO        | Cache bandwidth: 12.0 bytes/cycle
2025-11-29 23:09:04 INFO        | Cache bandwidth: 77012839792.92926 bits/second
2025-11-29 23:09:04 INFO        | Multiplying by n_instances 1
2025-11-29 23:09:04 INFO        
2025-11-29 23:09:04 INFO        AREA ESTIMATION for regfile(depth=1, width=24, datawidth=6, has_power_gating=False, n_banks=2, cluster_size=1, reduction_supported=True, multiple_buffering=1, min_utilization=0, allow_overbooking=False, meshX=1, meshY=1, technology=40nm, global_cycle_seconds=1e-09, spatial={'meshX': 32}, version=0.4, action_latency_cycles=1, cycle_seconds=1e-09, n_instances=1)
2025-11-29 23:09:04 INFO        Aladdin_table estimated 5.98u^2 with accuracy 70%. Messages:
2025-11-29 23:09:04 INFO        | Multiplying by n_instances 1
2025-11-29 23:09:04 INFO        
2025-11-29 23:09:04 INFO        AREA ESTIMATION for dummy_storage(width=1, depth=1, datawidth=1, technology=-1, has_power_gating=False, n_banks=2, cluster_size=1, reduction_supported=True, multiple_buffering=1, min_utilization=0, allow_overbooking=False, meshX=1, meshY=1, global_cycle_seconds=1e-09, spatial={'meshX': 32}, version=0.4, action_latency_cycles=1, cycle_seconds=1e-09, n_instances=1)
2025-11-29 23:09:04 INFO        dummy estimated 1u^2 with accuracy 100%. Messages:
2025-11-29 23:09:04 INFO        | Multiplying by n_instances 1
2025-11-29 23:09:04 INFO        
2025-11-29 23:09:04 INFO        AREA ESTIMATION for intmac(width=6, datawidth=6, has_power_gating=False, meshX=4, meshY=1, technology=40nm, global_cycle_seconds=1e-09, spatial={'meshX': 32}, version=0.4, action_latency_cycles=1, cycle_seconds=1e-09, n_instances=1)
2025-11-29 23:09:04 INFO        Aladdin_table estimated 275.3671875u^2 with accuracy 70%. Messages:
2025-11-29 23:09:04 INFO        | Multiplying by n_instances 1
2025-11-29 23:09:04 INFO        flattened architecture is saved to:
2025-11-29 23:09:04 INFO        ./timeloop-mapper.flattened_architecture.yaml
2025-11-29 23:09:04 INFO        energy reference table is saved to:
2025-11-29 23:09:04 INFO        ./timeloop-mapper.ERT.yaml
2025-11-29 23:09:04 INFO        energy reference table summary is saved to:
2025-11-29 23:09:04 INFO        ./timeloop-mapper.ERT_summary.yaml
2025-11-29 23:09:04 WARNING     no runtime energy estimations are generated... not generating energy_estimation.yaml
2025-11-29 23:09:04 INFO        area reference table is saved to:
2025-11-29 23:09:04 INFO        ./timeloop-mapper.ART.yaml
2025-11-29 23:09:04 INFO        area reference table summary is saved to:
2025-11-29 23:09:04 INFO        ./timeloop-mapper.ART_summary.yaml
