2025-12-03 16:09:24 INFO            _                _                      
2025-12-03 16:09:24 INFO           / \   ___ ___ ___| | ___ _ __ __ _ _   _ 
2025-12-03 16:09:24 INFO          / _ \ / __/ __/ _ \ |/ _ \ '__/ _` | | | |
2025-12-03 16:09:24 INFO         / ___ \ (_| (_|  __/ |  __/ | | (_| | |_| |
2025-12-03 16:09:24 INFO        /_/   \_\___\___\___|_|\___|_|  \__, |\__, |
2025-12-03 16:09:24 INFO                                        |___/ |___/ 
2025-12-03 16:09:24 INFO        generating outputs according to the following specified output flags... 
2025-12-03 16:09:24 INFO         Please use the -f flag to update the preference (default to all output files)
2025-12-03 16:09:24 INFO        {'ERT': 1, 'ERT_summary': 1, 'ART': 1, 'ART_summary': 1, 'energy_estimation': 1, 'flattened_arch': 1}
2025-12-03 16:09:24 INFO        Located config file at /home/juliana/.config/accelergy/accelergy_config.yaml.
2025-12-03 16:09:24 INFO        config file located:
2025-12-03 16:09:24 INFO        /home/juliana/.config/accelergy/accelergy_config.yaml
2025-12-03 16:09:24 INFO        Parsing file /home/juliana/Topicos-Especiais-XII/trabalho_final/timeloop/dse_pe_mac_width/outputs/2_neurons_2_macs_4_width/parsed-processed-input.yaml for architecture info
2025-12-03 16:09:24 INFO        Parsing file /home/juliana/Topicos-Especiais-XII/trabalho_final/timeloop/dse_pe_mac_width/outputs/2_neurons_2_macs_4_width/parsed-processed-input.yaml for compound_components info
2025-12-03 16:09:24 WARNING     No compound component classes specified, architecture can only contain primitive components
2025-12-03 16:09:24 INFO        Adding required action "write" to class SRAM
2025-12-03 16:09:24 INFO        Adding required action "read" to class SRAM
2025-12-03 16:09:24 INFO        Adding required action "update" to class SRAM
2025-12-03 16:09:24 INFO        Adding required action "leak" to class SRAM
2025-12-03 16:09:24 INFO        Adding required action "write" to class regfile
2025-12-03 16:09:24 INFO        Adding required action "read" to class regfile
2025-12-03 16:09:24 INFO        Adding required action "update" to class regfile
2025-12-03 16:09:24 INFO        Adding required action "leak" to class regfile
2025-12-03 16:09:24 INFO        Adding required action "compute" to class intmac
2025-12-03 16:09:24 INFO        Estimator plug-in identified by: /home/juliana/venv_pytorch/share/accelergy/estimation_plug_ins/accelergy-adc-plug-in/adc.estimator.yaml
2025-12-03 16:09:24 INFO        Estimator plug-in identified by: /home/juliana/venv_pytorch/share/accelergy/estimation_plug_ins/accelergy-table-based-plug-ins/table.estimator.yaml
2025-12-03 16:09:24 INFO        Estimator plug-in identified by: /home/juliana/venv_pytorch/share/accelergy/estimation_plug_ins/accelergy-library-plugin/library.estimator.yaml
2025-12-03 16:09:24 INFO        Estimator plug-in identified by: /home/juliana/venv_pytorch/share/accelergy/estimation_plug_ins/dummy_tables/dummy.estimator.yaml
2025-12-03 16:09:24 INFO        Estimator plug-in identified by: /home/juliana/venv_pytorch/share/accelergy/estimation_plug_ins/accelergy-neurosim-plugin/neurosim.estimator.yaml
2025-12-03 16:09:24 INFO        Estimator plug-in identified by: /home/juliana/venv_pytorch/share/accelergy/estimation_plug_ins/accelergy-aladdin-plug-in/aladdin.estimator.yaml
2025-12-03 16:09:24 INFO        Estimator plug-in identified by: /home/juliana/venv_pytorch/share/accelergy/estimation_plug_ins/accelergy-cacti-plug-in/cacti.estimator.yaml
2025-12-03 16:09:24 INFO        Loading Python plug-in: /home/juliana/venv_pytorch/share/accelergy/estimation_plug_ins/accelergy-cacti-plug-in/cacti_wrapper.py. Errors below are likely due to plug-in, not Accelergy.
2025-12-03 16:09:24 INFO        Getting all estimators in module <module 'python_plug_in0' from '/home/juliana/venv_pytorch/share/accelergy/estimation_plug_ins/accelergy-cacti-plug-in/cacti_wrapper.py'>
2025-12-03 16:09:24 INFO        Added estimator CactiCache that estimates cache with actions idle, read, read_access, update, update_access, write, write_access, leak
2025-12-03 16:09:24 INFO        Added estimator CactiDRAM that estimates ['DRAM', 'dram'] with actions idle, read, update, write, leak
2025-12-03 16:09:24 INFO        Added estimator CactiSRAM that estimates ['SRAM', 'sram'] with actions idle, read, update, write, leak
2025-12-03 16:09:24 INFO        Done loading Python plug-ins.
2025-12-03 16:09:24 INFO        Found estimator plug-in: ADC Plug-In (<ADCEstimator.ADCEstimator object at 0x7722300cbad0>)
2025-12-03 16:09:24 INFO        Found estimator plug-in: DEPRECATED table-based-plug-ins. Use the Library plug-in instead. (<SetsOfTables.SetsOfTables object at 0x7722300c87d0>)
2025-12-03 16:09:24 INFO        Found estimator plug-in: Library (<LibraryEstimator.LibraryEstimator object at 0x7722300caf30>)
2025-12-03 16:09:24 INFO        Found estimator plug-in: dummy (<DummyTable.DummyTable object at 0x7722300fdd00>)
2025-12-03 16:09:24 INFO        Found estimator plug-in: Neurosim Plug-In (<NeuroWrapper.NeuroWrapper object at 0x7722300fd310>)
2025-12-03 16:09:24 INFO        Found estimator plug-in: Aladdin_table (<AladdinTable.AladdinTable object at 0x77222ff98f50>)
2025-12-03 16:09:24 INFO        Found estimator plug-in: CactiCache (<accelergy.plug_in_interface.estimator_wrapper.EstimatorWrapper object at 0x7722300d0920>)
2025-12-03 16:09:24 INFO        Found estimator plug-in: CactiDRAM (<accelergy.plug_in_interface.estimator_wrapper.EstimatorWrapper object at 0x7722300d39b0>)
2025-12-03 16:09:24 INFO        Found estimator plug-in: CactiSRAM (<accelergy.plug_in_interface.estimator_wrapper.EstimatorWrapper object at 0x7722300ffdd0>)
2025-12-03 16:09:24 INFO        
2025-12-03 16:09:24 INFO        ENERGY ESTIMATION for SRAM(depth=16384, width=32, datawidth=4, instances=1, meshX=1, has_power_gating=False, n_banks=2, cluster_size=1, reduction_supported=True, multiple_buffering=1, min_utilization=0, allow_overbooking=False, meshY=1, technology=40nm, global_cycle_seconds=1e-09, version=0.4, action_latency_cycles=1, cycle_seconds=1e-09, n_instances=1).write(global_cycle_seconds=1e-09, action_latency_cycles=1)
2025-12-03 16:09:25 INFO        CactiSRAM estimated 1.0405719230769232e-11 with accuracy 80%. Messages:
2025-12-03 16:09:25 INFO        | Unused arguments (datawidth, instances, meshX, has_power_gating, cluster_size, reduction_supported, multiple_buffering, min_utilization, allow_overbooking, meshY, global_cycle_seconds, version, action_latency_cycles, cycle_seconds, n_instances) provided for ['SRAM', 'sram'].__init__. Arguments used: (depth, width, n_banks, technology)
2025-12-03 16:09:25 INFO        | Unused arguments (global_cycle_seconds, action_latency_cycles) provided for ['SRAM', 'sram'].write. Arguments used: ()
2025-12-03 16:09:25 INFO        | Interpolating technology between 32 and 45.
2025-12-03 16:09:25 INFO        | Calling CACTI with cache_size=65536 n_rw_ports=1 block_size=4 tech_node_um=0.032 n_banks=2 tag_size=0 associativity=1
2025-12-03 16:09:25 INFO        | Calling CACTI with input path /home/juliana/venv_pytorch/share/accelergy/estimation_plug_ins/accelergy-cacti-plug-in/cacti_inputs_outputs/tmph_k89iza
2025-12-03 16:09:25 INFO        | CACTI output will be written to /home/juliana/venv_pytorch/share/accelergy/estimation_plug_ins/accelergy-cacti-plug-in/cacti_inputs_outputs/tmp5pu5btbc
2025-12-03 16:09:25 INFO        | CACTI executable not found at /home/juliana/venv_pytorch/share/accelergy/estimation_plug_ins/accelergy-cacti-plug-in/cacti/cacti
2025-12-03 16:09:25 INFO        | Calling: cd /home/juliana/venv_pytorch/share/accelergy/estimation_plug_ins/accelergy-cacti-plug-in ; ./cacti -infile /home/juliana/venv_pytorch/share/accelergy/estimation_plug_ins/accelergy-cacti-plug-in/cacti_inputs_outputs/tmph_k89iza >> /home/juliana/venv_pytorch/share/accelergy/estimation_plug_ins/accelergy-cacti-plug-in/cacti_inputs_outputs/tmp5pu5btbc 2>&1
2025-12-03 16:09:25 INFO        | Calling CACTI with cache_size=65536 n_rw_ports=1 block_size=4 tech_node_um=0.045 n_banks=2 tag_size=0 associativity=1
2025-12-03 16:09:25 INFO        | Calling CACTI with input path /home/juliana/venv_pytorch/share/accelergy/estimation_plug_ins/accelergy-cacti-plug-in/cacti_inputs_outputs/tmpe8h36sms
2025-12-03 16:09:25 INFO        | CACTI output will be written to /home/juliana/venv_pytorch/share/accelergy/estimation_plug_ins/accelergy-cacti-plug-in/cacti_inputs_outputs/tmpzaynsdlx
2025-12-03 16:09:25 INFO        | CACTI executable not found at /home/juliana/venv_pytorch/share/accelergy/estimation_plug_ins/accelergy-cacti-plug-in/cacti/cacti
2025-12-03 16:09:25 INFO        | Calling: cd /home/juliana/venv_pytorch/share/accelergy/estimation_plug_ins/accelergy-cacti-plug-in ; ./cacti -infile /home/juliana/venv_pytorch/share/accelergy/estimation_plug_ins/accelergy-cacti-plug-in/cacti_inputs_outputs/tmpe8h36sms >> /home/juliana/venv_pytorch/share/accelergy/estimation_plug_ins/accelergy-cacti-plug-in/cacti_inputs_outputs/tmpzaynsdlx 2>&1
2025-12-03 16:09:25 INFO        | Cache bandwidth: 8.0 bytes/cycle
2025-12-03 16:09:25 INFO        | Cache bandwidth: 43380328689.41353 bits/second
2025-12-03 16:09:25 INFO        
2025-12-03 16:09:25 INFO        ENERGY ESTIMATION for SRAM(depth=16384, width=32, datawidth=4, instances=1, meshX=1, has_power_gating=False, n_banks=2, cluster_size=1, reduction_supported=True, multiple_buffering=1, min_utilization=0, allow_overbooking=False, meshY=1, technology=40nm, global_cycle_seconds=1e-09, version=0.4, action_latency_cycles=1, cycle_seconds=1e-09, n_instances=1).read(global_cycle_seconds=1e-09, action_latency_cycles=1)
2025-12-03 16:09:26 INFO        CactiSRAM estimated 1.6626626923076923e-11 with accuracy 80%. Messages:
2025-12-03 16:09:26 INFO        | Unused arguments (datawidth, instances, meshX, has_power_gating, cluster_size, reduction_supported, multiple_buffering, min_utilization, allow_overbooking, meshY, global_cycle_seconds, version, action_latency_cycles, cycle_seconds, n_instances) provided for ['SRAM', 'sram'].__init__. Arguments used: (depth, width, n_banks, technology)
2025-12-03 16:09:26 INFO        | Unused arguments (global_cycle_seconds, action_latency_cycles) provided for ['SRAM', 'sram'].read. Arguments used: ()
2025-12-03 16:09:26 INFO        | Interpolating technology between 32 and 45.
2025-12-03 16:09:26 INFO        | Calling CACTI with cache_size=65536 n_rw_ports=1 block_size=4 tech_node_um=0.032 n_banks=2 tag_size=0 associativity=1
2025-12-03 16:09:26 INFO        | Calling CACTI with input path /home/juliana/venv_pytorch/share/accelergy/estimation_plug_ins/accelergy-cacti-plug-in/cacti_inputs_outputs/tmpzfpzja7t
2025-12-03 16:09:26 INFO        | CACTI output will be written to /home/juliana/venv_pytorch/share/accelergy/estimation_plug_ins/accelergy-cacti-plug-in/cacti_inputs_outputs/tmphvo4_74d
2025-12-03 16:09:26 INFO        | CACTI executable not found at /home/juliana/venv_pytorch/share/accelergy/estimation_plug_ins/accelergy-cacti-plug-in/cacti/cacti
2025-12-03 16:09:26 INFO        | Calling: cd /home/juliana/venv_pytorch/share/accelergy/estimation_plug_ins/accelergy-cacti-plug-in ; ./cacti -infile /home/juliana/venv_pytorch/share/accelergy/estimation_plug_ins/accelergy-cacti-plug-in/cacti_inputs_outputs/tmpzfpzja7t >> /home/juliana/venv_pytorch/share/accelergy/estimation_plug_ins/accelergy-cacti-plug-in/cacti_inputs_outputs/tmphvo4_74d 2>&1
2025-12-03 16:09:26 INFO        | Calling CACTI with cache_size=65536 n_rw_ports=1 block_size=4 tech_node_um=0.045 n_banks=2 tag_size=0 associativity=1
2025-12-03 16:09:26 INFO        | Calling CACTI with input path /home/juliana/venv_pytorch/share/accelergy/estimation_plug_ins/accelergy-cacti-plug-in/cacti_inputs_outputs/tmp_1_nk8n6
2025-12-03 16:09:26 INFO        | CACTI output will be written to /home/juliana/venv_pytorch/share/accelergy/estimation_plug_ins/accelergy-cacti-plug-in/cacti_inputs_outputs/tmpmgwc8512
2025-12-03 16:09:26 INFO        | CACTI executable not found at /home/juliana/venv_pytorch/share/accelergy/estimation_plug_ins/accelergy-cacti-plug-in/cacti/cacti
2025-12-03 16:09:26 INFO        | Calling: cd /home/juliana/venv_pytorch/share/accelergy/estimation_plug_ins/accelergy-cacti-plug-in ; ./cacti -infile /home/juliana/venv_pytorch/share/accelergy/estimation_plug_ins/accelergy-cacti-plug-in/cacti_inputs_outputs/tmp_1_nk8n6 >> /home/juliana/venv_pytorch/share/accelergy/estimation_plug_ins/accelergy-cacti-plug-in/cacti_inputs_outputs/tmpmgwc8512 2>&1
2025-12-03 16:09:26 INFO        | Cache bandwidth: 8.0 bytes/cycle
2025-12-03 16:09:26 INFO        | Cache bandwidth: 43380328689.41353 bits/second
2025-12-03 16:09:26 INFO        
2025-12-03 16:09:26 INFO        ENERGY ESTIMATION for SRAM(depth=16384, width=32, datawidth=4, instances=1, meshX=1, has_power_gating=False, n_banks=2, cluster_size=1, reduction_supported=True, multiple_buffering=1, min_utilization=0, allow_overbooking=False, meshY=1, technology=40nm, global_cycle_seconds=1e-09, version=0.4, action_latency_cycles=1, cycle_seconds=1e-09, n_instances=1).update(global_cycle_seconds=1e-09, action_latency_cycles=1)
2025-12-03 16:09:27 INFO        CactiSRAM estimated 1.0405719230769232e-11 with accuracy 80%. Messages:
2025-12-03 16:09:27 INFO        | Unused arguments (datawidth, instances, meshX, has_power_gating, cluster_size, reduction_supported, multiple_buffering, min_utilization, allow_overbooking, meshY, global_cycle_seconds, version, action_latency_cycles, cycle_seconds, n_instances) provided for ['SRAM', 'sram'].__init__. Arguments used: (depth, width, n_banks, technology)
2025-12-03 16:09:27 INFO        | Unused arguments (global_cycle_seconds, action_latency_cycles) provided for ['SRAM', 'sram'].update. Arguments used: ()
2025-12-03 16:09:27 INFO        | Interpolating technology between 32 and 45.
2025-12-03 16:09:27 INFO        | Calling CACTI with cache_size=65536 n_rw_ports=1 block_size=4 tech_node_um=0.032 n_banks=2 tag_size=0 associativity=1
2025-12-03 16:09:27 INFO        | Calling CACTI with input path /home/juliana/venv_pytorch/share/accelergy/estimation_plug_ins/accelergy-cacti-plug-in/cacti_inputs_outputs/tmpy1je29_7
2025-12-03 16:09:27 INFO        | CACTI output will be written to /home/juliana/venv_pytorch/share/accelergy/estimation_plug_ins/accelergy-cacti-plug-in/cacti_inputs_outputs/tmp1lfe1btq
2025-12-03 16:09:27 INFO        | CACTI executable not found at /home/juliana/venv_pytorch/share/accelergy/estimation_plug_ins/accelergy-cacti-plug-in/cacti/cacti
2025-12-03 16:09:27 INFO        | Calling: cd /home/juliana/venv_pytorch/share/accelergy/estimation_plug_ins/accelergy-cacti-plug-in ; ./cacti -infile /home/juliana/venv_pytorch/share/accelergy/estimation_plug_ins/accelergy-cacti-plug-in/cacti_inputs_outputs/tmpy1je29_7 >> /home/juliana/venv_pytorch/share/accelergy/estimation_plug_ins/accelergy-cacti-plug-in/cacti_inputs_outputs/tmp1lfe1btq 2>&1
2025-12-03 16:09:27 INFO        | Calling CACTI with cache_size=65536 n_rw_ports=1 block_size=4 tech_node_um=0.045 n_banks=2 tag_size=0 associativity=1
2025-12-03 16:09:27 INFO        | Calling CACTI with input path /home/juliana/venv_pytorch/share/accelergy/estimation_plug_ins/accelergy-cacti-plug-in/cacti_inputs_outputs/tmpziij5k7i
2025-12-03 16:09:27 INFO        | CACTI output will be written to /home/juliana/venv_pytorch/share/accelergy/estimation_plug_ins/accelergy-cacti-plug-in/cacti_inputs_outputs/tmpozew3zqp
2025-12-03 16:09:27 INFO        | CACTI executable not found at /home/juliana/venv_pytorch/share/accelergy/estimation_plug_ins/accelergy-cacti-plug-in/cacti/cacti
2025-12-03 16:09:27 INFO        | Calling: cd /home/juliana/venv_pytorch/share/accelergy/estimation_plug_ins/accelergy-cacti-plug-in ; ./cacti -infile /home/juliana/venv_pytorch/share/accelergy/estimation_plug_ins/accelergy-cacti-plug-in/cacti_inputs_outputs/tmpziij5k7i >> /home/juliana/venv_pytorch/share/accelergy/estimation_plug_ins/accelergy-cacti-plug-in/cacti_inputs_outputs/tmpozew3zqp 2>&1
2025-12-03 16:09:27 INFO        | Cache bandwidth: 8.0 bytes/cycle
2025-12-03 16:09:27 INFO        | Cache bandwidth: 43380328689.41353 bits/second
2025-12-03 16:09:27 INFO        
2025-12-03 16:09:27 INFO        ENERGY ESTIMATION for SRAM(depth=16384, width=32, datawidth=4, instances=1, meshX=1, has_power_gating=False, n_banks=2, cluster_size=1, reduction_supported=True, multiple_buffering=1, min_utilization=0, allow_overbooking=False, meshY=1, technology=40nm, global_cycle_seconds=1e-09, version=0.4, action_latency_cycles=1, cycle_seconds=1e-09, n_instances=1).leak(global_cycle_seconds=1e-09, action_latency_cycles=1)
2025-12-03 16:09:28 INFO        CactiSRAM estimated 2.1603273846153848e-15 with accuracy 80%. Messages:
2025-12-03 16:09:28 INFO        | Unused arguments (datawidth, instances, meshX, has_power_gating, cluster_size, reduction_supported, multiple_buffering, min_utilization, allow_overbooking, meshY, global_cycle_seconds, version, action_latency_cycles, cycle_seconds, n_instances) provided for ['SRAM', 'sram'].__init__. Arguments used: (depth, width, n_banks, technology)
2025-12-03 16:09:28 INFO        | Unused arguments (action_latency_cycles) provided for ['SRAM', 'sram'].leak. Arguments used: (global_cycle_seconds)
2025-12-03 16:09:28 INFO        | Interpolating technology between 32 and 45.
2025-12-03 16:09:28 INFO        | Calling CACTI with cache_size=65536 n_rw_ports=1 block_size=4 tech_node_um=0.032 n_banks=2 tag_size=0 associativity=1
2025-12-03 16:09:28 INFO        | Calling CACTI with input path /home/juliana/venv_pytorch/share/accelergy/estimation_plug_ins/accelergy-cacti-plug-in/cacti_inputs_outputs/tmpkwhdkkr_
2025-12-03 16:09:28 INFO        | CACTI output will be written to /home/juliana/venv_pytorch/share/accelergy/estimation_plug_ins/accelergy-cacti-plug-in/cacti_inputs_outputs/tmp0v1iarr5
2025-12-03 16:09:28 INFO        | CACTI executable not found at /home/juliana/venv_pytorch/share/accelergy/estimation_plug_ins/accelergy-cacti-plug-in/cacti/cacti
2025-12-03 16:09:28 INFO        | Calling: cd /home/juliana/venv_pytorch/share/accelergy/estimation_plug_ins/accelergy-cacti-plug-in ; ./cacti -infile /home/juliana/venv_pytorch/share/accelergy/estimation_plug_ins/accelergy-cacti-plug-in/cacti_inputs_outputs/tmpkwhdkkr_ >> /home/juliana/venv_pytorch/share/accelergy/estimation_plug_ins/accelergy-cacti-plug-in/cacti_inputs_outputs/tmp0v1iarr5 2>&1
2025-12-03 16:09:28 INFO        | Calling CACTI with cache_size=65536 n_rw_ports=1 block_size=4 tech_node_um=0.045 n_banks=2 tag_size=0 associativity=1
2025-12-03 16:09:28 INFO        | Calling CACTI with input path /home/juliana/venv_pytorch/share/accelergy/estimation_plug_ins/accelergy-cacti-plug-in/cacti_inputs_outputs/tmpfslgkaqb
2025-12-03 16:09:28 INFO        | CACTI output will be written to /home/juliana/venv_pytorch/share/accelergy/estimation_plug_ins/accelergy-cacti-plug-in/cacti_inputs_outputs/tmpdd8mm5kc
2025-12-03 16:09:28 INFO        | CACTI executable not found at /home/juliana/venv_pytorch/share/accelergy/estimation_plug_ins/accelergy-cacti-plug-in/cacti/cacti
2025-12-03 16:09:28 INFO        | Calling: cd /home/juliana/venv_pytorch/share/accelergy/estimation_plug_ins/accelergy-cacti-plug-in ; ./cacti -infile /home/juliana/venv_pytorch/share/accelergy/estimation_plug_ins/accelergy-cacti-plug-in/cacti_inputs_outputs/tmpfslgkaqb >> /home/juliana/venv_pytorch/share/accelergy/estimation_plug_ins/accelergy-cacti-plug-in/cacti_inputs_outputs/tmpdd8mm5kc 2>&1
2025-12-03 16:09:28 INFO        | Cache bandwidth: 8.0 bytes/cycle
2025-12-03 16:09:28 INFO        | Cache bandwidth: 43380328689.41353 bits/second
2025-12-03 16:09:28 INFO        | Global cycle time 1e-09 is less than the cache's random cycle time 1.475323076923077e-09
2025-12-03 16:09:28 INFO        | Multiplying by n_instances 1
2025-12-03 16:09:28 INFO        
2025-12-03 16:09:28 INFO        ENERGY ESTIMATION for regfile(depth=1, width=8, datawidth=4, has_power_gating=False, n_banks=2, cluster_size=1, reduction_supported=True, multiple_buffering=1, min_utilization=0, allow_overbooking=False, meshX=2, meshY=1, technology=40nm, global_cycle_seconds=1e-09, spatial={'meshX': 32}, version=0.4, action_latency_cycles=1, cycle_seconds=1e-09, n_instances=1).write(global_cycle_seconds=1e-09, action_latency_cycles=1)
2025-12-03 16:09:28 INFO        Aladdin_table estimated 0.009p with accuracy 70%. 
2025-12-03 16:09:28 INFO        
2025-12-03 16:09:28 INFO        ENERGY ESTIMATION for regfile(depth=1, width=8, datawidth=4, has_power_gating=False, n_banks=2, cluster_size=1, reduction_supported=True, multiple_buffering=1, min_utilization=0, allow_overbooking=False, meshX=2, meshY=1, technology=40nm, global_cycle_seconds=1e-09, spatial={'meshX': 32}, version=0.4, action_latency_cycles=1, cycle_seconds=1e-09, n_instances=1).read(global_cycle_seconds=1e-09, action_latency_cycles=1)
2025-12-03 16:09:28 INFO        Aladdin_table estimated 0.009p with accuracy 70%. 
2025-12-03 16:09:28 INFO        
2025-12-03 16:09:28 INFO        ENERGY ESTIMATION for regfile(depth=1, width=8, datawidth=4, has_power_gating=False, n_banks=2, cluster_size=1, reduction_supported=True, multiple_buffering=1, min_utilization=0, allow_overbooking=False, meshX=2, meshY=1, technology=40nm, global_cycle_seconds=1e-09, spatial={'meshX': 32}, version=0.4, action_latency_cycles=1, cycle_seconds=1e-09, n_instances=1).update(global_cycle_seconds=1e-09, action_latency_cycles=1)
2025-12-03 16:09:28 INFO        Aladdin_table estimated 0.009p with accuracy 70%. 
2025-12-03 16:09:28 INFO        
2025-12-03 16:09:28 INFO        ENERGY ESTIMATION for regfile(depth=1, width=8, datawidth=4, has_power_gating=False, n_banks=2, cluster_size=1, reduction_supported=True, multiple_buffering=1, min_utilization=0, allow_overbooking=False, meshX=2, meshY=1, technology=40nm, global_cycle_seconds=1e-09, spatial={'meshX': 32}, version=0.4, action_latency_cycles=1, cycle_seconds=1e-09, n_instances=1).leak(global_cycle_seconds=1e-09, action_latency_cycles=1)
2025-12-03 16:09:28 INFO        Aladdin_table estimated 7e-05p with accuracy 70%. Messages:
2025-12-03 16:09:28 INFO        | Multiplying by n_instances 1
2025-12-03 16:09:28 INFO        
2025-12-03 16:09:28 INFO        ENERGY ESTIMATION for intmac(width=4, datawidth=4, has_power_gating=False, meshX=4, meshY=1, technology=40nm, global_cycle_seconds=1e-09, spatial={'meshX': 32}, version=0.4, action_latency_cycles=1, cycle_seconds=1e-09, n_instances=1).compute(global_cycle_seconds=1e-09, action_latency_cycles=1)
2025-12-03 16:09:28 INFO        Aladdin_table estimated 0.224375p with accuracy 70%. 
2025-12-03 16:09:28 WARNING     No action counts are specified as yaml input
2025-12-03 16:09:28 INFO        
2025-12-03 16:09:28 INFO        AREA ESTIMATION for SRAM(depth=16384, width=32, datawidth=4, instances=1, meshX=1, has_power_gating=False, n_banks=2, cluster_size=1, reduction_supported=True, multiple_buffering=1, min_utilization=0, allow_overbooking=False, meshY=1, technology=40nm, global_cycle_seconds=1e-09, version=0.4, action_latency_cycles=1, cycle_seconds=1e-09, n_instances=1)
2025-12-03 16:09:29 INFO        CactiSRAM estimated 1.7204530769230767e-07 with accuracy 80%. Messages:
2025-12-03 16:09:29 INFO        | Unused arguments (datawidth, instances, meshX, has_power_gating, cluster_size, reduction_supported, multiple_buffering, min_utilization, allow_overbooking, meshY, global_cycle_seconds, version, action_latency_cycles, cycle_seconds, n_instances) provided for ['SRAM', 'sram'].__init__. Arguments used: (depth, width, n_banks, technology)
2025-12-03 16:09:29 INFO        | Interpolating technology between 32 and 45.
2025-12-03 16:09:29 INFO        | Calling CACTI with cache_size=65536 n_rw_ports=1 block_size=4 tech_node_um=0.032 n_banks=2 tag_size=0 associativity=1
2025-12-03 16:09:29 INFO        | Calling CACTI with input path /home/juliana/venv_pytorch/share/accelergy/estimation_plug_ins/accelergy-cacti-plug-in/cacti_inputs_outputs/tmp1hgchwl7
2025-12-03 16:09:29 INFO        | CACTI output will be written to /home/juliana/venv_pytorch/share/accelergy/estimation_plug_ins/accelergy-cacti-plug-in/cacti_inputs_outputs/tmpcycdh1cg
2025-12-03 16:09:29 INFO        | CACTI executable not found at /home/juliana/venv_pytorch/share/accelergy/estimation_plug_ins/accelergy-cacti-plug-in/cacti/cacti
2025-12-03 16:09:29 INFO        | Calling: cd /home/juliana/venv_pytorch/share/accelergy/estimation_plug_ins/accelergy-cacti-plug-in ; ./cacti -infile /home/juliana/venv_pytorch/share/accelergy/estimation_plug_ins/accelergy-cacti-plug-in/cacti_inputs_outputs/tmp1hgchwl7 >> /home/juliana/venv_pytorch/share/accelergy/estimation_plug_ins/accelergy-cacti-plug-in/cacti_inputs_outputs/tmpcycdh1cg 2>&1
2025-12-03 16:09:29 INFO        | Calling CACTI with cache_size=65536 n_rw_ports=1 block_size=4 tech_node_um=0.045 n_banks=2 tag_size=0 associativity=1
2025-12-03 16:09:29 INFO        | Calling CACTI with input path /home/juliana/venv_pytorch/share/accelergy/estimation_plug_ins/accelergy-cacti-plug-in/cacti_inputs_outputs/tmpjq4i6qk8
2025-12-03 16:09:29 INFO        | CACTI output will be written to /home/juliana/venv_pytorch/share/accelergy/estimation_plug_ins/accelergy-cacti-plug-in/cacti_inputs_outputs/tmpiuaoz_01
2025-12-03 16:09:29 INFO        | CACTI executable not found at /home/juliana/venv_pytorch/share/accelergy/estimation_plug_ins/accelergy-cacti-plug-in/cacti/cacti
2025-12-03 16:09:29 INFO        | Calling: cd /home/juliana/venv_pytorch/share/accelergy/estimation_plug_ins/accelergy-cacti-plug-in ; ./cacti -infile /home/juliana/venv_pytorch/share/accelergy/estimation_plug_ins/accelergy-cacti-plug-in/cacti_inputs_outputs/tmpjq4i6qk8 >> /home/juliana/venv_pytorch/share/accelergy/estimation_plug_ins/accelergy-cacti-plug-in/cacti_inputs_outputs/tmpiuaoz_01 2>&1
2025-12-03 16:09:29 INFO        | Cache bandwidth: 8.0 bytes/cycle
2025-12-03 16:09:29 INFO        | Cache bandwidth: 43380328689.41353 bits/second
2025-12-03 16:09:29 INFO        | Multiplying by n_instances 1
2025-12-03 16:09:29 INFO        
2025-12-03 16:09:29 INFO        AREA ESTIMATION for dummy_storage(width=1, depth=1, datawidth=1, technology=-1, has_power_gating=False, n_banks=2, cluster_size=1, reduction_supported=True, multiple_buffering=1, min_utilization=0, allow_overbooking=False, meshX=1, meshY=1, global_cycle_seconds=1e-09, spatial={'meshX': 32}, version=0.4, action_latency_cycles=1, cycle_seconds=1e-09, n_instances=1)
2025-12-03 16:09:29 INFO        dummy estimated 1u^2 with accuracy 100%. Messages:
2025-12-03 16:09:29 INFO        | Multiplying by n_instances 1
2025-12-03 16:09:29 INFO        
2025-12-03 16:09:29 INFO        AREA ESTIMATION for regfile(depth=1, width=8, datawidth=4, has_power_gating=False, n_banks=2, cluster_size=1, reduction_supported=True, multiple_buffering=1, min_utilization=0, allow_overbooking=False, meshX=2, meshY=1, technology=40nm, global_cycle_seconds=1e-09, spatial={'meshX': 32}, version=0.4, action_latency_cycles=1, cycle_seconds=1e-09, n_instances=1)
2025-12-03 16:09:29 INFO        Aladdin_table estimated 5.98u^2 with accuracy 70%. Messages:
2025-12-03 16:09:29 INFO        | Multiplying by n_instances 1
2025-12-03 16:09:29 INFO        
2025-12-03 16:09:29 INFO        AREA ESTIMATION for dummy_storage(width=1, depth=1, datawidth=1, technology=-1, has_power_gating=False, n_banks=2, cluster_size=1, reduction_supported=True, multiple_buffering=1, min_utilization=0, allow_overbooking=False, meshX=2, meshY=1, global_cycle_seconds=1e-09, spatial={'meshX': 32}, version=0.4, action_latency_cycles=1, cycle_seconds=1e-09, n_instances=1)
2025-12-03 16:09:29 INFO        dummy estimated 1u^2 with accuracy 100%. Messages:
2025-12-03 16:09:29 INFO        | Multiplying by n_instances 1
2025-12-03 16:09:29 INFO        
2025-12-03 16:09:29 INFO        AREA ESTIMATION for intmac(width=4, datawidth=4, has_power_gating=False, meshX=4, meshY=1, technology=40nm, global_cycle_seconds=1e-09, spatial={'meshX': 32}, version=0.4, action_latency_cycles=1, cycle_seconds=1e-09, n_instances=1)
2025-12-03 16:09:29 INFO        Aladdin_table estimated 133.96875u^2 with accuracy 70%. Messages:
2025-12-03 16:09:29 INFO        | Multiplying by n_instances 1
2025-12-03 16:09:29 INFO        flattened architecture is saved to:
2025-12-03 16:09:29 INFO        ./timeloop-mapper.flattened_architecture.yaml
2025-12-03 16:09:29 INFO        energy reference table is saved to:
2025-12-03 16:09:29 INFO        ./timeloop-mapper.ERT.yaml
2025-12-03 16:09:29 INFO        energy reference table summary is saved to:
2025-12-03 16:09:29 INFO        ./timeloop-mapper.ERT_summary.yaml
2025-12-03 16:09:29 WARNING     no runtime energy estimations are generated... not generating energy_estimation.yaml
2025-12-03 16:09:29 INFO        area reference table is saved to:
2025-12-03 16:09:29 INFO        ./timeloop-mapper.ART.yaml
2025-12-03 16:09:29 INFO        area reference table summary is saved to:
2025-12-03 16:09:29 INFO        ./timeloop-mapper.ART_summary.yaml
