2025-11-29 22:56:00 INFO            _                _                      
2025-11-29 22:56:00 INFO           / \   ___ ___ ___| | ___ _ __ __ _ _   _ 
2025-11-29 22:56:00 INFO          / _ \ / __/ __/ _ \ |/ _ \ '__/ _` | | | |
2025-11-29 22:56:00 INFO         / ___ \ (_| (_|  __/ |  __/ | | (_| | |_| |
2025-11-29 22:56:00 INFO        /_/   \_\___\___\___|_|\___|_|  \__, |\__, |
2025-11-29 22:56:00 INFO                                        |___/ |___/ 
2025-11-29 22:56:00 INFO        generating outputs according to the following specified output flags... 
2025-11-29 22:56:00 INFO         Please use the -f flag to update the preference (default to all output files)
2025-11-29 22:56:00 INFO        {'ERT': 1, 'ERT_summary': 1, 'ART': 1, 'ART_summary': 1, 'energy_estimation': 1, 'flattened_arch': 1}
2025-11-29 22:56:00 INFO        Located config file at /home/juliana/.config/accelergy/accelergy_config.yaml.
2025-11-29 22:56:00 INFO        config file located:
2025-11-29 22:56:00 INFO        /home/juliana/.config/accelergy/accelergy_config.yaml
2025-11-29 22:56:00 INFO        Parsing file /home/juliana/Topicos-Especiais-XII/trabalho_final/timeloop/dse_pe_mac/outputs/16_neurons_8_macs/parsed-processed-input.yaml for architecture info
2025-11-29 22:56:00 INFO        Parsing file /home/juliana/Topicos-Especiais-XII/trabalho_final/timeloop/dse_pe_mac/outputs/16_neurons_8_macs/parsed-processed-input.yaml for compound_components info
2025-11-29 22:56:00 WARNING     No compound component classes specified, architecture can only contain primitive components
2025-11-29 22:56:00 INFO        Adding required action "write" to class SRAM
2025-11-29 22:56:00 INFO        Adding required action "read" to class SRAM
2025-11-29 22:56:00 INFO        Adding required action "leak" to class SRAM
2025-11-29 22:56:00 INFO        Adding required action "update" to class SRAM
2025-11-29 22:56:00 INFO        Adding required action "write" to class regfile
2025-11-29 22:56:00 INFO        Adding required action "read" to class regfile
2025-11-29 22:56:00 INFO        Adding required action "leak" to class regfile
2025-11-29 22:56:00 INFO        Adding required action "update" to class regfile
2025-11-29 22:56:00 INFO        Adding required action "compute" to class intmac
2025-11-29 22:56:00 INFO        Estimator plug-in identified by: /home/juliana/venv_pytorch/share/accelergy/estimation_plug_ins/accelergy-adc-plug-in/adc.estimator.yaml
2025-11-29 22:56:00 INFO        Estimator plug-in identified by: /home/juliana/venv_pytorch/share/accelergy/estimation_plug_ins/accelergy-table-based-plug-ins/table.estimator.yaml
2025-11-29 22:56:00 INFO        Estimator plug-in identified by: /home/juliana/venv_pytorch/share/accelergy/estimation_plug_ins/accelergy-library-plugin/library.estimator.yaml
2025-11-29 22:56:00 INFO        Estimator plug-in identified by: /home/juliana/venv_pytorch/share/accelergy/estimation_plug_ins/dummy_tables/dummy.estimator.yaml
2025-11-29 22:56:00 INFO        Estimator plug-in identified by: /home/juliana/venv_pytorch/share/accelergy/estimation_plug_ins/accelergy-neurosim-plugin/neurosim.estimator.yaml
2025-11-29 22:56:00 INFO        Estimator plug-in identified by: /home/juliana/venv_pytorch/share/accelergy/estimation_plug_ins/accelergy-aladdin-plug-in/aladdin.estimator.yaml
2025-11-29 22:56:00 INFO        Estimator plug-in identified by: /home/juliana/venv_pytorch/share/accelergy/estimation_plug_ins/accelergy-cacti-plug-in/cacti.estimator.yaml
2025-11-29 22:56:00 INFO        Loading Python plug-in: /home/juliana/venv_pytorch/share/accelergy/estimation_plug_ins/accelergy-cacti-plug-in/cacti_wrapper.py. Errors below are likely due to plug-in, not Accelergy.
2025-11-29 22:56:00 INFO        Getting all estimators in module <module 'python_plug_in0' from '/home/juliana/venv_pytorch/share/accelergy/estimation_plug_ins/accelergy-cacti-plug-in/cacti_wrapper.py'>
2025-11-29 22:56:00 INFO        Added estimator CactiCache that estimates cache with actions idle, read, read_access, update, update_access, write, write_access, leak
2025-11-29 22:56:00 INFO        Added estimator CactiDRAM that estimates ['DRAM', 'dram'] with actions idle, read, update, write, leak
2025-11-29 22:56:00 INFO        Added estimator CactiSRAM that estimates ['SRAM', 'sram'] with actions idle, read, update, write, leak
2025-11-29 22:56:00 INFO        Done loading Python plug-ins.
2025-11-29 22:56:00 INFO        Found estimator plug-in: ADC Plug-In (<ADCEstimator.ADCEstimator object at 0x7be10e16b230>)
2025-11-29 22:56:00 INFO        Found estimator plug-in: DEPRECATED table-based-plug-ins. Use the Library plug-in instead. (<SetsOfTables.SetsOfTables object at 0x7be10e169190>)
2025-11-29 22:56:00 INFO        Found estimator plug-in: Library (<LibraryEstimator.LibraryEstimator object at 0x7be10e1696a0>)
2025-11-29 22:56:00 INFO        Found estimator plug-in: dummy (<DummyTable.DummyTable object at 0x7be10e990500>)
2025-11-29 22:56:00 INFO        Found estimator plug-in: Neurosim Plug-In (<NeuroWrapper.NeuroWrapper object at 0x7be10e1690d0>)
2025-11-29 22:56:00 INFO        Found estimator plug-in: Aladdin_table (<AladdinTable.AladdinTable object at 0x7be10e030ec0>)
2025-11-29 22:56:00 INFO        Found estimator plug-in: CactiCache (<accelergy.plug_in_interface.estimator_wrapper.EstimatorWrapper object at 0x7be10dfc4140>)
2025-11-29 22:56:00 INFO        Found estimator plug-in: CactiDRAM (<accelergy.plug_in_interface.estimator_wrapper.EstimatorWrapper object at 0x7be10dfc7800>)
2025-11-29 22:56:00 INFO        Found estimator plug-in: CactiSRAM (<accelergy.plug_in_interface.estimator_wrapper.EstimatorWrapper object at 0x7be10e030650>)
2025-11-29 22:56:00 INFO        
2025-11-29 22:56:00 INFO        ENERGY ESTIMATION for SRAM(depth=16384, width=2048, datawidth=8, instances=1, meshX=1, has_power_gating=False, n_banks=2, cluster_size=1, reduction_supported=True, multiple_buffering=1, min_utilization=0, allow_overbooking=False, meshY=1, technology=40nm, global_cycle_seconds=1e-09, version=0.4, action_latency_cycles=1, cycle_seconds=1e-09, n_instances=1).write(global_cycle_seconds=1e-09, action_latency_cycles=1)
2025-11-29 22:56:04 INFO        CactiSRAM estimated 3.6639769230769236e-09 with accuracy 80%. Messages:
2025-11-29 22:56:04 INFO        | Unused arguments (datawidth, instances, meshX, has_power_gating, cluster_size, reduction_supported, multiple_buffering, min_utilization, allow_overbooking, meshY, global_cycle_seconds, version, action_latency_cycles, cycle_seconds, n_instances) provided for ['SRAM', 'sram'].__init__. Arguments used: (depth, width, n_banks, technology)
2025-11-29 22:56:04 INFO        | Unused arguments (global_cycle_seconds, action_latency_cycles) provided for ['SRAM', 'sram'].write. Arguments used: ()
2025-11-29 22:56:04 INFO        | Interpolating technology between 32 and 45.
2025-11-29 22:56:04 INFO        | Calling CACTI with cache_size=4194304 n_rw_ports=1 block_size=256 tech_node_um=0.032 n_banks=2 tag_size=0 associativity=1
2025-11-29 22:56:04 INFO        | Calling CACTI with input path /home/juliana/venv_pytorch/share/accelergy/estimation_plug_ins/accelergy-cacti-plug-in/cacti_inputs_outputs/tmpk8o9l23x
2025-11-29 22:56:04 INFO        | CACTI output will be written to /home/juliana/venv_pytorch/share/accelergy/estimation_plug_ins/accelergy-cacti-plug-in/cacti_inputs_outputs/tmp5k2jecmp
2025-11-29 22:56:04 INFO        | CACTI executable not found at /home/juliana/venv_pytorch/share/accelergy/estimation_plug_ins/accelergy-cacti-plug-in/cacti/cacti
2025-11-29 22:56:04 INFO        | Calling: cd /home/juliana/venv_pytorch/share/accelergy/estimation_plug_ins/accelergy-cacti-plug-in ; ./cacti -infile /home/juliana/venv_pytorch/share/accelergy/estimation_plug_ins/accelergy-cacti-plug-in/cacti_inputs_outputs/tmpk8o9l23x >> /home/juliana/venv_pytorch/share/accelergy/estimation_plug_ins/accelergy-cacti-plug-in/cacti_inputs_outputs/tmp5k2jecmp 2>&1
2025-11-29 22:56:04 INFO        | Calling CACTI with cache_size=4194304 n_rw_ports=1 block_size=256 tech_node_um=0.045 n_banks=2 tag_size=0 associativity=1
2025-11-29 22:56:04 INFO        | Calling CACTI with input path /home/juliana/venv_pytorch/share/accelergy/estimation_plug_ins/accelergy-cacti-plug-in/cacti_inputs_outputs/tmpruu8atv2
2025-11-29 22:56:04 INFO        | CACTI output will be written to /home/juliana/venv_pytorch/share/accelergy/estimation_plug_ins/accelergy-cacti-plug-in/cacti_inputs_outputs/tmp7mefw646
2025-11-29 22:56:04 INFO        | CACTI executable not found at /home/juliana/venv_pytorch/share/accelergy/estimation_plug_ins/accelergy-cacti-plug-in/cacti/cacti
2025-11-29 22:56:04 INFO        | Calling: cd /home/juliana/venv_pytorch/share/accelergy/estimation_plug_ins/accelergy-cacti-plug-in ; ./cacti -infile /home/juliana/venv_pytorch/share/accelergy/estimation_plug_ins/accelergy-cacti-plug-in/cacti_inputs_outputs/tmpruu8atv2 >> /home/juliana/venv_pytorch/share/accelergy/estimation_plug_ins/accelergy-cacti-plug-in/cacti_inputs_outputs/tmp7mefw646 2>&1
2025-11-29 22:56:04 INFO        | Cache bandwidth: 512.0 bytes/cycle
2025-11-29 22:56:04 INFO        | Cache bandwidth: 442688551461.1723 bits/second
2025-11-29 22:56:04 INFO        
2025-11-29 22:56:04 INFO        ENERGY ESTIMATION for SRAM(depth=16384, width=2048, datawidth=8, instances=1, meshX=1, has_power_gating=False, n_banks=2, cluster_size=1, reduction_supported=True, multiple_buffering=1, min_utilization=0, allow_overbooking=False, meshY=1, technology=40nm, global_cycle_seconds=1e-09, version=0.4, action_latency_cycles=1, cycle_seconds=1e-09, n_instances=1).read(global_cycle_seconds=1e-09, action_latency_cycles=1)
2025-11-29 22:56:06 INFO        CactiSRAM estimated 3.000492307692308e-09 with accuracy 80%. Messages:
2025-11-29 22:56:06 INFO        | Unused arguments (datawidth, instances, meshX, has_power_gating, cluster_size, reduction_supported, multiple_buffering, min_utilization, allow_overbooking, meshY, global_cycle_seconds, version, action_latency_cycles, cycle_seconds, n_instances) provided for ['SRAM', 'sram'].__init__. Arguments used: (depth, width, n_banks, technology)
2025-11-29 22:56:06 INFO        | Unused arguments (global_cycle_seconds, action_latency_cycles) provided for ['SRAM', 'sram'].read. Arguments used: ()
2025-11-29 22:56:06 INFO        | Interpolating technology between 32 and 45.
2025-11-29 22:56:06 INFO        | Calling CACTI with cache_size=4194304 n_rw_ports=1 block_size=256 tech_node_um=0.032 n_banks=2 tag_size=0 associativity=1
2025-11-29 22:56:06 INFO        | Calling CACTI with input path /home/juliana/venv_pytorch/share/accelergy/estimation_plug_ins/accelergy-cacti-plug-in/cacti_inputs_outputs/tmpdl34w_yi
2025-11-29 22:56:06 INFO        | CACTI output will be written to /home/juliana/venv_pytorch/share/accelergy/estimation_plug_ins/accelergy-cacti-plug-in/cacti_inputs_outputs/tmp_4n0jjox
2025-11-29 22:56:06 INFO        | CACTI executable not found at /home/juliana/venv_pytorch/share/accelergy/estimation_plug_ins/accelergy-cacti-plug-in/cacti/cacti
2025-11-29 22:56:06 INFO        | Calling: cd /home/juliana/venv_pytorch/share/accelergy/estimation_plug_ins/accelergy-cacti-plug-in ; ./cacti -infile /home/juliana/venv_pytorch/share/accelergy/estimation_plug_ins/accelergy-cacti-plug-in/cacti_inputs_outputs/tmpdl34w_yi >> /home/juliana/venv_pytorch/share/accelergy/estimation_plug_ins/accelergy-cacti-plug-in/cacti_inputs_outputs/tmp_4n0jjox 2>&1
2025-11-29 22:56:06 INFO        | Calling CACTI with cache_size=4194304 n_rw_ports=1 block_size=256 tech_node_um=0.045 n_banks=2 tag_size=0 associativity=1
2025-11-29 22:56:06 INFO        | Calling CACTI with input path /home/juliana/venv_pytorch/share/accelergy/estimation_plug_ins/accelergy-cacti-plug-in/cacti_inputs_outputs/tmpwpc0wi6v
2025-11-29 22:56:06 INFO        | CACTI output will be written to /home/juliana/venv_pytorch/share/accelergy/estimation_plug_ins/accelergy-cacti-plug-in/cacti_inputs_outputs/tmpzfwrwt7c
2025-11-29 22:56:06 INFO        | CACTI executable not found at /home/juliana/venv_pytorch/share/accelergy/estimation_plug_ins/accelergy-cacti-plug-in/cacti/cacti
2025-11-29 22:56:06 INFO        | Calling: cd /home/juliana/venv_pytorch/share/accelergy/estimation_plug_ins/accelergy-cacti-plug-in ; ./cacti -infile /home/juliana/venv_pytorch/share/accelergy/estimation_plug_ins/accelergy-cacti-plug-in/cacti_inputs_outputs/tmpwpc0wi6v >> /home/juliana/venv_pytorch/share/accelergy/estimation_plug_ins/accelergy-cacti-plug-in/cacti_inputs_outputs/tmpzfwrwt7c 2>&1
2025-11-29 22:56:06 INFO        | Cache bandwidth: 512.0 bytes/cycle
2025-11-29 22:56:06 INFO        | Cache bandwidth: 442688551461.1723 bits/second
2025-11-29 22:56:06 INFO        
2025-11-29 22:56:06 INFO        ENERGY ESTIMATION for SRAM(depth=16384, width=2048, datawidth=8, instances=1, meshX=1, has_power_gating=False, n_banks=2, cluster_size=1, reduction_supported=True, multiple_buffering=1, min_utilization=0, allow_overbooking=False, meshY=1, technology=40nm, global_cycle_seconds=1e-09, version=0.4, action_latency_cycles=1, cycle_seconds=1e-09, n_instances=1).leak(global_cycle_seconds=1e-09, action_latency_cycles=1)
2025-11-29 22:56:08 INFO        CactiSRAM estimated 1.2502821538461538e-13 with accuracy 80%. Messages:
2025-11-29 22:56:08 INFO        | Unused arguments (datawidth, instances, meshX, has_power_gating, cluster_size, reduction_supported, multiple_buffering, min_utilization, allow_overbooking, meshY, global_cycle_seconds, version, action_latency_cycles, cycle_seconds, n_instances) provided for ['SRAM', 'sram'].__init__. Arguments used: (depth, width, n_banks, technology)
2025-11-29 22:56:08 INFO        | Unused arguments (action_latency_cycles) provided for ['SRAM', 'sram'].leak. Arguments used: (global_cycle_seconds)
2025-11-29 22:56:08 INFO        | Interpolating technology between 32 and 45.
2025-11-29 22:56:08 INFO        | Calling CACTI with cache_size=4194304 n_rw_ports=1 block_size=256 tech_node_um=0.032 n_banks=2 tag_size=0 associativity=1
2025-11-29 22:56:08 INFO        | Calling CACTI with input path /home/juliana/venv_pytorch/share/accelergy/estimation_plug_ins/accelergy-cacti-plug-in/cacti_inputs_outputs/tmpl7gcay5n
2025-11-29 22:56:08 INFO        | CACTI output will be written to /home/juliana/venv_pytorch/share/accelergy/estimation_plug_ins/accelergy-cacti-plug-in/cacti_inputs_outputs/tmpfendq24y
2025-11-29 22:56:08 INFO        | CACTI executable not found at /home/juliana/venv_pytorch/share/accelergy/estimation_plug_ins/accelergy-cacti-plug-in/cacti/cacti
2025-11-29 22:56:08 INFO        | Calling: cd /home/juliana/venv_pytorch/share/accelergy/estimation_plug_ins/accelergy-cacti-plug-in ; ./cacti -infile /home/juliana/venv_pytorch/share/accelergy/estimation_plug_ins/accelergy-cacti-plug-in/cacti_inputs_outputs/tmpl7gcay5n >> /home/juliana/venv_pytorch/share/accelergy/estimation_plug_ins/accelergy-cacti-plug-in/cacti_inputs_outputs/tmpfendq24y 2>&1
2025-11-29 22:56:08 INFO        | Calling CACTI with cache_size=4194304 n_rw_ports=1 block_size=256 tech_node_um=0.045 n_banks=2 tag_size=0 associativity=1
2025-11-29 22:56:08 INFO        | Calling CACTI with input path /home/juliana/venv_pytorch/share/accelergy/estimation_plug_ins/accelergy-cacti-plug-in/cacti_inputs_outputs/tmprfnewwu6
2025-11-29 22:56:08 INFO        | CACTI output will be written to /home/juliana/venv_pytorch/share/accelergy/estimation_plug_ins/accelergy-cacti-plug-in/cacti_inputs_outputs/tmphrbnbn9w
2025-11-29 22:56:08 INFO        | CACTI executable not found at /home/juliana/venv_pytorch/share/accelergy/estimation_plug_ins/accelergy-cacti-plug-in/cacti/cacti
2025-11-29 22:56:08 INFO        | Calling: cd /home/juliana/venv_pytorch/share/accelergy/estimation_plug_ins/accelergy-cacti-plug-in ; ./cacti -infile /home/juliana/venv_pytorch/share/accelergy/estimation_plug_ins/accelergy-cacti-plug-in/cacti_inputs_outputs/tmprfnewwu6 >> /home/juliana/venv_pytorch/share/accelergy/estimation_plug_ins/accelergy-cacti-plug-in/cacti_inputs_outputs/tmphrbnbn9w 2>&1
2025-11-29 22:56:08 INFO        | Cache bandwidth: 512.0 bytes/cycle
2025-11-29 22:56:08 INFO        | Cache bandwidth: 442688551461.1723 bits/second
2025-11-29 22:56:08 INFO        | Global cycle time 1e-09 is less than the cache's random cycle time 9.252554615384617e-09
2025-11-29 22:56:08 INFO        | Multiplying by n_instances 1
2025-11-29 22:56:08 INFO        
2025-11-29 22:56:08 INFO        ENERGY ESTIMATION for SRAM(depth=16384, width=2048, datawidth=8, instances=1, meshX=1, has_power_gating=False, n_banks=2, cluster_size=1, reduction_supported=True, multiple_buffering=1, min_utilization=0, allow_overbooking=False, meshY=1, technology=40nm, global_cycle_seconds=1e-09, version=0.4, action_latency_cycles=1, cycle_seconds=1e-09, n_instances=1).update(global_cycle_seconds=1e-09, action_latency_cycles=1)
2025-11-29 22:56:13 INFO        CactiSRAM estimated 3.6639769230769236e-09 with accuracy 80%. Messages:
2025-11-29 22:56:13 INFO        | Unused arguments (datawidth, instances, meshX, has_power_gating, cluster_size, reduction_supported, multiple_buffering, min_utilization, allow_overbooking, meshY, global_cycle_seconds, version, action_latency_cycles, cycle_seconds, n_instances) provided for ['SRAM', 'sram'].__init__. Arguments used: (depth, width, n_banks, technology)
2025-11-29 22:56:13 INFO        | Unused arguments (global_cycle_seconds, action_latency_cycles) provided for ['SRAM', 'sram'].update. Arguments used: ()
2025-11-29 22:56:13 INFO        | Interpolating technology between 32 and 45.
2025-11-29 22:56:13 INFO        | Calling CACTI with cache_size=4194304 n_rw_ports=1 block_size=256 tech_node_um=0.032 n_banks=2 tag_size=0 associativity=1
2025-11-29 22:56:13 INFO        | Calling CACTI with input path /home/juliana/venv_pytorch/share/accelergy/estimation_plug_ins/accelergy-cacti-plug-in/cacti_inputs_outputs/tmp3_ldk1qs
2025-11-29 22:56:13 INFO        | CACTI output will be written to /home/juliana/venv_pytorch/share/accelergy/estimation_plug_ins/accelergy-cacti-plug-in/cacti_inputs_outputs/tmp0fyqn6wr
2025-11-29 22:56:13 INFO        | CACTI executable not found at /home/juliana/venv_pytorch/share/accelergy/estimation_plug_ins/accelergy-cacti-plug-in/cacti/cacti
2025-11-29 22:56:13 INFO        | Calling: cd /home/juliana/venv_pytorch/share/accelergy/estimation_plug_ins/accelergy-cacti-plug-in ; ./cacti -infile /home/juliana/venv_pytorch/share/accelergy/estimation_plug_ins/accelergy-cacti-plug-in/cacti_inputs_outputs/tmp3_ldk1qs >> /home/juliana/venv_pytorch/share/accelergy/estimation_plug_ins/accelergy-cacti-plug-in/cacti_inputs_outputs/tmp0fyqn6wr 2>&1
2025-11-29 22:56:13 INFO        | Calling CACTI with cache_size=4194304 n_rw_ports=1 block_size=256 tech_node_um=0.045 n_banks=2 tag_size=0 associativity=1
2025-11-29 22:56:13 INFO        | Calling CACTI with input path /home/juliana/venv_pytorch/share/accelergy/estimation_plug_ins/accelergy-cacti-plug-in/cacti_inputs_outputs/tmp602rzyus
2025-11-29 22:56:13 INFO        | CACTI output will be written to /home/juliana/venv_pytorch/share/accelergy/estimation_plug_ins/accelergy-cacti-plug-in/cacti_inputs_outputs/tmpzx6fqel5
2025-11-29 22:56:13 INFO        | CACTI executable not found at /home/juliana/venv_pytorch/share/accelergy/estimation_plug_ins/accelergy-cacti-plug-in/cacti/cacti
2025-11-29 22:56:13 INFO        | Calling: cd /home/juliana/venv_pytorch/share/accelergy/estimation_plug_ins/accelergy-cacti-plug-in ; ./cacti -infile /home/juliana/venv_pytorch/share/accelergy/estimation_plug_ins/accelergy-cacti-plug-in/cacti_inputs_outputs/tmp602rzyus >> /home/juliana/venv_pytorch/share/accelergy/estimation_plug_ins/accelergy-cacti-plug-in/cacti_inputs_outputs/tmpzx6fqel5 2>&1
2025-11-29 22:56:13 INFO        | Cache bandwidth: 512.0 bytes/cycle
2025-11-29 22:56:13 INFO        | Cache bandwidth: 442688551461.1723 bits/second
2025-11-29 22:56:13 INFO        
2025-11-29 22:56:13 INFO        ENERGY ESTIMATION for regfile(depth=1, width=64, datawidth=8, has_power_gating=False, n_banks=2, cluster_size=1, reduction_supported=True, multiple_buffering=1, min_utilization=0, allow_overbooking=False, meshX=16, meshY=1, technology=40nm, global_cycle_seconds=1e-09, spatial={'meshX': 32}, version=0.4, action_latency_cycles=1, cycle_seconds=1e-09, n_instances=1).write(global_cycle_seconds=1e-09, action_latency_cycles=1)
2025-11-29 22:56:13 INFO        Aladdin_table estimated 0.009p with accuracy 70%. 
2025-11-29 22:56:13 INFO        
2025-11-29 22:56:13 INFO        ENERGY ESTIMATION for regfile(depth=1, width=64, datawidth=8, has_power_gating=False, n_banks=2, cluster_size=1, reduction_supported=True, multiple_buffering=1, min_utilization=0, allow_overbooking=False, meshX=16, meshY=1, technology=40nm, global_cycle_seconds=1e-09, spatial={'meshX': 32}, version=0.4, action_latency_cycles=1, cycle_seconds=1e-09, n_instances=1).read(global_cycle_seconds=1e-09, action_latency_cycles=1)
2025-11-29 22:56:13 INFO        Aladdin_table estimated 0.009p with accuracy 70%. 
2025-11-29 22:56:13 INFO        
2025-11-29 22:56:13 INFO        ENERGY ESTIMATION for regfile(depth=1, width=64, datawidth=8, has_power_gating=False, n_banks=2, cluster_size=1, reduction_supported=True, multiple_buffering=1, min_utilization=0, allow_overbooking=False, meshX=16, meshY=1, technology=40nm, global_cycle_seconds=1e-09, spatial={'meshX': 32}, version=0.4, action_latency_cycles=1, cycle_seconds=1e-09, n_instances=1).leak(global_cycle_seconds=1e-09, action_latency_cycles=1)
2025-11-29 22:56:13 INFO        Aladdin_table estimated 7e-05p with accuracy 70%. Messages:
2025-11-29 22:56:13 INFO        | Multiplying by n_instances 1
2025-11-29 22:56:13 INFO        
2025-11-29 22:56:13 INFO        ENERGY ESTIMATION for regfile(depth=1, width=64, datawidth=8, has_power_gating=False, n_banks=2, cluster_size=1, reduction_supported=True, multiple_buffering=1, min_utilization=0, allow_overbooking=False, meshX=16, meshY=1, technology=40nm, global_cycle_seconds=1e-09, spatial={'meshX': 32}, version=0.4, action_latency_cycles=1, cycle_seconds=1e-09, n_instances=1).update(global_cycle_seconds=1e-09, action_latency_cycles=1)
2025-11-29 22:56:13 INFO        Aladdin_table estimated 0.009p with accuracy 70%. 
2025-11-29 22:56:13 INFO        
2025-11-29 22:56:13 INFO        ENERGY ESTIMATION for intmac(width=8, datawidth=8, has_power_gating=False, meshX=128, meshY=1, technology=40nm, global_cycle_seconds=1e-09, spatial={'meshX': 32}, version=0.4, action_latency_cycles=1, cycle_seconds=1e-09, n_instances=1).compute(global_cycle_seconds=1e-09, action_latency_cycles=1)
2025-11-29 22:56:13 INFO        Aladdin_table estimated 0.845p with accuracy 70%. 
2025-11-29 22:56:13 WARNING     No action counts are specified as yaml input
2025-11-29 22:56:13 INFO        
2025-11-29 22:56:13 INFO        AREA ESTIMATION for SRAM(depth=16384, width=2048, datawidth=8, instances=1, meshX=1, has_power_gating=False, n_banks=2, cluster_size=1, reduction_supported=True, multiple_buffering=1, min_utilization=0, allow_overbooking=False, meshY=1, technology=40nm, global_cycle_seconds=1e-09, version=0.4, action_latency_cycles=1, cycle_seconds=1e-09, n_instances=1)
2025-11-29 22:56:16 INFO        CactiSRAM estimated 1.8584207692307692e-05 with accuracy 80%. Messages:
2025-11-29 22:56:16 INFO        | Unused arguments (datawidth, instances, meshX, has_power_gating, cluster_size, reduction_supported, multiple_buffering, min_utilization, allow_overbooking, meshY, global_cycle_seconds, version, action_latency_cycles, cycle_seconds, n_instances) provided for ['SRAM', 'sram'].__init__. Arguments used: (depth, width, n_banks, technology)
2025-11-29 22:56:16 INFO        | Interpolating technology between 32 and 45.
2025-11-29 22:56:16 INFO        | Calling CACTI with cache_size=4194304 n_rw_ports=1 block_size=256 tech_node_um=0.032 n_banks=2 tag_size=0 associativity=1
2025-11-29 22:56:16 INFO        | Calling CACTI with input path /home/juliana/venv_pytorch/share/accelergy/estimation_plug_ins/accelergy-cacti-plug-in/cacti_inputs_outputs/tmpqg6dya_z
2025-11-29 22:56:16 INFO        | CACTI output will be written to /home/juliana/venv_pytorch/share/accelergy/estimation_plug_ins/accelergy-cacti-plug-in/cacti_inputs_outputs/tmp6dk03rns
2025-11-29 22:56:16 INFO        | CACTI executable not found at /home/juliana/venv_pytorch/share/accelergy/estimation_plug_ins/accelergy-cacti-plug-in/cacti/cacti
2025-11-29 22:56:16 INFO        | Calling: cd /home/juliana/venv_pytorch/share/accelergy/estimation_plug_ins/accelergy-cacti-plug-in ; ./cacti -infile /home/juliana/venv_pytorch/share/accelergy/estimation_plug_ins/accelergy-cacti-plug-in/cacti_inputs_outputs/tmpqg6dya_z >> /home/juliana/venv_pytorch/share/accelergy/estimation_plug_ins/accelergy-cacti-plug-in/cacti_inputs_outputs/tmp6dk03rns 2>&1
2025-11-29 22:56:16 INFO        | Calling CACTI with cache_size=4194304 n_rw_ports=1 block_size=256 tech_node_um=0.045 n_banks=2 tag_size=0 associativity=1
2025-11-29 22:56:16 INFO        | Calling CACTI with input path /home/juliana/venv_pytorch/share/accelergy/estimation_plug_ins/accelergy-cacti-plug-in/cacti_inputs_outputs/tmpa5w6km8z
2025-11-29 22:56:16 INFO        | CACTI output will be written to /home/juliana/venv_pytorch/share/accelergy/estimation_plug_ins/accelergy-cacti-plug-in/cacti_inputs_outputs/tmpplzuvyub
2025-11-29 22:56:16 INFO        | CACTI executable not found at /home/juliana/venv_pytorch/share/accelergy/estimation_plug_ins/accelergy-cacti-plug-in/cacti/cacti
2025-11-29 22:56:16 INFO        | Calling: cd /home/juliana/venv_pytorch/share/accelergy/estimation_plug_ins/accelergy-cacti-plug-in ; ./cacti -infile /home/juliana/venv_pytorch/share/accelergy/estimation_plug_ins/accelergy-cacti-plug-in/cacti_inputs_outputs/tmpa5w6km8z >> /home/juliana/venv_pytorch/share/accelergy/estimation_plug_ins/accelergy-cacti-plug-in/cacti_inputs_outputs/tmpplzuvyub 2>&1
2025-11-29 22:56:16 INFO        | Cache bandwidth: 512.0 bytes/cycle
2025-11-29 22:56:16 INFO        | Cache bandwidth: 442688551461.1723 bits/second
2025-11-29 22:56:16 INFO        | Multiplying by n_instances 1
2025-11-29 22:56:16 INFO        
2025-11-29 22:56:16 INFO        AREA ESTIMATION for dummy_storage(width=1, depth=1, datawidth=1, technology=-1, has_power_gating=False, n_banks=2, cluster_size=1, reduction_supported=True, multiple_buffering=1, min_utilization=0, allow_overbooking=False, meshX=1, meshY=1, global_cycle_seconds=1e-09, spatial={'meshX': 32}, version=0.4, action_latency_cycles=1, cycle_seconds=1e-09, n_instances=1)
2025-11-29 22:56:16 INFO        dummy estimated 1u^2 with accuracy 100%. Messages:
2025-11-29 22:56:16 INFO        | Multiplying by n_instances 1
2025-11-29 22:56:16 INFO        
2025-11-29 22:56:16 INFO        AREA ESTIMATION for regfile(depth=1, width=64, datawidth=8, has_power_gating=False, n_banks=2, cluster_size=1, reduction_supported=True, multiple_buffering=1, min_utilization=0, allow_overbooking=False, meshX=16, meshY=1, technology=40nm, global_cycle_seconds=1e-09, spatial={'meshX': 32}, version=0.4, action_latency_cycles=1, cycle_seconds=1e-09, n_instances=1)
2025-11-29 22:56:16 INFO        Aladdin_table estimated 5.98u^2 with accuracy 70%. Messages:
2025-11-29 22:56:16 INFO        | Multiplying by n_instances 1
2025-11-29 22:56:16 INFO        
2025-11-29 22:56:16 INFO        AREA ESTIMATION for dummy_storage(width=1, depth=1, datawidth=1, technology=-1, has_power_gating=False, n_banks=2, cluster_size=1, reduction_supported=True, multiple_buffering=1, min_utilization=0, allow_overbooking=False, meshX=16, meshY=1, global_cycle_seconds=1e-09, spatial={'meshX': 32}, version=0.4, action_latency_cycles=1, cycle_seconds=1e-09, n_instances=1)
2025-11-29 22:56:16 INFO        dummy estimated 1u^2 with accuracy 100%. Messages:
2025-11-29 22:56:16 INFO        | Multiplying by n_instances 1
2025-11-29 22:56:16 INFO        
2025-11-29 22:56:16 INFO        AREA ESTIMATION for intmac(width=8, datawidth=8, has_power_gating=False, meshX=128, meshY=1, technology=40nm, global_cycle_seconds=1e-09, spatial={'meshX': 32}, version=0.4, action_latency_cycles=1, cycle_seconds=1e-09, n_instances=1)
2025-11-29 22:56:16 INFO        Aladdin_table estimated 466.375u^2 with accuracy 70%. Messages:
2025-11-29 22:56:16 INFO        | Multiplying by n_instances 1
2025-11-29 22:56:16 INFO        flattened architecture is saved to:
2025-11-29 22:56:16 INFO        ./timeloop-mapper.flattened_architecture.yaml
2025-11-29 22:56:16 INFO        energy reference table is saved to:
2025-11-29 22:56:16 INFO        ./timeloop-mapper.ERT.yaml
2025-11-29 22:56:16 INFO        energy reference table summary is saved to:
2025-11-29 22:56:16 INFO        ./timeloop-mapper.ERT_summary.yaml
2025-11-29 22:56:16 WARNING     no runtime energy estimations are generated... not generating energy_estimation.yaml
2025-11-29 22:56:16 INFO        area reference table is saved to:
2025-11-29 22:56:16 INFO        ./timeloop-mapper.ART.yaml
2025-11-29 22:56:16 INFO        area reference table summary is saved to:
2025-11-29 22:56:16 INFO        ./timeloop-mapper.ART_summary.yaml
