2025-12-03 16:09:36 INFO            _                _                      
2025-12-03 16:09:36 INFO           / \   ___ ___ ___| | ___ _ __ __ _ _   _ 
2025-12-03 16:09:36 INFO          / _ \ / __/ __/ _ \ |/ _ \ '__/ _` | | | |
2025-12-03 16:09:36 INFO         / ___ \ (_| (_|  __/ |  __/ | | (_| | |_| |
2025-12-03 16:09:36 INFO        /_/   \_\___\___\___|_|\___|_|  \__, |\__, |
2025-12-03 16:09:36 INFO                                        |___/ |___/ 
2025-12-03 16:09:36 INFO        generating outputs according to the following specified output flags... 
2025-12-03 16:09:36 INFO         Please use the -f flag to update the preference (default to all output files)
2025-12-03 16:09:36 INFO        {'ERT': 1, 'ERT_summary': 1, 'ART': 1, 'ART_summary': 1, 'energy_estimation': 1, 'flattened_arch': 1}
2025-12-03 16:09:36 INFO        Located config file at /home/juliana/.config/accelergy/accelergy_config.yaml.
2025-12-03 16:09:36 INFO        config file located:
2025-12-03 16:09:36 INFO        /home/juliana/.config/accelergy/accelergy_config.yaml
2025-12-03 16:09:36 INFO        Parsing file /home/juliana/Topicos-Especiais-XII/trabalho_final/timeloop/dse_pe_mac_width/outputs/2_neurons_2_macs_16_width/parsed-processed-input.yaml for architecture info
2025-12-03 16:09:36 INFO        Parsing file /home/juliana/Topicos-Especiais-XII/trabalho_final/timeloop/dse_pe_mac_width/outputs/2_neurons_2_macs_16_width/parsed-processed-input.yaml for compound_components info
2025-12-03 16:09:36 WARNING     No compound component classes specified, architecture can only contain primitive components
2025-12-03 16:09:36 INFO        Adding required action "write" to class SRAM
2025-12-03 16:09:36 INFO        Adding required action "read" to class SRAM
2025-12-03 16:09:36 INFO        Adding required action "update" to class SRAM
2025-12-03 16:09:36 INFO        Adding required action "leak" to class SRAM
2025-12-03 16:09:36 INFO        Adding required action "write" to class regfile
2025-12-03 16:09:36 INFO        Adding required action "read" to class regfile
2025-12-03 16:09:36 INFO        Adding required action "update" to class regfile
2025-12-03 16:09:36 INFO        Adding required action "leak" to class regfile
2025-12-03 16:09:36 INFO        Adding required action "compute" to class intmac
2025-12-03 16:09:36 INFO        Estimator plug-in identified by: /home/juliana/venv_pytorch/share/accelergy/estimation_plug_ins/accelergy-adc-plug-in/adc.estimator.yaml
2025-12-03 16:09:36 INFO        Estimator plug-in identified by: /home/juliana/venv_pytorch/share/accelergy/estimation_plug_ins/accelergy-table-based-plug-ins/table.estimator.yaml
2025-12-03 16:09:36 INFO        Estimator plug-in identified by: /home/juliana/venv_pytorch/share/accelergy/estimation_plug_ins/accelergy-library-plugin/library.estimator.yaml
2025-12-03 16:09:36 INFO        Estimator plug-in identified by: /home/juliana/venv_pytorch/share/accelergy/estimation_plug_ins/dummy_tables/dummy.estimator.yaml
2025-12-03 16:09:36 INFO        Estimator plug-in identified by: /home/juliana/venv_pytorch/share/accelergy/estimation_plug_ins/accelergy-neurosim-plugin/neurosim.estimator.yaml
2025-12-03 16:09:36 INFO        Estimator plug-in identified by: /home/juliana/venv_pytorch/share/accelergy/estimation_plug_ins/accelergy-aladdin-plug-in/aladdin.estimator.yaml
2025-12-03 16:09:36 INFO        Estimator plug-in identified by: /home/juliana/venv_pytorch/share/accelergy/estimation_plug_ins/accelergy-cacti-plug-in/cacti.estimator.yaml
2025-12-03 16:09:36 INFO        Loading Python plug-in: /home/juliana/venv_pytorch/share/accelergy/estimation_plug_ins/accelergy-cacti-plug-in/cacti_wrapper.py. Errors below are likely due to plug-in, not Accelergy.
2025-12-03 16:09:36 INFO        Getting all estimators in module <module 'python_plug_in0' from '/home/juliana/venv_pytorch/share/accelergy/estimation_plug_ins/accelergy-cacti-plug-in/cacti_wrapper.py'>
2025-12-03 16:09:36 INFO        Added estimator CactiCache that estimates cache with actions idle, read, read_access, update, update_access, write, write_access, leak
2025-12-03 16:09:36 INFO        Added estimator CactiDRAM that estimates ['DRAM', 'dram'] with actions idle, read, update, write, leak
2025-12-03 16:09:36 INFO        Added estimator CactiSRAM that estimates ['SRAM', 'sram'] with actions idle, read, update, write, leak
2025-12-03 16:09:36 INFO        Done loading Python plug-ins.
2025-12-03 16:09:36 INFO        Found estimator plug-in: ADC Plug-In (<ADCEstimator.ADCEstimator object at 0x7e24acc11ac0>)
2025-12-03 16:09:36 INFO        Found estimator plug-in: DEPRECATED table-based-plug-ins. Use the Library plug-in instead. (<SetsOfTables.SetsOfTables object at 0x7e24acbdaf90>)
2025-12-03 16:09:36 INFO        Found estimator plug-in: Library (<LibraryEstimator.LibraryEstimator object at 0x7e24acbd8470>)
2025-12-03 16:09:36 INFO        Found estimator plug-in: dummy (<DummyTable.DummyTable object at 0x7e24acbcef90>)
2025-12-03 16:09:36 INFO        Found estimator plug-in: Neurosim Plug-In (<NeuroWrapper.NeuroWrapper object at 0x7e24aca98740>)
2025-12-03 16:09:36 INFO        Found estimator plug-in: Aladdin_table (<AladdinTable.AladdinTable object at 0x7e24aca98590>)
2025-12-03 16:09:36 INFO        Found estimator plug-in: CactiCache (<accelergy.plug_in_interface.estimator_wrapper.EstimatorWrapper object at 0x7e24acbfdaf0>)
2025-12-03 16:09:36 INFO        Found estimator plug-in: CactiDRAM (<accelergy.plug_in_interface.estimator_wrapper.EstimatorWrapper object at 0x7e24acbfe600>)
2025-12-03 16:09:36 INFO        Found estimator plug-in: CactiSRAM (<accelergy.plug_in_interface.estimator_wrapper.EstimatorWrapper object at 0x7e24acbfcda0>)
2025-12-03 16:09:36 INFO        
2025-12-03 16:09:36 INFO        ENERGY ESTIMATION for SRAM(depth=16384, width=128, datawidth=16, instances=1, meshX=1, has_power_gating=False, n_banks=2, cluster_size=1, reduction_supported=True, multiple_buffering=1, min_utilization=0, allow_overbooking=False, meshY=1, technology=40nm, global_cycle_seconds=1e-09, version=0.4, action_latency_cycles=1, cycle_seconds=1e-09, n_instances=1).write(global_cycle_seconds=1e-09, action_latency_cycles=1)
2025-12-03 16:09:38 INFO        CactiSRAM estimated 5.109424615384615e-11 with accuracy 80%. Messages:
2025-12-03 16:09:38 INFO        | Unused arguments (datawidth, instances, meshX, has_power_gating, cluster_size, reduction_supported, multiple_buffering, min_utilization, allow_overbooking, meshY, global_cycle_seconds, version, action_latency_cycles, cycle_seconds, n_instances) provided for ['SRAM', 'sram'].__init__. Arguments used: (depth, width, n_banks, technology)
2025-12-03 16:09:38 INFO        | Unused arguments (global_cycle_seconds, action_latency_cycles) provided for ['SRAM', 'sram'].write. Arguments used: ()
2025-12-03 16:09:38 INFO        | Interpolating technology between 32 and 45.
2025-12-03 16:09:38 INFO        | Calling CACTI with cache_size=262144 n_rw_ports=1 block_size=16 tech_node_um=0.032 n_banks=2 tag_size=0 associativity=1
2025-12-03 16:09:38 INFO        | Calling CACTI with input path /home/juliana/venv_pytorch/share/accelergy/estimation_plug_ins/accelergy-cacti-plug-in/cacti_inputs_outputs/tmpo3d1s8x5
2025-12-03 16:09:38 INFO        | CACTI output will be written to /home/juliana/venv_pytorch/share/accelergy/estimation_plug_ins/accelergy-cacti-plug-in/cacti_inputs_outputs/tmpuzhv6c3l
2025-12-03 16:09:38 INFO        | CACTI executable not found at /home/juliana/venv_pytorch/share/accelergy/estimation_plug_ins/accelergy-cacti-plug-in/cacti/cacti
2025-12-03 16:09:38 INFO        | Calling: cd /home/juliana/venv_pytorch/share/accelergy/estimation_plug_ins/accelergy-cacti-plug-in ; ./cacti -infile /home/juliana/venv_pytorch/share/accelergy/estimation_plug_ins/accelergy-cacti-plug-in/cacti_inputs_outputs/tmpo3d1s8x5 >> /home/juliana/venv_pytorch/share/accelergy/estimation_plug_ins/accelergy-cacti-plug-in/cacti_inputs_outputs/tmpuzhv6c3l 2>&1
2025-12-03 16:09:38 INFO        | Calling CACTI with cache_size=262144 n_rw_ports=1 block_size=16 tech_node_um=0.045 n_banks=2 tag_size=0 associativity=1
2025-12-03 16:09:38 INFO        | Calling CACTI with input path /home/juliana/venv_pytorch/share/accelergy/estimation_plug_ins/accelergy-cacti-plug-in/cacti_inputs_outputs/tmph83bk_xm
2025-12-03 16:09:38 INFO        | CACTI output will be written to /home/juliana/venv_pytorch/share/accelergy/estimation_plug_ins/accelergy-cacti-plug-in/cacti_inputs_outputs/tmp6cyp38mt
2025-12-03 16:09:38 INFO        | CACTI executable not found at /home/juliana/venv_pytorch/share/accelergy/estimation_plug_ins/accelergy-cacti-plug-in/cacti/cacti
2025-12-03 16:09:38 INFO        | Calling: cd /home/juliana/venv_pytorch/share/accelergy/estimation_plug_ins/accelergy-cacti-plug-in ; ./cacti -infile /home/juliana/venv_pytorch/share/accelergy/estimation_plug_ins/accelergy-cacti-plug-in/cacti_inputs_outputs/tmph83bk_xm >> /home/juliana/venv_pytorch/share/accelergy/estimation_plug_ins/accelergy-cacti-plug-in/cacti_inputs_outputs/tmp6cyp38mt 2>&1
2025-12-03 16:09:38 INFO        | Cache bandwidth: 32.0 bytes/cycle
2025-12-03 16:09:38 INFO        | Cache bandwidth: 86573037025.32129 bits/second
2025-12-03 16:09:38 INFO        
2025-12-03 16:09:38 INFO        ENERGY ESTIMATION for SRAM(depth=16384, width=128, datawidth=16, instances=1, meshX=1, has_power_gating=False, n_banks=2, cluster_size=1, reduction_supported=True, multiple_buffering=1, min_utilization=0, allow_overbooking=False, meshY=1, technology=40nm, global_cycle_seconds=1e-09, version=0.4, action_latency_cycles=1, cycle_seconds=1e-09, n_instances=1).read(global_cycle_seconds=1e-09, action_latency_cycles=1)
2025-12-03 16:09:39 INFO        CactiSRAM estimated 6.186296923076923e-11 with accuracy 80%. Messages:
2025-12-03 16:09:39 INFO        | Unused arguments (datawidth, instances, meshX, has_power_gating, cluster_size, reduction_supported, multiple_buffering, min_utilization, allow_overbooking, meshY, global_cycle_seconds, version, action_latency_cycles, cycle_seconds, n_instances) provided for ['SRAM', 'sram'].__init__. Arguments used: (depth, width, n_banks, technology)
2025-12-03 16:09:39 INFO        | Unused arguments (global_cycle_seconds, action_latency_cycles) provided for ['SRAM', 'sram'].read. Arguments used: ()
2025-12-03 16:09:39 INFO        | Interpolating technology between 32 and 45.
2025-12-03 16:09:39 INFO        | Calling CACTI with cache_size=262144 n_rw_ports=1 block_size=16 tech_node_um=0.032 n_banks=2 tag_size=0 associativity=1
2025-12-03 16:09:39 INFO        | Calling CACTI with input path /home/juliana/venv_pytorch/share/accelergy/estimation_plug_ins/accelergy-cacti-plug-in/cacti_inputs_outputs/tmpr0uefv5m
2025-12-03 16:09:39 INFO        | CACTI output will be written to /home/juliana/venv_pytorch/share/accelergy/estimation_plug_ins/accelergy-cacti-plug-in/cacti_inputs_outputs/tmp7nckqba0
2025-12-03 16:09:39 INFO        | CACTI executable not found at /home/juliana/venv_pytorch/share/accelergy/estimation_plug_ins/accelergy-cacti-plug-in/cacti/cacti
2025-12-03 16:09:39 INFO        | Calling: cd /home/juliana/venv_pytorch/share/accelergy/estimation_plug_ins/accelergy-cacti-plug-in ; ./cacti -infile /home/juliana/venv_pytorch/share/accelergy/estimation_plug_ins/accelergy-cacti-plug-in/cacti_inputs_outputs/tmpr0uefv5m >> /home/juliana/venv_pytorch/share/accelergy/estimation_plug_ins/accelergy-cacti-plug-in/cacti_inputs_outputs/tmp7nckqba0 2>&1
2025-12-03 16:09:39 INFO        | Calling CACTI with cache_size=262144 n_rw_ports=1 block_size=16 tech_node_um=0.045 n_banks=2 tag_size=0 associativity=1
2025-12-03 16:09:39 INFO        | Calling CACTI with input path /home/juliana/venv_pytorch/share/accelergy/estimation_plug_ins/accelergy-cacti-plug-in/cacti_inputs_outputs/tmpnta7b2vz
2025-12-03 16:09:39 INFO        | CACTI output will be written to /home/juliana/venv_pytorch/share/accelergy/estimation_plug_ins/accelergy-cacti-plug-in/cacti_inputs_outputs/tmpujut2vtv
2025-12-03 16:09:39 INFO        | CACTI executable not found at /home/juliana/venv_pytorch/share/accelergy/estimation_plug_ins/accelergy-cacti-plug-in/cacti/cacti
2025-12-03 16:09:39 INFO        | Calling: cd /home/juliana/venv_pytorch/share/accelergy/estimation_plug_ins/accelergy-cacti-plug-in ; ./cacti -infile /home/juliana/venv_pytorch/share/accelergy/estimation_plug_ins/accelergy-cacti-plug-in/cacti_inputs_outputs/tmpnta7b2vz >> /home/juliana/venv_pytorch/share/accelergy/estimation_plug_ins/accelergy-cacti-plug-in/cacti_inputs_outputs/tmpujut2vtv 2>&1
2025-12-03 16:09:39 INFO        | Cache bandwidth: 32.0 bytes/cycle
2025-12-03 16:09:39 INFO        | Cache bandwidth: 86573037025.32129 bits/second
2025-12-03 16:09:39 INFO        
2025-12-03 16:09:39 INFO        ENERGY ESTIMATION for SRAM(depth=16384, width=128, datawidth=16, instances=1, meshX=1, has_power_gating=False, n_banks=2, cluster_size=1, reduction_supported=True, multiple_buffering=1, min_utilization=0, allow_overbooking=False, meshY=1, technology=40nm, global_cycle_seconds=1e-09, version=0.4, action_latency_cycles=1, cycle_seconds=1e-09, n_instances=1).update(global_cycle_seconds=1e-09, action_latency_cycles=1)
2025-12-03 16:09:42 INFO        CactiSRAM estimated 5.109424615384615e-11 with accuracy 80%. Messages:
2025-12-03 16:09:42 INFO        | Unused arguments (datawidth, instances, meshX, has_power_gating, cluster_size, reduction_supported, multiple_buffering, min_utilization, allow_overbooking, meshY, global_cycle_seconds, version, action_latency_cycles, cycle_seconds, n_instances) provided for ['SRAM', 'sram'].__init__. Arguments used: (depth, width, n_banks, technology)
2025-12-03 16:09:42 INFO        | Unused arguments (global_cycle_seconds, action_latency_cycles) provided for ['SRAM', 'sram'].update. Arguments used: ()
2025-12-03 16:09:42 INFO        | Interpolating technology between 32 and 45.
2025-12-03 16:09:42 INFO        | Calling CACTI with cache_size=262144 n_rw_ports=1 block_size=16 tech_node_um=0.032 n_banks=2 tag_size=0 associativity=1
2025-12-03 16:09:42 INFO        | Calling CACTI with input path /home/juliana/venv_pytorch/share/accelergy/estimation_plug_ins/accelergy-cacti-plug-in/cacti_inputs_outputs/tmp1ddwlm0k
2025-12-03 16:09:42 INFO        | CACTI output will be written to /home/juliana/venv_pytorch/share/accelergy/estimation_plug_ins/accelergy-cacti-plug-in/cacti_inputs_outputs/tmpowt_umym
2025-12-03 16:09:42 INFO        | CACTI executable not found at /home/juliana/venv_pytorch/share/accelergy/estimation_plug_ins/accelergy-cacti-plug-in/cacti/cacti
2025-12-03 16:09:42 INFO        | Calling: cd /home/juliana/venv_pytorch/share/accelergy/estimation_plug_ins/accelergy-cacti-plug-in ; ./cacti -infile /home/juliana/venv_pytorch/share/accelergy/estimation_plug_ins/accelergy-cacti-plug-in/cacti_inputs_outputs/tmp1ddwlm0k >> /home/juliana/venv_pytorch/share/accelergy/estimation_plug_ins/accelergy-cacti-plug-in/cacti_inputs_outputs/tmpowt_umym 2>&1
2025-12-03 16:09:42 INFO        | Calling CACTI with cache_size=262144 n_rw_ports=1 block_size=16 tech_node_um=0.045 n_banks=2 tag_size=0 associativity=1
2025-12-03 16:09:42 INFO        | Calling CACTI with input path /home/juliana/venv_pytorch/share/accelergy/estimation_plug_ins/accelergy-cacti-plug-in/cacti_inputs_outputs/tmpgwb1_7nb
2025-12-03 16:09:42 INFO        | CACTI output will be written to /home/juliana/venv_pytorch/share/accelergy/estimation_plug_ins/accelergy-cacti-plug-in/cacti_inputs_outputs/tmp8m1qo2l8
2025-12-03 16:09:42 INFO        | CACTI executable not found at /home/juliana/venv_pytorch/share/accelergy/estimation_plug_ins/accelergy-cacti-plug-in/cacti/cacti
2025-12-03 16:09:42 INFO        | Calling: cd /home/juliana/venv_pytorch/share/accelergy/estimation_plug_ins/accelergy-cacti-plug-in ; ./cacti -infile /home/juliana/venv_pytorch/share/accelergy/estimation_plug_ins/accelergy-cacti-plug-in/cacti_inputs_outputs/tmpgwb1_7nb >> /home/juliana/venv_pytorch/share/accelergy/estimation_plug_ins/accelergy-cacti-plug-in/cacti_inputs_outputs/tmp8m1qo2l8 2>&1
2025-12-03 16:09:42 INFO        | Cache bandwidth: 32.0 bytes/cycle
2025-12-03 16:09:42 INFO        | Cache bandwidth: 86573037025.32129 bits/second
2025-12-03 16:09:42 INFO        
2025-12-03 16:09:42 INFO        ENERGY ESTIMATION for SRAM(depth=16384, width=128, datawidth=16, instances=1, meshX=1, has_power_gating=False, n_banks=2, cluster_size=1, reduction_supported=True, multiple_buffering=1, min_utilization=0, allow_overbooking=False, meshY=1, technology=40nm, global_cycle_seconds=1e-09, version=0.4, action_latency_cycles=1, cycle_seconds=1e-09, n_instances=1).leak(global_cycle_seconds=1e-09, action_latency_cycles=1)
2025-12-03 16:09:43 INFO        CactiSRAM estimated 7.938727692307692e-15 with accuracy 80%. Messages:
2025-12-03 16:09:43 INFO        | Unused arguments (datawidth, instances, meshX, has_power_gating, cluster_size, reduction_supported, multiple_buffering, min_utilization, allow_overbooking, meshY, global_cycle_seconds, version, action_latency_cycles, cycle_seconds, n_instances) provided for ['SRAM', 'sram'].__init__. Arguments used: (depth, width, n_banks, technology)
2025-12-03 16:09:43 INFO        | Unused arguments (action_latency_cycles) provided for ['SRAM', 'sram'].leak. Arguments used: (global_cycle_seconds)
2025-12-03 16:09:43 INFO        | Interpolating technology between 32 and 45.
2025-12-03 16:09:43 INFO        | Calling CACTI with cache_size=262144 n_rw_ports=1 block_size=16 tech_node_um=0.032 n_banks=2 tag_size=0 associativity=1
2025-12-03 16:09:43 INFO        | Calling CACTI with input path /home/juliana/venv_pytorch/share/accelergy/estimation_plug_ins/accelergy-cacti-plug-in/cacti_inputs_outputs/tmpp8zztzm1
2025-12-03 16:09:43 INFO        | CACTI output will be written to /home/juliana/venv_pytorch/share/accelergy/estimation_plug_ins/accelergy-cacti-plug-in/cacti_inputs_outputs/tmpd023roni
2025-12-03 16:09:43 INFO        | CACTI executable not found at /home/juliana/venv_pytorch/share/accelergy/estimation_plug_ins/accelergy-cacti-plug-in/cacti/cacti
2025-12-03 16:09:43 INFO        | Calling: cd /home/juliana/venv_pytorch/share/accelergy/estimation_plug_ins/accelergy-cacti-plug-in ; ./cacti -infile /home/juliana/venv_pytorch/share/accelergy/estimation_plug_ins/accelergy-cacti-plug-in/cacti_inputs_outputs/tmpp8zztzm1 >> /home/juliana/venv_pytorch/share/accelergy/estimation_plug_ins/accelergy-cacti-plug-in/cacti_inputs_outputs/tmpd023roni 2>&1
2025-12-03 16:09:43 INFO        | Calling CACTI with cache_size=262144 n_rw_ports=1 block_size=16 tech_node_um=0.045 n_banks=2 tag_size=0 associativity=1
2025-12-03 16:09:43 INFO        | Calling CACTI with input path /home/juliana/venv_pytorch/share/accelergy/estimation_plug_ins/accelergy-cacti-plug-in/cacti_inputs_outputs/tmpctsw_dvt
2025-12-03 16:09:43 INFO        | CACTI output will be written to /home/juliana/venv_pytorch/share/accelergy/estimation_plug_ins/accelergy-cacti-plug-in/cacti_inputs_outputs/tmpksp55f81
2025-12-03 16:09:43 INFO        | CACTI executable not found at /home/juliana/venv_pytorch/share/accelergy/estimation_plug_ins/accelergy-cacti-plug-in/cacti/cacti
2025-12-03 16:09:43 INFO        | Calling: cd /home/juliana/venv_pytorch/share/accelergy/estimation_plug_ins/accelergy-cacti-plug-in ; ./cacti -infile /home/juliana/venv_pytorch/share/accelergy/estimation_plug_ins/accelergy-cacti-plug-in/cacti_inputs_outputs/tmpctsw_dvt >> /home/juliana/venv_pytorch/share/accelergy/estimation_plug_ins/accelergy-cacti-plug-in/cacti_inputs_outputs/tmpksp55f81 2>&1
2025-12-03 16:09:43 INFO        | Cache bandwidth: 32.0 bytes/cycle
2025-12-03 16:09:43 INFO        | Cache bandwidth: 86573037025.32129 bits/second
2025-12-03 16:09:43 INFO        | Global cycle time 1e-09 is less than the cache's random cycle time 2.95704076923077e-09
2025-12-03 16:09:43 INFO        | Multiplying by n_instances 1
2025-12-03 16:09:43 INFO        
2025-12-03 16:09:43 INFO        ENERGY ESTIMATION for regfile(depth=1, width=32, datawidth=16, has_power_gating=False, n_banks=2, cluster_size=1, reduction_supported=True, multiple_buffering=1, min_utilization=0, allow_overbooking=False, meshX=2, meshY=1, technology=40nm, global_cycle_seconds=1e-09, spatial={'meshX': 32}, version=0.4, action_latency_cycles=1, cycle_seconds=1e-09, n_instances=1).write(global_cycle_seconds=1e-09, action_latency_cycles=1)
2025-12-03 16:09:43 INFO        Aladdin_table estimated 0.009p with accuracy 70%. 
2025-12-03 16:09:43 INFO        
2025-12-03 16:09:43 INFO        ENERGY ESTIMATION for regfile(depth=1, width=32, datawidth=16, has_power_gating=False, n_banks=2, cluster_size=1, reduction_supported=True, multiple_buffering=1, min_utilization=0, allow_overbooking=False, meshX=2, meshY=1, technology=40nm, global_cycle_seconds=1e-09, spatial={'meshX': 32}, version=0.4, action_latency_cycles=1, cycle_seconds=1e-09, n_instances=1).read(global_cycle_seconds=1e-09, action_latency_cycles=1)
2025-12-03 16:09:43 INFO        Aladdin_table estimated 0.009p with accuracy 70%. 
2025-12-03 16:09:43 INFO        
2025-12-03 16:09:43 INFO        ENERGY ESTIMATION for regfile(depth=1, width=32, datawidth=16, has_power_gating=False, n_banks=2, cluster_size=1, reduction_supported=True, multiple_buffering=1, min_utilization=0, allow_overbooking=False, meshX=2, meshY=1, technology=40nm, global_cycle_seconds=1e-09, spatial={'meshX': 32}, version=0.4, action_latency_cycles=1, cycle_seconds=1e-09, n_instances=1).update(global_cycle_seconds=1e-09, action_latency_cycles=1)
2025-12-03 16:09:43 INFO        Aladdin_table estimated 0.009p with accuracy 70%. 
2025-12-03 16:09:43 INFO        
2025-12-03 16:09:43 INFO        ENERGY ESTIMATION for regfile(depth=1, width=32, datawidth=16, has_power_gating=False, n_banks=2, cluster_size=1, reduction_supported=True, multiple_buffering=1, min_utilization=0, allow_overbooking=False, meshX=2, meshY=1, technology=40nm, global_cycle_seconds=1e-09, spatial={'meshX': 32}, version=0.4, action_latency_cycles=1, cycle_seconds=1e-09, n_instances=1).leak(global_cycle_seconds=1e-09, action_latency_cycles=1)
2025-12-03 16:09:43 INFO        Aladdin_table estimated 7e-05p with accuracy 70%. Messages:
2025-12-03 16:09:43 INFO        | Multiplying by n_instances 1
2025-12-03 16:09:43 INFO        
2025-12-03 16:09:43 INFO        ENERGY ESTIMATION for intmac(width=16, datawidth=16, has_power_gating=False, meshX=4, meshY=1, technology=40nm, global_cycle_seconds=1e-09, spatial={'meshX': 32}, version=0.4, action_latency_cycles=1, cycle_seconds=1e-09, n_instances=1).compute(global_cycle_seconds=1e-09, action_latency_cycles=1)
2025-12-03 16:09:43 INFO        Aladdin_table estimated 3.275p with accuracy 70%. 
2025-12-03 16:09:43 WARNING     No action counts are specified as yaml input
2025-12-03 16:09:43 INFO        
2025-12-03 16:09:43 INFO        AREA ESTIMATION for SRAM(depth=16384, width=128, datawidth=16, instances=1, meshX=1, has_power_gating=False, n_banks=2, cluster_size=1, reduction_supported=True, multiple_buffering=1, min_utilization=0, allow_overbooking=False, meshY=1, technology=40nm, global_cycle_seconds=1e-09, version=0.4, action_latency_cycles=1, cycle_seconds=1e-09, n_instances=1)
2025-12-03 16:09:45 INFO        CactiSRAM estimated 7.340426923076923e-07 with accuracy 80%. Messages:
2025-12-03 16:09:45 INFO        | Unused arguments (datawidth, instances, meshX, has_power_gating, cluster_size, reduction_supported, multiple_buffering, min_utilization, allow_overbooking, meshY, global_cycle_seconds, version, action_latency_cycles, cycle_seconds, n_instances) provided for ['SRAM', 'sram'].__init__. Arguments used: (depth, width, n_banks, technology)
2025-12-03 16:09:45 INFO        | Interpolating technology between 32 and 45.
2025-12-03 16:09:45 INFO        | Calling CACTI with cache_size=262144 n_rw_ports=1 block_size=16 tech_node_um=0.032 n_banks=2 tag_size=0 associativity=1
2025-12-03 16:09:45 INFO        | Calling CACTI with input path /home/juliana/venv_pytorch/share/accelergy/estimation_plug_ins/accelergy-cacti-plug-in/cacti_inputs_outputs/tmp6c9beu4q
2025-12-03 16:09:45 INFO        | CACTI output will be written to /home/juliana/venv_pytorch/share/accelergy/estimation_plug_ins/accelergy-cacti-plug-in/cacti_inputs_outputs/tmp3ojpiw35
2025-12-03 16:09:45 INFO        | CACTI executable not found at /home/juliana/venv_pytorch/share/accelergy/estimation_plug_ins/accelergy-cacti-plug-in/cacti/cacti
2025-12-03 16:09:45 INFO        | Calling: cd /home/juliana/venv_pytorch/share/accelergy/estimation_plug_ins/accelergy-cacti-plug-in ; ./cacti -infile /home/juliana/venv_pytorch/share/accelergy/estimation_plug_ins/accelergy-cacti-plug-in/cacti_inputs_outputs/tmp6c9beu4q >> /home/juliana/venv_pytorch/share/accelergy/estimation_plug_ins/accelergy-cacti-plug-in/cacti_inputs_outputs/tmp3ojpiw35 2>&1
2025-12-03 16:09:45 INFO        | Calling CACTI with cache_size=262144 n_rw_ports=1 block_size=16 tech_node_um=0.045 n_banks=2 tag_size=0 associativity=1
2025-12-03 16:09:45 INFO        | Calling CACTI with input path /home/juliana/venv_pytorch/share/accelergy/estimation_plug_ins/accelergy-cacti-plug-in/cacti_inputs_outputs/tmp49j792zl
2025-12-03 16:09:45 INFO        | CACTI output will be written to /home/juliana/venv_pytorch/share/accelergy/estimation_plug_ins/accelergy-cacti-plug-in/cacti_inputs_outputs/tmplm4cjled
2025-12-03 16:09:45 INFO        | CACTI executable not found at /home/juliana/venv_pytorch/share/accelergy/estimation_plug_ins/accelergy-cacti-plug-in/cacti/cacti
2025-12-03 16:09:45 INFO        | Calling: cd /home/juliana/venv_pytorch/share/accelergy/estimation_plug_ins/accelergy-cacti-plug-in ; ./cacti -infile /home/juliana/venv_pytorch/share/accelergy/estimation_plug_ins/accelergy-cacti-plug-in/cacti_inputs_outputs/tmp49j792zl >> /home/juliana/venv_pytorch/share/accelergy/estimation_plug_ins/accelergy-cacti-plug-in/cacti_inputs_outputs/tmplm4cjled 2>&1
2025-12-03 16:09:45 INFO        | Cache bandwidth: 32.0 bytes/cycle
2025-12-03 16:09:45 INFO        | Cache bandwidth: 86573037025.32129 bits/second
2025-12-03 16:09:45 INFO        | Multiplying by n_instances 1
2025-12-03 16:09:45 INFO        
2025-12-03 16:09:45 INFO        AREA ESTIMATION for dummy_storage(width=1, depth=1, datawidth=1, technology=-1, has_power_gating=False, n_banks=2, cluster_size=1, reduction_supported=True, multiple_buffering=1, min_utilization=0, allow_overbooking=False, meshX=1, meshY=1, global_cycle_seconds=1e-09, spatial={'meshX': 32}, version=0.4, action_latency_cycles=1, cycle_seconds=1e-09, n_instances=1)
2025-12-03 16:09:45 INFO        dummy estimated 1u^2 with accuracy 100%. Messages:
2025-12-03 16:09:45 INFO        | Multiplying by n_instances 1
2025-12-03 16:09:45 INFO        
2025-12-03 16:09:45 INFO        AREA ESTIMATION for regfile(depth=1, width=32, datawidth=16, has_power_gating=False, n_banks=2, cluster_size=1, reduction_supported=True, multiple_buffering=1, min_utilization=0, allow_overbooking=False, meshX=2, meshY=1, technology=40nm, global_cycle_seconds=1e-09, spatial={'meshX': 32}, version=0.4, action_latency_cycles=1, cycle_seconds=1e-09, n_instances=1)
2025-12-03 16:09:45 INFO        Aladdin_table estimated 5.98u^2 with accuracy 70%. Messages:
2025-12-03 16:09:45 INFO        | Multiplying by n_instances 1
2025-12-03 16:09:45 INFO        
2025-12-03 16:09:45 INFO        AREA ESTIMATION for dummy_storage(width=1, depth=1, datawidth=1, technology=-1, has_power_gating=False, n_banks=2, cluster_size=1, reduction_supported=True, multiple_buffering=1, min_utilization=0, allow_overbooking=False, meshX=2, meshY=1, global_cycle_seconds=1e-09, spatial={'meshX': 32}, version=0.4, action_latency_cycles=1, cycle_seconds=1e-09, n_instances=1)
2025-12-03 16:09:45 INFO        dummy estimated 1u^2 with accuracy 100%. Messages:
2025-12-03 16:09:45 INFO        | Multiplying by n_instances 1
2025-12-03 16:09:45 INFO        
2025-12-03 16:09:45 INFO        AREA ESTIMATION for intmac(width=16, datawidth=16, has_power_gating=False, meshX=4, meshY=1, technology=40nm, global_cycle_seconds=1e-09, spatial={'meshX': 32}, version=0.4, action_latency_cycles=1, cycle_seconds=1e-09, n_instances=1)
2025-12-03 16:09:45 INFO        Aladdin_table estimated 1726.5u^2 with accuracy 70%. Messages:
2025-12-03 16:09:45 INFO        | Multiplying by n_instances 1
2025-12-03 16:09:45 INFO        flattened architecture is saved to:
2025-12-03 16:09:45 INFO        ./timeloop-mapper.flattened_architecture.yaml
2025-12-03 16:09:45 INFO        energy reference table is saved to:
2025-12-03 16:09:45 INFO        ./timeloop-mapper.ERT.yaml
2025-12-03 16:09:45 INFO        energy reference table summary is saved to:
2025-12-03 16:09:45 INFO        ./timeloop-mapper.ERT_summary.yaml
2025-12-03 16:09:45 WARNING     no runtime energy estimations are generated... not generating energy_estimation.yaml
2025-12-03 16:09:45 INFO        area reference table is saved to:
2025-12-03 16:09:45 INFO        ./timeloop-mapper.ART.yaml
2025-12-03 16:09:45 INFO        area reference table summary is saved to:
2025-12-03 16:09:45 INFO        ./timeloop-mapper.ART_summary.yaml
