2025-12-03 16:08:41 INFO            _                _                      
2025-12-03 16:08:41 INFO           / \   ___ ___ ___| | ___ _ __ __ _ _   _ 
2025-12-03 16:08:41 INFO          / _ \ / __/ __/ _ \ |/ _ \ '__/ _` | | | |
2025-12-03 16:08:41 INFO         / ___ \ (_| (_|  __/ |  __/ | | (_| | |_| |
2025-12-03 16:08:41 INFO        /_/   \_\___\___\___|_|\___|_|  \__, |\__, |
2025-12-03 16:08:41 INFO                                        |___/ |___/ 
2025-12-03 16:08:41 INFO        generating outputs according to the following specified output flags... 
2025-12-03 16:08:41 INFO         Please use the -f flag to update the preference (default to all output files)
2025-12-03 16:08:41 INFO        {'ERT': 1, 'ERT_summary': 1, 'ART': 1, 'ART_summary': 1, 'energy_estimation': 1, 'flattened_arch': 1}
2025-12-03 16:08:41 INFO        Located config file at /home/juliana/.config/accelergy/accelergy_config.yaml.
2025-12-03 16:08:41 INFO        config file located:
2025-12-03 16:08:41 INFO        /home/juliana/.config/accelergy/accelergy_config.yaml
2025-12-03 16:08:41 INFO        Parsing file /home/juliana/Topicos-Especiais-XII/trabalho_final/timeloop/dse_pe_mac_width/outputs/1_neurons_4_macs_8_width/parsed-processed-input.yaml for architecture info
2025-12-03 16:08:41 INFO        Parsing file /home/juliana/Topicos-Especiais-XII/trabalho_final/timeloop/dse_pe_mac_width/outputs/1_neurons_4_macs_8_width/parsed-processed-input.yaml for compound_components info
2025-12-03 16:08:41 WARNING     No compound component classes specified, architecture can only contain primitive components
2025-12-03 16:08:41 INFO        Adding required action "write" to class SRAM
2025-12-03 16:08:41 INFO        Adding required action "read" to class SRAM
2025-12-03 16:08:41 INFO        Adding required action "update" to class SRAM
2025-12-03 16:08:41 INFO        Adding required action "leak" to class SRAM
2025-12-03 16:08:41 INFO        Adding required action "write" to class regfile
2025-12-03 16:08:41 INFO        Adding required action "read" to class regfile
2025-12-03 16:08:41 INFO        Adding required action "update" to class regfile
2025-12-03 16:08:41 INFO        Adding required action "leak" to class regfile
2025-12-03 16:08:41 INFO        Adding required action "compute" to class intmac
2025-12-03 16:08:41 INFO        Estimator plug-in identified by: /home/juliana/venv_pytorch/share/accelergy/estimation_plug_ins/accelergy-adc-plug-in/adc.estimator.yaml
2025-12-03 16:08:41 INFO        Estimator plug-in identified by: /home/juliana/venv_pytorch/share/accelergy/estimation_plug_ins/accelergy-table-based-plug-ins/table.estimator.yaml
2025-12-03 16:08:41 INFO        Estimator plug-in identified by: /home/juliana/venv_pytorch/share/accelergy/estimation_plug_ins/accelergy-library-plugin/library.estimator.yaml
2025-12-03 16:08:41 INFO        Estimator plug-in identified by: /home/juliana/venv_pytorch/share/accelergy/estimation_plug_ins/dummy_tables/dummy.estimator.yaml
2025-12-03 16:08:41 INFO        Estimator plug-in identified by: /home/juliana/venv_pytorch/share/accelergy/estimation_plug_ins/accelergy-neurosim-plugin/neurosim.estimator.yaml
2025-12-03 16:08:41 INFO        Estimator plug-in identified by: /home/juliana/venv_pytorch/share/accelergy/estimation_plug_ins/accelergy-aladdin-plug-in/aladdin.estimator.yaml
2025-12-03 16:08:41 INFO        Estimator plug-in identified by: /home/juliana/venv_pytorch/share/accelergy/estimation_plug_ins/accelergy-cacti-plug-in/cacti.estimator.yaml
2025-12-03 16:08:41 INFO        Loading Python plug-in: /home/juliana/venv_pytorch/share/accelergy/estimation_plug_ins/accelergy-cacti-plug-in/cacti_wrapper.py. Errors below are likely due to plug-in, not Accelergy.
2025-12-03 16:08:41 INFO        Getting all estimators in module <module 'python_plug_in0' from '/home/juliana/venv_pytorch/share/accelergy/estimation_plug_ins/accelergy-cacti-plug-in/cacti_wrapper.py'>
2025-12-03 16:08:41 INFO        Added estimator CactiCache that estimates cache with actions idle, read, read_access, update, update_access, write, write_access, leak
2025-12-03 16:08:41 INFO        Added estimator CactiDRAM that estimates ['DRAM', 'dram'] with actions idle, read, update, write, leak
2025-12-03 16:08:41 INFO        Added estimator CactiSRAM that estimates ['SRAM', 'sram'] with actions idle, read, update, write, leak
2025-12-03 16:08:41 INFO        Done loading Python plug-ins.
2025-12-03 16:08:41 INFO        Found estimator plug-in: ADC Plug-In (<ADCEstimator.ADCEstimator object at 0x7e3d66d8b230>)
2025-12-03 16:08:41 INFO        Found estimator plug-in: DEPRECATED table-based-plug-ins. Use the Library plug-in instead. (<SetsOfTables.SetsOfTables object at 0x7e3d66d5b4a0>)
2025-12-03 16:08:41 INFO        Found estimator plug-in: Library (<LibraryEstimator.LibraryEstimator object at 0x7e3d66d894f0>)
2025-12-03 16:08:41 INFO        Found estimator plug-in: dummy (<DummyTable.DummyTable object at 0x7e3d66bc4d70>)
2025-12-03 16:08:41 INFO        Found estimator plug-in: Neurosim Plug-In (<NeuroWrapper.NeuroWrapper object at 0x7e3d66d59550>)
2025-12-03 16:08:41 INFO        Found estimator plug-in: Aladdin_table (<AladdinTable.AladdinTable object at 0x7e3d66c30bf0>)
2025-12-03 16:08:41 INFO        Found estimator plug-in: CactiCache (<accelergy.plug_in_interface.estimator_wrapper.EstimatorWrapper object at 0x7e3d66be4b30>)
2025-12-03 16:08:41 INFO        Found estimator plug-in: CactiDRAM (<accelergy.plug_in_interface.estimator_wrapper.EstimatorWrapper object at 0x7e3d66bc4da0>)
2025-12-03 16:08:41 INFO        Found estimator plug-in: CactiSRAM (<accelergy.plug_in_interface.estimator_wrapper.EstimatorWrapper object at 0x7e3d67bfc230>)
2025-12-03 16:08:41 INFO        
2025-12-03 16:08:41 INFO        ENERGY ESTIMATION for SRAM(depth=16384, width=64, datawidth=8, instances=1, meshX=1, has_power_gating=False, n_banks=2, cluster_size=1, reduction_supported=True, multiple_buffering=1, min_utilization=0, allow_overbooking=False, meshY=1, technology=40nm, global_cycle_seconds=1e-09, version=0.4, action_latency_cycles=1, cycle_seconds=1e-09, n_instances=1).write(global_cycle_seconds=1e-09, action_latency_cycles=1)
2025-12-03 16:08:42 INFO        CactiSRAM estimated 2.0885000000000004e-11 with accuracy 80%. Messages:
2025-12-03 16:08:42 INFO        | Unused arguments (datawidth, instances, meshX, has_power_gating, cluster_size, reduction_supported, multiple_buffering, min_utilization, allow_overbooking, meshY, global_cycle_seconds, version, action_latency_cycles, cycle_seconds, n_instances) provided for ['SRAM', 'sram'].__init__. Arguments used: (depth, width, n_banks, technology)
2025-12-03 16:08:42 INFO        | Unused arguments (global_cycle_seconds, action_latency_cycles) provided for ['SRAM', 'sram'].write. Arguments used: ()
2025-12-03 16:08:42 INFO        | Interpolating technology between 32 and 45.
2025-12-03 16:08:42 INFO        | Calling CACTI with cache_size=131072 n_rw_ports=1 block_size=8 tech_node_um=0.032 n_banks=2 tag_size=0 associativity=1
2025-12-03 16:08:42 INFO        | Calling CACTI with input path /home/juliana/venv_pytorch/share/accelergy/estimation_plug_ins/accelergy-cacti-plug-in/cacti_inputs_outputs/tmpyau6w0vt
2025-12-03 16:08:42 INFO        | CACTI output will be written to /home/juliana/venv_pytorch/share/accelergy/estimation_plug_ins/accelergy-cacti-plug-in/cacti_inputs_outputs/tmpj_4pailq
2025-12-03 16:08:42 INFO        | CACTI executable not found at /home/juliana/venv_pytorch/share/accelergy/estimation_plug_ins/accelergy-cacti-plug-in/cacti/cacti
2025-12-03 16:08:42 INFO        | Calling: cd /home/juliana/venv_pytorch/share/accelergy/estimation_plug_ins/accelergy-cacti-plug-in ; ./cacti -infile /home/juliana/venv_pytorch/share/accelergy/estimation_plug_ins/accelergy-cacti-plug-in/cacti_inputs_outputs/tmpyau6w0vt >> /home/juliana/venv_pytorch/share/accelergy/estimation_plug_ins/accelergy-cacti-plug-in/cacti_inputs_outputs/tmpj_4pailq 2>&1
2025-12-03 16:08:42 INFO        | Calling CACTI with cache_size=131072 n_rw_ports=1 block_size=8 tech_node_um=0.045 n_banks=2 tag_size=0 associativity=1
2025-12-03 16:08:42 INFO        | Calling CACTI with input path /home/juliana/venv_pytorch/share/accelergy/estimation_plug_ins/accelergy-cacti-plug-in/cacti_inputs_outputs/tmpmu4uibnh
2025-12-03 16:08:42 INFO        | CACTI output will be written to /home/juliana/venv_pytorch/share/accelergy/estimation_plug_ins/accelergy-cacti-plug-in/cacti_inputs_outputs/tmp8d5kfhc7
2025-12-03 16:08:42 INFO        | CACTI executable not found at /home/juliana/venv_pytorch/share/accelergy/estimation_plug_ins/accelergy-cacti-plug-in/cacti/cacti
2025-12-03 16:08:42 INFO        | Calling: cd /home/juliana/venv_pytorch/share/accelergy/estimation_plug_ins/accelergy-cacti-plug-in ; ./cacti -infile /home/juliana/venv_pytorch/share/accelergy/estimation_plug_ins/accelergy-cacti-plug-in/cacti_inputs_outputs/tmpmu4uibnh >> /home/juliana/venv_pytorch/share/accelergy/estimation_plug_ins/accelergy-cacti-plug-in/cacti_inputs_outputs/tmp8d5kfhc7 2>&1
2025-12-03 16:08:42 INFO        | Cache bandwidth: 16.0 bytes/cycle
2025-12-03 16:08:42 INFO        | Cache bandwidth: 84404451523.23659 bits/second
2025-12-03 16:08:42 INFO        
2025-12-03 16:08:42 INFO        ENERGY ESTIMATION for SRAM(depth=16384, width=64, datawidth=8, instances=1, meshX=1, has_power_gating=False, n_banks=2, cluster_size=1, reduction_supported=True, multiple_buffering=1, min_utilization=0, allow_overbooking=False, meshY=1, technology=40nm, global_cycle_seconds=1e-09, version=0.4, action_latency_cycles=1, cycle_seconds=1e-09, n_instances=1).read(global_cycle_seconds=1e-09, action_latency_cycles=1)
2025-12-03 16:08:43 INFO        CactiSRAM estimated 2.626936153846154e-11 with accuracy 80%. Messages:
2025-12-03 16:08:43 INFO        | Unused arguments (datawidth, instances, meshX, has_power_gating, cluster_size, reduction_supported, multiple_buffering, min_utilization, allow_overbooking, meshY, global_cycle_seconds, version, action_latency_cycles, cycle_seconds, n_instances) provided for ['SRAM', 'sram'].__init__. Arguments used: (depth, width, n_banks, technology)
2025-12-03 16:08:43 INFO        | Unused arguments (global_cycle_seconds, action_latency_cycles) provided for ['SRAM', 'sram'].read. Arguments used: ()
2025-12-03 16:08:43 INFO        | Interpolating technology between 32 and 45.
2025-12-03 16:08:43 INFO        | Calling CACTI with cache_size=131072 n_rw_ports=1 block_size=8 tech_node_um=0.032 n_banks=2 tag_size=0 associativity=1
2025-12-03 16:08:43 INFO        | Calling CACTI with input path /home/juliana/venv_pytorch/share/accelergy/estimation_plug_ins/accelergy-cacti-plug-in/cacti_inputs_outputs/tmp6eq1li98
2025-12-03 16:08:43 INFO        | CACTI output will be written to /home/juliana/venv_pytorch/share/accelergy/estimation_plug_ins/accelergy-cacti-plug-in/cacti_inputs_outputs/tmpk9ih9p6b
2025-12-03 16:08:43 INFO        | CACTI executable not found at /home/juliana/venv_pytorch/share/accelergy/estimation_plug_ins/accelergy-cacti-plug-in/cacti/cacti
2025-12-03 16:08:43 INFO        | Calling: cd /home/juliana/venv_pytorch/share/accelergy/estimation_plug_ins/accelergy-cacti-plug-in ; ./cacti -infile /home/juliana/venv_pytorch/share/accelergy/estimation_plug_ins/accelergy-cacti-plug-in/cacti_inputs_outputs/tmp6eq1li98 >> /home/juliana/venv_pytorch/share/accelergy/estimation_plug_ins/accelergy-cacti-plug-in/cacti_inputs_outputs/tmpk9ih9p6b 2>&1
2025-12-03 16:08:43 INFO        | Calling CACTI with cache_size=131072 n_rw_ports=1 block_size=8 tech_node_um=0.045 n_banks=2 tag_size=0 associativity=1
2025-12-03 16:08:43 INFO        | Calling CACTI with input path /home/juliana/venv_pytorch/share/accelergy/estimation_plug_ins/accelergy-cacti-plug-in/cacti_inputs_outputs/tmps3tul00r
2025-12-03 16:08:43 INFO        | CACTI output will be written to /home/juliana/venv_pytorch/share/accelergy/estimation_plug_ins/accelergy-cacti-plug-in/cacti_inputs_outputs/tmpz5qf0tt5
2025-12-03 16:08:43 INFO        | CACTI executable not found at /home/juliana/venv_pytorch/share/accelergy/estimation_plug_ins/accelergy-cacti-plug-in/cacti/cacti
2025-12-03 16:08:43 INFO        | Calling: cd /home/juliana/venv_pytorch/share/accelergy/estimation_plug_ins/accelergy-cacti-plug-in ; ./cacti -infile /home/juliana/venv_pytorch/share/accelergy/estimation_plug_ins/accelergy-cacti-plug-in/cacti_inputs_outputs/tmps3tul00r >> /home/juliana/venv_pytorch/share/accelergy/estimation_plug_ins/accelergy-cacti-plug-in/cacti_inputs_outputs/tmpz5qf0tt5 2>&1
2025-12-03 16:08:43 INFO        | Cache bandwidth: 16.0 bytes/cycle
2025-12-03 16:08:43 INFO        | Cache bandwidth: 84404451523.23659 bits/second
2025-12-03 16:08:43 INFO        
2025-12-03 16:08:43 INFO        ENERGY ESTIMATION for SRAM(depth=16384, width=64, datawidth=8, instances=1, meshX=1, has_power_gating=False, n_banks=2, cluster_size=1, reduction_supported=True, multiple_buffering=1, min_utilization=0, allow_overbooking=False, meshY=1, technology=40nm, global_cycle_seconds=1e-09, version=0.4, action_latency_cycles=1, cycle_seconds=1e-09, n_instances=1).update(global_cycle_seconds=1e-09, action_latency_cycles=1)
2025-12-03 16:08:45 INFO        CactiSRAM estimated 2.0885000000000004e-11 with accuracy 80%. Messages:
2025-12-03 16:08:45 INFO        | Unused arguments (datawidth, instances, meshX, has_power_gating, cluster_size, reduction_supported, multiple_buffering, min_utilization, allow_overbooking, meshY, global_cycle_seconds, version, action_latency_cycles, cycle_seconds, n_instances) provided for ['SRAM', 'sram'].__init__. Arguments used: (depth, width, n_banks, technology)
2025-12-03 16:08:45 INFO        | Unused arguments (global_cycle_seconds, action_latency_cycles) provided for ['SRAM', 'sram'].update. Arguments used: ()
2025-12-03 16:08:45 INFO        | Interpolating technology between 32 and 45.
2025-12-03 16:08:45 INFO        | Calling CACTI with cache_size=131072 n_rw_ports=1 block_size=8 tech_node_um=0.032 n_banks=2 tag_size=0 associativity=1
2025-12-03 16:08:45 INFO        | Calling CACTI with input path /home/juliana/venv_pytorch/share/accelergy/estimation_plug_ins/accelergy-cacti-plug-in/cacti_inputs_outputs/tmpvcvc2gb6
2025-12-03 16:08:45 INFO        | CACTI output will be written to /home/juliana/venv_pytorch/share/accelergy/estimation_plug_ins/accelergy-cacti-plug-in/cacti_inputs_outputs/tmptbd20_hf
2025-12-03 16:08:45 INFO        | CACTI executable not found at /home/juliana/venv_pytorch/share/accelergy/estimation_plug_ins/accelergy-cacti-plug-in/cacti/cacti
2025-12-03 16:08:45 INFO        | Calling: cd /home/juliana/venv_pytorch/share/accelergy/estimation_plug_ins/accelergy-cacti-plug-in ; ./cacti -infile /home/juliana/venv_pytorch/share/accelergy/estimation_plug_ins/accelergy-cacti-plug-in/cacti_inputs_outputs/tmpvcvc2gb6 >> /home/juliana/venv_pytorch/share/accelergy/estimation_plug_ins/accelergy-cacti-plug-in/cacti_inputs_outputs/tmptbd20_hf 2>&1
2025-12-03 16:08:45 INFO        | Calling CACTI with cache_size=131072 n_rw_ports=1 block_size=8 tech_node_um=0.045 n_banks=2 tag_size=0 associativity=1
2025-12-03 16:08:45 INFO        | Calling CACTI with input path /home/juliana/venv_pytorch/share/accelergy/estimation_plug_ins/accelergy-cacti-plug-in/cacti_inputs_outputs/tmprkv012ox
2025-12-03 16:08:45 INFO        | CACTI output will be written to /home/juliana/venv_pytorch/share/accelergy/estimation_plug_ins/accelergy-cacti-plug-in/cacti_inputs_outputs/tmp4kpv58tn
2025-12-03 16:08:45 INFO        | CACTI executable not found at /home/juliana/venv_pytorch/share/accelergy/estimation_plug_ins/accelergy-cacti-plug-in/cacti/cacti
2025-12-03 16:08:45 INFO        | Calling: cd /home/juliana/venv_pytorch/share/accelergy/estimation_plug_ins/accelergy-cacti-plug-in ; ./cacti -infile /home/juliana/venv_pytorch/share/accelergy/estimation_plug_ins/accelergy-cacti-plug-in/cacti_inputs_outputs/tmprkv012ox >> /home/juliana/venv_pytorch/share/accelergy/estimation_plug_ins/accelergy-cacti-plug-in/cacti_inputs_outputs/tmp4kpv58tn 2>&1
2025-12-03 16:08:45 INFO        | Cache bandwidth: 16.0 bytes/cycle
2025-12-03 16:08:45 INFO        | Cache bandwidth: 84404451523.23659 bits/second
2025-12-03 16:08:45 INFO        
2025-12-03 16:08:45 INFO        ENERGY ESTIMATION for SRAM(depth=16384, width=64, datawidth=8, instances=1, meshX=1, has_power_gating=False, n_banks=2, cluster_size=1, reduction_supported=True, multiple_buffering=1, min_utilization=0, allow_overbooking=False, meshY=1, technology=40nm, global_cycle_seconds=1e-09, version=0.4, action_latency_cycles=1, cycle_seconds=1e-09, n_instances=1).leak(global_cycle_seconds=1e-09, action_latency_cycles=1)
2025-12-03 16:08:46 INFO        CactiSRAM estimated 4.241492307692307e-15 with accuracy 80%. Messages:
2025-12-03 16:08:46 INFO        | Unused arguments (datawidth, instances, meshX, has_power_gating, cluster_size, reduction_supported, multiple_buffering, min_utilization, allow_overbooking, meshY, global_cycle_seconds, version, action_latency_cycles, cycle_seconds, n_instances) provided for ['SRAM', 'sram'].__init__. Arguments used: (depth, width, n_banks, technology)
2025-12-03 16:08:46 INFO        | Unused arguments (action_latency_cycles) provided for ['SRAM', 'sram'].leak. Arguments used: (global_cycle_seconds)
2025-12-03 16:08:46 INFO        | Interpolating technology between 32 and 45.
2025-12-03 16:08:46 INFO        | Calling CACTI with cache_size=131072 n_rw_ports=1 block_size=8 tech_node_um=0.032 n_banks=2 tag_size=0 associativity=1
2025-12-03 16:08:46 INFO        | Calling CACTI with input path /home/juliana/venv_pytorch/share/accelergy/estimation_plug_ins/accelergy-cacti-plug-in/cacti_inputs_outputs/tmpgfqq00j0
2025-12-03 16:08:46 INFO        | CACTI output will be written to /home/juliana/venv_pytorch/share/accelergy/estimation_plug_ins/accelergy-cacti-plug-in/cacti_inputs_outputs/tmpyf_w5i3k
2025-12-03 16:08:46 INFO        | CACTI executable not found at /home/juliana/venv_pytorch/share/accelergy/estimation_plug_ins/accelergy-cacti-plug-in/cacti/cacti
2025-12-03 16:08:46 INFO        | Calling: cd /home/juliana/venv_pytorch/share/accelergy/estimation_plug_ins/accelergy-cacti-plug-in ; ./cacti -infile /home/juliana/venv_pytorch/share/accelergy/estimation_plug_ins/accelergy-cacti-plug-in/cacti_inputs_outputs/tmpgfqq00j0 >> /home/juliana/venv_pytorch/share/accelergy/estimation_plug_ins/accelergy-cacti-plug-in/cacti_inputs_outputs/tmpyf_w5i3k 2>&1
2025-12-03 16:08:46 INFO        | Calling CACTI with cache_size=131072 n_rw_ports=1 block_size=8 tech_node_um=0.045 n_banks=2 tag_size=0 associativity=1
2025-12-03 16:08:46 INFO        | Calling CACTI with input path /home/juliana/venv_pytorch/share/accelergy/estimation_plug_ins/accelergy-cacti-plug-in/cacti_inputs_outputs/tmpft0use9c
2025-12-03 16:08:46 INFO        | CACTI output will be written to /home/juliana/venv_pytorch/share/accelergy/estimation_plug_ins/accelergy-cacti-plug-in/cacti_inputs_outputs/tmpol13dar9
2025-12-03 16:08:46 INFO        | CACTI executable not found at /home/juliana/venv_pytorch/share/accelergy/estimation_plug_ins/accelergy-cacti-plug-in/cacti/cacti
2025-12-03 16:08:46 INFO        | Calling: cd /home/juliana/venv_pytorch/share/accelergy/estimation_plug_ins/accelergy-cacti-plug-in ; ./cacti -infile /home/juliana/venv_pytorch/share/accelergy/estimation_plug_ins/accelergy-cacti-plug-in/cacti_inputs_outputs/tmpft0use9c >> /home/juliana/venv_pytorch/share/accelergy/estimation_plug_ins/accelergy-cacti-plug-in/cacti_inputs_outputs/tmpol13dar9 2>&1
2025-12-03 16:08:46 INFO        | Cache bandwidth: 16.0 bytes/cycle
2025-12-03 16:08:46 INFO        | Cache bandwidth: 84404451523.23659 bits/second
2025-12-03 16:08:46 INFO        | Global cycle time 1e-09 is less than the cache's random cycle time 1.5165076923076923e-09
2025-12-03 16:08:46 INFO        | Multiplying by n_instances 1
2025-12-03 16:08:46 INFO        
2025-12-03 16:08:46 INFO        ENERGY ESTIMATION for regfile(depth=1, width=32, datawidth=8, has_power_gating=False, n_banks=2, cluster_size=1, reduction_supported=True, multiple_buffering=1, min_utilization=0, allow_overbooking=False, meshX=1, meshY=1, technology=40nm, global_cycle_seconds=1e-09, spatial={'meshX': 32}, version=0.4, action_latency_cycles=1, cycle_seconds=1e-09, n_instances=1).write(global_cycle_seconds=1e-09, action_latency_cycles=1)
2025-12-03 16:08:46 INFO        Aladdin_table estimated 0.009p with accuracy 70%. 
2025-12-03 16:08:46 INFO        
2025-12-03 16:08:46 INFO        ENERGY ESTIMATION for regfile(depth=1, width=32, datawidth=8, has_power_gating=False, n_banks=2, cluster_size=1, reduction_supported=True, multiple_buffering=1, min_utilization=0, allow_overbooking=False, meshX=1, meshY=1, technology=40nm, global_cycle_seconds=1e-09, spatial={'meshX': 32}, version=0.4, action_latency_cycles=1, cycle_seconds=1e-09, n_instances=1).read(global_cycle_seconds=1e-09, action_latency_cycles=1)
2025-12-03 16:08:46 INFO        Aladdin_table estimated 0.009p with accuracy 70%. 
2025-12-03 16:08:46 INFO        
2025-12-03 16:08:46 INFO        ENERGY ESTIMATION for regfile(depth=1, width=32, datawidth=8, has_power_gating=False, n_banks=2, cluster_size=1, reduction_supported=True, multiple_buffering=1, min_utilization=0, allow_overbooking=False, meshX=1, meshY=1, technology=40nm, global_cycle_seconds=1e-09, spatial={'meshX': 32}, version=0.4, action_latency_cycles=1, cycle_seconds=1e-09, n_instances=1).update(global_cycle_seconds=1e-09, action_latency_cycles=1)
2025-12-03 16:08:46 INFO        Aladdin_table estimated 0.009p with accuracy 70%. 
2025-12-03 16:08:46 INFO        
2025-12-03 16:08:46 INFO        ENERGY ESTIMATION for regfile(depth=1, width=32, datawidth=8, has_power_gating=False, n_banks=2, cluster_size=1, reduction_supported=True, multiple_buffering=1, min_utilization=0, allow_overbooking=False, meshX=1, meshY=1, technology=40nm, global_cycle_seconds=1e-09, spatial={'meshX': 32}, version=0.4, action_latency_cycles=1, cycle_seconds=1e-09, n_instances=1).leak(global_cycle_seconds=1e-09, action_latency_cycles=1)
2025-12-03 16:08:46 INFO        Aladdin_table estimated 7e-05p with accuracy 70%. Messages:
2025-12-03 16:08:46 INFO        | Multiplying by n_instances 1
2025-12-03 16:08:46 INFO        
2025-12-03 16:08:46 INFO        ENERGY ESTIMATION for intmac(width=8, datawidth=8, has_power_gating=False, meshX=4, meshY=1, technology=40nm, global_cycle_seconds=1e-09, spatial={'meshX': 32}, version=0.4, action_latency_cycles=1, cycle_seconds=1e-09, n_instances=1).compute(global_cycle_seconds=1e-09, action_latency_cycles=1)
2025-12-03 16:08:46 INFO        Aladdin_table estimated 0.845p with accuracy 70%. 
2025-12-03 16:08:46 WARNING     No action counts are specified as yaml input
2025-12-03 16:08:46 INFO        
2025-12-03 16:08:46 INFO        AREA ESTIMATION for SRAM(depth=16384, width=64, datawidth=8, instances=1, meshX=1, has_power_gating=False, n_banks=2, cluster_size=1, reduction_supported=True, multiple_buffering=1, min_utilization=0, allow_overbooking=False, meshY=1, technology=40nm, global_cycle_seconds=1e-09, version=0.4, action_latency_cycles=1, cycle_seconds=1e-09, n_instances=1)
2025-12-03 16:08:47 INFO        CactiSRAM estimated 3.549695384615385e-07 with accuracy 80%. Messages:
2025-12-03 16:08:47 INFO        | Unused arguments (datawidth, instances, meshX, has_power_gating, cluster_size, reduction_supported, multiple_buffering, min_utilization, allow_overbooking, meshY, global_cycle_seconds, version, action_latency_cycles, cycle_seconds, n_instances) provided for ['SRAM', 'sram'].__init__. Arguments used: (depth, width, n_banks, technology)
2025-12-03 16:08:47 INFO        | Interpolating technology between 32 and 45.
2025-12-03 16:08:47 INFO        | Calling CACTI with cache_size=131072 n_rw_ports=1 block_size=8 tech_node_um=0.032 n_banks=2 tag_size=0 associativity=1
2025-12-03 16:08:47 INFO        | Calling CACTI with input path /home/juliana/venv_pytorch/share/accelergy/estimation_plug_ins/accelergy-cacti-plug-in/cacti_inputs_outputs/tmpl7zzoo5n
2025-12-03 16:08:47 INFO        | CACTI output will be written to /home/juliana/venv_pytorch/share/accelergy/estimation_plug_ins/accelergy-cacti-plug-in/cacti_inputs_outputs/tmpon_g6xu7
2025-12-03 16:08:47 INFO        | CACTI executable not found at /home/juliana/venv_pytorch/share/accelergy/estimation_plug_ins/accelergy-cacti-plug-in/cacti/cacti
2025-12-03 16:08:47 INFO        | Calling: cd /home/juliana/venv_pytorch/share/accelergy/estimation_plug_ins/accelergy-cacti-plug-in ; ./cacti -infile /home/juliana/venv_pytorch/share/accelergy/estimation_plug_ins/accelergy-cacti-plug-in/cacti_inputs_outputs/tmpl7zzoo5n >> /home/juliana/venv_pytorch/share/accelergy/estimation_plug_ins/accelergy-cacti-plug-in/cacti_inputs_outputs/tmpon_g6xu7 2>&1
2025-12-03 16:08:47 INFO        | Calling CACTI with cache_size=131072 n_rw_ports=1 block_size=8 tech_node_um=0.045 n_banks=2 tag_size=0 associativity=1
2025-12-03 16:08:47 INFO        | Calling CACTI with input path /home/juliana/venv_pytorch/share/accelergy/estimation_plug_ins/accelergy-cacti-plug-in/cacti_inputs_outputs/tmpdbx_fcyu
2025-12-03 16:08:47 INFO        | CACTI output will be written to /home/juliana/venv_pytorch/share/accelergy/estimation_plug_ins/accelergy-cacti-plug-in/cacti_inputs_outputs/tmpps1_7wag
2025-12-03 16:08:47 INFO        | CACTI executable not found at /home/juliana/venv_pytorch/share/accelergy/estimation_plug_ins/accelergy-cacti-plug-in/cacti/cacti
2025-12-03 16:08:47 INFO        | Calling: cd /home/juliana/venv_pytorch/share/accelergy/estimation_plug_ins/accelergy-cacti-plug-in ; ./cacti -infile /home/juliana/venv_pytorch/share/accelergy/estimation_plug_ins/accelergy-cacti-plug-in/cacti_inputs_outputs/tmpdbx_fcyu >> /home/juliana/venv_pytorch/share/accelergy/estimation_plug_ins/accelergy-cacti-plug-in/cacti_inputs_outputs/tmpps1_7wag 2>&1
2025-12-03 16:08:47 INFO        | Cache bandwidth: 16.0 bytes/cycle
2025-12-03 16:08:47 INFO        | Cache bandwidth: 84404451523.23659 bits/second
2025-12-03 16:08:47 INFO        | Multiplying by n_instances 1
2025-12-03 16:08:47 INFO        
2025-12-03 16:08:47 INFO        AREA ESTIMATION for regfile(depth=1, width=32, datawidth=8, has_power_gating=False, n_banks=2, cluster_size=1, reduction_supported=True, multiple_buffering=1, min_utilization=0, allow_overbooking=False, meshX=1, meshY=1, technology=40nm, global_cycle_seconds=1e-09, spatial={'meshX': 32}, version=0.4, action_latency_cycles=1, cycle_seconds=1e-09, n_instances=1)
2025-12-03 16:08:47 INFO        Aladdin_table estimated 5.98u^2 with accuracy 70%. Messages:
2025-12-03 16:08:47 INFO        | Multiplying by n_instances 1
2025-12-03 16:08:47 INFO        
2025-12-03 16:08:47 INFO        AREA ESTIMATION for dummy_storage(width=1, depth=1, datawidth=1, technology=-1, has_power_gating=False, n_banks=2, cluster_size=1, reduction_supported=True, multiple_buffering=1, min_utilization=0, allow_overbooking=False, meshX=1, meshY=1, global_cycle_seconds=1e-09, spatial={'meshX': 32}, version=0.4, action_latency_cycles=1, cycle_seconds=1e-09, n_instances=1)
2025-12-03 16:08:47 INFO        dummy estimated 1u^2 with accuracy 100%. Messages:
2025-12-03 16:08:47 INFO        | Multiplying by n_instances 1
2025-12-03 16:08:47 INFO        
2025-12-03 16:08:47 INFO        AREA ESTIMATION for intmac(width=8, datawidth=8, has_power_gating=False, meshX=4, meshY=1, technology=40nm, global_cycle_seconds=1e-09, spatial={'meshX': 32}, version=0.4, action_latency_cycles=1, cycle_seconds=1e-09, n_instances=1)
2025-12-03 16:08:47 INFO        Aladdin_table estimated 466.375u^2 with accuracy 70%. Messages:
2025-12-03 16:08:47 INFO        | Multiplying by n_instances 1
2025-12-03 16:08:47 INFO        flattened architecture is saved to:
2025-12-03 16:08:47 INFO        ./timeloop-mapper.flattened_architecture.yaml
2025-12-03 16:08:47 INFO        energy reference table is saved to:
2025-12-03 16:08:47 INFO        ./timeloop-mapper.ERT.yaml
2025-12-03 16:08:47 INFO        energy reference table summary is saved to:
2025-12-03 16:08:47 INFO        ./timeloop-mapper.ERT_summary.yaml
2025-12-03 16:08:47 WARNING     no runtime energy estimations are generated... not generating energy_estimation.yaml
2025-12-03 16:08:47 INFO        area reference table is saved to:
2025-12-03 16:08:47 INFO        ./timeloop-mapper.ART.yaml
2025-12-03 16:08:47 INFO        area reference table summary is saved to:
2025-12-03 16:08:47 INFO        ./timeloop-mapper.ART_summary.yaml
