2025-12-03 16:10:15 INFO            _                _                      
2025-12-03 16:10:15 INFO           / \   ___ ___ ___| | ___ _ __ __ _ _   _ 
2025-12-03 16:10:15 INFO          / _ \ / __/ __/ _ \ |/ _ \ '__/ _` | | | |
2025-12-03 16:10:15 INFO         / ___ \ (_| (_|  __/ |  __/ | | (_| | |_| |
2025-12-03 16:10:15 INFO        /_/   \_\___\___\___|_|\___|_|  \__, |\__, |
2025-12-03 16:10:15 INFO                                        |___/ |___/ 
2025-12-03 16:10:15 INFO        generating outputs according to the following specified output flags... 
2025-12-03 16:10:15 INFO         Please use the -f flag to update the preference (default to all output files)
2025-12-03 16:10:15 INFO        {'ERT': 1, 'ERT_summary': 1, 'ART': 1, 'ART_summary': 1, 'energy_estimation': 1, 'flattened_arch': 1}
2025-12-03 16:10:15 INFO        Located config file at /home/juliana/.config/accelergy/accelergy_config.yaml.
2025-12-03 16:10:15 INFO        config file located:
2025-12-03 16:10:15 INFO        /home/juliana/.config/accelergy/accelergy_config.yaml
2025-12-03 16:10:15 INFO        Parsing file /home/juliana/Topicos-Especiais-XII/trabalho_final/timeloop/dse_pe_mac_width/outputs/2_neurons_8_macs_8_width/parsed-processed-input.yaml for architecture info
2025-12-03 16:10:15 INFO        Parsing file /home/juliana/Topicos-Especiais-XII/trabalho_final/timeloop/dse_pe_mac_width/outputs/2_neurons_8_macs_8_width/parsed-processed-input.yaml for compound_components info
2025-12-03 16:10:15 WARNING     No compound component classes specified, architecture can only contain primitive components
2025-12-03 16:10:15 INFO        Adding required action "write" to class SRAM
2025-12-03 16:10:15 INFO        Adding required action "read" to class SRAM
2025-12-03 16:10:15 INFO        Adding required action "update" to class SRAM
2025-12-03 16:10:15 INFO        Adding required action "leak" to class SRAM
2025-12-03 16:10:15 INFO        Adding required action "write" to class regfile
2025-12-03 16:10:15 INFO        Adding required action "read" to class regfile
2025-12-03 16:10:15 INFO        Adding required action "update" to class regfile
2025-12-03 16:10:15 INFO        Adding required action "leak" to class regfile
2025-12-03 16:10:15 INFO        Adding required action "compute" to class intmac
2025-12-03 16:10:15 INFO        Estimator plug-in identified by: /home/juliana/venv_pytorch/share/accelergy/estimation_plug_ins/accelergy-adc-plug-in/adc.estimator.yaml
2025-12-03 16:10:15 INFO        Estimator plug-in identified by: /home/juliana/venv_pytorch/share/accelergy/estimation_plug_ins/accelergy-table-based-plug-ins/table.estimator.yaml
2025-12-03 16:10:15 INFO        Estimator plug-in identified by: /home/juliana/venv_pytorch/share/accelergy/estimation_plug_ins/accelergy-library-plugin/library.estimator.yaml
2025-12-03 16:10:15 INFO        Estimator plug-in identified by: /home/juliana/venv_pytorch/share/accelergy/estimation_plug_ins/dummy_tables/dummy.estimator.yaml
2025-12-03 16:10:15 INFO        Estimator plug-in identified by: /home/juliana/venv_pytorch/share/accelergy/estimation_plug_ins/accelergy-neurosim-plugin/neurosim.estimator.yaml
2025-12-03 16:10:15 INFO        Estimator plug-in identified by: /home/juliana/venv_pytorch/share/accelergy/estimation_plug_ins/accelergy-aladdin-plug-in/aladdin.estimator.yaml
2025-12-03 16:10:15 INFO        Estimator plug-in identified by: /home/juliana/venv_pytorch/share/accelergy/estimation_plug_ins/accelergy-cacti-plug-in/cacti.estimator.yaml
2025-12-03 16:10:15 INFO        Loading Python plug-in: /home/juliana/venv_pytorch/share/accelergy/estimation_plug_ins/accelergy-cacti-plug-in/cacti_wrapper.py. Errors below are likely due to plug-in, not Accelergy.
2025-12-03 16:10:15 INFO        Getting all estimators in module <module 'python_plug_in0' from '/home/juliana/venv_pytorch/share/accelergy/estimation_plug_ins/accelergy-cacti-plug-in/cacti_wrapper.py'>
2025-12-03 16:10:15 INFO        Added estimator CactiCache that estimates cache with actions idle, read, read_access, update, update_access, write, write_access, leak
2025-12-03 16:10:15 INFO        Added estimator CactiDRAM that estimates ['DRAM', 'dram'] with actions idle, read, update, write, leak
2025-12-03 16:10:15 INFO        Added estimator CactiSRAM that estimates ['SRAM', 'sram'] with actions idle, read, update, write, leak
2025-12-03 16:10:15 INFO        Done loading Python plug-ins.
2025-12-03 16:10:15 INFO        Found estimator plug-in: ADC Plug-In (<ADCEstimator.ADCEstimator object at 0x7762489879e0>)
2025-12-03 16:10:15 INFO        Found estimator plug-in: DEPRECATED table-based-plug-ins. Use the Library plug-in instead. (<SetsOfTables.SetsOfTables object at 0x776248951310>)
2025-12-03 16:10:15 INFO        Found estimator plug-in: Library (<LibraryEstimator.LibraryEstimator object at 0x776248952090>)
2025-12-03 16:10:15 INFO        Found estimator plug-in: dummy (<DummyTable.DummyTable object at 0x7762492e1e20>)
2025-12-03 16:10:15 INFO        Found estimator plug-in: Neurosim Plug-In (<NeuroWrapper.NeuroWrapper object at 0x7762489848f0>)
2025-12-03 16:10:15 INFO        Found estimator plug-in: Aladdin_table (<AladdinTable.AladdinTable object at 0x7762488245f0>)
2025-12-03 16:10:15 INFO        Found estimator plug-in: CactiCache (<accelergy.plug_in_interface.estimator_wrapper.EstimatorWrapper object at 0x776248856450>)
2025-12-03 16:10:15 INFO        Found estimator plug-in: CactiDRAM (<accelergy.plug_in_interface.estimator_wrapper.EstimatorWrapper object at 0x776248984140>)
2025-12-03 16:10:15 INFO        Found estimator plug-in: CactiSRAM (<accelergy.plug_in_interface.estimator_wrapper.EstimatorWrapper object at 0x776248824f20>)
2025-12-03 16:10:15 INFO        
2025-12-03 16:10:15 INFO        ENERGY ESTIMATION for SRAM(depth=16384, width=256, datawidth=8, instances=1, meshX=1, has_power_gating=False, n_banks=2, cluster_size=1, reduction_supported=True, multiple_buffering=1, min_utilization=0, allow_overbooking=False, meshY=1, technology=40nm, global_cycle_seconds=1e-09, version=0.4, action_latency_cycles=1, cycle_seconds=1e-09, n_instances=1).write(global_cycle_seconds=1e-09, action_latency_cycles=1)
2025-12-03 16:10:17 INFO        CactiSRAM estimated 1.3081765384615386e-10 with accuracy 80%. Messages:
2025-12-03 16:10:17 INFO        | Unused arguments (datawidth, instances, meshX, has_power_gating, cluster_size, reduction_supported, multiple_buffering, min_utilization, allow_overbooking, meshY, global_cycle_seconds, version, action_latency_cycles, cycle_seconds, n_instances) provided for ['SRAM', 'sram'].__init__. Arguments used: (depth, width, n_banks, technology)
2025-12-03 16:10:17 INFO        | Unused arguments (global_cycle_seconds, action_latency_cycles) provided for ['SRAM', 'sram'].write. Arguments used: ()
2025-12-03 16:10:17 INFO        | Interpolating technology between 32 and 45.
2025-12-03 16:10:17 INFO        | Calling CACTI with cache_size=524288 n_rw_ports=1 block_size=32 tech_node_um=0.032 n_banks=2 tag_size=0 associativity=1
2025-12-03 16:10:17 INFO        | Calling CACTI with input path /home/juliana/venv_pytorch/share/accelergy/estimation_plug_ins/accelergy-cacti-plug-in/cacti_inputs_outputs/tmpmwtg10r3
2025-12-03 16:10:17 INFO        | CACTI output will be written to /home/juliana/venv_pytorch/share/accelergy/estimation_plug_ins/accelergy-cacti-plug-in/cacti_inputs_outputs/tmpyv_h91ua
2025-12-03 16:10:17 INFO        | CACTI executable not found at /home/juliana/venv_pytorch/share/accelergy/estimation_plug_ins/accelergy-cacti-plug-in/cacti/cacti
2025-12-03 16:10:17 INFO        | Calling: cd /home/juliana/venv_pytorch/share/accelergy/estimation_plug_ins/accelergy-cacti-plug-in ; ./cacti -infile /home/juliana/venv_pytorch/share/accelergy/estimation_plug_ins/accelergy-cacti-plug-in/cacti_inputs_outputs/tmpmwtg10r3 >> /home/juliana/venv_pytorch/share/accelergy/estimation_plug_ins/accelergy-cacti-plug-in/cacti_inputs_outputs/tmpyv_h91ua 2>&1
2025-12-03 16:10:17 INFO        | Calling CACTI with cache_size=524288 n_rw_ports=1 block_size=32 tech_node_um=0.045 n_banks=2 tag_size=0 associativity=1
2025-12-03 16:10:17 INFO        | Calling CACTI with input path /home/juliana/venv_pytorch/share/accelergy/estimation_plug_ins/accelergy-cacti-plug-in/cacti_inputs_outputs/tmpj0qef1hm
2025-12-03 16:10:17 INFO        | CACTI output will be written to /home/juliana/venv_pytorch/share/accelergy/estimation_plug_ins/accelergy-cacti-plug-in/cacti_inputs_outputs/tmp475yym_p
2025-12-03 16:10:17 INFO        | CACTI executable not found at /home/juliana/venv_pytorch/share/accelergy/estimation_plug_ins/accelergy-cacti-plug-in/cacti/cacti
2025-12-03 16:10:17 INFO        | Calling: cd /home/juliana/venv_pytorch/share/accelergy/estimation_plug_ins/accelergy-cacti-plug-in ; ./cacti -infile /home/juliana/venv_pytorch/share/accelergy/estimation_plug_ins/accelergy-cacti-plug-in/cacti_inputs_outputs/tmpj0qef1hm >> /home/juliana/venv_pytorch/share/accelergy/estimation_plug_ins/accelergy-cacti-plug-in/cacti_inputs_outputs/tmp475yym_p 2>&1
2025-12-03 16:10:17 INFO        | Cache bandwidth: 64.0 bytes/cycle
2025-12-03 16:10:17 INFO        | Cache bandwidth: 160404945369.29526 bits/second
2025-12-03 16:10:17 INFO        
2025-12-03 16:10:17 INFO        ENERGY ESTIMATION for SRAM(depth=16384, width=256, datawidth=8, instances=1, meshX=1, has_power_gating=False, n_banks=2, cluster_size=1, reduction_supported=True, multiple_buffering=1, min_utilization=0, allow_overbooking=False, meshY=1, technology=40nm, global_cycle_seconds=1e-09, version=0.4, action_latency_cycles=1, cycle_seconds=1e-09, n_instances=1).read(global_cycle_seconds=1e-09, action_latency_cycles=1)
2025-12-03 16:10:18 INFO        CactiSRAM estimated 1.3716419230769233e-10 with accuracy 80%. Messages:
2025-12-03 16:10:18 INFO        | Unused arguments (datawidth, instances, meshX, has_power_gating, cluster_size, reduction_supported, multiple_buffering, min_utilization, allow_overbooking, meshY, global_cycle_seconds, version, action_latency_cycles, cycle_seconds, n_instances) provided for ['SRAM', 'sram'].__init__. Arguments used: (depth, width, n_banks, technology)
2025-12-03 16:10:18 INFO        | Unused arguments (global_cycle_seconds, action_latency_cycles) provided for ['SRAM', 'sram'].read. Arguments used: ()
2025-12-03 16:10:18 INFO        | Interpolating technology between 32 and 45.
2025-12-03 16:10:18 INFO        | Calling CACTI with cache_size=524288 n_rw_ports=1 block_size=32 tech_node_um=0.032 n_banks=2 tag_size=0 associativity=1
2025-12-03 16:10:18 INFO        | Calling CACTI with input path /home/juliana/venv_pytorch/share/accelergy/estimation_plug_ins/accelergy-cacti-plug-in/cacti_inputs_outputs/tmpbv1js97n
2025-12-03 16:10:18 INFO        | CACTI output will be written to /home/juliana/venv_pytorch/share/accelergy/estimation_plug_ins/accelergy-cacti-plug-in/cacti_inputs_outputs/tmpjs30yrtj
2025-12-03 16:10:18 INFO        | CACTI executable not found at /home/juliana/venv_pytorch/share/accelergy/estimation_plug_ins/accelergy-cacti-plug-in/cacti/cacti
2025-12-03 16:10:18 INFO        | Calling: cd /home/juliana/venv_pytorch/share/accelergy/estimation_plug_ins/accelergy-cacti-plug-in ; ./cacti -infile /home/juliana/venv_pytorch/share/accelergy/estimation_plug_ins/accelergy-cacti-plug-in/cacti_inputs_outputs/tmpbv1js97n >> /home/juliana/venv_pytorch/share/accelergy/estimation_plug_ins/accelergy-cacti-plug-in/cacti_inputs_outputs/tmpjs30yrtj 2>&1
2025-12-03 16:10:18 INFO        | Calling CACTI with cache_size=524288 n_rw_ports=1 block_size=32 tech_node_um=0.045 n_banks=2 tag_size=0 associativity=1
2025-12-03 16:10:18 INFO        | Calling CACTI with input path /home/juliana/venv_pytorch/share/accelergy/estimation_plug_ins/accelergy-cacti-plug-in/cacti_inputs_outputs/tmpgd32sbps
2025-12-03 16:10:18 INFO        | CACTI output will be written to /home/juliana/venv_pytorch/share/accelergy/estimation_plug_ins/accelergy-cacti-plug-in/cacti_inputs_outputs/tmpkjypgle4
2025-12-03 16:10:18 INFO        | CACTI executable not found at /home/juliana/venv_pytorch/share/accelergy/estimation_plug_ins/accelergy-cacti-plug-in/cacti/cacti
2025-12-03 16:10:18 INFO        | Calling: cd /home/juliana/venv_pytorch/share/accelergy/estimation_plug_ins/accelergy-cacti-plug-in ; ./cacti -infile /home/juliana/venv_pytorch/share/accelergy/estimation_plug_ins/accelergy-cacti-plug-in/cacti_inputs_outputs/tmpgd32sbps >> /home/juliana/venv_pytorch/share/accelergy/estimation_plug_ins/accelergy-cacti-plug-in/cacti_inputs_outputs/tmpkjypgle4 2>&1
2025-12-03 16:10:18 INFO        | Cache bandwidth: 64.0 bytes/cycle
2025-12-03 16:10:18 INFO        | Cache bandwidth: 160404945369.29526 bits/second
2025-12-03 16:10:18 INFO        
2025-12-03 16:10:18 INFO        ENERGY ESTIMATION for SRAM(depth=16384, width=256, datawidth=8, instances=1, meshX=1, has_power_gating=False, n_banks=2, cluster_size=1, reduction_supported=True, multiple_buffering=1, min_utilization=0, allow_overbooking=False, meshY=1, technology=40nm, global_cycle_seconds=1e-09, version=0.4, action_latency_cycles=1, cycle_seconds=1e-09, n_instances=1).update(global_cycle_seconds=1e-09, action_latency_cycles=1)
2025-12-03 16:10:20 INFO        CactiSRAM estimated 1.3081765384615386e-10 with accuracy 80%. Messages:
2025-12-03 16:10:20 INFO        | Unused arguments (datawidth, instances, meshX, has_power_gating, cluster_size, reduction_supported, multiple_buffering, min_utilization, allow_overbooking, meshY, global_cycle_seconds, version, action_latency_cycles, cycle_seconds, n_instances) provided for ['SRAM', 'sram'].__init__. Arguments used: (depth, width, n_banks, technology)
2025-12-03 16:10:20 INFO        | Unused arguments (global_cycle_seconds, action_latency_cycles) provided for ['SRAM', 'sram'].update. Arguments used: ()
2025-12-03 16:10:20 INFO        | Interpolating technology between 32 and 45.
2025-12-03 16:10:20 INFO        | Calling CACTI with cache_size=524288 n_rw_ports=1 block_size=32 tech_node_um=0.032 n_banks=2 tag_size=0 associativity=1
2025-12-03 16:10:20 INFO        | Calling CACTI with input path /home/juliana/venv_pytorch/share/accelergy/estimation_plug_ins/accelergy-cacti-plug-in/cacti_inputs_outputs/tmpr_e20rk8
2025-12-03 16:10:20 INFO        | CACTI output will be written to /home/juliana/venv_pytorch/share/accelergy/estimation_plug_ins/accelergy-cacti-plug-in/cacti_inputs_outputs/tmpdw24hp6d
2025-12-03 16:10:20 INFO        | CACTI executable not found at /home/juliana/venv_pytorch/share/accelergy/estimation_plug_ins/accelergy-cacti-plug-in/cacti/cacti
2025-12-03 16:10:20 INFO        | Calling: cd /home/juliana/venv_pytorch/share/accelergy/estimation_plug_ins/accelergy-cacti-plug-in ; ./cacti -infile /home/juliana/venv_pytorch/share/accelergy/estimation_plug_ins/accelergy-cacti-plug-in/cacti_inputs_outputs/tmpr_e20rk8 >> /home/juliana/venv_pytorch/share/accelergy/estimation_plug_ins/accelergy-cacti-plug-in/cacti_inputs_outputs/tmpdw24hp6d 2>&1
2025-12-03 16:10:20 INFO        | Calling CACTI with cache_size=524288 n_rw_ports=1 block_size=32 tech_node_um=0.045 n_banks=2 tag_size=0 associativity=1
2025-12-03 16:10:20 INFO        | Calling CACTI with input path /home/juliana/venv_pytorch/share/accelergy/estimation_plug_ins/accelergy-cacti-plug-in/cacti_inputs_outputs/tmpud4_8t9w
2025-12-03 16:10:20 INFO        | CACTI output will be written to /home/juliana/venv_pytorch/share/accelergy/estimation_plug_ins/accelergy-cacti-plug-in/cacti_inputs_outputs/tmpou_f_p6m
2025-12-03 16:10:20 INFO        | CACTI executable not found at /home/juliana/venv_pytorch/share/accelergy/estimation_plug_ins/accelergy-cacti-plug-in/cacti/cacti
2025-12-03 16:10:20 INFO        | Calling: cd /home/juliana/venv_pytorch/share/accelergy/estimation_plug_ins/accelergy-cacti-plug-in ; ./cacti -infile /home/juliana/venv_pytorch/share/accelergy/estimation_plug_ins/accelergy-cacti-plug-in/cacti_inputs_outputs/tmpud4_8t9w >> /home/juliana/venv_pytorch/share/accelergy/estimation_plug_ins/accelergy-cacti-plug-in/cacti_inputs_outputs/tmpou_f_p6m 2>&1
2025-12-03 16:10:20 INFO        | Cache bandwidth: 64.0 bytes/cycle
2025-12-03 16:10:20 INFO        | Cache bandwidth: 160404945369.29526 bits/second
2025-12-03 16:10:20 INFO        
2025-12-03 16:10:20 INFO        ENERGY ESTIMATION for SRAM(depth=16384, width=256, datawidth=8, instances=1, meshX=1, has_power_gating=False, n_banks=2, cluster_size=1, reduction_supported=True, multiple_buffering=1, min_utilization=0, allow_overbooking=False, meshY=1, technology=40nm, global_cycle_seconds=1e-09, version=0.4, action_latency_cycles=1, cycle_seconds=1e-09, n_instances=1).leak(global_cycle_seconds=1e-09, action_latency_cycles=1)
2025-12-03 16:10:21 INFO        CactiSRAM estimated 1.5823366153846158e-14 with accuracy 80%. Messages:
2025-12-03 16:10:21 INFO        | Unused arguments (datawidth, instances, meshX, has_power_gating, cluster_size, reduction_supported, multiple_buffering, min_utilization, allow_overbooking, meshY, global_cycle_seconds, version, action_latency_cycles, cycle_seconds, n_instances) provided for ['SRAM', 'sram'].__init__. Arguments used: (depth, width, n_banks, technology)
2025-12-03 16:10:21 INFO        | Unused arguments (action_latency_cycles) provided for ['SRAM', 'sram'].leak. Arguments used: (global_cycle_seconds)
2025-12-03 16:10:21 INFO        | Interpolating technology between 32 and 45.
2025-12-03 16:10:21 INFO        | Calling CACTI with cache_size=524288 n_rw_ports=1 block_size=32 tech_node_um=0.032 n_banks=2 tag_size=0 associativity=1
2025-12-03 16:10:21 INFO        | Calling CACTI with input path /home/juliana/venv_pytorch/share/accelergy/estimation_plug_ins/accelergy-cacti-plug-in/cacti_inputs_outputs/tmpxgr3jh6q
2025-12-03 16:10:21 INFO        | CACTI output will be written to /home/juliana/venv_pytorch/share/accelergy/estimation_plug_ins/accelergy-cacti-plug-in/cacti_inputs_outputs/tmpnl5xhk9s
2025-12-03 16:10:21 INFO        | CACTI executable not found at /home/juliana/venv_pytorch/share/accelergy/estimation_plug_ins/accelergy-cacti-plug-in/cacti/cacti
2025-12-03 16:10:21 INFO        | Calling: cd /home/juliana/venv_pytorch/share/accelergy/estimation_plug_ins/accelergy-cacti-plug-in ; ./cacti -infile /home/juliana/venv_pytorch/share/accelergy/estimation_plug_ins/accelergy-cacti-plug-in/cacti_inputs_outputs/tmpxgr3jh6q >> /home/juliana/venv_pytorch/share/accelergy/estimation_plug_ins/accelergy-cacti-plug-in/cacti_inputs_outputs/tmpnl5xhk9s 2>&1
2025-12-03 16:10:21 INFO        | Calling CACTI with cache_size=524288 n_rw_ports=1 block_size=32 tech_node_um=0.045 n_banks=2 tag_size=0 associativity=1
2025-12-03 16:10:21 INFO        | Calling CACTI with input path /home/juliana/venv_pytorch/share/accelergy/estimation_plug_ins/accelergy-cacti-plug-in/cacti_inputs_outputs/tmptpks10jh
2025-12-03 16:10:21 INFO        | CACTI output will be written to /home/juliana/venv_pytorch/share/accelergy/estimation_plug_ins/accelergy-cacti-plug-in/cacti_inputs_outputs/tmpdwuz6zt8
2025-12-03 16:10:21 INFO        | CACTI executable not found at /home/juliana/venv_pytorch/share/accelergy/estimation_plug_ins/accelergy-cacti-plug-in/cacti/cacti
2025-12-03 16:10:21 INFO        | Calling: cd /home/juliana/venv_pytorch/share/accelergy/estimation_plug_ins/accelergy-cacti-plug-in ; ./cacti -infile /home/juliana/venv_pytorch/share/accelergy/estimation_plug_ins/accelergy-cacti-plug-in/cacti_inputs_outputs/tmptpks10jh >> /home/juliana/venv_pytorch/share/accelergy/estimation_plug_ins/accelergy-cacti-plug-in/cacti_inputs_outputs/tmpdwuz6zt8 2>&1
2025-12-03 16:10:21 INFO        | Cache bandwidth: 64.0 bytes/cycle
2025-12-03 16:10:21 INFO        | Cache bandwidth: 160404945369.29526 bits/second
2025-12-03 16:10:21 INFO        | Global cycle time 1e-09 is less than the cache's random cycle time 3.191921538461539e-09
2025-12-03 16:10:21 INFO        | Multiplying by n_instances 1
2025-12-03 16:10:21 INFO        
2025-12-03 16:10:21 INFO        ENERGY ESTIMATION for regfile(depth=1, width=64, datawidth=8, has_power_gating=False, n_banks=2, cluster_size=1, reduction_supported=True, multiple_buffering=1, min_utilization=0, allow_overbooking=False, meshX=2, meshY=1, technology=40nm, global_cycle_seconds=1e-09, spatial={'meshX': 32}, version=0.4, action_latency_cycles=1, cycle_seconds=1e-09, n_instances=1).write(global_cycle_seconds=1e-09, action_latency_cycles=1)
2025-12-03 16:10:22 INFO        Aladdin_table estimated 0.009p with accuracy 70%. 
2025-12-03 16:10:22 INFO        
2025-12-03 16:10:22 INFO        ENERGY ESTIMATION for regfile(depth=1, width=64, datawidth=8, has_power_gating=False, n_banks=2, cluster_size=1, reduction_supported=True, multiple_buffering=1, min_utilization=0, allow_overbooking=False, meshX=2, meshY=1, technology=40nm, global_cycle_seconds=1e-09, spatial={'meshX': 32}, version=0.4, action_latency_cycles=1, cycle_seconds=1e-09, n_instances=1).read(global_cycle_seconds=1e-09, action_latency_cycles=1)
2025-12-03 16:10:22 INFO        Aladdin_table estimated 0.009p with accuracy 70%. 
2025-12-03 16:10:22 INFO        
2025-12-03 16:10:22 INFO        ENERGY ESTIMATION for regfile(depth=1, width=64, datawidth=8, has_power_gating=False, n_banks=2, cluster_size=1, reduction_supported=True, multiple_buffering=1, min_utilization=0, allow_overbooking=False, meshX=2, meshY=1, technology=40nm, global_cycle_seconds=1e-09, spatial={'meshX': 32}, version=0.4, action_latency_cycles=1, cycle_seconds=1e-09, n_instances=1).update(global_cycle_seconds=1e-09, action_latency_cycles=1)
2025-12-03 16:10:22 INFO        Aladdin_table estimated 0.009p with accuracy 70%. 
2025-12-03 16:10:22 INFO        
2025-12-03 16:10:22 INFO        ENERGY ESTIMATION for regfile(depth=1, width=64, datawidth=8, has_power_gating=False, n_banks=2, cluster_size=1, reduction_supported=True, multiple_buffering=1, min_utilization=0, allow_overbooking=False, meshX=2, meshY=1, technology=40nm, global_cycle_seconds=1e-09, spatial={'meshX': 32}, version=0.4, action_latency_cycles=1, cycle_seconds=1e-09, n_instances=1).leak(global_cycle_seconds=1e-09, action_latency_cycles=1)
2025-12-03 16:10:22 INFO        Aladdin_table estimated 7e-05p with accuracy 70%. Messages:
2025-12-03 16:10:22 INFO        | Multiplying by n_instances 1
2025-12-03 16:10:22 INFO        
2025-12-03 16:10:22 INFO        ENERGY ESTIMATION for intmac(width=8, datawidth=8, has_power_gating=False, meshX=16, meshY=1, technology=40nm, global_cycle_seconds=1e-09, spatial={'meshX': 32}, version=0.4, action_latency_cycles=1, cycle_seconds=1e-09, n_instances=1).compute(global_cycle_seconds=1e-09, action_latency_cycles=1)
2025-12-03 16:10:22 INFO        Aladdin_table estimated 0.845p with accuracy 70%. 
2025-12-03 16:10:22 WARNING     No action counts are specified as yaml input
2025-12-03 16:10:22 INFO        
2025-12-03 16:10:22 INFO        AREA ESTIMATION for SRAM(depth=16384, width=256, datawidth=8, instances=1, meshX=1, has_power_gating=False, n_banks=2, cluster_size=1, reduction_supported=True, multiple_buffering=1, min_utilization=0, allow_overbooking=False, meshY=1, technology=40nm, global_cycle_seconds=1e-09, version=0.4, action_latency_cycles=1, cycle_seconds=1e-09, n_instances=1)
2025-12-03 16:10:23 INFO        CactiSRAM estimated 1.5147865384615385e-06 with accuracy 80%. Messages:
2025-12-03 16:10:23 INFO        | Unused arguments (datawidth, instances, meshX, has_power_gating, cluster_size, reduction_supported, multiple_buffering, min_utilization, allow_overbooking, meshY, global_cycle_seconds, version, action_latency_cycles, cycle_seconds, n_instances) provided for ['SRAM', 'sram'].__init__. Arguments used: (depth, width, n_banks, technology)
2025-12-03 16:10:23 INFO        | Interpolating technology between 32 and 45.
2025-12-03 16:10:23 INFO        | Calling CACTI with cache_size=524288 n_rw_ports=1 block_size=32 tech_node_um=0.032 n_banks=2 tag_size=0 associativity=1
2025-12-03 16:10:23 INFO        | Calling CACTI with input path /home/juliana/venv_pytorch/share/accelergy/estimation_plug_ins/accelergy-cacti-plug-in/cacti_inputs_outputs/tmpll7_l2gr
2025-12-03 16:10:23 INFO        | CACTI output will be written to /home/juliana/venv_pytorch/share/accelergy/estimation_plug_ins/accelergy-cacti-plug-in/cacti_inputs_outputs/tmp6crdgztp
2025-12-03 16:10:23 INFO        | CACTI executable not found at /home/juliana/venv_pytorch/share/accelergy/estimation_plug_ins/accelergy-cacti-plug-in/cacti/cacti
2025-12-03 16:10:23 INFO        | Calling: cd /home/juliana/venv_pytorch/share/accelergy/estimation_plug_ins/accelergy-cacti-plug-in ; ./cacti -infile /home/juliana/venv_pytorch/share/accelergy/estimation_plug_ins/accelergy-cacti-plug-in/cacti_inputs_outputs/tmpll7_l2gr >> /home/juliana/venv_pytorch/share/accelergy/estimation_plug_ins/accelergy-cacti-plug-in/cacti_inputs_outputs/tmp6crdgztp 2>&1
2025-12-03 16:10:23 INFO        | Calling CACTI with cache_size=524288 n_rw_ports=1 block_size=32 tech_node_um=0.045 n_banks=2 tag_size=0 associativity=1
2025-12-03 16:10:23 INFO        | Calling CACTI with input path /home/juliana/venv_pytorch/share/accelergy/estimation_plug_ins/accelergy-cacti-plug-in/cacti_inputs_outputs/tmpj4y7_n77
2025-12-03 16:10:23 INFO        | CACTI output will be written to /home/juliana/venv_pytorch/share/accelergy/estimation_plug_ins/accelergy-cacti-plug-in/cacti_inputs_outputs/tmpvya7m9e9
2025-12-03 16:10:23 INFO        | CACTI executable not found at /home/juliana/venv_pytorch/share/accelergy/estimation_plug_ins/accelergy-cacti-plug-in/cacti/cacti
2025-12-03 16:10:23 INFO        | Calling: cd /home/juliana/venv_pytorch/share/accelergy/estimation_plug_ins/accelergy-cacti-plug-in ; ./cacti -infile /home/juliana/venv_pytorch/share/accelergy/estimation_plug_ins/accelergy-cacti-plug-in/cacti_inputs_outputs/tmpj4y7_n77 >> /home/juliana/venv_pytorch/share/accelergy/estimation_plug_ins/accelergy-cacti-plug-in/cacti_inputs_outputs/tmpvya7m9e9 2>&1
2025-12-03 16:10:23 INFO        | Cache bandwidth: 64.0 bytes/cycle
2025-12-03 16:10:23 INFO        | Cache bandwidth: 160404945369.29526 bits/second
2025-12-03 16:10:23 INFO        | Multiplying by n_instances 1
2025-12-03 16:10:23 INFO        
2025-12-03 16:10:23 INFO        AREA ESTIMATION for dummy_storage(width=1, depth=1, datawidth=1, technology=-1, has_power_gating=False, n_banks=2, cluster_size=1, reduction_supported=True, multiple_buffering=1, min_utilization=0, allow_overbooking=False, meshX=1, meshY=1, global_cycle_seconds=1e-09, spatial={'meshX': 32}, version=0.4, action_latency_cycles=1, cycle_seconds=1e-09, n_instances=1)
2025-12-03 16:10:23 INFO        dummy estimated 1u^2 with accuracy 100%. Messages:
2025-12-03 16:10:23 INFO        | Multiplying by n_instances 1
2025-12-03 16:10:23 INFO        
2025-12-03 16:10:23 INFO        AREA ESTIMATION for regfile(depth=1, width=64, datawidth=8, has_power_gating=False, n_banks=2, cluster_size=1, reduction_supported=True, multiple_buffering=1, min_utilization=0, allow_overbooking=False, meshX=2, meshY=1, technology=40nm, global_cycle_seconds=1e-09, spatial={'meshX': 32}, version=0.4, action_latency_cycles=1, cycle_seconds=1e-09, n_instances=1)
2025-12-03 16:10:23 INFO        Aladdin_table estimated 5.98u^2 with accuracy 70%. Messages:
2025-12-03 16:10:23 INFO        | Multiplying by n_instances 1
2025-12-03 16:10:23 INFO        
2025-12-03 16:10:23 INFO        AREA ESTIMATION for dummy_storage(width=1, depth=1, datawidth=1, technology=-1, has_power_gating=False, n_banks=2, cluster_size=1, reduction_supported=True, multiple_buffering=1, min_utilization=0, allow_overbooking=False, meshX=2, meshY=1, global_cycle_seconds=1e-09, spatial={'meshX': 32}, version=0.4, action_latency_cycles=1, cycle_seconds=1e-09, n_instances=1)
2025-12-03 16:10:23 INFO        dummy estimated 1u^2 with accuracy 100%. Messages:
2025-12-03 16:10:23 INFO        | Multiplying by n_instances 1
2025-12-03 16:10:23 INFO        
2025-12-03 16:10:23 INFO        AREA ESTIMATION for intmac(width=8, datawidth=8, has_power_gating=False, meshX=16, meshY=1, technology=40nm, global_cycle_seconds=1e-09, spatial={'meshX': 32}, version=0.4, action_latency_cycles=1, cycle_seconds=1e-09, n_instances=1)
2025-12-03 16:10:23 INFO        Aladdin_table estimated 466.375u^2 with accuracy 70%. Messages:
2025-12-03 16:10:23 INFO        | Multiplying by n_instances 1
2025-12-03 16:10:23 INFO        flattened architecture is saved to:
2025-12-03 16:10:23 INFO        ./timeloop-mapper.flattened_architecture.yaml
2025-12-03 16:10:23 INFO        energy reference table is saved to:
2025-12-03 16:10:23 INFO        ./timeloop-mapper.ERT.yaml
2025-12-03 16:10:23 INFO        energy reference table summary is saved to:
2025-12-03 16:10:23 INFO        ./timeloop-mapper.ERT_summary.yaml
2025-12-03 16:10:23 WARNING     no runtime energy estimations are generated... not generating energy_estimation.yaml
2025-12-03 16:10:23 INFO        area reference table is saved to:
2025-12-03 16:10:23 INFO        ./timeloop-mapper.ART.yaml
2025-12-03 16:10:23 INFO        area reference table summary is saved to:
2025-12-03 16:10:23 INFO        ./timeloop-mapper.ART_summary.yaml
