2025-12-03 16:12:32 INFO            _                _                      
2025-12-03 16:12:32 INFO           / \   ___ ___ ___| | ___ _ __ __ _ _   _ 
2025-12-03 16:12:32 INFO          / _ \ / __/ __/ _ \ |/ _ \ '__/ _` | | | |
2025-12-03 16:12:32 INFO         / ___ \ (_| (_|  __/ |  __/ | | (_| | |_| |
2025-12-03 16:12:32 INFO        /_/   \_\___\___\___|_|\___|_|  \__, |\__, |
2025-12-03 16:12:32 INFO                                        |___/ |___/ 
2025-12-03 16:12:32 INFO        generating outputs according to the following specified output flags... 
2025-12-03 16:12:32 INFO         Please use the -f flag to update the preference (default to all output files)
2025-12-03 16:12:32 INFO        {'ERT': 1, 'ERT_summary': 1, 'ART': 1, 'ART_summary': 1, 'energy_estimation': 1, 'flattened_arch': 1}
2025-12-03 16:12:32 INFO        Located config file at /home/juliana/.config/accelergy/accelergy_config.yaml.
2025-12-03 16:12:32 INFO        config file located:
2025-12-03 16:12:32 INFO        /home/juliana/.config/accelergy/accelergy_config.yaml
2025-12-03 16:12:32 INFO        Parsing file /home/juliana/Topicos-Especiais-XII/trabalho_final/timeloop/dse_pe_mac_width/outputs/8_neurons_4_macs_8_width/parsed-processed-input.yaml for architecture info
2025-12-03 16:12:32 INFO        Parsing file /home/juliana/Topicos-Especiais-XII/trabalho_final/timeloop/dse_pe_mac_width/outputs/8_neurons_4_macs_8_width/parsed-processed-input.yaml for compound_components info
2025-12-03 16:12:32 WARNING     No compound component classes specified, architecture can only contain primitive components
2025-12-03 16:12:32 INFO        Adding required action "write" to class SRAM
2025-12-03 16:12:32 INFO        Adding required action "read" to class SRAM
2025-12-03 16:12:32 INFO        Adding required action "update" to class SRAM
2025-12-03 16:12:32 INFO        Adding required action "leak" to class SRAM
2025-12-03 16:12:32 INFO        Adding required action "write" to class regfile
2025-12-03 16:12:32 INFO        Adding required action "read" to class regfile
2025-12-03 16:12:32 INFO        Adding required action "update" to class regfile
2025-12-03 16:12:32 INFO        Adding required action "leak" to class regfile
2025-12-03 16:12:32 INFO        Adding required action "compute" to class intmac
2025-12-03 16:12:32 INFO        Estimator plug-in identified by: /home/juliana/venv_pytorch/share/accelergy/estimation_plug_ins/accelergy-adc-plug-in/adc.estimator.yaml
2025-12-03 16:12:32 INFO        Estimator plug-in identified by: /home/juliana/venv_pytorch/share/accelergy/estimation_plug_ins/accelergy-table-based-plug-ins/table.estimator.yaml
2025-12-03 16:12:32 INFO        Estimator plug-in identified by: /home/juliana/venv_pytorch/share/accelergy/estimation_plug_ins/accelergy-library-plugin/library.estimator.yaml
2025-12-03 16:12:32 INFO        Estimator plug-in identified by: /home/juliana/venv_pytorch/share/accelergy/estimation_plug_ins/dummy_tables/dummy.estimator.yaml
2025-12-03 16:12:32 INFO        Estimator plug-in identified by: /home/juliana/venv_pytorch/share/accelergy/estimation_plug_ins/accelergy-neurosim-plugin/neurosim.estimator.yaml
2025-12-03 16:12:32 INFO        Estimator plug-in identified by: /home/juliana/venv_pytorch/share/accelergy/estimation_plug_ins/accelergy-aladdin-plug-in/aladdin.estimator.yaml
2025-12-03 16:12:32 INFO        Estimator plug-in identified by: /home/juliana/venv_pytorch/share/accelergy/estimation_plug_ins/accelergy-cacti-plug-in/cacti.estimator.yaml
2025-12-03 16:12:32 INFO        Loading Python plug-in: /home/juliana/venv_pytorch/share/accelergy/estimation_plug_ins/accelergy-cacti-plug-in/cacti_wrapper.py. Errors below are likely due to plug-in, not Accelergy.
2025-12-03 16:12:32 INFO        Getting all estimators in module <module 'python_plug_in0' from '/home/juliana/venv_pytorch/share/accelergy/estimation_plug_ins/accelergy-cacti-plug-in/cacti_wrapper.py'>
2025-12-03 16:12:32 INFO        Added estimator CactiCache that estimates cache with actions idle, read, read_access, update, update_access, write, write_access, leak
2025-12-03 16:12:32 INFO        Added estimator CactiDRAM that estimates ['DRAM', 'dram'] with actions idle, read, update, write, leak
2025-12-03 16:12:32 INFO        Added estimator CactiSRAM that estimates ['SRAM', 'sram'] with actions idle, read, update, write, leak
2025-12-03 16:12:32 INFO        Done loading Python plug-ins.
2025-12-03 16:12:32 INFO        Found estimator plug-in: ADC Plug-In (<ADCEstimator.ADCEstimator object at 0x71af73364230>)
2025-12-03 16:12:32 INFO        Found estimator plug-in: DEPRECATED table-based-plug-ins. Use the Library plug-in instead. (<SetsOfTables.SetsOfTables object at 0x71af733649b0>)
2025-12-03 16:12:32 INFO        Found estimator plug-in: Library (<LibraryEstimator.LibraryEstimator object at 0x71af73522690>)
2025-12-03 16:12:32 INFO        Found estimator plug-in: dummy (<DummyTable.DummyTable object at 0x71af7335b6b0>)
2025-12-03 16:12:32 INFO        Found estimator plug-in: Neurosim Plug-In (<NeuroWrapper.NeuroWrapper object at 0x71af733887a0>)
2025-12-03 16:12:32 INFO        Found estimator plug-in: Aladdin_table (<AladdinTable.AladdinTable object at 0x71af732290d0>)
2025-12-03 16:12:32 INFO        Found estimator plug-in: CactiCache (<accelergy.plug_in_interface.estimator_wrapper.EstimatorWrapper object at 0x71af73522630>)
2025-12-03 16:12:32 INFO        Found estimator plug-in: CactiDRAM (<accelergy.plug_in_interface.estimator_wrapper.EstimatorWrapper object at 0x71af73364140>)
2025-12-03 16:12:32 INFO        Found estimator plug-in: CactiSRAM (<accelergy.plug_in_interface.estimator_wrapper.EstimatorWrapper object at 0x71af73364a40>)
2025-12-03 16:12:32 INFO        
2025-12-03 16:12:32 INFO        ENERGY ESTIMATION for SRAM(depth=16384, width=512, datawidth=8, instances=1, meshX=1, has_power_gating=False, n_banks=2, cluster_size=1, reduction_supported=True, multiple_buffering=1, min_utilization=0, allow_overbooking=False, meshY=1, technology=40nm, global_cycle_seconds=1e-09, version=0.4, action_latency_cycles=1, cycle_seconds=1e-09, n_instances=1).write(global_cycle_seconds=1e-09, action_latency_cycles=1)
2025-12-03 16:12:34 INFO        CactiSRAM estimated 3.4902107692307693e-10 with accuracy 80%. Messages:
2025-12-03 16:12:34 INFO        | Unused arguments (datawidth, instances, meshX, has_power_gating, cluster_size, reduction_supported, multiple_buffering, min_utilization, allow_overbooking, meshY, global_cycle_seconds, version, action_latency_cycles, cycle_seconds, n_instances) provided for ['SRAM', 'sram'].__init__. Arguments used: (depth, width, n_banks, technology)
2025-12-03 16:12:34 INFO        | Unused arguments (global_cycle_seconds, action_latency_cycles) provided for ['SRAM', 'sram'].write. Arguments used: ()
2025-12-03 16:12:34 INFO        | Interpolating technology between 32 and 45.
2025-12-03 16:12:34 INFO        | Calling CACTI with cache_size=1048576 n_rw_ports=1 block_size=64 tech_node_um=0.032 n_banks=2 tag_size=0 associativity=1
2025-12-03 16:12:34 INFO        | Calling CACTI with input path /home/juliana/venv_pytorch/share/accelergy/estimation_plug_ins/accelergy-cacti-plug-in/cacti_inputs_outputs/tmpbtzvrli3
2025-12-03 16:12:34 INFO        | CACTI output will be written to /home/juliana/venv_pytorch/share/accelergy/estimation_plug_ins/accelergy-cacti-plug-in/cacti_inputs_outputs/tmpuux_5uva
2025-12-03 16:12:34 INFO        | CACTI executable not found at /home/juliana/venv_pytorch/share/accelergy/estimation_plug_ins/accelergy-cacti-plug-in/cacti/cacti
2025-12-03 16:12:34 INFO        | Calling: cd /home/juliana/venv_pytorch/share/accelergy/estimation_plug_ins/accelergy-cacti-plug-in ; ./cacti -infile /home/juliana/venv_pytorch/share/accelergy/estimation_plug_ins/accelergy-cacti-plug-in/cacti_inputs_outputs/tmpbtzvrli3 >> /home/juliana/venv_pytorch/share/accelergy/estimation_plug_ins/accelergy-cacti-plug-in/cacti_inputs_outputs/tmpuux_5uva 2>&1
2025-12-03 16:12:34 INFO        | Calling CACTI with cache_size=1048576 n_rw_ports=1 block_size=64 tech_node_um=0.045 n_banks=2 tag_size=0 associativity=1
2025-12-03 16:12:34 INFO        | Calling CACTI with input path /home/juliana/venv_pytorch/share/accelergy/estimation_plug_ins/accelergy-cacti-plug-in/cacti_inputs_outputs/tmpdkbdpexm
2025-12-03 16:12:34 INFO        | CACTI output will be written to /home/juliana/venv_pytorch/share/accelergy/estimation_plug_ins/accelergy-cacti-plug-in/cacti_inputs_outputs/tmpf8c_l_j2
2025-12-03 16:12:34 INFO        | CACTI executable not found at /home/juliana/venv_pytorch/share/accelergy/estimation_plug_ins/accelergy-cacti-plug-in/cacti/cacti
2025-12-03 16:12:34 INFO        | Calling: cd /home/juliana/venv_pytorch/share/accelergy/estimation_plug_ins/accelergy-cacti-plug-in ; ./cacti -infile /home/juliana/venv_pytorch/share/accelergy/estimation_plug_ins/accelergy-cacti-plug-in/cacti_inputs_outputs/tmpdkbdpexm >> /home/juliana/venv_pytorch/share/accelergy/estimation_plug_ins/accelergy-cacti-plug-in/cacti_inputs_outputs/tmpf8c_l_j2 2>&1
2025-12-03 16:12:34 INFO        | Cache bandwidth: 128.0 bytes/cycle
2025-12-03 16:12:34 INFO        | Cache bandwidth: 130790580523.69875 bits/second
2025-12-03 16:12:34 INFO        
2025-12-03 16:12:34 INFO        ENERGY ESTIMATION for SRAM(depth=16384, width=512, datawidth=8, instances=1, meshX=1, has_power_gating=False, n_banks=2, cluster_size=1, reduction_supported=True, multiple_buffering=1, min_utilization=0, allow_overbooking=False, meshY=1, technology=40nm, global_cycle_seconds=1e-09, version=0.4, action_latency_cycles=1, cycle_seconds=1e-09, n_instances=1).read(global_cycle_seconds=1e-09, action_latency_cycles=1)
2025-12-03 16:12:36 INFO        CactiSRAM estimated 3.6171392307692315e-10 with accuracy 80%. Messages:
2025-12-03 16:12:36 INFO        | Unused arguments (datawidth, instances, meshX, has_power_gating, cluster_size, reduction_supported, multiple_buffering, min_utilization, allow_overbooking, meshY, global_cycle_seconds, version, action_latency_cycles, cycle_seconds, n_instances) provided for ['SRAM', 'sram'].__init__. Arguments used: (depth, width, n_banks, technology)
2025-12-03 16:12:36 INFO        | Unused arguments (global_cycle_seconds, action_latency_cycles) provided for ['SRAM', 'sram'].read. Arguments used: ()
2025-12-03 16:12:36 INFO        | Interpolating technology between 32 and 45.
2025-12-03 16:12:36 INFO        | Calling CACTI with cache_size=1048576 n_rw_ports=1 block_size=64 tech_node_um=0.032 n_banks=2 tag_size=0 associativity=1
2025-12-03 16:12:36 INFO        | Calling CACTI with input path /home/juliana/venv_pytorch/share/accelergy/estimation_plug_ins/accelergy-cacti-plug-in/cacti_inputs_outputs/tmpjkjvqpu6
2025-12-03 16:12:36 INFO        | CACTI output will be written to /home/juliana/venv_pytorch/share/accelergy/estimation_plug_ins/accelergy-cacti-plug-in/cacti_inputs_outputs/tmpke_fkb7d
2025-12-03 16:12:36 INFO        | CACTI executable not found at /home/juliana/venv_pytorch/share/accelergy/estimation_plug_ins/accelergy-cacti-plug-in/cacti/cacti
2025-12-03 16:12:36 INFO        | Calling: cd /home/juliana/venv_pytorch/share/accelergy/estimation_plug_ins/accelergy-cacti-plug-in ; ./cacti -infile /home/juliana/venv_pytorch/share/accelergy/estimation_plug_ins/accelergy-cacti-plug-in/cacti_inputs_outputs/tmpjkjvqpu6 >> /home/juliana/venv_pytorch/share/accelergy/estimation_plug_ins/accelergy-cacti-plug-in/cacti_inputs_outputs/tmpke_fkb7d 2>&1
2025-12-03 16:12:36 INFO        | Calling CACTI with cache_size=1048576 n_rw_ports=1 block_size=64 tech_node_um=0.045 n_banks=2 tag_size=0 associativity=1
2025-12-03 16:12:36 INFO        | Calling CACTI with input path /home/juliana/venv_pytorch/share/accelergy/estimation_plug_ins/accelergy-cacti-plug-in/cacti_inputs_outputs/tmpwcnahw14
2025-12-03 16:12:36 INFO        | CACTI output will be written to /home/juliana/venv_pytorch/share/accelergy/estimation_plug_ins/accelergy-cacti-plug-in/cacti_inputs_outputs/tmp3r8ffqra
2025-12-03 16:12:36 INFO        | CACTI executable not found at /home/juliana/venv_pytorch/share/accelergy/estimation_plug_ins/accelergy-cacti-plug-in/cacti/cacti
2025-12-03 16:12:36 INFO        | Calling: cd /home/juliana/venv_pytorch/share/accelergy/estimation_plug_ins/accelergy-cacti-plug-in ; ./cacti -infile /home/juliana/venv_pytorch/share/accelergy/estimation_plug_ins/accelergy-cacti-plug-in/cacti_inputs_outputs/tmpwcnahw14 >> /home/juliana/venv_pytorch/share/accelergy/estimation_plug_ins/accelergy-cacti-plug-in/cacti_inputs_outputs/tmp3r8ffqra 2>&1
2025-12-03 16:12:36 INFO        | Cache bandwidth: 128.0 bytes/cycle
2025-12-03 16:12:36 INFO        | Cache bandwidth: 130790580523.69875 bits/second
2025-12-03 16:12:36 INFO        
2025-12-03 16:12:36 INFO        ENERGY ESTIMATION for SRAM(depth=16384, width=512, datawidth=8, instances=1, meshX=1, has_power_gating=False, n_banks=2, cluster_size=1, reduction_supported=True, multiple_buffering=1, min_utilization=0, allow_overbooking=False, meshY=1, technology=40nm, global_cycle_seconds=1e-09, version=0.4, action_latency_cycles=1, cycle_seconds=1e-09, n_instances=1).update(global_cycle_seconds=1e-09, action_latency_cycles=1)
2025-12-03 16:12:38 INFO        CactiSRAM estimated 3.4902107692307693e-10 with accuracy 80%. Messages:
2025-12-03 16:12:38 INFO        | Unused arguments (datawidth, instances, meshX, has_power_gating, cluster_size, reduction_supported, multiple_buffering, min_utilization, allow_overbooking, meshY, global_cycle_seconds, version, action_latency_cycles, cycle_seconds, n_instances) provided for ['SRAM', 'sram'].__init__. Arguments used: (depth, width, n_banks, technology)
2025-12-03 16:12:38 INFO        | Unused arguments (global_cycle_seconds, action_latency_cycles) provided for ['SRAM', 'sram'].update. Arguments used: ()
2025-12-03 16:12:38 INFO        | Interpolating technology between 32 and 45.
2025-12-03 16:12:38 INFO        | Calling CACTI with cache_size=1048576 n_rw_ports=1 block_size=64 tech_node_um=0.032 n_banks=2 tag_size=0 associativity=1
2025-12-03 16:12:38 INFO        | Calling CACTI with input path /home/juliana/venv_pytorch/share/accelergy/estimation_plug_ins/accelergy-cacti-plug-in/cacti_inputs_outputs/tmpfnkmf8ks
2025-12-03 16:12:38 INFO        | CACTI output will be written to /home/juliana/venv_pytorch/share/accelergy/estimation_plug_ins/accelergy-cacti-plug-in/cacti_inputs_outputs/tmpvggr29il
2025-12-03 16:12:38 INFO        | CACTI executable not found at /home/juliana/venv_pytorch/share/accelergy/estimation_plug_ins/accelergy-cacti-plug-in/cacti/cacti
2025-12-03 16:12:38 INFO        | Calling: cd /home/juliana/venv_pytorch/share/accelergy/estimation_plug_ins/accelergy-cacti-plug-in ; ./cacti -infile /home/juliana/venv_pytorch/share/accelergy/estimation_plug_ins/accelergy-cacti-plug-in/cacti_inputs_outputs/tmpfnkmf8ks >> /home/juliana/venv_pytorch/share/accelergy/estimation_plug_ins/accelergy-cacti-plug-in/cacti_inputs_outputs/tmpvggr29il 2>&1
2025-12-03 16:12:38 INFO        | Calling CACTI with cache_size=1048576 n_rw_ports=1 block_size=64 tech_node_um=0.045 n_banks=2 tag_size=0 associativity=1
2025-12-03 16:12:38 INFO        | Calling CACTI with input path /home/juliana/venv_pytorch/share/accelergy/estimation_plug_ins/accelergy-cacti-plug-in/cacti_inputs_outputs/tmpr_l5iq1w
2025-12-03 16:12:38 INFO        | CACTI output will be written to /home/juliana/venv_pytorch/share/accelergy/estimation_plug_ins/accelergy-cacti-plug-in/cacti_inputs_outputs/tmp4iolcno6
2025-12-03 16:12:38 INFO        | CACTI executable not found at /home/juliana/venv_pytorch/share/accelergy/estimation_plug_ins/accelergy-cacti-plug-in/cacti/cacti
2025-12-03 16:12:38 INFO        | Calling: cd /home/juliana/venv_pytorch/share/accelergy/estimation_plug_ins/accelergy-cacti-plug-in ; ./cacti -infile /home/juliana/venv_pytorch/share/accelergy/estimation_plug_ins/accelergy-cacti-plug-in/cacti_inputs_outputs/tmpr_l5iq1w >> /home/juliana/venv_pytorch/share/accelergy/estimation_plug_ins/accelergy-cacti-plug-in/cacti_inputs_outputs/tmp4iolcno6 2>&1
2025-12-03 16:12:38 INFO        | Cache bandwidth: 128.0 bytes/cycle
2025-12-03 16:12:38 INFO        | Cache bandwidth: 130790580523.69875 bits/second
2025-12-03 16:12:38 INFO        
2025-12-03 16:12:38 INFO        ENERGY ESTIMATION for SRAM(depth=16384, width=512, datawidth=8, instances=1, meshX=1, has_power_gating=False, n_banks=2, cluster_size=1, reduction_supported=True, multiple_buffering=1, min_utilization=0, allow_overbooking=False, meshY=1, technology=40nm, global_cycle_seconds=1e-09, version=0.4, action_latency_cycles=1, cycle_seconds=1e-09, n_instances=1).leak(global_cycle_seconds=1e-09, action_latency_cycles=1)
2025-12-03 16:12:41 INFO        CactiSRAM estimated 3.0875692307692315e-14 with accuracy 80%. Messages:
2025-12-03 16:12:41 INFO        | Unused arguments (datawidth, instances, meshX, has_power_gating, cluster_size, reduction_supported, multiple_buffering, min_utilization, allow_overbooking, meshY, global_cycle_seconds, version, action_latency_cycles, cycle_seconds, n_instances) provided for ['SRAM', 'sram'].__init__. Arguments used: (depth, width, n_banks, technology)
2025-12-03 16:12:41 INFO        | Unused arguments (action_latency_cycles) provided for ['SRAM', 'sram'].leak. Arguments used: (global_cycle_seconds)
2025-12-03 16:12:41 INFO        | Interpolating technology between 32 and 45.
2025-12-03 16:12:41 INFO        | Calling CACTI with cache_size=1048576 n_rw_ports=1 block_size=64 tech_node_um=0.032 n_banks=2 tag_size=0 associativity=1
2025-12-03 16:12:41 INFO        | Calling CACTI with input path /home/juliana/venv_pytorch/share/accelergy/estimation_plug_ins/accelergy-cacti-plug-in/cacti_inputs_outputs/tmp9d6xn64_
2025-12-03 16:12:41 INFO        | CACTI output will be written to /home/juliana/venv_pytorch/share/accelergy/estimation_plug_ins/accelergy-cacti-plug-in/cacti_inputs_outputs/tmp0olt80u5
2025-12-03 16:12:41 INFO        | CACTI executable not found at /home/juliana/venv_pytorch/share/accelergy/estimation_plug_ins/accelergy-cacti-plug-in/cacti/cacti
2025-12-03 16:12:41 INFO        | Calling: cd /home/juliana/venv_pytorch/share/accelergy/estimation_plug_ins/accelergy-cacti-plug-in ; ./cacti -infile /home/juliana/venv_pytorch/share/accelergy/estimation_plug_ins/accelergy-cacti-plug-in/cacti_inputs_outputs/tmp9d6xn64_ >> /home/juliana/venv_pytorch/share/accelergy/estimation_plug_ins/accelergy-cacti-plug-in/cacti_inputs_outputs/tmp0olt80u5 2>&1
2025-12-03 16:12:41 INFO        | Calling CACTI with cache_size=1048576 n_rw_ports=1 block_size=64 tech_node_um=0.045 n_banks=2 tag_size=0 associativity=1
2025-12-03 16:12:41 INFO        | Calling CACTI with input path /home/juliana/venv_pytorch/share/accelergy/estimation_plug_ins/accelergy-cacti-plug-in/cacti_inputs_outputs/tmp27x6zlcb
2025-12-03 16:12:41 INFO        | CACTI output will be written to /home/juliana/venv_pytorch/share/accelergy/estimation_plug_ins/accelergy-cacti-plug-in/cacti_inputs_outputs/tmpqf8v5g6m
2025-12-03 16:12:41 INFO        | CACTI executable not found at /home/juliana/venv_pytorch/share/accelergy/estimation_plug_ins/accelergy-cacti-plug-in/cacti/cacti
2025-12-03 16:12:41 INFO        | Calling: cd /home/juliana/venv_pytorch/share/accelergy/estimation_plug_ins/accelergy-cacti-plug-in ; ./cacti -infile /home/juliana/venv_pytorch/share/accelergy/estimation_plug_ins/accelergy-cacti-plug-in/cacti_inputs_outputs/tmp27x6zlcb >> /home/juliana/venv_pytorch/share/accelergy/estimation_plug_ins/accelergy-cacti-plug-in/cacti_inputs_outputs/tmpqf8v5g6m 2>&1
2025-12-03 16:12:41 INFO        | Cache bandwidth: 128.0 bytes/cycle
2025-12-03 16:12:41 INFO        | Cache bandwidth: 130790580523.69875 bits/second
2025-12-03 16:12:41 INFO        | Global cycle time 1e-09 is less than the cache's random cycle time 7.829310000000001e-09
2025-12-03 16:12:41 INFO        | Multiplying by n_instances 1
2025-12-03 16:12:41 INFO        
2025-12-03 16:12:41 INFO        ENERGY ESTIMATION for regfile(depth=1, width=32, datawidth=8, has_power_gating=False, n_banks=2, cluster_size=1, reduction_supported=True, multiple_buffering=1, min_utilization=0, allow_overbooking=False, meshX=8, meshY=1, technology=40nm, global_cycle_seconds=1e-09, spatial={'meshX': 32}, version=0.4, action_latency_cycles=1, cycle_seconds=1e-09, n_instances=1).write(global_cycle_seconds=1e-09, action_latency_cycles=1)
2025-12-03 16:12:41 INFO        Aladdin_table estimated 0.009p with accuracy 70%. 
2025-12-03 16:12:41 INFO        
2025-12-03 16:12:41 INFO        ENERGY ESTIMATION for regfile(depth=1, width=32, datawidth=8, has_power_gating=False, n_banks=2, cluster_size=1, reduction_supported=True, multiple_buffering=1, min_utilization=0, allow_overbooking=False, meshX=8, meshY=1, technology=40nm, global_cycle_seconds=1e-09, spatial={'meshX': 32}, version=0.4, action_latency_cycles=1, cycle_seconds=1e-09, n_instances=1).read(global_cycle_seconds=1e-09, action_latency_cycles=1)
2025-12-03 16:12:41 INFO        Aladdin_table estimated 0.009p with accuracy 70%. 
2025-12-03 16:12:41 INFO        
2025-12-03 16:12:41 INFO        ENERGY ESTIMATION for regfile(depth=1, width=32, datawidth=8, has_power_gating=False, n_banks=2, cluster_size=1, reduction_supported=True, multiple_buffering=1, min_utilization=0, allow_overbooking=False, meshX=8, meshY=1, technology=40nm, global_cycle_seconds=1e-09, spatial={'meshX': 32}, version=0.4, action_latency_cycles=1, cycle_seconds=1e-09, n_instances=1).update(global_cycle_seconds=1e-09, action_latency_cycles=1)
2025-12-03 16:12:41 INFO        Aladdin_table estimated 0.009p with accuracy 70%. 
2025-12-03 16:12:41 INFO        
2025-12-03 16:12:41 INFO        ENERGY ESTIMATION for regfile(depth=1, width=32, datawidth=8, has_power_gating=False, n_banks=2, cluster_size=1, reduction_supported=True, multiple_buffering=1, min_utilization=0, allow_overbooking=False, meshX=8, meshY=1, technology=40nm, global_cycle_seconds=1e-09, spatial={'meshX': 32}, version=0.4, action_latency_cycles=1, cycle_seconds=1e-09, n_instances=1).leak(global_cycle_seconds=1e-09, action_latency_cycles=1)
2025-12-03 16:12:41 INFO        Aladdin_table estimated 7e-05p with accuracy 70%. Messages:
2025-12-03 16:12:41 INFO        | Multiplying by n_instances 1
2025-12-03 16:12:41 INFO        
2025-12-03 16:12:41 INFO        ENERGY ESTIMATION for intmac(width=8, datawidth=8, has_power_gating=False, meshX=32, meshY=1, technology=40nm, global_cycle_seconds=1e-09, spatial={'meshX': 32}, version=0.4, action_latency_cycles=1, cycle_seconds=1e-09, n_instances=1).compute(global_cycle_seconds=1e-09, action_latency_cycles=1)
2025-12-03 16:12:41 INFO        Aladdin_table estimated 0.845p with accuracy 70%. 
2025-12-03 16:12:41 WARNING     No action counts are specified as yaml input
2025-12-03 16:12:41 INFO        
2025-12-03 16:12:41 INFO        AREA ESTIMATION for SRAM(depth=16384, width=512, datawidth=8, instances=1, meshX=1, has_power_gating=False, n_banks=2, cluster_size=1, reduction_supported=True, multiple_buffering=1, min_utilization=0, allow_overbooking=False, meshY=1, technology=40nm, global_cycle_seconds=1e-09, version=0.4, action_latency_cycles=1, cycle_seconds=1e-09, n_instances=1)
2025-12-03 16:12:43 INFO        CactiSRAM estimated 3.348306923076923e-06 with accuracy 80%. Messages:
2025-12-03 16:12:43 INFO        | Unused arguments (datawidth, instances, meshX, has_power_gating, cluster_size, reduction_supported, multiple_buffering, min_utilization, allow_overbooking, meshY, global_cycle_seconds, version, action_latency_cycles, cycle_seconds, n_instances) provided for ['SRAM', 'sram'].__init__. Arguments used: (depth, width, n_banks, technology)
2025-12-03 16:12:43 INFO        | Interpolating technology between 32 and 45.
2025-12-03 16:12:43 INFO        | Calling CACTI with cache_size=1048576 n_rw_ports=1 block_size=64 tech_node_um=0.032 n_banks=2 tag_size=0 associativity=1
2025-12-03 16:12:43 INFO        | Calling CACTI with input path /home/juliana/venv_pytorch/share/accelergy/estimation_plug_ins/accelergy-cacti-plug-in/cacti_inputs_outputs/tmpw9hon6ku
2025-12-03 16:12:43 INFO        | CACTI output will be written to /home/juliana/venv_pytorch/share/accelergy/estimation_plug_ins/accelergy-cacti-plug-in/cacti_inputs_outputs/tmpqs0xymgb
2025-12-03 16:12:43 INFO        | CACTI executable not found at /home/juliana/venv_pytorch/share/accelergy/estimation_plug_ins/accelergy-cacti-plug-in/cacti/cacti
2025-12-03 16:12:43 INFO        | Calling: cd /home/juliana/venv_pytorch/share/accelergy/estimation_plug_ins/accelergy-cacti-plug-in ; ./cacti -infile /home/juliana/venv_pytorch/share/accelergy/estimation_plug_ins/accelergy-cacti-plug-in/cacti_inputs_outputs/tmpw9hon6ku >> /home/juliana/venv_pytorch/share/accelergy/estimation_plug_ins/accelergy-cacti-plug-in/cacti_inputs_outputs/tmpqs0xymgb 2>&1
2025-12-03 16:12:43 INFO        | Calling CACTI with cache_size=1048576 n_rw_ports=1 block_size=64 tech_node_um=0.045 n_banks=2 tag_size=0 associativity=1
2025-12-03 16:12:43 INFO        | Calling CACTI with input path /home/juliana/venv_pytorch/share/accelergy/estimation_plug_ins/accelergy-cacti-plug-in/cacti_inputs_outputs/tmpo7qdk9ok
2025-12-03 16:12:43 INFO        | CACTI output will be written to /home/juliana/venv_pytorch/share/accelergy/estimation_plug_ins/accelergy-cacti-plug-in/cacti_inputs_outputs/tmpqu2k71tk
2025-12-03 16:12:43 INFO        | CACTI executable not found at /home/juliana/venv_pytorch/share/accelergy/estimation_plug_ins/accelergy-cacti-plug-in/cacti/cacti
2025-12-03 16:12:43 INFO        | Calling: cd /home/juliana/venv_pytorch/share/accelergy/estimation_plug_ins/accelergy-cacti-plug-in ; ./cacti -infile /home/juliana/venv_pytorch/share/accelergy/estimation_plug_ins/accelergy-cacti-plug-in/cacti_inputs_outputs/tmpo7qdk9ok >> /home/juliana/venv_pytorch/share/accelergy/estimation_plug_ins/accelergy-cacti-plug-in/cacti_inputs_outputs/tmpqu2k71tk 2>&1
2025-12-03 16:12:43 INFO        | Cache bandwidth: 128.0 bytes/cycle
2025-12-03 16:12:43 INFO        | Cache bandwidth: 130790580523.69875 bits/second
2025-12-03 16:12:43 INFO        | Multiplying by n_instances 1
2025-12-03 16:12:43 INFO        
2025-12-03 16:12:43 INFO        AREA ESTIMATION for dummy_storage(width=1, depth=1, datawidth=1, technology=-1, has_power_gating=False, n_banks=2, cluster_size=1, reduction_supported=True, multiple_buffering=1, min_utilization=0, allow_overbooking=False, meshX=1, meshY=1, global_cycle_seconds=1e-09, spatial={'meshX': 32}, version=0.4, action_latency_cycles=1, cycle_seconds=1e-09, n_instances=1)
2025-12-03 16:12:43 INFO        dummy estimated 1u^2 with accuracy 100%. Messages:
2025-12-03 16:12:43 INFO        | Multiplying by n_instances 1
2025-12-03 16:12:43 INFO        
2025-12-03 16:12:43 INFO        AREA ESTIMATION for regfile(depth=1, width=32, datawidth=8, has_power_gating=False, n_banks=2, cluster_size=1, reduction_supported=True, multiple_buffering=1, min_utilization=0, allow_overbooking=False, meshX=8, meshY=1, technology=40nm, global_cycle_seconds=1e-09, spatial={'meshX': 32}, version=0.4, action_latency_cycles=1, cycle_seconds=1e-09, n_instances=1)
2025-12-03 16:12:43 INFO        Aladdin_table estimated 5.98u^2 with accuracy 70%. Messages:
2025-12-03 16:12:43 INFO        | Multiplying by n_instances 1
2025-12-03 16:12:43 INFO        
2025-12-03 16:12:43 INFO        AREA ESTIMATION for dummy_storage(width=1, depth=1, datawidth=1, technology=-1, has_power_gating=False, n_banks=2, cluster_size=1, reduction_supported=True, multiple_buffering=1, min_utilization=0, allow_overbooking=False, meshX=8, meshY=1, global_cycle_seconds=1e-09, spatial={'meshX': 32}, version=0.4, action_latency_cycles=1, cycle_seconds=1e-09, n_instances=1)
2025-12-03 16:12:43 INFO        dummy estimated 1u^2 with accuracy 100%. Messages:
2025-12-03 16:12:43 INFO        | Multiplying by n_instances 1
2025-12-03 16:12:43 INFO        
2025-12-03 16:12:43 INFO        AREA ESTIMATION for intmac(width=8, datawidth=8, has_power_gating=False, meshX=32, meshY=1, technology=40nm, global_cycle_seconds=1e-09, spatial={'meshX': 32}, version=0.4, action_latency_cycles=1, cycle_seconds=1e-09, n_instances=1)
2025-12-03 16:12:43 INFO        Aladdin_table estimated 466.375u^2 with accuracy 70%. Messages:
2025-12-03 16:12:43 INFO        | Multiplying by n_instances 1
2025-12-03 16:12:43 INFO        flattened architecture is saved to:
2025-12-03 16:12:43 INFO        ./timeloop-mapper.flattened_architecture.yaml
2025-12-03 16:12:43 INFO        energy reference table is saved to:
2025-12-03 16:12:43 INFO        ./timeloop-mapper.ERT.yaml
2025-12-03 16:12:43 INFO        energy reference table summary is saved to:
2025-12-03 16:12:43 INFO        ./timeloop-mapper.ERT_summary.yaml
2025-12-03 16:12:43 WARNING     no runtime energy estimations are generated... not generating energy_estimation.yaml
2025-12-03 16:12:43 INFO        area reference table is saved to:
2025-12-03 16:12:43 INFO        ./timeloop-mapper.ART.yaml
2025-12-03 16:12:43 INFO        area reference table summary is saved to:
2025-12-03 16:12:43 INFO        ./timeloop-mapper.ART_summary.yaml
