MAxPy: OpenSTA LOG

Command line:

sta cmd_file.sta

OpenSTA file:

read_liberty /home/juliana/venv_pytorch/lib/python3.12/site-packages/MAxPy/pdk/NanGate15nm.lib
read_verilog neuron_wrapper_exact/netlist_yosys/neuron_wrapper.v
link_design neuron_wrapper
report_power -digits 5 >power.rpt
report_checks -unconstrained -path_delay max -format summary -digits 5 >timing.rpt
exit


Log from stdout and stderr:

OpenSTA 2.7.0 581364982d Copyright (c) 2025, Parallax Software, Inc.
License GPLv3: GNU GPL version 3 <http://gnu.org/licenses/gpl.html>

This is free software, and you are free to change and redistribute it
under certain conditions; type `show_copying' for details. 
This program comes with ABSOLUTELY NO WARRANTY; for details type `show_warranty'.
Power report:

['Group                   Internal   Switching     Leakage       Total\n', '                           Power       Power       Power       Power (Watts)\n', '--------------------------------------------------------------------\n', 'Sequential           1.60104e-02 6.54161e-03 2.70565e-06 2.25547e-02  25.0%\n', 'Combinational        3.58946e-02 3.18197e-02 1.50107e-05 6.77293e-02  75.0%\n', 'Clock                0.00000e+00 0.00000e+00 0.00000e+00 0.00000e+00   0.0%\n', 'Macro                0.00000e+00 0.00000e+00 0.00000e+00 0.00000e+00   0.0%\n', 'Pad                  0.00000e+00 0.00000e+00 0.00000e+00 0.00000e+00   0.0%\n', '--------------------------------------------------------------------\n', 'Total                5.19051e-02 3.83613e-02 1.77164e-05 9.02841e-02 100.0%\n', '                           57.5%       42.5%        0.0%\n']

Timing report:

['Startpoint                           Endpoint                                  Slack\n', '-----------------------------------------------------------------------------------\n', '_2518_/Q (DFFRNQ_X1)                 _2577_/D (DFFRNQ_X1)                  207.19627\n', '\n']

