2025-11-29 22:55:15 INFO            _                _                      
2025-11-29 22:55:15 INFO           / \   ___ ___ ___| | ___ _ __ __ _ _   _ 
2025-11-29 22:55:15 INFO          / _ \ / __/ __/ _ \ |/ _ \ '__/ _` | | | |
2025-11-29 22:55:15 INFO         / ___ \ (_| (_|  __/ |  __/ | | (_| | |_| |
2025-11-29 22:55:15 INFO        /_/   \_\___\___\___|_|\___|_|  \__, |\__, |
2025-11-29 22:55:15 INFO                                        |___/ |___/ 
2025-11-29 22:55:15 INFO        generating outputs according to the following specified output flags... 
2025-11-29 22:55:15 INFO         Please use the -f flag to update the preference (default to all output files)
2025-11-29 22:55:15 INFO        {'ERT': 1, 'ERT_summary': 1, 'ART': 1, 'ART_summary': 1, 'energy_estimation': 1, 'flattened_arch': 1}
2025-11-29 22:55:15 INFO        Located config file at /home/juliana/.config/accelergy/accelergy_config.yaml.
2025-11-29 22:55:15 INFO        config file located:
2025-11-29 22:55:15 INFO        /home/juliana/.config/accelergy/accelergy_config.yaml
2025-11-29 22:55:15 INFO        Parsing file /home/juliana/Topicos-Especiais-XII/trabalho_final/timeloop/dse_pe_mac/outputs/16_neurons_2_macs/parsed-processed-input.yaml for architecture info
2025-11-29 22:55:15 INFO        Parsing file /home/juliana/Topicos-Especiais-XII/trabalho_final/timeloop/dse_pe_mac/outputs/16_neurons_2_macs/parsed-processed-input.yaml for compound_components info
2025-11-29 22:55:16 WARNING     No compound component classes specified, architecture can only contain primitive components
2025-11-29 22:55:16 INFO        Adding required action "write" to class SRAM
2025-11-29 22:55:16 INFO        Adding required action "read" to class SRAM
2025-11-29 22:55:16 INFO        Adding required action "leak" to class SRAM
2025-11-29 22:55:16 INFO        Adding required action "update" to class SRAM
2025-11-29 22:55:16 INFO        Adding required action "write" to class regfile
2025-11-29 22:55:16 INFO        Adding required action "read" to class regfile
2025-11-29 22:55:16 INFO        Adding required action "leak" to class regfile
2025-11-29 22:55:16 INFO        Adding required action "update" to class regfile
2025-11-29 22:55:16 INFO        Adding required action "compute" to class intmac
2025-11-29 22:55:16 INFO        Estimator plug-in identified by: /home/juliana/venv_pytorch/share/accelergy/estimation_plug_ins/accelergy-adc-plug-in/adc.estimator.yaml
2025-11-29 22:55:16 INFO        Estimator plug-in identified by: /home/juliana/venv_pytorch/share/accelergy/estimation_plug_ins/accelergy-table-based-plug-ins/table.estimator.yaml
2025-11-29 22:55:16 INFO        Estimator plug-in identified by: /home/juliana/venv_pytorch/share/accelergy/estimation_plug_ins/accelergy-library-plugin/library.estimator.yaml
2025-11-29 22:55:16 INFO        Estimator plug-in identified by: /home/juliana/venv_pytorch/share/accelergy/estimation_plug_ins/dummy_tables/dummy.estimator.yaml
2025-11-29 22:55:16 INFO        Estimator plug-in identified by: /home/juliana/venv_pytorch/share/accelergy/estimation_plug_ins/accelergy-neurosim-plugin/neurosim.estimator.yaml
2025-11-29 22:55:16 INFO        Estimator plug-in identified by: /home/juliana/venv_pytorch/share/accelergy/estimation_plug_ins/accelergy-aladdin-plug-in/aladdin.estimator.yaml
2025-11-29 22:55:16 INFO        Estimator plug-in identified by: /home/juliana/venv_pytorch/share/accelergy/estimation_plug_ins/accelergy-cacti-plug-in/cacti.estimator.yaml
2025-11-29 22:55:16 INFO        Loading Python plug-in: /home/juliana/venv_pytorch/share/accelergy/estimation_plug_ins/accelergy-cacti-plug-in/cacti_wrapper.py. Errors below are likely due to plug-in, not Accelergy.
2025-11-29 22:55:16 INFO        Getting all estimators in module <module 'python_plug_in0' from '/home/juliana/venv_pytorch/share/accelergy/estimation_plug_ins/accelergy-cacti-plug-in/cacti_wrapper.py'>
2025-11-29 22:55:16 INFO        Added estimator CactiCache that estimates cache with actions idle, read, read_access, update, update_access, write, write_access, leak
2025-11-29 22:55:16 INFO        Added estimator CactiDRAM that estimates ['DRAM', 'dram'] with actions idle, read, update, write, leak
2025-11-29 22:55:16 INFO        Added estimator CactiSRAM that estimates ['SRAM', 'sram'] with actions idle, read, update, write, leak
2025-11-29 22:55:16 INFO        Done loading Python plug-ins.
2025-11-29 22:55:16 INFO        Found estimator plug-in: ADC Plug-In (<ADCEstimator.ADCEstimator object at 0x7a23754beb10>)
2025-11-29 22:55:16 INFO        Found estimator plug-in: DEPRECATED table-based-plug-ins. Use the Library plug-in instead. (<SetsOfTables.SetsOfTables object at 0x7a23754a6450>)
2025-11-29 22:55:16 INFO        Found estimator plug-in: Library (<LibraryEstimator.LibraryEstimator object at 0x7a23756894f0>)
2025-11-29 22:55:16 INFO        Found estimator plug-in: dummy (<DummyTable.DummyTable object at 0x7a237568be90>)
2025-11-29 22:55:16 INFO        Found estimator plug-in: Neurosim Plug-In (<NeuroWrapper.NeuroWrapper object at 0x7a2375650710>)
2025-11-29 22:55:16 INFO        Found estimator plug-in: Aladdin_table (<AladdinTable.AladdinTable object at 0x7a2375545070>)
2025-11-29 22:55:16 INFO        Found estimator plug-in: CactiCache (<accelergy.plug_in_interface.estimator_wrapper.EstimatorWrapper object at 0x7a23754bf440>)
2025-11-29 22:55:16 INFO        Found estimator plug-in: CactiDRAM (<accelergy.plug_in_interface.estimator_wrapper.EstimatorWrapper object at 0x7a237568b2f0>)
2025-11-29 22:55:16 INFO        Found estimator plug-in: CactiSRAM (<accelergy.plug_in_interface.estimator_wrapper.EstimatorWrapper object at 0x7a23754a5490>)
2025-11-29 22:55:16 INFO        
2025-11-29 22:55:16 INFO        ENERGY ESTIMATION for SRAM(depth=16384, width=512, datawidth=8, instances=1, meshX=1, has_power_gating=False, n_banks=2, cluster_size=1, reduction_supported=True, multiple_buffering=1, min_utilization=0, allow_overbooking=False, meshY=1, technology=40nm, global_cycle_seconds=1e-09, version=0.4, action_latency_cycles=1, cycle_seconds=1e-09, n_instances=1).write(global_cycle_seconds=1e-09, action_latency_cycles=1)
2025-11-29 22:55:19 INFO        CactiSRAM estimated 3.4902107692307693e-10 with accuracy 80%. Messages:
2025-11-29 22:55:19 INFO        | Unused arguments (datawidth, instances, meshX, has_power_gating, cluster_size, reduction_supported, multiple_buffering, min_utilization, allow_overbooking, meshY, global_cycle_seconds, version, action_latency_cycles, cycle_seconds, n_instances) provided for ['SRAM', 'sram'].__init__. Arguments used: (depth, width, n_banks, technology)
2025-11-29 22:55:19 INFO        | Unused arguments (global_cycle_seconds, action_latency_cycles) provided for ['SRAM', 'sram'].write. Arguments used: ()
2025-11-29 22:55:19 INFO        | Interpolating technology between 32 and 45.
2025-11-29 22:55:19 INFO        | Calling CACTI with cache_size=1048576 n_rw_ports=1 block_size=64 tech_node_um=0.032 n_banks=2 tag_size=0 associativity=1
2025-11-29 22:55:19 INFO        | Calling CACTI with input path /home/juliana/venv_pytorch/share/accelergy/estimation_plug_ins/accelergy-cacti-plug-in/cacti_inputs_outputs/tmp_lhc9atw
2025-11-29 22:55:19 INFO        | CACTI output will be written to /home/juliana/venv_pytorch/share/accelergy/estimation_plug_ins/accelergy-cacti-plug-in/cacti_inputs_outputs/tmp2r76v4j1
2025-11-29 22:55:19 INFO        | CACTI executable not found at /home/juliana/venv_pytorch/share/accelergy/estimation_plug_ins/accelergy-cacti-plug-in/cacti/cacti
2025-11-29 22:55:19 INFO        | Calling: cd /home/juliana/venv_pytorch/share/accelergy/estimation_plug_ins/accelergy-cacti-plug-in ; ./cacti -infile /home/juliana/venv_pytorch/share/accelergy/estimation_plug_ins/accelergy-cacti-plug-in/cacti_inputs_outputs/tmp_lhc9atw >> /home/juliana/venv_pytorch/share/accelergy/estimation_plug_ins/accelergy-cacti-plug-in/cacti_inputs_outputs/tmp2r76v4j1 2>&1
2025-11-29 22:55:19 INFO        | Calling CACTI with cache_size=1048576 n_rw_ports=1 block_size=64 tech_node_um=0.045 n_banks=2 tag_size=0 associativity=1
2025-11-29 22:55:19 INFO        | Calling CACTI with input path /home/juliana/venv_pytorch/share/accelergy/estimation_plug_ins/accelergy-cacti-plug-in/cacti_inputs_outputs/tmp70rz9r9q
2025-11-29 22:55:19 INFO        | CACTI output will be written to /home/juliana/venv_pytorch/share/accelergy/estimation_plug_ins/accelergy-cacti-plug-in/cacti_inputs_outputs/tmp9xitibje
2025-11-29 22:55:19 INFO        | CACTI executable not found at /home/juliana/venv_pytorch/share/accelergy/estimation_plug_ins/accelergy-cacti-plug-in/cacti/cacti
2025-11-29 22:55:19 INFO        | Calling: cd /home/juliana/venv_pytorch/share/accelergy/estimation_plug_ins/accelergy-cacti-plug-in ; ./cacti -infile /home/juliana/venv_pytorch/share/accelergy/estimation_plug_ins/accelergy-cacti-plug-in/cacti_inputs_outputs/tmp70rz9r9q >> /home/juliana/venv_pytorch/share/accelergy/estimation_plug_ins/accelergy-cacti-plug-in/cacti_inputs_outputs/tmp9xitibje 2>&1
2025-11-29 22:55:19 INFO        | Cache bandwidth: 128.0 bytes/cycle
2025-11-29 22:55:19 INFO        | Cache bandwidth: 130790580523.69875 bits/second
2025-11-29 22:55:19 INFO        
2025-11-29 22:55:19 INFO        ENERGY ESTIMATION for SRAM(depth=16384, width=512, datawidth=8, instances=1, meshX=1, has_power_gating=False, n_banks=2, cluster_size=1, reduction_supported=True, multiple_buffering=1, min_utilization=0, allow_overbooking=False, meshY=1, technology=40nm, global_cycle_seconds=1e-09, version=0.4, action_latency_cycles=1, cycle_seconds=1e-09, n_instances=1).read(global_cycle_seconds=1e-09, action_latency_cycles=1)
2025-11-29 22:55:24 INFO        CactiSRAM estimated 3.6171392307692315e-10 with accuracy 80%. Messages:
2025-11-29 22:55:24 INFO        | Unused arguments (datawidth, instances, meshX, has_power_gating, cluster_size, reduction_supported, multiple_buffering, min_utilization, allow_overbooking, meshY, global_cycle_seconds, version, action_latency_cycles, cycle_seconds, n_instances) provided for ['SRAM', 'sram'].__init__. Arguments used: (depth, width, n_banks, technology)
2025-11-29 22:55:24 INFO        | Unused arguments (global_cycle_seconds, action_latency_cycles) provided for ['SRAM', 'sram'].read. Arguments used: ()
2025-11-29 22:55:24 INFO        | Interpolating technology between 32 and 45.
2025-11-29 22:55:24 INFO        | Calling CACTI with cache_size=1048576 n_rw_ports=1 block_size=64 tech_node_um=0.032 n_banks=2 tag_size=0 associativity=1
2025-11-29 22:55:24 INFO        | Calling CACTI with input path /home/juliana/venv_pytorch/share/accelergy/estimation_plug_ins/accelergy-cacti-plug-in/cacti_inputs_outputs/tmpd4vl3pvr
2025-11-29 22:55:24 INFO        | CACTI output will be written to /home/juliana/venv_pytorch/share/accelergy/estimation_plug_ins/accelergy-cacti-plug-in/cacti_inputs_outputs/tmplnno5k1e
2025-11-29 22:55:24 INFO        | CACTI executable not found at /home/juliana/venv_pytorch/share/accelergy/estimation_plug_ins/accelergy-cacti-plug-in/cacti/cacti
2025-11-29 22:55:24 INFO        | Calling: cd /home/juliana/venv_pytorch/share/accelergy/estimation_plug_ins/accelergy-cacti-plug-in ; ./cacti -infile /home/juliana/venv_pytorch/share/accelergy/estimation_plug_ins/accelergy-cacti-plug-in/cacti_inputs_outputs/tmpd4vl3pvr >> /home/juliana/venv_pytorch/share/accelergy/estimation_plug_ins/accelergy-cacti-plug-in/cacti_inputs_outputs/tmplnno5k1e 2>&1
2025-11-29 22:55:24 INFO        | Calling CACTI with cache_size=1048576 n_rw_ports=1 block_size=64 tech_node_um=0.045 n_banks=2 tag_size=0 associativity=1
2025-11-29 22:55:24 INFO        | Calling CACTI with input path /home/juliana/venv_pytorch/share/accelergy/estimation_plug_ins/accelergy-cacti-plug-in/cacti_inputs_outputs/tmprkmhev4u
2025-11-29 22:55:24 INFO        | CACTI output will be written to /home/juliana/venv_pytorch/share/accelergy/estimation_plug_ins/accelergy-cacti-plug-in/cacti_inputs_outputs/tmpl442yy4g
2025-11-29 22:55:24 INFO        | CACTI executable not found at /home/juliana/venv_pytorch/share/accelergy/estimation_plug_ins/accelergy-cacti-plug-in/cacti/cacti
2025-11-29 22:55:24 INFO        | Calling: cd /home/juliana/venv_pytorch/share/accelergy/estimation_plug_ins/accelergy-cacti-plug-in ; ./cacti -infile /home/juliana/venv_pytorch/share/accelergy/estimation_plug_ins/accelergy-cacti-plug-in/cacti_inputs_outputs/tmprkmhev4u >> /home/juliana/venv_pytorch/share/accelergy/estimation_plug_ins/accelergy-cacti-plug-in/cacti_inputs_outputs/tmpl442yy4g 2>&1
2025-11-29 22:55:24 INFO        | Cache bandwidth: 128.0 bytes/cycle
2025-11-29 22:55:24 INFO        | Cache bandwidth: 130790580523.69875 bits/second
2025-11-29 22:55:24 INFO        
2025-11-29 22:55:24 INFO        ENERGY ESTIMATION for SRAM(depth=16384, width=512, datawidth=8, instances=1, meshX=1, has_power_gating=False, n_banks=2, cluster_size=1, reduction_supported=True, multiple_buffering=1, min_utilization=0, allow_overbooking=False, meshY=1, technology=40nm, global_cycle_seconds=1e-09, version=0.4, action_latency_cycles=1, cycle_seconds=1e-09, n_instances=1).leak(global_cycle_seconds=1e-09, action_latency_cycles=1)
2025-11-29 22:55:28 INFO        CactiSRAM estimated 3.0875692307692315e-14 with accuracy 80%. Messages:
2025-11-29 22:55:28 INFO        | Unused arguments (datawidth, instances, meshX, has_power_gating, cluster_size, reduction_supported, multiple_buffering, min_utilization, allow_overbooking, meshY, global_cycle_seconds, version, action_latency_cycles, cycle_seconds, n_instances) provided for ['SRAM', 'sram'].__init__. Arguments used: (depth, width, n_banks, technology)
2025-11-29 22:55:28 INFO        | Unused arguments (action_latency_cycles) provided for ['SRAM', 'sram'].leak. Arguments used: (global_cycle_seconds)
2025-11-29 22:55:28 INFO        | Interpolating technology between 32 and 45.
2025-11-29 22:55:28 INFO        | Calling CACTI with cache_size=1048576 n_rw_ports=1 block_size=64 tech_node_um=0.032 n_banks=2 tag_size=0 associativity=1
2025-11-29 22:55:28 INFO        | Calling CACTI with input path /home/juliana/venv_pytorch/share/accelergy/estimation_plug_ins/accelergy-cacti-plug-in/cacti_inputs_outputs/tmpzmyvvx7c
2025-11-29 22:55:28 INFO        | CACTI output will be written to /home/juliana/venv_pytorch/share/accelergy/estimation_plug_ins/accelergy-cacti-plug-in/cacti_inputs_outputs/tmpr7y0m1g6
2025-11-29 22:55:28 INFO        | CACTI executable not found at /home/juliana/venv_pytorch/share/accelergy/estimation_plug_ins/accelergy-cacti-plug-in/cacti/cacti
2025-11-29 22:55:28 INFO        | Calling: cd /home/juliana/venv_pytorch/share/accelergy/estimation_plug_ins/accelergy-cacti-plug-in ; ./cacti -infile /home/juliana/venv_pytorch/share/accelergy/estimation_plug_ins/accelergy-cacti-plug-in/cacti_inputs_outputs/tmpzmyvvx7c >> /home/juliana/venv_pytorch/share/accelergy/estimation_plug_ins/accelergy-cacti-plug-in/cacti_inputs_outputs/tmpr7y0m1g6 2>&1
2025-11-29 22:55:28 INFO        | Calling CACTI with cache_size=1048576 n_rw_ports=1 block_size=64 tech_node_um=0.045 n_banks=2 tag_size=0 associativity=1
2025-11-29 22:55:28 INFO        | Calling CACTI with input path /home/juliana/venv_pytorch/share/accelergy/estimation_plug_ins/accelergy-cacti-plug-in/cacti_inputs_outputs/tmpyrgfiyx4
2025-11-29 22:55:28 INFO        | CACTI output will be written to /home/juliana/venv_pytorch/share/accelergy/estimation_plug_ins/accelergy-cacti-plug-in/cacti_inputs_outputs/tmp37v2n_90
2025-11-29 22:55:28 INFO        | CACTI executable not found at /home/juliana/venv_pytorch/share/accelergy/estimation_plug_ins/accelergy-cacti-plug-in/cacti/cacti
2025-11-29 22:55:28 INFO        | Calling: cd /home/juliana/venv_pytorch/share/accelergy/estimation_plug_ins/accelergy-cacti-plug-in ; ./cacti -infile /home/juliana/venv_pytorch/share/accelergy/estimation_plug_ins/accelergy-cacti-plug-in/cacti_inputs_outputs/tmpyrgfiyx4 >> /home/juliana/venv_pytorch/share/accelergy/estimation_plug_ins/accelergy-cacti-plug-in/cacti_inputs_outputs/tmp37v2n_90 2>&1
2025-11-29 22:55:28 INFO        | Cache bandwidth: 128.0 bytes/cycle
2025-11-29 22:55:28 INFO        | Cache bandwidth: 130790580523.69875 bits/second
2025-11-29 22:55:28 INFO        | Global cycle time 1e-09 is less than the cache's random cycle time 7.829310000000001e-09
2025-11-29 22:55:28 INFO        | Multiplying by n_instances 1
2025-11-29 22:55:28 INFO        
2025-11-29 22:55:28 INFO        ENERGY ESTIMATION for SRAM(depth=16384, width=512, datawidth=8, instances=1, meshX=1, has_power_gating=False, n_banks=2, cluster_size=1, reduction_supported=True, multiple_buffering=1, min_utilization=0, allow_overbooking=False, meshY=1, technology=40nm, global_cycle_seconds=1e-09, version=0.4, action_latency_cycles=1, cycle_seconds=1e-09, n_instances=1).update(global_cycle_seconds=1e-09, action_latency_cycles=1)
2025-11-29 22:55:33 INFO        CactiSRAM estimated 3.4902107692307693e-10 with accuracy 80%. Messages:
2025-11-29 22:55:33 INFO        | Unused arguments (datawidth, instances, meshX, has_power_gating, cluster_size, reduction_supported, multiple_buffering, min_utilization, allow_overbooking, meshY, global_cycle_seconds, version, action_latency_cycles, cycle_seconds, n_instances) provided for ['SRAM', 'sram'].__init__. Arguments used: (depth, width, n_banks, technology)
2025-11-29 22:55:33 INFO        | Unused arguments (global_cycle_seconds, action_latency_cycles) provided for ['SRAM', 'sram'].update. Arguments used: ()
2025-11-29 22:55:33 INFO        | Interpolating technology between 32 and 45.
2025-11-29 22:55:33 INFO        | Calling CACTI with cache_size=1048576 n_rw_ports=1 block_size=64 tech_node_um=0.032 n_banks=2 tag_size=0 associativity=1
2025-11-29 22:55:33 INFO        | Calling CACTI with input path /home/juliana/venv_pytorch/share/accelergy/estimation_plug_ins/accelergy-cacti-plug-in/cacti_inputs_outputs/tmp8ifa1_a9
2025-11-29 22:55:33 INFO        | CACTI output will be written to /home/juliana/venv_pytorch/share/accelergy/estimation_plug_ins/accelergy-cacti-plug-in/cacti_inputs_outputs/tmp1zvbf6d4
2025-11-29 22:55:33 INFO        | CACTI executable not found at /home/juliana/venv_pytorch/share/accelergy/estimation_plug_ins/accelergy-cacti-plug-in/cacti/cacti
2025-11-29 22:55:33 INFO        | Calling: cd /home/juliana/venv_pytorch/share/accelergy/estimation_plug_ins/accelergy-cacti-plug-in ; ./cacti -infile /home/juliana/venv_pytorch/share/accelergy/estimation_plug_ins/accelergy-cacti-plug-in/cacti_inputs_outputs/tmp8ifa1_a9 >> /home/juliana/venv_pytorch/share/accelergy/estimation_plug_ins/accelergy-cacti-plug-in/cacti_inputs_outputs/tmp1zvbf6d4 2>&1
2025-11-29 22:55:33 INFO        | Calling CACTI with cache_size=1048576 n_rw_ports=1 block_size=64 tech_node_um=0.045 n_banks=2 tag_size=0 associativity=1
2025-11-29 22:55:33 INFO        | Calling CACTI with input path /home/juliana/venv_pytorch/share/accelergy/estimation_plug_ins/accelergy-cacti-plug-in/cacti_inputs_outputs/tmp1460zqje
2025-11-29 22:55:33 INFO        | CACTI output will be written to /home/juliana/venv_pytorch/share/accelergy/estimation_plug_ins/accelergy-cacti-plug-in/cacti_inputs_outputs/tmpp_j9n8to
2025-11-29 22:55:33 INFO        | CACTI executable not found at /home/juliana/venv_pytorch/share/accelergy/estimation_plug_ins/accelergy-cacti-plug-in/cacti/cacti
2025-11-29 22:55:33 INFO        | Calling: cd /home/juliana/venv_pytorch/share/accelergy/estimation_plug_ins/accelergy-cacti-plug-in ; ./cacti -infile /home/juliana/venv_pytorch/share/accelergy/estimation_plug_ins/accelergy-cacti-plug-in/cacti_inputs_outputs/tmp1460zqje >> /home/juliana/venv_pytorch/share/accelergy/estimation_plug_ins/accelergy-cacti-plug-in/cacti_inputs_outputs/tmpp_j9n8to 2>&1
2025-11-29 22:55:33 INFO        | Cache bandwidth: 128.0 bytes/cycle
2025-11-29 22:55:33 INFO        | Cache bandwidth: 130790580523.69875 bits/second
2025-11-29 22:55:33 INFO        
2025-11-29 22:55:33 INFO        ENERGY ESTIMATION for regfile(depth=1, width=16, datawidth=8, has_power_gating=False, n_banks=2, cluster_size=1, reduction_supported=True, multiple_buffering=1, min_utilization=0, allow_overbooking=False, meshX=16, meshY=1, technology=40nm, global_cycle_seconds=1e-09, spatial={'meshX': 32}, version=0.4, action_latency_cycles=1, cycle_seconds=1e-09, n_instances=1).write(global_cycle_seconds=1e-09, action_latency_cycles=1)
2025-11-29 22:55:33 INFO        Aladdin_table estimated 0.009p with accuracy 70%. 
2025-11-29 22:55:33 INFO        
2025-11-29 22:55:33 INFO        ENERGY ESTIMATION for regfile(depth=1, width=16, datawidth=8, has_power_gating=False, n_banks=2, cluster_size=1, reduction_supported=True, multiple_buffering=1, min_utilization=0, allow_overbooking=False, meshX=16, meshY=1, technology=40nm, global_cycle_seconds=1e-09, spatial={'meshX': 32}, version=0.4, action_latency_cycles=1, cycle_seconds=1e-09, n_instances=1).read(global_cycle_seconds=1e-09, action_latency_cycles=1)
2025-11-29 22:55:33 INFO        Aladdin_table estimated 0.009p with accuracy 70%. 
2025-11-29 22:55:33 INFO        
2025-11-29 22:55:33 INFO        ENERGY ESTIMATION for regfile(depth=1, width=16, datawidth=8, has_power_gating=False, n_banks=2, cluster_size=1, reduction_supported=True, multiple_buffering=1, min_utilization=0, allow_overbooking=False, meshX=16, meshY=1, technology=40nm, global_cycle_seconds=1e-09, spatial={'meshX': 32}, version=0.4, action_latency_cycles=1, cycle_seconds=1e-09, n_instances=1).leak(global_cycle_seconds=1e-09, action_latency_cycles=1)
2025-11-29 22:55:33 INFO        Aladdin_table estimated 7e-05p with accuracy 70%. Messages:
2025-11-29 22:55:33 INFO        | Multiplying by n_instances 1
2025-11-29 22:55:33 INFO        
2025-11-29 22:55:33 INFO        ENERGY ESTIMATION for regfile(depth=1, width=16, datawidth=8, has_power_gating=False, n_banks=2, cluster_size=1, reduction_supported=True, multiple_buffering=1, min_utilization=0, allow_overbooking=False, meshX=16, meshY=1, technology=40nm, global_cycle_seconds=1e-09, spatial={'meshX': 32}, version=0.4, action_latency_cycles=1, cycle_seconds=1e-09, n_instances=1).update(global_cycle_seconds=1e-09, action_latency_cycles=1)
2025-11-29 22:55:33 INFO        Aladdin_table estimated 0.009p with accuracy 70%. 
2025-11-29 22:55:33 INFO        
2025-11-29 22:55:33 INFO        ENERGY ESTIMATION for intmac(width=8, datawidth=8, has_power_gating=False, meshX=32, meshY=1, technology=40nm, global_cycle_seconds=1e-09, spatial={'meshX': 32}, version=0.4, action_latency_cycles=1, cycle_seconds=1e-09, n_instances=1).compute(global_cycle_seconds=1e-09, action_latency_cycles=1)
2025-11-29 22:55:33 INFO        Aladdin_table estimated 0.845p with accuracy 70%. 
2025-11-29 22:55:33 WARNING     No action counts are specified as yaml input
2025-11-29 22:55:33 INFO        
2025-11-29 22:55:33 INFO        AREA ESTIMATION for SRAM(depth=16384, width=512, datawidth=8, instances=1, meshX=1, has_power_gating=False, n_banks=2, cluster_size=1, reduction_supported=True, multiple_buffering=1, min_utilization=0, allow_overbooking=False, meshY=1, technology=40nm, global_cycle_seconds=1e-09, version=0.4, action_latency_cycles=1, cycle_seconds=1e-09, n_instances=1)
2025-11-29 22:55:38 INFO        CactiSRAM estimated 3.348306923076923e-06 with accuracy 80%. Messages:
2025-11-29 22:55:38 INFO        | Unused arguments (datawidth, instances, meshX, has_power_gating, cluster_size, reduction_supported, multiple_buffering, min_utilization, allow_overbooking, meshY, global_cycle_seconds, version, action_latency_cycles, cycle_seconds, n_instances) provided for ['SRAM', 'sram'].__init__. Arguments used: (depth, width, n_banks, technology)
2025-11-29 22:55:38 INFO        | Interpolating technology between 32 and 45.
2025-11-29 22:55:38 INFO        | Calling CACTI with cache_size=1048576 n_rw_ports=1 block_size=64 tech_node_um=0.032 n_banks=2 tag_size=0 associativity=1
2025-11-29 22:55:38 INFO        | Calling CACTI with input path /home/juliana/venv_pytorch/share/accelergy/estimation_plug_ins/accelergy-cacti-plug-in/cacti_inputs_outputs/tmp6kc7x6qo
2025-11-29 22:55:38 INFO        | CACTI output will be written to /home/juliana/venv_pytorch/share/accelergy/estimation_plug_ins/accelergy-cacti-plug-in/cacti_inputs_outputs/tmp9e1fxyqc
2025-11-29 22:55:38 INFO        | CACTI executable not found at /home/juliana/venv_pytorch/share/accelergy/estimation_plug_ins/accelergy-cacti-plug-in/cacti/cacti
2025-11-29 22:55:38 INFO        | Calling: cd /home/juliana/venv_pytorch/share/accelergy/estimation_plug_ins/accelergy-cacti-plug-in ; ./cacti -infile /home/juliana/venv_pytorch/share/accelergy/estimation_plug_ins/accelergy-cacti-plug-in/cacti_inputs_outputs/tmp6kc7x6qo >> /home/juliana/venv_pytorch/share/accelergy/estimation_plug_ins/accelergy-cacti-plug-in/cacti_inputs_outputs/tmp9e1fxyqc 2>&1
2025-11-29 22:55:38 INFO        | Calling CACTI with cache_size=1048576 n_rw_ports=1 block_size=64 tech_node_um=0.045 n_banks=2 tag_size=0 associativity=1
2025-11-29 22:55:38 INFO        | Calling CACTI with input path /home/juliana/venv_pytorch/share/accelergy/estimation_plug_ins/accelergy-cacti-plug-in/cacti_inputs_outputs/tmpy36n2qf3
2025-11-29 22:55:38 INFO        | CACTI output will be written to /home/juliana/venv_pytorch/share/accelergy/estimation_plug_ins/accelergy-cacti-plug-in/cacti_inputs_outputs/tmpj8wz2o0k
2025-11-29 22:55:38 INFO        | CACTI executable not found at /home/juliana/venv_pytorch/share/accelergy/estimation_plug_ins/accelergy-cacti-plug-in/cacti/cacti
2025-11-29 22:55:38 INFO        | Calling: cd /home/juliana/venv_pytorch/share/accelergy/estimation_plug_ins/accelergy-cacti-plug-in ; ./cacti -infile /home/juliana/venv_pytorch/share/accelergy/estimation_plug_ins/accelergy-cacti-plug-in/cacti_inputs_outputs/tmpy36n2qf3 >> /home/juliana/venv_pytorch/share/accelergy/estimation_plug_ins/accelergy-cacti-plug-in/cacti_inputs_outputs/tmpj8wz2o0k 2>&1
2025-11-29 22:55:38 INFO        | Cache bandwidth: 128.0 bytes/cycle
2025-11-29 22:55:38 INFO        | Cache bandwidth: 130790580523.69875 bits/second
2025-11-29 22:55:38 INFO        | Multiplying by n_instances 1
2025-11-29 22:55:38 INFO        
2025-11-29 22:55:38 INFO        AREA ESTIMATION for dummy_storage(width=1, depth=1, datawidth=1, technology=-1, has_power_gating=False, n_banks=2, cluster_size=1, reduction_supported=True, multiple_buffering=1, min_utilization=0, allow_overbooking=False, meshX=1, meshY=1, global_cycle_seconds=1e-09, spatial={'meshX': 32}, version=0.4, action_latency_cycles=1, cycle_seconds=1e-09, n_instances=1)
2025-11-29 22:55:38 INFO        dummy estimated 1u^2 with accuracy 100%. Messages:
2025-11-29 22:55:38 INFO        | Multiplying by n_instances 1
2025-11-29 22:55:38 INFO        
2025-11-29 22:55:38 INFO        AREA ESTIMATION for regfile(depth=1, width=16, datawidth=8, has_power_gating=False, n_banks=2, cluster_size=1, reduction_supported=True, multiple_buffering=1, min_utilization=0, allow_overbooking=False, meshX=16, meshY=1, technology=40nm, global_cycle_seconds=1e-09, spatial={'meshX': 32}, version=0.4, action_latency_cycles=1, cycle_seconds=1e-09, n_instances=1)
2025-11-29 22:55:38 INFO        Aladdin_table estimated 5.98u^2 with accuracy 70%. Messages:
2025-11-29 22:55:38 INFO        | Multiplying by n_instances 1
2025-11-29 22:55:38 INFO        
2025-11-29 22:55:38 INFO        AREA ESTIMATION for dummy_storage(width=1, depth=1, datawidth=1, technology=-1, has_power_gating=False, n_banks=2, cluster_size=1, reduction_supported=True, multiple_buffering=1, min_utilization=0, allow_overbooking=False, meshX=16, meshY=1, global_cycle_seconds=1e-09, spatial={'meshX': 32}, version=0.4, action_latency_cycles=1, cycle_seconds=1e-09, n_instances=1)
2025-11-29 22:55:38 INFO        dummy estimated 1u^2 with accuracy 100%. Messages:
2025-11-29 22:55:38 INFO        | Multiplying by n_instances 1
2025-11-29 22:55:38 INFO        
2025-11-29 22:55:38 INFO        AREA ESTIMATION for intmac(width=8, datawidth=8, has_power_gating=False, meshX=32, meshY=1, technology=40nm, global_cycle_seconds=1e-09, spatial={'meshX': 32}, version=0.4, action_latency_cycles=1, cycle_seconds=1e-09, n_instances=1)
2025-11-29 22:55:38 INFO        Aladdin_table estimated 466.375u^2 with accuracy 70%. Messages:
2025-11-29 22:55:38 INFO        | Multiplying by n_instances 1
2025-11-29 22:55:38 INFO        flattened architecture is saved to:
2025-11-29 22:55:38 INFO        ./timeloop-mapper.flattened_architecture.yaml
2025-11-29 22:55:38 INFO        energy reference table is saved to:
2025-11-29 22:55:38 INFO        ./timeloop-mapper.ERT.yaml
2025-11-29 22:55:38 INFO        energy reference table summary is saved to:
2025-11-29 22:55:38 INFO        ./timeloop-mapper.ERT_summary.yaml
2025-11-29 22:55:38 WARNING     no runtime energy estimations are generated... not generating energy_estimation.yaml
2025-11-29 22:55:38 INFO        area reference table is saved to:
2025-11-29 22:55:38 INFO        ./timeloop-mapper.ART.yaml
2025-11-29 22:55:38 INFO        area reference table summary is saved to:
2025-11-29 22:55:38 INFO        ./timeloop-mapper.ART_summary.yaml
