

Working Directory = /home/inf01185/juliana.vargas/Documents/Topicos-Especiais-XII/exemplo_rca/scripts
QoS Summary for neuron_intra_Nbits
================================================================================
Metric                          final          
================================================================================
Slack (ps):                     6,785
  R2R (ps):                     6,785
  I2R (ps):                  no_value
  R2O (ps):                  no_value
  I2O (ps):                  no_value
  CG  (ps):                  no_value
TNS (ps):                           0
  R2R (ps):                         0
  I2R (ps):                  no_value
  R2O (ps):                  no_value
  I2O (ps):                  no_value
  CG  (ps):                  no_value
Failing Paths:                      0
Cell Area:                    111,773
Total Cell Area:              111,773
Leaf Instances:               159,475
Total Instances:              159,475
Utilization (%):                 0.00
Tot. Net Length (um):        no_value
Avg. Net Length (um):        no_value
Route Overflow H (%):        no_value
Route Overflow V (%):        no_value
MBCI(%) (bits/gate) :            0.00
Norm Cong Hotspot Area:
  Max Cong:                  no_value
  Tot Cong:                  no_value
================================================================================
CPU  Runtime (h:m:s):        02:10:48
Real Runtime (h:m:s):        01:39:43
CPU  Elapsed (h:m:s):        02:10:55
Real Elapsed (h:m:s):        01:39:48
Memory (MB):                  2514.67
================================================================================
================================================================================
Flow Settings:
================================================================================
Total Runtime (h:m:s): 01:39:58
Total Memory (MB):     2514.67
Executable Version:    23.12-s086_1
================================================================================
Total Cell Area =  Cell Area + Physical Cell Area
Total Instances =  Leaf Instances + Physical Instances


