============================================================
  Generated by:           Genus(TM) Synthesis Solution 23.12-s086_1
  Generated on:           Oct 09 2025  02:15:51 am
  Module:                 neuron_intra_Nbits
  Operating conditions:   PVT_0P9V_125C 
  Interconnect mode:      global
  Area mode:              physical library
============================================================

Timing
--------

Clock  Period 
--------------
clock 10000.0 


  Cost    Critical         Violating 
 Group   Path Slack  TNS     Paths   
-------------------------------------
clock        6785.1   0.0          0 
default    No paths   0.0            
-------------------------------------
Total                 0.0          0 

Instance Count
--------------
Leaf Instance Count             159475 
Physical Instance count              0 
Sequential Instance Count          191 
Combinational Instance Count    159284 
Hierarchical Instance Count          0 

Area
----
Cell Area                          111772.697
Physical Cell Area                 0.000
Total Cell Area (Cell+Physical)    111772.697
Net Area                           115416.003
Total Area (Cell+Physical+Net)     227188.700

Runtime                            5038.88462 seconds
Elapsed Runtime                    5993 seconds
Genus peak memory usage            2514.67 
Innovus peak memory usage          no_value 
Hostname                           cadmicro-el8-02.inf.ufrgs.br
