============================================================
  Generated by:           Genus(TM) Synthesis Solution 23.12-s086_1
  Generated on:           Oct 09 2025  01:45:58 am
  Module:                 neuron_intra_Nbits
  Operating conditions:   PVT_0P9V_125C 
  Interconnect mode:      global
  Area mode:              physical library
============================================================


Path 1: MET (8655 ps) Setup Check with Pin Out_reg[62]/clk->d
          Group: clock
     Startpoint: (R) acc_reg[124]/clk
          Clock: (R) clock
       Endpoint: (R) Out_reg[62]/d
          Clock: (R) clock

                     Capture       Launch     
        Clock Edge:+   10000            0     
       Src Latency:+       0            0     
       Net Latency:+       0 (I)        0 (I) 
           Arrival:=   10000            0     
                                              
             Setup:-     117                  
     Required Time:=    9883                  
      Launch Clock:-       0                  
         Data Path:-    1227                  
             Slack:=    8655                  

#---------------------------------------------------------------------------------------------------
#  Timing Point    Flags    Arc    Edge       Cell         Fanout Load Trans Delay Arrival Instance 
#                                                                 (fF)  (ps)  (ps)   (ps)  Location 
#---------------------------------------------------------------------------------------------------
  acc_reg[124]/clk -       -       R     (arrival)            191    -     0     0       0    (-,-) 
  acc_reg[124]/q   (u)     clk->q  R     unmapped_d_flop        1  0.5     0   299     299    (-,-) 
  g1756/z          (u)     in_2->z R     unmapped_or3           1  0.5     0   128     427    (-,-) 
  g1755/z          (u)     in_0->z R     unmapped_or3           1  0.5     0   128     556    (-,-) 
  g1845/z          (u)     in_0->z R     unmapped_or3           1  0.5     0   128     684    (-,-) 
  g1850/z          (u)     in_0->z R     unmapped_or4           1  0.5     0   185     869    (-,-) 
  g1852/z          (u)     in_3->z F     unmapped_complex4     63  4.0     0   286    1156    (-,-) 
  g1396/z          (u)     in_0->z R     unmapped_complex2      1  0.5     0    72    1227    (-,-) 
  Out_reg[62]/d    <<<     -       R     unmapped_d_flop        1    -     -     0    1227    (-,-) 
#---------------------------------------------------------------------------------------------------

(u) : Net has unmapped pin(s).

