============================================================
  Generated by:           Genus(TM) Synthesis Solution 23.12-s086_1
  Generated on:           Oct 09 2025  02:12:26 am
  Module:                 neuron_intra_Nbits
  Operating conditions:   PVT_0P9V_125C 
  Interconnect mode:      global
  Area mode:              physical library
============================================================


Path 1: MET (6837 ps) Setup Check with Pin Out_reg[61]/CK->D
          Group: clock
     Startpoint: (R) acc_reg[125]/CK
          Clock: (R) clock
       Endpoint: (F) Out_reg[61]/D
          Clock: (R) clock

                     Capture       Launch     
        Clock Edge:+   10000            0     
       Src Latency:+       0            0     
       Net Latency:+       0 (I)        0 (I) 
           Arrival:=   10000            0     
                                              
             Setup:-     128                  
     Required Time:=    9872                  
      Launch Clock:-       0                  
         Data Path:-    3035                  
             Slack:=    6837                  

#----------------------------------------------------------------------------------------
#  Timing Point   Flags   Arc   Edge   Cell     Fanout Load Trans Delay Arrival Instance 
#                                                      (fF)  (ps)  (ps)   (ps)  Location 
#----------------------------------------------------------------------------------------
  acc_reg[125]/CK -       -     R     (arrival)    191    -     0     0       0    (-,-) 
  acc_reg[125]/Q  -       CK->Q F     SDFFRX2        2  4.1    68   243     243    (-,-) 
  g3571__6260/Y   -       A->Y  R     NOR3X2         1  2.3   130   144     387    (-,-) 
  g3507__1666/Y   -       AN->Y R     NOR3BX2        1  2.9   151   248     635    (-,-) 
  g3374__7482/Y   -       C->Y  F     NAND3X2        1  2.3   177   182     817    (-,-) 
  g3372__1881/Y   -       AN->Y F     NAND2BX1       1  2.4   166   215    1032    (-,-) 
  g3369__8246/Y   -       B->Y  R     NOR2X1         1  2.3   142   168    1200    (-,-) 
  g3368__5122/Y   -       D->Y  R     AND4XL         1  2.3   104   338    1538    (-,-) 
  g3367__1705/Y   -       D->Y  R     AND4XL         1  2.3   104   322    1859    (-,-) 
  g3366__2802/Y   -       AN->Y R     NOR3BX2        1  2.3   131   222    2082    (-,-) 
  g3365__1617/Y   -       AN->Y R     NOR3BX2        1  2.9   151   248    2330    (-,-) 
  g3364__3680/Y   -       B->Y  R     OR2X8         32 47.1   142   214    2543    (-,-) 
  drc_bufs3630/Y  -       A->Y  F     INVX1          1  5.0   158   163    2706    (-,-) 
  drc_bufs3627/Y  -       A->Y  R     INVX8         32 47.1   153   144    2850    (-,-) 
  g3334__5526/Y   -       B->Y  F     NAND2X1        1  2.4   173   185    3035    (-,-) 
  Out_reg[61]/D   <<<     -     F     DFFRHQX1       1    -     -     0    3035    (-,-) 
#----------------------------------------------------------------------------------------

