MAxPy: PYBIND COMPILATION LOG

Command line:

cmake -G Ninja -B study_no_1/poly1_LOBA0s_4_copyA_3/ -S study_no_1/poly1_LOBA0s_4_copyA_3/

Command line:

ninja -C study_no_1/poly1_LOBA0s_4_copyA_3/

Log from stdout and stderr:

-- The C compiler identification is GNU 13.3.0
-- The CXX compiler identification is GNU 13.3.0
-- Detecting C compiler ABI info
-- Detecting C compiler ABI info - done
-- Check for working C compiler: /usr/bin/cc - skipped
-- Detecting C compile features
-- Detecting C compile features - done
-- Detecting CXX compiler ABI info
-- Detecting CXX compiler ABI info - done
-- Check for working CXX compiler: /usr/bin/c++ - skipped
-- Detecting CXX compile features
-- Detecting CXX compile features - done
CMake Warning (dev) at /home/juliana/venv_pytorch/share/cmake/pybind11/FindPythonLibsNew.cmake:101 (message):
  Policy CMP0148 is not set: The FindPythonInterp and FindPythonLibs modules
  are removed.  Run "cmake --help-policy CMP0148" for policy details.  Use
  the cmake_policy command to set the policy and suppress this warning, or
  preferably upgrade to using FindPython, either by calling it explicitly
  before pybind11, or by setting PYBIND11_FINDPYTHON ON before pybind11.
Call Stack (most recent call first):
  /home/juliana/venv_pytorch/share/cmake/pybind11/pybind11Tools.cmake:44 (find_package)
  /home/juliana/venv_pytorch/share/cmake/pybind11/pybind11Common.cmake:226 (include)
  /home/juliana/venv_pytorch/share/cmake/pybind11/pybind11Config.cmake:257 (include)
  CMakeLists.txt:3 (find_package)
This warning is for project developers.  Use -Wno-dev to suppress it.

-- Found PythonInterp: /home/juliana/venv_pytorch/bin/python (found suitable version "3.12.3", minimum required is "3.8") 
-- Found PythonLibs: /usr/lib/x86_64-linux-gnu/libpython3.12.so
-- Performing Test HAS_FLTO_AUTO
-- Performing Test HAS_FLTO_AUTO - Success
-- Found pybind11: /home/juliana/venv_pytorch/include (found version "3.0.1")
-- Configuring done (2.7s)
-- Generating done (0.0s)
-- Build files have been written to: /home/juliana/Topicos-Especiais-XII/trabalho_final/poly1/study_no_1/poly1_LOBA0s_4_copyA_3


11-26-2025 21:51:16

