2025-11-29 22:54:10 INFO            _                _                      
2025-11-29 22:54:10 INFO           / \   ___ ___ ___| | ___ _ __ __ _ _   _ 
2025-11-29 22:54:10 INFO          / _ \ / __/ __/ _ \ |/ _ \ '__/ _` | | | |
2025-11-29 22:54:10 INFO         / ___ \ (_| (_|  __/ |  __/ | | (_| | |_| |
2025-11-29 22:54:10 INFO        /_/   \_\___\___\___|_|\___|_|  \__, |\__, |
2025-11-29 22:54:10 INFO                                        |___/ |___/ 
2025-11-29 22:54:10 INFO        generating outputs according to the following specified output flags... 
2025-11-29 22:54:10 INFO         Please use the -f flag to update the preference (default to all output files)
2025-11-29 22:54:10 INFO        {'ERT': 1, 'ERT_summary': 1, 'ART': 1, 'ART_summary': 1, 'energy_estimation': 1, 'flattened_arch': 1}
2025-11-29 22:54:10 INFO        Located config file at /home/juliana/.config/accelergy/accelergy_config.yaml.
2025-11-29 22:54:10 INFO        config file located:
2025-11-29 22:54:10 INFO        /home/juliana/.config/accelergy/accelergy_config.yaml
2025-11-29 22:54:10 INFO        Parsing file /home/juliana/Topicos-Especiais-XII/trabalho_final/timeloop/dse_pe_mac/outputs/8_neurons_2_macs/parsed-processed-input.yaml for architecture info
2025-11-29 22:54:10 INFO        Parsing file /home/juliana/Topicos-Especiais-XII/trabalho_final/timeloop/dse_pe_mac/outputs/8_neurons_2_macs/parsed-processed-input.yaml for compound_components info
2025-11-29 22:54:10 WARNING     No compound component classes specified, architecture can only contain primitive components
2025-11-29 22:54:10 INFO        Adding required action "write" to class SRAM
2025-11-29 22:54:10 INFO        Adding required action "read" to class SRAM
2025-11-29 22:54:10 INFO        Adding required action "leak" to class SRAM
2025-11-29 22:54:10 INFO        Adding required action "update" to class SRAM
2025-11-29 22:54:10 INFO        Adding required action "write" to class regfile
2025-11-29 22:54:10 INFO        Adding required action "read" to class regfile
2025-11-29 22:54:10 INFO        Adding required action "leak" to class regfile
2025-11-29 22:54:10 INFO        Adding required action "update" to class regfile
2025-11-29 22:54:10 INFO        Adding required action "compute" to class intmac
2025-11-29 22:54:10 INFO        Estimator plug-in identified by: /home/juliana/venv_pytorch/share/accelergy/estimation_plug_ins/accelergy-adc-plug-in/adc.estimator.yaml
2025-11-29 22:54:10 INFO        Estimator plug-in identified by: /home/juliana/venv_pytorch/share/accelergy/estimation_plug_ins/accelergy-table-based-plug-ins/table.estimator.yaml
2025-11-29 22:54:10 INFO        Estimator plug-in identified by: /home/juliana/venv_pytorch/share/accelergy/estimation_plug_ins/accelergy-library-plugin/library.estimator.yaml
2025-11-29 22:54:10 INFO        Estimator plug-in identified by: /home/juliana/venv_pytorch/share/accelergy/estimation_plug_ins/dummy_tables/dummy.estimator.yaml
2025-11-29 22:54:10 INFO        Estimator plug-in identified by: /home/juliana/venv_pytorch/share/accelergy/estimation_plug_ins/accelergy-neurosim-plugin/neurosim.estimator.yaml
2025-11-29 22:54:10 INFO        Estimator plug-in identified by: /home/juliana/venv_pytorch/share/accelergy/estimation_plug_ins/accelergy-aladdin-plug-in/aladdin.estimator.yaml
2025-11-29 22:54:10 INFO        Estimator plug-in identified by: /home/juliana/venv_pytorch/share/accelergy/estimation_plug_ins/accelergy-cacti-plug-in/cacti.estimator.yaml
2025-11-29 22:54:10 INFO        Loading Python plug-in: /home/juliana/venv_pytorch/share/accelergy/estimation_plug_ins/accelergy-cacti-plug-in/cacti_wrapper.py. Errors below are likely due to plug-in, not Accelergy.
2025-11-29 22:54:10 INFO        Getting all estimators in module <module 'python_plug_in0' from '/home/juliana/venv_pytorch/share/accelergy/estimation_plug_ins/accelergy-cacti-plug-in/cacti_wrapper.py'>
2025-11-29 22:54:10 INFO        Added estimator CactiCache that estimates cache with actions idle, read, read_access, update, update_access, write, write_access, leak
2025-11-29 22:54:10 INFO        Added estimator CactiDRAM that estimates ['DRAM', 'dram'] with actions idle, read, update, write, leak
2025-11-29 22:54:10 INFO        Added estimator CactiSRAM that estimates ['SRAM', 'sram'] with actions idle, read, update, write, leak
2025-11-29 22:54:10 INFO        Done loading Python plug-ins.
2025-11-29 22:54:10 INFO        Found estimator plug-in: ADC Plug-In (<ADCEstimator.ADCEstimator object at 0x76a040e13410>)
2025-11-29 22:54:10 INFO        Found estimator plug-in: DEPRECATED table-based-plug-ins. Use the Library plug-in instead. (<SetsOfTables.SetsOfTables object at 0x76a040fca5a0>)
2025-11-29 22:54:10 INFO        Found estimator plug-in: Library (<LibraryEstimator.LibraryEstimator object at 0x76a040e11130>)
2025-11-29 22:54:10 INFO        Found estimator plug-in: dummy (<DummyTable.DummyTable object at 0x76a040ffda30>)
2025-11-29 22:54:10 INFO        Found estimator plug-in: Neurosim Plug-In (<NeuroWrapper.NeuroWrapper object at 0x76a040e9ca10>)
2025-11-29 22:54:10 INFO        Found estimator plug-in: Aladdin_table (<AladdinTable.AladdinTable object at 0x76a040e9d370>)
2025-11-29 22:54:10 INFO        Found estimator plug-in: CactiCache (<accelergy.plug_in_interface.estimator_wrapper.EstimatorWrapper object at 0x76a040fccc80>)
2025-11-29 22:54:10 INFO        Found estimator plug-in: CactiDRAM (<accelergy.plug_in_interface.estimator_wrapper.EstimatorWrapper object at 0x76a040fcfad0>)
2025-11-29 22:54:10 INFO        Found estimator plug-in: CactiSRAM (<accelergy.plug_in_interface.estimator_wrapper.EstimatorWrapper object at 0x76a04188b890>)
2025-11-29 22:54:10 INFO        
2025-11-29 22:54:10 INFO        ENERGY ESTIMATION for SRAM(depth=16384, width=256, datawidth=8, instances=1, meshX=1, has_power_gating=False, n_banks=2, cluster_size=1, reduction_supported=True, multiple_buffering=1, min_utilization=0, allow_overbooking=False, meshY=1, technology=40nm, global_cycle_seconds=1e-09, version=0.4, action_latency_cycles=1, cycle_seconds=1e-09, n_instances=1).write(global_cycle_seconds=1e-09, action_latency_cycles=1)
2025-11-29 22:54:13 INFO        CactiSRAM estimated 1.3081765384615386e-10 with accuracy 80%. Messages:
2025-11-29 22:54:13 INFO        | Unused arguments (datawidth, instances, meshX, has_power_gating, cluster_size, reduction_supported, multiple_buffering, min_utilization, allow_overbooking, meshY, global_cycle_seconds, version, action_latency_cycles, cycle_seconds, n_instances) provided for ['SRAM', 'sram'].__init__. Arguments used: (depth, width, n_banks, technology)
2025-11-29 22:54:13 INFO        | Unused arguments (global_cycle_seconds, action_latency_cycles) provided for ['SRAM', 'sram'].write. Arguments used: ()
2025-11-29 22:54:13 INFO        | Interpolating technology between 32 and 45.
2025-11-29 22:54:13 INFO        | Calling CACTI with cache_size=524288 n_rw_ports=1 block_size=32 tech_node_um=0.032 n_banks=2 tag_size=0 associativity=1
2025-11-29 22:54:13 INFO        | Calling CACTI with input path /home/juliana/venv_pytorch/share/accelergy/estimation_plug_ins/accelergy-cacti-plug-in/cacti_inputs_outputs/tmpgk8nkgqq
2025-11-29 22:54:13 INFO        | CACTI output will be written to /home/juliana/venv_pytorch/share/accelergy/estimation_plug_ins/accelergy-cacti-plug-in/cacti_inputs_outputs/tmp1pp009wh
2025-11-29 22:54:13 INFO        | CACTI executable not found at /home/juliana/venv_pytorch/share/accelergy/estimation_plug_ins/accelergy-cacti-plug-in/cacti/cacti
2025-11-29 22:54:13 INFO        | Calling: cd /home/juliana/venv_pytorch/share/accelergy/estimation_plug_ins/accelergy-cacti-plug-in ; ./cacti -infile /home/juliana/venv_pytorch/share/accelergy/estimation_plug_ins/accelergy-cacti-plug-in/cacti_inputs_outputs/tmpgk8nkgqq >> /home/juliana/venv_pytorch/share/accelergy/estimation_plug_ins/accelergy-cacti-plug-in/cacti_inputs_outputs/tmp1pp009wh 2>&1
2025-11-29 22:54:13 INFO        | Calling CACTI with cache_size=524288 n_rw_ports=1 block_size=32 tech_node_um=0.045 n_banks=2 tag_size=0 associativity=1
2025-11-29 22:54:13 INFO        | Calling CACTI with input path /home/juliana/venv_pytorch/share/accelergy/estimation_plug_ins/accelergy-cacti-plug-in/cacti_inputs_outputs/tmpj93ll5ya
2025-11-29 22:54:13 INFO        | CACTI output will be written to /home/juliana/venv_pytorch/share/accelergy/estimation_plug_ins/accelergy-cacti-plug-in/cacti_inputs_outputs/tmp8d3v6qi2
2025-11-29 22:54:13 INFO        | CACTI executable not found at /home/juliana/venv_pytorch/share/accelergy/estimation_plug_ins/accelergy-cacti-plug-in/cacti/cacti
2025-11-29 22:54:13 INFO        | Calling: cd /home/juliana/venv_pytorch/share/accelergy/estimation_plug_ins/accelergy-cacti-plug-in ; ./cacti -infile /home/juliana/venv_pytorch/share/accelergy/estimation_plug_ins/accelergy-cacti-plug-in/cacti_inputs_outputs/tmpj93ll5ya >> /home/juliana/venv_pytorch/share/accelergy/estimation_plug_ins/accelergy-cacti-plug-in/cacti_inputs_outputs/tmp8d3v6qi2 2>&1
2025-11-29 22:54:13 INFO        | Cache bandwidth: 64.0 bytes/cycle
2025-11-29 22:54:13 INFO        | Cache bandwidth: 160404945369.29526 bits/second
2025-11-29 22:54:13 INFO        
2025-11-29 22:54:13 INFO        ENERGY ESTIMATION for SRAM(depth=16384, width=256, datawidth=8, instances=1, meshX=1, has_power_gating=False, n_banks=2, cluster_size=1, reduction_supported=True, multiple_buffering=1, min_utilization=0, allow_overbooking=False, meshY=1, technology=40nm, global_cycle_seconds=1e-09, version=0.4, action_latency_cycles=1, cycle_seconds=1e-09, n_instances=1).read(global_cycle_seconds=1e-09, action_latency_cycles=1)
2025-11-29 22:54:16 INFO        CactiSRAM estimated 1.3716419230769233e-10 with accuracy 80%. Messages:
2025-11-29 22:54:16 INFO        | Unused arguments (datawidth, instances, meshX, has_power_gating, cluster_size, reduction_supported, multiple_buffering, min_utilization, allow_overbooking, meshY, global_cycle_seconds, version, action_latency_cycles, cycle_seconds, n_instances) provided for ['SRAM', 'sram'].__init__. Arguments used: (depth, width, n_banks, technology)
2025-11-29 22:54:16 INFO        | Unused arguments (global_cycle_seconds, action_latency_cycles) provided for ['SRAM', 'sram'].read. Arguments used: ()
2025-11-29 22:54:16 INFO        | Interpolating technology between 32 and 45.
2025-11-29 22:54:16 INFO        | Calling CACTI with cache_size=524288 n_rw_ports=1 block_size=32 tech_node_um=0.032 n_banks=2 tag_size=0 associativity=1
2025-11-29 22:54:16 INFO        | Calling CACTI with input path /home/juliana/venv_pytorch/share/accelergy/estimation_plug_ins/accelergy-cacti-plug-in/cacti_inputs_outputs/tmpz9ew1t_t
2025-11-29 22:54:16 INFO        | CACTI output will be written to /home/juliana/venv_pytorch/share/accelergy/estimation_plug_ins/accelergy-cacti-plug-in/cacti_inputs_outputs/tmphc_pgjl7
2025-11-29 22:54:16 INFO        | CACTI executable not found at /home/juliana/venv_pytorch/share/accelergy/estimation_plug_ins/accelergy-cacti-plug-in/cacti/cacti
2025-11-29 22:54:16 INFO        | Calling: cd /home/juliana/venv_pytorch/share/accelergy/estimation_plug_ins/accelergy-cacti-plug-in ; ./cacti -infile /home/juliana/venv_pytorch/share/accelergy/estimation_plug_ins/accelergy-cacti-plug-in/cacti_inputs_outputs/tmpz9ew1t_t >> /home/juliana/venv_pytorch/share/accelergy/estimation_plug_ins/accelergy-cacti-plug-in/cacti_inputs_outputs/tmphc_pgjl7 2>&1
2025-11-29 22:54:16 INFO        | Calling CACTI with cache_size=524288 n_rw_ports=1 block_size=32 tech_node_um=0.045 n_banks=2 tag_size=0 associativity=1
2025-11-29 22:54:16 INFO        | Calling CACTI with input path /home/juliana/venv_pytorch/share/accelergy/estimation_plug_ins/accelergy-cacti-plug-in/cacti_inputs_outputs/tmpd_ou8569
2025-11-29 22:54:16 INFO        | CACTI output will be written to /home/juliana/venv_pytorch/share/accelergy/estimation_plug_ins/accelergy-cacti-plug-in/cacti_inputs_outputs/tmpkkw5936g
2025-11-29 22:54:16 INFO        | CACTI executable not found at /home/juliana/venv_pytorch/share/accelergy/estimation_plug_ins/accelergy-cacti-plug-in/cacti/cacti
2025-11-29 22:54:16 INFO        | Calling: cd /home/juliana/venv_pytorch/share/accelergy/estimation_plug_ins/accelergy-cacti-plug-in ; ./cacti -infile /home/juliana/venv_pytorch/share/accelergy/estimation_plug_ins/accelergy-cacti-plug-in/cacti_inputs_outputs/tmpd_ou8569 >> /home/juliana/venv_pytorch/share/accelergy/estimation_plug_ins/accelergy-cacti-plug-in/cacti_inputs_outputs/tmpkkw5936g 2>&1
2025-11-29 22:54:16 INFO        | Cache bandwidth: 64.0 bytes/cycle
2025-11-29 22:54:16 INFO        | Cache bandwidth: 160404945369.29526 bits/second
2025-11-29 22:54:16 INFO        
2025-11-29 22:54:16 INFO        ENERGY ESTIMATION for SRAM(depth=16384, width=256, datawidth=8, instances=1, meshX=1, has_power_gating=False, n_banks=2, cluster_size=1, reduction_supported=True, multiple_buffering=1, min_utilization=0, allow_overbooking=False, meshY=1, technology=40nm, global_cycle_seconds=1e-09, version=0.4, action_latency_cycles=1, cycle_seconds=1e-09, n_instances=1).leak(global_cycle_seconds=1e-09, action_latency_cycles=1)
2025-11-29 22:54:20 INFO        CactiSRAM estimated 1.5823366153846158e-14 with accuracy 80%. Messages:
2025-11-29 22:54:20 INFO        | Unused arguments (datawidth, instances, meshX, has_power_gating, cluster_size, reduction_supported, multiple_buffering, min_utilization, allow_overbooking, meshY, global_cycle_seconds, version, action_latency_cycles, cycle_seconds, n_instances) provided for ['SRAM', 'sram'].__init__. Arguments used: (depth, width, n_banks, technology)
2025-11-29 22:54:20 INFO        | Unused arguments (action_latency_cycles) provided for ['SRAM', 'sram'].leak. Arguments used: (global_cycle_seconds)
2025-11-29 22:54:20 INFO        | Interpolating technology between 32 and 45.
2025-11-29 22:54:20 INFO        | Calling CACTI with cache_size=524288 n_rw_ports=1 block_size=32 tech_node_um=0.032 n_banks=2 tag_size=0 associativity=1
2025-11-29 22:54:20 INFO        | Calling CACTI with input path /home/juliana/venv_pytorch/share/accelergy/estimation_plug_ins/accelergy-cacti-plug-in/cacti_inputs_outputs/tmp5c95vvq8
2025-11-29 22:54:20 INFO        | CACTI output will be written to /home/juliana/venv_pytorch/share/accelergy/estimation_plug_ins/accelergy-cacti-plug-in/cacti_inputs_outputs/tmpp98_xjj3
2025-11-29 22:54:20 INFO        | CACTI executable not found at /home/juliana/venv_pytorch/share/accelergy/estimation_plug_ins/accelergy-cacti-plug-in/cacti/cacti
2025-11-29 22:54:20 INFO        | Calling: cd /home/juliana/venv_pytorch/share/accelergy/estimation_plug_ins/accelergy-cacti-plug-in ; ./cacti -infile /home/juliana/venv_pytorch/share/accelergy/estimation_plug_ins/accelergy-cacti-plug-in/cacti_inputs_outputs/tmp5c95vvq8 >> /home/juliana/venv_pytorch/share/accelergy/estimation_plug_ins/accelergy-cacti-plug-in/cacti_inputs_outputs/tmpp98_xjj3 2>&1
2025-11-29 22:54:20 INFO        | Calling CACTI with cache_size=524288 n_rw_ports=1 block_size=32 tech_node_um=0.045 n_banks=2 tag_size=0 associativity=1
2025-11-29 22:54:20 INFO        | Calling CACTI with input path /home/juliana/venv_pytorch/share/accelergy/estimation_plug_ins/accelergy-cacti-plug-in/cacti_inputs_outputs/tmpg42chqzw
2025-11-29 22:54:20 INFO        | CACTI output will be written to /home/juliana/venv_pytorch/share/accelergy/estimation_plug_ins/accelergy-cacti-plug-in/cacti_inputs_outputs/tmp4ymtcs2n
2025-11-29 22:54:20 INFO        | CACTI executable not found at /home/juliana/venv_pytorch/share/accelergy/estimation_plug_ins/accelergy-cacti-plug-in/cacti/cacti
2025-11-29 22:54:20 INFO        | Calling: cd /home/juliana/venv_pytorch/share/accelergy/estimation_plug_ins/accelergy-cacti-plug-in ; ./cacti -infile /home/juliana/venv_pytorch/share/accelergy/estimation_plug_ins/accelergy-cacti-plug-in/cacti_inputs_outputs/tmpg42chqzw >> /home/juliana/venv_pytorch/share/accelergy/estimation_plug_ins/accelergy-cacti-plug-in/cacti_inputs_outputs/tmp4ymtcs2n 2>&1
2025-11-29 22:54:20 INFO        | Cache bandwidth: 64.0 bytes/cycle
2025-11-29 22:54:20 INFO        | Cache bandwidth: 160404945369.29526 bits/second
2025-11-29 22:54:20 INFO        | Global cycle time 1e-09 is less than the cache's random cycle time 3.191921538461539e-09
2025-11-29 22:54:20 INFO        | Multiplying by n_instances 1
2025-11-29 22:54:20 INFO        
2025-11-29 22:54:20 INFO        ENERGY ESTIMATION for SRAM(depth=16384, width=256, datawidth=8, instances=1, meshX=1, has_power_gating=False, n_banks=2, cluster_size=1, reduction_supported=True, multiple_buffering=1, min_utilization=0, allow_overbooking=False, meshY=1, technology=40nm, global_cycle_seconds=1e-09, version=0.4, action_latency_cycles=1, cycle_seconds=1e-09, n_instances=1).update(global_cycle_seconds=1e-09, action_latency_cycles=1)
2025-11-29 22:54:22 INFO        CactiSRAM estimated 1.3081765384615386e-10 with accuracy 80%. Messages:
2025-11-29 22:54:22 INFO        | Unused arguments (datawidth, instances, meshX, has_power_gating, cluster_size, reduction_supported, multiple_buffering, min_utilization, allow_overbooking, meshY, global_cycle_seconds, version, action_latency_cycles, cycle_seconds, n_instances) provided for ['SRAM', 'sram'].__init__. Arguments used: (depth, width, n_banks, technology)
2025-11-29 22:54:22 INFO        | Unused arguments (global_cycle_seconds, action_latency_cycles) provided for ['SRAM', 'sram'].update. Arguments used: ()
2025-11-29 22:54:22 INFO        | Interpolating technology between 32 and 45.
2025-11-29 22:54:22 INFO        | Calling CACTI with cache_size=524288 n_rw_ports=1 block_size=32 tech_node_um=0.032 n_banks=2 tag_size=0 associativity=1
2025-11-29 22:54:22 INFO        | Calling CACTI with input path /home/juliana/venv_pytorch/share/accelergy/estimation_plug_ins/accelergy-cacti-plug-in/cacti_inputs_outputs/tmpthxxetek
2025-11-29 22:54:22 INFO        | CACTI output will be written to /home/juliana/venv_pytorch/share/accelergy/estimation_plug_ins/accelergy-cacti-plug-in/cacti_inputs_outputs/tmp7n4jylxw
2025-11-29 22:54:22 INFO        | CACTI executable not found at /home/juliana/venv_pytorch/share/accelergy/estimation_plug_ins/accelergy-cacti-plug-in/cacti/cacti
2025-11-29 22:54:22 INFO        | Calling: cd /home/juliana/venv_pytorch/share/accelergy/estimation_plug_ins/accelergy-cacti-plug-in ; ./cacti -infile /home/juliana/venv_pytorch/share/accelergy/estimation_plug_ins/accelergy-cacti-plug-in/cacti_inputs_outputs/tmpthxxetek >> /home/juliana/venv_pytorch/share/accelergy/estimation_plug_ins/accelergy-cacti-plug-in/cacti_inputs_outputs/tmp7n4jylxw 2>&1
2025-11-29 22:54:22 INFO        | Calling CACTI with cache_size=524288 n_rw_ports=1 block_size=32 tech_node_um=0.045 n_banks=2 tag_size=0 associativity=1
2025-11-29 22:54:22 INFO        | Calling CACTI with input path /home/juliana/venv_pytorch/share/accelergy/estimation_plug_ins/accelergy-cacti-plug-in/cacti_inputs_outputs/tmpdpsimpmc
2025-11-29 22:54:22 INFO        | CACTI output will be written to /home/juliana/venv_pytorch/share/accelergy/estimation_plug_ins/accelergy-cacti-plug-in/cacti_inputs_outputs/tmph3bdxj36
2025-11-29 22:54:22 INFO        | CACTI executable not found at /home/juliana/venv_pytorch/share/accelergy/estimation_plug_ins/accelergy-cacti-plug-in/cacti/cacti
2025-11-29 22:54:22 INFO        | Calling: cd /home/juliana/venv_pytorch/share/accelergy/estimation_plug_ins/accelergy-cacti-plug-in ; ./cacti -infile /home/juliana/venv_pytorch/share/accelergy/estimation_plug_ins/accelergy-cacti-plug-in/cacti_inputs_outputs/tmpdpsimpmc >> /home/juliana/venv_pytorch/share/accelergy/estimation_plug_ins/accelergy-cacti-plug-in/cacti_inputs_outputs/tmph3bdxj36 2>&1
2025-11-29 22:54:22 INFO        | Cache bandwidth: 64.0 bytes/cycle
2025-11-29 22:54:22 INFO        | Cache bandwidth: 160404945369.29526 bits/second
2025-11-29 22:54:22 INFO        
2025-11-29 22:54:22 INFO        ENERGY ESTIMATION for regfile(depth=1, width=16, datawidth=8, has_power_gating=False, n_banks=2, cluster_size=1, reduction_supported=True, multiple_buffering=1, min_utilization=0, allow_overbooking=False, meshX=8, meshY=1, technology=40nm, global_cycle_seconds=1e-09, spatial={'meshX': 32}, version=0.4, action_latency_cycles=1, cycle_seconds=1e-09, n_instances=1).write(global_cycle_seconds=1e-09, action_latency_cycles=1)
2025-11-29 22:54:22 INFO        Aladdin_table estimated 0.009p with accuracy 70%. 
2025-11-29 22:54:22 INFO        
2025-11-29 22:54:22 INFO        ENERGY ESTIMATION for regfile(depth=1, width=16, datawidth=8, has_power_gating=False, n_banks=2, cluster_size=1, reduction_supported=True, multiple_buffering=1, min_utilization=0, allow_overbooking=False, meshX=8, meshY=1, technology=40nm, global_cycle_seconds=1e-09, spatial={'meshX': 32}, version=0.4, action_latency_cycles=1, cycle_seconds=1e-09, n_instances=1).read(global_cycle_seconds=1e-09, action_latency_cycles=1)
2025-11-29 22:54:22 INFO        Aladdin_table estimated 0.009p with accuracy 70%. 
2025-11-29 22:54:22 INFO        
2025-11-29 22:54:22 INFO        ENERGY ESTIMATION for regfile(depth=1, width=16, datawidth=8, has_power_gating=False, n_banks=2, cluster_size=1, reduction_supported=True, multiple_buffering=1, min_utilization=0, allow_overbooking=False, meshX=8, meshY=1, technology=40nm, global_cycle_seconds=1e-09, spatial={'meshX': 32}, version=0.4, action_latency_cycles=1, cycle_seconds=1e-09, n_instances=1).leak(global_cycle_seconds=1e-09, action_latency_cycles=1)
2025-11-29 22:54:22 INFO        Aladdin_table estimated 7e-05p with accuracy 70%. Messages:
2025-11-29 22:54:22 INFO        | Multiplying by n_instances 1
2025-11-29 22:54:22 INFO        
2025-11-29 22:54:22 INFO        ENERGY ESTIMATION for regfile(depth=1, width=16, datawidth=8, has_power_gating=False, n_banks=2, cluster_size=1, reduction_supported=True, multiple_buffering=1, min_utilization=0, allow_overbooking=False, meshX=8, meshY=1, technology=40nm, global_cycle_seconds=1e-09, spatial={'meshX': 32}, version=0.4, action_latency_cycles=1, cycle_seconds=1e-09, n_instances=1).update(global_cycle_seconds=1e-09, action_latency_cycles=1)
2025-11-29 22:54:22 INFO        Aladdin_table estimated 0.009p with accuracy 70%. 
2025-11-29 22:54:22 INFO        
2025-11-29 22:54:22 INFO        ENERGY ESTIMATION for intmac(width=8, datawidth=8, has_power_gating=False, meshX=16, meshY=1, technology=40nm, global_cycle_seconds=1e-09, spatial={'meshX': 32}, version=0.4, action_latency_cycles=1, cycle_seconds=1e-09, n_instances=1).compute(global_cycle_seconds=1e-09, action_latency_cycles=1)
2025-11-29 22:54:22 INFO        Aladdin_table estimated 0.845p with accuracy 70%. 
2025-11-29 22:54:22 WARNING     No action counts are specified as yaml input
2025-11-29 22:54:22 INFO        
2025-11-29 22:54:22 INFO        AREA ESTIMATION for SRAM(depth=16384, width=256, datawidth=8, instances=1, meshX=1, has_power_gating=False, n_banks=2, cluster_size=1, reduction_supported=True, multiple_buffering=1, min_utilization=0, allow_overbooking=False, meshY=1, technology=40nm, global_cycle_seconds=1e-09, version=0.4, action_latency_cycles=1, cycle_seconds=1e-09, n_instances=1)
2025-11-29 22:54:25 INFO        CactiSRAM estimated 1.5147865384615385e-06 with accuracy 80%. Messages:
2025-11-29 22:54:25 INFO        | Unused arguments (datawidth, instances, meshX, has_power_gating, cluster_size, reduction_supported, multiple_buffering, min_utilization, allow_overbooking, meshY, global_cycle_seconds, version, action_latency_cycles, cycle_seconds, n_instances) provided for ['SRAM', 'sram'].__init__. Arguments used: (depth, width, n_banks, technology)
2025-11-29 22:54:25 INFO        | Interpolating technology between 32 and 45.
2025-11-29 22:54:25 INFO        | Calling CACTI with cache_size=524288 n_rw_ports=1 block_size=32 tech_node_um=0.032 n_banks=2 tag_size=0 associativity=1
2025-11-29 22:54:25 INFO        | Calling CACTI with input path /home/juliana/venv_pytorch/share/accelergy/estimation_plug_ins/accelergy-cacti-plug-in/cacti_inputs_outputs/tmpbgpoha46
2025-11-29 22:54:25 INFO        | CACTI output will be written to /home/juliana/venv_pytorch/share/accelergy/estimation_plug_ins/accelergy-cacti-plug-in/cacti_inputs_outputs/tmpujx_r_t7
2025-11-29 22:54:25 INFO        | CACTI executable not found at /home/juliana/venv_pytorch/share/accelergy/estimation_plug_ins/accelergy-cacti-plug-in/cacti/cacti
2025-11-29 22:54:25 INFO        | Calling: cd /home/juliana/venv_pytorch/share/accelergy/estimation_plug_ins/accelergy-cacti-plug-in ; ./cacti -infile /home/juliana/venv_pytorch/share/accelergy/estimation_plug_ins/accelergy-cacti-plug-in/cacti_inputs_outputs/tmpbgpoha46 >> /home/juliana/venv_pytorch/share/accelergy/estimation_plug_ins/accelergy-cacti-plug-in/cacti_inputs_outputs/tmpujx_r_t7 2>&1
2025-11-29 22:54:25 INFO        | Calling CACTI with cache_size=524288 n_rw_ports=1 block_size=32 tech_node_um=0.045 n_banks=2 tag_size=0 associativity=1
2025-11-29 22:54:25 INFO        | Calling CACTI with input path /home/juliana/venv_pytorch/share/accelergy/estimation_plug_ins/accelergy-cacti-plug-in/cacti_inputs_outputs/tmpyi3wo89z
2025-11-29 22:54:25 INFO        | CACTI output will be written to /home/juliana/venv_pytorch/share/accelergy/estimation_plug_ins/accelergy-cacti-plug-in/cacti_inputs_outputs/tmp2p3ehrqz
2025-11-29 22:54:25 INFO        | CACTI executable not found at /home/juliana/venv_pytorch/share/accelergy/estimation_plug_ins/accelergy-cacti-plug-in/cacti/cacti
2025-11-29 22:54:25 INFO        | Calling: cd /home/juliana/venv_pytorch/share/accelergy/estimation_plug_ins/accelergy-cacti-plug-in ; ./cacti -infile /home/juliana/venv_pytorch/share/accelergy/estimation_plug_ins/accelergy-cacti-plug-in/cacti_inputs_outputs/tmpyi3wo89z >> /home/juliana/venv_pytorch/share/accelergy/estimation_plug_ins/accelergy-cacti-plug-in/cacti_inputs_outputs/tmp2p3ehrqz 2>&1
2025-11-29 22:54:25 INFO        | Cache bandwidth: 64.0 bytes/cycle
2025-11-29 22:54:25 INFO        | Cache bandwidth: 160404945369.29526 bits/second
2025-11-29 22:54:25 INFO        | Multiplying by n_instances 1
2025-11-29 22:54:25 INFO        
2025-11-29 22:54:25 INFO        AREA ESTIMATION for dummy_storage(width=1, depth=1, datawidth=1, technology=-1, has_power_gating=False, n_banks=2, cluster_size=1, reduction_supported=True, multiple_buffering=1, min_utilization=0, allow_overbooking=False, meshX=1, meshY=1, global_cycle_seconds=1e-09, spatial={'meshX': 32}, version=0.4, action_latency_cycles=1, cycle_seconds=1e-09, n_instances=1)
2025-11-29 22:54:25 INFO        dummy estimated 1u^2 with accuracy 100%. Messages:
2025-11-29 22:54:25 INFO        | Multiplying by n_instances 1
2025-11-29 22:54:25 INFO        
2025-11-29 22:54:25 INFO        AREA ESTIMATION for regfile(depth=1, width=16, datawidth=8, has_power_gating=False, n_banks=2, cluster_size=1, reduction_supported=True, multiple_buffering=1, min_utilization=0, allow_overbooking=False, meshX=8, meshY=1, technology=40nm, global_cycle_seconds=1e-09, spatial={'meshX': 32}, version=0.4, action_latency_cycles=1, cycle_seconds=1e-09, n_instances=1)
2025-11-29 22:54:25 INFO        Aladdin_table estimated 5.98u^2 with accuracy 70%. Messages:
2025-11-29 22:54:25 INFO        | Multiplying by n_instances 1
2025-11-29 22:54:25 INFO        
2025-11-29 22:54:25 INFO        AREA ESTIMATION for dummy_storage(width=1, depth=1, datawidth=1, technology=-1, has_power_gating=False, n_banks=2, cluster_size=1, reduction_supported=True, multiple_buffering=1, min_utilization=0, allow_overbooking=False, meshX=8, meshY=1, global_cycle_seconds=1e-09, spatial={'meshX': 32}, version=0.4, action_latency_cycles=1, cycle_seconds=1e-09, n_instances=1)
2025-11-29 22:54:25 INFO        dummy estimated 1u^2 with accuracy 100%. Messages:
2025-11-29 22:54:25 INFO        | Multiplying by n_instances 1
2025-11-29 22:54:25 INFO        
2025-11-29 22:54:25 INFO        AREA ESTIMATION for intmac(width=8, datawidth=8, has_power_gating=False, meshX=16, meshY=1, technology=40nm, global_cycle_seconds=1e-09, spatial={'meshX': 32}, version=0.4, action_latency_cycles=1, cycle_seconds=1e-09, n_instances=1)
2025-11-29 22:54:25 INFO        Aladdin_table estimated 466.375u^2 with accuracy 70%. Messages:
2025-11-29 22:54:25 INFO        | Multiplying by n_instances 1
2025-11-29 22:54:25 INFO        flattened architecture is saved to:
2025-11-29 22:54:25 INFO        ./timeloop-mapper.flattened_architecture.yaml
2025-11-29 22:54:25 INFO        energy reference table is saved to:
2025-11-29 22:54:25 INFO        ./timeloop-mapper.ERT.yaml
2025-11-29 22:54:25 INFO        energy reference table summary is saved to:
2025-11-29 22:54:25 INFO        ./timeloop-mapper.ERT_summary.yaml
2025-11-29 22:54:25 WARNING     no runtime energy estimations are generated... not generating energy_estimation.yaml
2025-11-29 22:54:25 INFO        area reference table is saved to:
2025-11-29 22:54:25 INFO        ./timeloop-mapper.ART.yaml
2025-11-29 22:54:25 INFO        area reference table summary is saved to:
2025-11-29 22:54:25 INFO        ./timeloop-mapper.ART_summary.yaml
