2025-12-03 16:11:33 INFO            _                _                      
2025-12-03 16:11:33 INFO           / \   ___ ___ ___| | ___ _ __ __ _ _   _ 
2025-12-03 16:11:33 INFO          / _ \ / __/ __/ _ \ |/ _ \ '__/ _` | | | |
2025-12-03 16:11:33 INFO         / ___ \ (_| (_|  __/ |  __/ | | (_| | |_| |
2025-12-03 16:11:33 INFO        /_/   \_\___\___\___|_|\___|_|  \__, |\__, |
2025-12-03 16:11:33 INFO                                        |___/ |___/ 
2025-12-03 16:11:33 INFO        generating outputs according to the following specified output flags... 
2025-12-03 16:11:33 INFO         Please use the -f flag to update the preference (default to all output files)
2025-12-03 16:11:33 INFO        {'ERT': 1, 'ERT_summary': 1, 'ART': 1, 'ART_summary': 1, 'energy_estimation': 1, 'flattened_arch': 1}
2025-12-03 16:11:33 INFO        Located config file at /home/juliana/.config/accelergy/accelergy_config.yaml.
2025-12-03 16:11:33 INFO        config file located:
2025-12-03 16:11:33 INFO        /home/juliana/.config/accelergy/accelergy_config.yaml
2025-12-03 16:11:33 INFO        Parsing file /home/juliana/Topicos-Especiais-XII/trabalho_final/timeloop/dse_pe_mac_width/outputs/4_neurons_8_macs_8_width/parsed-processed-input.yaml for architecture info
2025-12-03 16:11:33 INFO        Parsing file /home/juliana/Topicos-Especiais-XII/trabalho_final/timeloop/dse_pe_mac_width/outputs/4_neurons_8_macs_8_width/parsed-processed-input.yaml for compound_components info
2025-12-03 16:11:33 WARNING     No compound component classes specified, architecture can only contain primitive components
2025-12-03 16:11:33 INFO        Adding required action "write" to class SRAM
2025-12-03 16:11:33 INFO        Adding required action "read" to class SRAM
2025-12-03 16:11:33 INFO        Adding required action "update" to class SRAM
2025-12-03 16:11:33 INFO        Adding required action "leak" to class SRAM
2025-12-03 16:11:33 INFO        Adding required action "write" to class regfile
2025-12-03 16:11:33 INFO        Adding required action "read" to class regfile
2025-12-03 16:11:33 INFO        Adding required action "update" to class regfile
2025-12-03 16:11:33 INFO        Adding required action "leak" to class regfile
2025-12-03 16:11:33 INFO        Adding required action "compute" to class intmac
2025-12-03 16:11:33 INFO        Estimator plug-in identified by: /home/juliana/venv_pytorch/share/accelergy/estimation_plug_ins/accelergy-adc-plug-in/adc.estimator.yaml
2025-12-03 16:11:33 INFO        Estimator plug-in identified by: /home/juliana/venv_pytorch/share/accelergy/estimation_plug_ins/accelergy-table-based-plug-ins/table.estimator.yaml
2025-12-03 16:11:33 INFO        Estimator plug-in identified by: /home/juliana/venv_pytorch/share/accelergy/estimation_plug_ins/accelergy-library-plugin/library.estimator.yaml
2025-12-03 16:11:33 INFO        Estimator plug-in identified by: /home/juliana/venv_pytorch/share/accelergy/estimation_plug_ins/dummy_tables/dummy.estimator.yaml
2025-12-03 16:11:33 INFO        Estimator plug-in identified by: /home/juliana/venv_pytorch/share/accelergy/estimation_plug_ins/accelergy-neurosim-plugin/neurosim.estimator.yaml
2025-12-03 16:11:33 INFO        Estimator plug-in identified by: /home/juliana/venv_pytorch/share/accelergy/estimation_plug_ins/accelergy-aladdin-plug-in/aladdin.estimator.yaml
2025-12-03 16:11:33 INFO        Estimator plug-in identified by: /home/juliana/venv_pytorch/share/accelergy/estimation_plug_ins/accelergy-cacti-plug-in/cacti.estimator.yaml
2025-12-03 16:11:33 INFO        Loading Python plug-in: /home/juliana/venv_pytorch/share/accelergy/estimation_plug_ins/accelergy-cacti-plug-in/cacti_wrapper.py. Errors below are likely due to plug-in, not Accelergy.
2025-12-03 16:11:33 INFO        Getting all estimators in module <module 'python_plug_in0' from '/home/juliana/venv_pytorch/share/accelergy/estimation_plug_ins/accelergy-cacti-plug-in/cacti_wrapper.py'>
2025-12-03 16:11:33 INFO        Added estimator CactiCache that estimates cache with actions idle, read, read_access, update, update_access, write, write_access, leak
2025-12-03 16:11:33 INFO        Added estimator CactiDRAM that estimates ['DRAM', 'dram'] with actions idle, read, update, write, leak
2025-12-03 16:11:33 INFO        Added estimator CactiSRAM that estimates ['SRAM', 'sram'] with actions idle, read, update, write, leak
2025-12-03 16:11:33 INFO        Done loading Python plug-ins.
2025-12-03 16:11:33 INFO        Found estimator plug-in: ADC Plug-In (<ADCEstimator.ADCEstimator object at 0x742e11ff7b00>)
2025-12-03 16:11:33 INFO        Found estimator plug-in: DEPRECATED table-based-plug-ins. Use the Library plug-in instead. (<SetsOfTables.SetsOfTables object at 0x742e11ff7050>)
2025-12-03 16:11:33 INFO        Found estimator plug-in: Library (<LibraryEstimator.LibraryEstimator object at 0x742e11ff6960>)
2025-12-03 16:11:33 INFO        Found estimator plug-in: dummy (<DummyTable.DummyTable object at 0x742e11fa5d90>)
2025-12-03 16:11:33 INFO        Found estimator plug-in: Neurosim Plug-In (<NeuroWrapper.NeuroWrapper object at 0x742e11e89040>)
2025-12-03 16:11:33 INFO        Found estimator plug-in: Aladdin_table (<AladdinTable.AladdinTable object at 0x742e11e89850>)
2025-12-03 16:11:33 INFO        Found estimator plug-in: CactiCache (<accelergy.plug_in_interface.estimator_wrapper.EstimatorWrapper object at 0x742e11fc7d10>)
2025-12-03 16:11:33 INFO        Found estimator plug-in: CactiDRAM (<accelergy.plug_in_interface.estimator_wrapper.EstimatorWrapper object at 0x742e11fc6f90>)
2025-12-03 16:11:33 INFO        Found estimator plug-in: CactiSRAM (<accelergy.plug_in_interface.estimator_wrapper.EstimatorWrapper object at 0x742e11ed7e00>)
2025-12-03 16:11:33 INFO        
2025-12-03 16:11:33 INFO        ENERGY ESTIMATION for SRAM(depth=16384, width=512, datawidth=8, instances=1, meshX=1, has_power_gating=False, n_banks=2, cluster_size=1, reduction_supported=True, multiple_buffering=1, min_utilization=0, allow_overbooking=False, meshY=1, technology=40nm, global_cycle_seconds=1e-09, version=0.4, action_latency_cycles=1, cycle_seconds=1e-09, n_instances=1).write(global_cycle_seconds=1e-09, action_latency_cycles=1)
2025-12-03 16:11:35 INFO        CactiSRAM estimated 3.4902107692307693e-10 with accuracy 80%. Messages:
2025-12-03 16:11:35 INFO        | Unused arguments (datawidth, instances, meshX, has_power_gating, cluster_size, reduction_supported, multiple_buffering, min_utilization, allow_overbooking, meshY, global_cycle_seconds, version, action_latency_cycles, cycle_seconds, n_instances) provided for ['SRAM', 'sram'].__init__. Arguments used: (depth, width, n_banks, technology)
2025-12-03 16:11:35 INFO        | Unused arguments (global_cycle_seconds, action_latency_cycles) provided for ['SRAM', 'sram'].write. Arguments used: ()
2025-12-03 16:11:35 INFO        | Interpolating technology between 32 and 45.
2025-12-03 16:11:35 INFO        | Calling CACTI with cache_size=1048576 n_rw_ports=1 block_size=64 tech_node_um=0.032 n_banks=2 tag_size=0 associativity=1
2025-12-03 16:11:35 INFO        | Calling CACTI with input path /home/juliana/venv_pytorch/share/accelergy/estimation_plug_ins/accelergy-cacti-plug-in/cacti_inputs_outputs/tmpa5jgcljy
2025-12-03 16:11:35 INFO        | CACTI output will be written to /home/juliana/venv_pytorch/share/accelergy/estimation_plug_ins/accelergy-cacti-plug-in/cacti_inputs_outputs/tmp8y7p_t66
2025-12-03 16:11:35 INFO        | CACTI executable not found at /home/juliana/venv_pytorch/share/accelergy/estimation_plug_ins/accelergy-cacti-plug-in/cacti/cacti
2025-12-03 16:11:35 INFO        | Calling: cd /home/juliana/venv_pytorch/share/accelergy/estimation_plug_ins/accelergy-cacti-plug-in ; ./cacti -infile /home/juliana/venv_pytorch/share/accelergy/estimation_plug_ins/accelergy-cacti-plug-in/cacti_inputs_outputs/tmpa5jgcljy >> /home/juliana/venv_pytorch/share/accelergy/estimation_plug_ins/accelergy-cacti-plug-in/cacti_inputs_outputs/tmp8y7p_t66 2>&1
2025-12-03 16:11:35 INFO        | Calling CACTI with cache_size=1048576 n_rw_ports=1 block_size=64 tech_node_um=0.045 n_banks=2 tag_size=0 associativity=1
2025-12-03 16:11:35 INFO        | Calling CACTI with input path /home/juliana/venv_pytorch/share/accelergy/estimation_plug_ins/accelergy-cacti-plug-in/cacti_inputs_outputs/tmpcohsfydx
2025-12-03 16:11:35 INFO        | CACTI output will be written to /home/juliana/venv_pytorch/share/accelergy/estimation_plug_ins/accelergy-cacti-plug-in/cacti_inputs_outputs/tmpbl6tqi_7
2025-12-03 16:11:35 INFO        | CACTI executable not found at /home/juliana/venv_pytorch/share/accelergy/estimation_plug_ins/accelergy-cacti-plug-in/cacti/cacti
2025-12-03 16:11:35 INFO        | Calling: cd /home/juliana/venv_pytorch/share/accelergy/estimation_plug_ins/accelergy-cacti-plug-in ; ./cacti -infile /home/juliana/venv_pytorch/share/accelergy/estimation_plug_ins/accelergy-cacti-plug-in/cacti_inputs_outputs/tmpcohsfydx >> /home/juliana/venv_pytorch/share/accelergy/estimation_plug_ins/accelergy-cacti-plug-in/cacti_inputs_outputs/tmpbl6tqi_7 2>&1
2025-12-03 16:11:35 INFO        | Cache bandwidth: 128.0 bytes/cycle
2025-12-03 16:11:35 INFO        | Cache bandwidth: 130790580523.69875 bits/second
2025-12-03 16:11:35 INFO        
2025-12-03 16:11:35 INFO        ENERGY ESTIMATION for SRAM(depth=16384, width=512, datawidth=8, instances=1, meshX=1, has_power_gating=False, n_banks=2, cluster_size=1, reduction_supported=True, multiple_buffering=1, min_utilization=0, allow_overbooking=False, meshY=1, technology=40nm, global_cycle_seconds=1e-09, version=0.4, action_latency_cycles=1, cycle_seconds=1e-09, n_instances=1).read(global_cycle_seconds=1e-09, action_latency_cycles=1)
2025-12-03 16:11:36 INFO        CactiSRAM estimated 3.6171392307692315e-10 with accuracy 80%. Messages:
2025-12-03 16:11:36 INFO        | Unused arguments (datawidth, instances, meshX, has_power_gating, cluster_size, reduction_supported, multiple_buffering, min_utilization, allow_overbooking, meshY, global_cycle_seconds, version, action_latency_cycles, cycle_seconds, n_instances) provided for ['SRAM', 'sram'].__init__. Arguments used: (depth, width, n_banks, technology)
2025-12-03 16:11:36 INFO        | Unused arguments (global_cycle_seconds, action_latency_cycles) provided for ['SRAM', 'sram'].read. Arguments used: ()
2025-12-03 16:11:36 INFO        | Interpolating technology between 32 and 45.
2025-12-03 16:11:36 INFO        | Calling CACTI with cache_size=1048576 n_rw_ports=1 block_size=64 tech_node_um=0.032 n_banks=2 tag_size=0 associativity=1
2025-12-03 16:11:36 INFO        | Calling CACTI with input path /home/juliana/venv_pytorch/share/accelergy/estimation_plug_ins/accelergy-cacti-plug-in/cacti_inputs_outputs/tmp95e3bm5l
2025-12-03 16:11:36 INFO        | CACTI output will be written to /home/juliana/venv_pytorch/share/accelergy/estimation_plug_ins/accelergy-cacti-plug-in/cacti_inputs_outputs/tmplm8qpbkr
2025-12-03 16:11:36 INFO        | CACTI executable not found at /home/juliana/venv_pytorch/share/accelergy/estimation_plug_ins/accelergy-cacti-plug-in/cacti/cacti
2025-12-03 16:11:36 INFO        | Calling: cd /home/juliana/venv_pytorch/share/accelergy/estimation_plug_ins/accelergy-cacti-plug-in ; ./cacti -infile /home/juliana/venv_pytorch/share/accelergy/estimation_plug_ins/accelergy-cacti-plug-in/cacti_inputs_outputs/tmp95e3bm5l >> /home/juliana/venv_pytorch/share/accelergy/estimation_plug_ins/accelergy-cacti-plug-in/cacti_inputs_outputs/tmplm8qpbkr 2>&1
2025-12-03 16:11:36 INFO        | Calling CACTI with cache_size=1048576 n_rw_ports=1 block_size=64 tech_node_um=0.045 n_banks=2 tag_size=0 associativity=1
2025-12-03 16:11:36 INFO        | Calling CACTI with input path /home/juliana/venv_pytorch/share/accelergy/estimation_plug_ins/accelergy-cacti-plug-in/cacti_inputs_outputs/tmpi3brri2t
2025-12-03 16:11:36 INFO        | CACTI output will be written to /home/juliana/venv_pytorch/share/accelergy/estimation_plug_ins/accelergy-cacti-plug-in/cacti_inputs_outputs/tmpceila14z
2025-12-03 16:11:36 INFO        | CACTI executable not found at /home/juliana/venv_pytorch/share/accelergy/estimation_plug_ins/accelergy-cacti-plug-in/cacti/cacti
2025-12-03 16:11:36 INFO        | Calling: cd /home/juliana/venv_pytorch/share/accelergy/estimation_plug_ins/accelergy-cacti-plug-in ; ./cacti -infile /home/juliana/venv_pytorch/share/accelergy/estimation_plug_ins/accelergy-cacti-plug-in/cacti_inputs_outputs/tmpi3brri2t >> /home/juliana/venv_pytorch/share/accelergy/estimation_plug_ins/accelergy-cacti-plug-in/cacti_inputs_outputs/tmpceila14z 2>&1
2025-12-03 16:11:36 INFO        | Cache bandwidth: 128.0 bytes/cycle
2025-12-03 16:11:36 INFO        | Cache bandwidth: 130790580523.69875 bits/second
2025-12-03 16:11:36 INFO        
2025-12-03 16:11:36 INFO        ENERGY ESTIMATION for SRAM(depth=16384, width=512, datawidth=8, instances=1, meshX=1, has_power_gating=False, n_banks=2, cluster_size=1, reduction_supported=True, multiple_buffering=1, min_utilization=0, allow_overbooking=False, meshY=1, technology=40nm, global_cycle_seconds=1e-09, version=0.4, action_latency_cycles=1, cycle_seconds=1e-09, n_instances=1).update(global_cycle_seconds=1e-09, action_latency_cycles=1)
2025-12-03 16:11:38 INFO        CactiSRAM estimated 3.4902107692307693e-10 with accuracy 80%. Messages:
2025-12-03 16:11:38 INFO        | Unused arguments (datawidth, instances, meshX, has_power_gating, cluster_size, reduction_supported, multiple_buffering, min_utilization, allow_overbooking, meshY, global_cycle_seconds, version, action_latency_cycles, cycle_seconds, n_instances) provided for ['SRAM', 'sram'].__init__. Arguments used: (depth, width, n_banks, technology)
2025-12-03 16:11:38 INFO        | Unused arguments (global_cycle_seconds, action_latency_cycles) provided for ['SRAM', 'sram'].update. Arguments used: ()
2025-12-03 16:11:38 INFO        | Interpolating technology between 32 and 45.
2025-12-03 16:11:38 INFO        | Calling CACTI with cache_size=1048576 n_rw_ports=1 block_size=64 tech_node_um=0.032 n_banks=2 tag_size=0 associativity=1
2025-12-03 16:11:38 INFO        | Calling CACTI with input path /home/juliana/venv_pytorch/share/accelergy/estimation_plug_ins/accelergy-cacti-plug-in/cacti_inputs_outputs/tmp307dhyrh
2025-12-03 16:11:38 INFO        | CACTI output will be written to /home/juliana/venv_pytorch/share/accelergy/estimation_plug_ins/accelergy-cacti-plug-in/cacti_inputs_outputs/tmpvdejgbms
2025-12-03 16:11:38 INFO        | CACTI executable not found at /home/juliana/venv_pytorch/share/accelergy/estimation_plug_ins/accelergy-cacti-plug-in/cacti/cacti
2025-12-03 16:11:38 INFO        | Calling: cd /home/juliana/venv_pytorch/share/accelergy/estimation_plug_ins/accelergy-cacti-plug-in ; ./cacti -infile /home/juliana/venv_pytorch/share/accelergy/estimation_plug_ins/accelergy-cacti-plug-in/cacti_inputs_outputs/tmp307dhyrh >> /home/juliana/venv_pytorch/share/accelergy/estimation_plug_ins/accelergy-cacti-plug-in/cacti_inputs_outputs/tmpvdejgbms 2>&1
2025-12-03 16:11:38 INFO        | Calling CACTI with cache_size=1048576 n_rw_ports=1 block_size=64 tech_node_um=0.045 n_banks=2 tag_size=0 associativity=1
2025-12-03 16:11:38 INFO        | Calling CACTI with input path /home/juliana/venv_pytorch/share/accelergy/estimation_plug_ins/accelergy-cacti-plug-in/cacti_inputs_outputs/tmplymi2lmh
2025-12-03 16:11:38 INFO        | CACTI output will be written to /home/juliana/venv_pytorch/share/accelergy/estimation_plug_ins/accelergy-cacti-plug-in/cacti_inputs_outputs/tmpb5cgn21p
2025-12-03 16:11:38 INFO        | CACTI executable not found at /home/juliana/venv_pytorch/share/accelergy/estimation_plug_ins/accelergy-cacti-plug-in/cacti/cacti
2025-12-03 16:11:38 INFO        | Calling: cd /home/juliana/venv_pytorch/share/accelergy/estimation_plug_ins/accelergy-cacti-plug-in ; ./cacti -infile /home/juliana/venv_pytorch/share/accelergy/estimation_plug_ins/accelergy-cacti-plug-in/cacti_inputs_outputs/tmplymi2lmh >> /home/juliana/venv_pytorch/share/accelergy/estimation_plug_ins/accelergy-cacti-plug-in/cacti_inputs_outputs/tmpb5cgn21p 2>&1
2025-12-03 16:11:38 INFO        | Cache bandwidth: 128.0 bytes/cycle
2025-12-03 16:11:38 INFO        | Cache bandwidth: 130790580523.69875 bits/second
2025-12-03 16:11:38 INFO        
2025-12-03 16:11:38 INFO        ENERGY ESTIMATION for SRAM(depth=16384, width=512, datawidth=8, instances=1, meshX=1, has_power_gating=False, n_banks=2, cluster_size=1, reduction_supported=True, multiple_buffering=1, min_utilization=0, allow_overbooking=False, meshY=1, technology=40nm, global_cycle_seconds=1e-09, version=0.4, action_latency_cycles=1, cycle_seconds=1e-09, n_instances=1).leak(global_cycle_seconds=1e-09, action_latency_cycles=1)
2025-12-03 16:11:39 INFO        CactiSRAM estimated 3.0875692307692315e-14 with accuracy 80%. Messages:
2025-12-03 16:11:39 INFO        | Unused arguments (datawidth, instances, meshX, has_power_gating, cluster_size, reduction_supported, multiple_buffering, min_utilization, allow_overbooking, meshY, global_cycle_seconds, version, action_latency_cycles, cycle_seconds, n_instances) provided for ['SRAM', 'sram'].__init__. Arguments used: (depth, width, n_banks, technology)
2025-12-03 16:11:39 INFO        | Unused arguments (action_latency_cycles) provided for ['SRAM', 'sram'].leak. Arguments used: (global_cycle_seconds)
2025-12-03 16:11:39 INFO        | Interpolating technology between 32 and 45.
2025-12-03 16:11:39 INFO        | Calling CACTI with cache_size=1048576 n_rw_ports=1 block_size=64 tech_node_um=0.032 n_banks=2 tag_size=0 associativity=1
2025-12-03 16:11:39 INFO        | Calling CACTI with input path /home/juliana/venv_pytorch/share/accelergy/estimation_plug_ins/accelergy-cacti-plug-in/cacti_inputs_outputs/tmpdv7209o9
2025-12-03 16:11:39 INFO        | CACTI output will be written to /home/juliana/venv_pytorch/share/accelergy/estimation_plug_ins/accelergy-cacti-plug-in/cacti_inputs_outputs/tmpw75g1eop
2025-12-03 16:11:39 INFO        | CACTI executable not found at /home/juliana/venv_pytorch/share/accelergy/estimation_plug_ins/accelergy-cacti-plug-in/cacti/cacti
2025-12-03 16:11:39 INFO        | Calling: cd /home/juliana/venv_pytorch/share/accelergy/estimation_plug_ins/accelergy-cacti-plug-in ; ./cacti -infile /home/juliana/venv_pytorch/share/accelergy/estimation_plug_ins/accelergy-cacti-plug-in/cacti_inputs_outputs/tmpdv7209o9 >> /home/juliana/venv_pytorch/share/accelergy/estimation_plug_ins/accelergy-cacti-plug-in/cacti_inputs_outputs/tmpw75g1eop 2>&1
2025-12-03 16:11:39 INFO        | Calling CACTI with cache_size=1048576 n_rw_ports=1 block_size=64 tech_node_um=0.045 n_banks=2 tag_size=0 associativity=1
2025-12-03 16:11:39 INFO        | Calling CACTI with input path /home/juliana/venv_pytorch/share/accelergy/estimation_plug_ins/accelergy-cacti-plug-in/cacti_inputs_outputs/tmpa2poewqf
2025-12-03 16:11:39 INFO        | CACTI output will be written to /home/juliana/venv_pytorch/share/accelergy/estimation_plug_ins/accelergy-cacti-plug-in/cacti_inputs_outputs/tmpd2vwcbop
2025-12-03 16:11:39 INFO        | CACTI executable not found at /home/juliana/venv_pytorch/share/accelergy/estimation_plug_ins/accelergy-cacti-plug-in/cacti/cacti
2025-12-03 16:11:39 INFO        | Calling: cd /home/juliana/venv_pytorch/share/accelergy/estimation_plug_ins/accelergy-cacti-plug-in ; ./cacti -infile /home/juliana/venv_pytorch/share/accelergy/estimation_plug_ins/accelergy-cacti-plug-in/cacti_inputs_outputs/tmpa2poewqf >> /home/juliana/venv_pytorch/share/accelergy/estimation_plug_ins/accelergy-cacti-plug-in/cacti_inputs_outputs/tmpd2vwcbop 2>&1
2025-12-03 16:11:39 INFO        | Cache bandwidth: 128.0 bytes/cycle
2025-12-03 16:11:39 INFO        | Cache bandwidth: 130790580523.69875 bits/second
2025-12-03 16:11:39 INFO        | Global cycle time 1e-09 is less than the cache's random cycle time 7.829310000000001e-09
2025-12-03 16:11:39 INFO        | Multiplying by n_instances 1
2025-12-03 16:11:39 INFO        
2025-12-03 16:11:39 INFO        ENERGY ESTIMATION for regfile(depth=1, width=64, datawidth=8, has_power_gating=False, n_banks=2, cluster_size=1, reduction_supported=True, multiple_buffering=1, min_utilization=0, allow_overbooking=False, meshX=4, meshY=1, technology=40nm, global_cycle_seconds=1e-09, spatial={'meshX': 32}, version=0.4, action_latency_cycles=1, cycle_seconds=1e-09, n_instances=1).write(global_cycle_seconds=1e-09, action_latency_cycles=1)
2025-12-03 16:11:39 INFO        Aladdin_table estimated 0.009p with accuracy 70%. 
2025-12-03 16:11:39 INFO        
2025-12-03 16:11:39 INFO        ENERGY ESTIMATION for regfile(depth=1, width=64, datawidth=8, has_power_gating=False, n_banks=2, cluster_size=1, reduction_supported=True, multiple_buffering=1, min_utilization=0, allow_overbooking=False, meshX=4, meshY=1, technology=40nm, global_cycle_seconds=1e-09, spatial={'meshX': 32}, version=0.4, action_latency_cycles=1, cycle_seconds=1e-09, n_instances=1).read(global_cycle_seconds=1e-09, action_latency_cycles=1)
2025-12-03 16:11:39 INFO        Aladdin_table estimated 0.009p with accuracy 70%. 
2025-12-03 16:11:39 INFO        
2025-12-03 16:11:39 INFO        ENERGY ESTIMATION for regfile(depth=1, width=64, datawidth=8, has_power_gating=False, n_banks=2, cluster_size=1, reduction_supported=True, multiple_buffering=1, min_utilization=0, allow_overbooking=False, meshX=4, meshY=1, technology=40nm, global_cycle_seconds=1e-09, spatial={'meshX': 32}, version=0.4, action_latency_cycles=1, cycle_seconds=1e-09, n_instances=1).update(global_cycle_seconds=1e-09, action_latency_cycles=1)
2025-12-03 16:11:39 INFO        Aladdin_table estimated 0.009p with accuracy 70%. 
2025-12-03 16:11:39 INFO        
2025-12-03 16:11:39 INFO        ENERGY ESTIMATION for regfile(depth=1, width=64, datawidth=8, has_power_gating=False, n_banks=2, cluster_size=1, reduction_supported=True, multiple_buffering=1, min_utilization=0, allow_overbooking=False, meshX=4, meshY=1, technology=40nm, global_cycle_seconds=1e-09, spatial={'meshX': 32}, version=0.4, action_latency_cycles=1, cycle_seconds=1e-09, n_instances=1).leak(global_cycle_seconds=1e-09, action_latency_cycles=1)
2025-12-03 16:11:39 INFO        Aladdin_table estimated 7e-05p with accuracy 70%. Messages:
2025-12-03 16:11:39 INFO        | Multiplying by n_instances 1
2025-12-03 16:11:39 INFO        
2025-12-03 16:11:39 INFO        ENERGY ESTIMATION for intmac(width=8, datawidth=8, has_power_gating=False, meshX=32, meshY=1, technology=40nm, global_cycle_seconds=1e-09, spatial={'meshX': 32}, version=0.4, action_latency_cycles=1, cycle_seconds=1e-09, n_instances=1).compute(global_cycle_seconds=1e-09, action_latency_cycles=1)
2025-12-03 16:11:39 INFO        Aladdin_table estimated 0.845p with accuracy 70%. 
2025-12-03 16:11:39 WARNING     No action counts are specified as yaml input
2025-12-03 16:11:39 INFO        
2025-12-03 16:11:39 INFO        AREA ESTIMATION for SRAM(depth=16384, width=512, datawidth=8, instances=1, meshX=1, has_power_gating=False, n_banks=2, cluster_size=1, reduction_supported=True, multiple_buffering=1, min_utilization=0, allow_overbooking=False, meshY=1, technology=40nm, global_cycle_seconds=1e-09, version=0.4, action_latency_cycles=1, cycle_seconds=1e-09, n_instances=1)
2025-12-03 16:11:41 INFO        CactiSRAM estimated 3.348306923076923e-06 with accuracy 80%. Messages:
2025-12-03 16:11:41 INFO        | Unused arguments (datawidth, instances, meshX, has_power_gating, cluster_size, reduction_supported, multiple_buffering, min_utilization, allow_overbooking, meshY, global_cycle_seconds, version, action_latency_cycles, cycle_seconds, n_instances) provided for ['SRAM', 'sram'].__init__. Arguments used: (depth, width, n_banks, technology)
2025-12-03 16:11:41 INFO        | Interpolating technology between 32 and 45.
2025-12-03 16:11:41 INFO        | Calling CACTI with cache_size=1048576 n_rw_ports=1 block_size=64 tech_node_um=0.032 n_banks=2 tag_size=0 associativity=1
2025-12-03 16:11:41 INFO        | Calling CACTI with input path /home/juliana/venv_pytorch/share/accelergy/estimation_plug_ins/accelergy-cacti-plug-in/cacti_inputs_outputs/tmpskn5oc90
2025-12-03 16:11:41 INFO        | CACTI output will be written to /home/juliana/venv_pytorch/share/accelergy/estimation_plug_ins/accelergy-cacti-plug-in/cacti_inputs_outputs/tmpi350_syk
2025-12-03 16:11:41 INFO        | CACTI executable not found at /home/juliana/venv_pytorch/share/accelergy/estimation_plug_ins/accelergy-cacti-plug-in/cacti/cacti
2025-12-03 16:11:41 INFO        | Calling: cd /home/juliana/venv_pytorch/share/accelergy/estimation_plug_ins/accelergy-cacti-plug-in ; ./cacti -infile /home/juliana/venv_pytorch/share/accelergy/estimation_plug_ins/accelergy-cacti-plug-in/cacti_inputs_outputs/tmpskn5oc90 >> /home/juliana/venv_pytorch/share/accelergy/estimation_plug_ins/accelergy-cacti-plug-in/cacti_inputs_outputs/tmpi350_syk 2>&1
2025-12-03 16:11:41 INFO        | Calling CACTI with cache_size=1048576 n_rw_ports=1 block_size=64 tech_node_um=0.045 n_banks=2 tag_size=0 associativity=1
2025-12-03 16:11:41 INFO        | Calling CACTI with input path /home/juliana/venv_pytorch/share/accelergy/estimation_plug_ins/accelergy-cacti-plug-in/cacti_inputs_outputs/tmpkc3e28y6
2025-12-03 16:11:41 INFO        | CACTI output will be written to /home/juliana/venv_pytorch/share/accelergy/estimation_plug_ins/accelergy-cacti-plug-in/cacti_inputs_outputs/tmpafnx8de5
2025-12-03 16:11:41 INFO        | CACTI executable not found at /home/juliana/venv_pytorch/share/accelergy/estimation_plug_ins/accelergy-cacti-plug-in/cacti/cacti
2025-12-03 16:11:41 INFO        | Calling: cd /home/juliana/venv_pytorch/share/accelergy/estimation_plug_ins/accelergy-cacti-plug-in ; ./cacti -infile /home/juliana/venv_pytorch/share/accelergy/estimation_plug_ins/accelergy-cacti-plug-in/cacti_inputs_outputs/tmpkc3e28y6 >> /home/juliana/venv_pytorch/share/accelergy/estimation_plug_ins/accelergy-cacti-plug-in/cacti_inputs_outputs/tmpafnx8de5 2>&1
2025-12-03 16:11:41 INFO        | Cache bandwidth: 128.0 bytes/cycle
2025-12-03 16:11:41 INFO        | Cache bandwidth: 130790580523.69875 bits/second
2025-12-03 16:11:41 INFO        | Multiplying by n_instances 1
2025-12-03 16:11:41 INFO        
2025-12-03 16:11:41 INFO        AREA ESTIMATION for dummy_storage(width=1, depth=1, datawidth=1, technology=-1, has_power_gating=False, n_banks=2, cluster_size=1, reduction_supported=True, multiple_buffering=1, min_utilization=0, allow_overbooking=False, meshX=1, meshY=1, global_cycle_seconds=1e-09, spatial={'meshX': 32}, version=0.4, action_latency_cycles=1, cycle_seconds=1e-09, n_instances=1)
2025-12-03 16:11:41 INFO        dummy estimated 1u^2 with accuracy 100%. Messages:
2025-12-03 16:11:41 INFO        | Multiplying by n_instances 1
2025-12-03 16:11:41 INFO        
2025-12-03 16:11:41 INFO        AREA ESTIMATION for regfile(depth=1, width=64, datawidth=8, has_power_gating=False, n_banks=2, cluster_size=1, reduction_supported=True, multiple_buffering=1, min_utilization=0, allow_overbooking=False, meshX=4, meshY=1, technology=40nm, global_cycle_seconds=1e-09, spatial={'meshX': 32}, version=0.4, action_latency_cycles=1, cycle_seconds=1e-09, n_instances=1)
2025-12-03 16:11:41 INFO        Aladdin_table estimated 5.98u^2 with accuracy 70%. Messages:
2025-12-03 16:11:41 INFO        | Multiplying by n_instances 1
2025-12-03 16:11:41 INFO        
2025-12-03 16:11:41 INFO        AREA ESTIMATION for dummy_storage(width=1, depth=1, datawidth=1, technology=-1, has_power_gating=False, n_banks=2, cluster_size=1, reduction_supported=True, multiple_buffering=1, min_utilization=0, allow_overbooking=False, meshX=4, meshY=1, global_cycle_seconds=1e-09, spatial={'meshX': 32}, version=0.4, action_latency_cycles=1, cycle_seconds=1e-09, n_instances=1)
2025-12-03 16:11:41 INFO        dummy estimated 1u^2 with accuracy 100%. Messages:
2025-12-03 16:11:41 INFO        | Multiplying by n_instances 1
2025-12-03 16:11:41 INFO        
2025-12-03 16:11:41 INFO        AREA ESTIMATION for intmac(width=8, datawidth=8, has_power_gating=False, meshX=32, meshY=1, technology=40nm, global_cycle_seconds=1e-09, spatial={'meshX': 32}, version=0.4, action_latency_cycles=1, cycle_seconds=1e-09, n_instances=1)
2025-12-03 16:11:41 INFO        Aladdin_table estimated 466.375u^2 with accuracy 70%. Messages:
2025-12-03 16:11:41 INFO        | Multiplying by n_instances 1
2025-12-03 16:11:41 INFO        flattened architecture is saved to:
2025-12-03 16:11:41 INFO        ./timeloop-mapper.flattened_architecture.yaml
2025-12-03 16:11:41 INFO        energy reference table is saved to:
2025-12-03 16:11:41 INFO        ./timeloop-mapper.ERT.yaml
2025-12-03 16:11:41 INFO        energy reference table summary is saved to:
2025-12-03 16:11:41 INFO        ./timeloop-mapper.ERT_summary.yaml
2025-12-03 16:11:41 WARNING     no runtime energy estimations are generated... not generating energy_estimation.yaml
2025-12-03 16:11:41 INFO        area reference table is saved to:
2025-12-03 16:11:41 INFO        ./timeloop-mapper.ART.yaml
2025-12-03 16:11:41 INFO        area reference table summary is saved to:
2025-12-03 16:11:41 INFO        ./timeloop-mapper.ART_summary.yaml
