2025-11-29 23:09:46 INFO            _                _                      
2025-11-29 23:09:46 INFO           / \   ___ ___ ___| | ___ _ __ __ _ _   _ 
2025-11-29 23:09:46 INFO          / _ \ / __/ __/ _ \ |/ _ \ '__/ _` | | | |
2025-11-29 23:09:46 INFO         / ___ \ (_| (_|  __/ |  __/ | | (_| | |_| |
2025-11-29 23:09:46 INFO        /_/   \_\___\___\___|_|\___|_|  \__, |\__, |
2025-11-29 23:09:46 INFO                                        |___/ |___/ 
2025-11-29 23:09:46 INFO        generating outputs according to the following specified output flags... 
2025-11-29 23:09:46 INFO         Please use the -f flag to update the preference (default to all output files)
2025-11-29 23:09:46 INFO        {'ERT': 1, 'ERT_summary': 1, 'ART': 1, 'ART_summary': 1, 'energy_estimation': 1, 'flattened_arch': 1}
2025-11-29 23:09:46 INFO        Located config file at /home/juliana/.config/accelergy/accelergy_config.yaml.
2025-11-29 23:09:46 INFO        config file located:
2025-11-29 23:09:46 INFO        /home/juliana/.config/accelergy/accelergy_config.yaml
2025-11-29 23:09:46 INFO        Parsing file /home/juliana/Topicos-Especiais-XII/trabalho_final/timeloop/dse_pe_mac_width/outputs/2_neurons_2_macs_6_width/parsed-processed-input.yaml for architecture info
2025-11-29 23:09:46 INFO        Parsing file /home/juliana/Topicos-Especiais-XII/trabalho_final/timeloop/dse_pe_mac_width/outputs/2_neurons_2_macs_6_width/parsed-processed-input.yaml for compound_components info
2025-11-29 23:09:46 WARNING     No compound component classes specified, architecture can only contain primitive components
2025-11-29 23:09:46 INFO        Adding required action "read" to class SRAM
2025-11-29 23:09:46 INFO        Adding required action "write" to class SRAM
2025-11-29 23:09:46 INFO        Adding required action "leak" to class SRAM
2025-11-29 23:09:46 INFO        Adding required action "update" to class SRAM
2025-11-29 23:09:46 INFO        Adding required action "read" to class regfile
2025-11-29 23:09:46 INFO        Adding required action "write" to class regfile
2025-11-29 23:09:46 INFO        Adding required action "leak" to class regfile
2025-11-29 23:09:46 INFO        Adding required action "update" to class regfile
2025-11-29 23:09:46 INFO        Adding required action "compute" to class intmac
2025-11-29 23:09:46 INFO        Estimator plug-in identified by: /home/juliana/venv_pytorch/share/accelergy/estimation_plug_ins/accelergy-adc-plug-in/adc.estimator.yaml
2025-11-29 23:09:46 INFO        Estimator plug-in identified by: /home/juliana/venv_pytorch/share/accelergy/estimation_plug_ins/accelergy-table-based-plug-ins/table.estimator.yaml
2025-11-29 23:09:46 INFO        Estimator plug-in identified by: /home/juliana/venv_pytorch/share/accelergy/estimation_plug_ins/accelergy-library-plugin/library.estimator.yaml
2025-11-29 23:09:46 INFO        Estimator plug-in identified by: /home/juliana/venv_pytorch/share/accelergy/estimation_plug_ins/dummy_tables/dummy.estimator.yaml
2025-11-29 23:09:46 INFO        Estimator plug-in identified by: /home/juliana/venv_pytorch/share/accelergy/estimation_plug_ins/accelergy-neurosim-plugin/neurosim.estimator.yaml
2025-11-29 23:09:46 INFO        Estimator plug-in identified by: /home/juliana/venv_pytorch/share/accelergy/estimation_plug_ins/accelergy-aladdin-plug-in/aladdin.estimator.yaml
2025-11-29 23:09:46 INFO        Estimator plug-in identified by: /home/juliana/venv_pytorch/share/accelergy/estimation_plug_ins/accelergy-cacti-plug-in/cacti.estimator.yaml
2025-11-29 23:09:46 INFO        Loading Python plug-in: /home/juliana/venv_pytorch/share/accelergy/estimation_plug_ins/accelergy-cacti-plug-in/cacti_wrapper.py. Errors below are likely due to plug-in, not Accelergy.
2025-11-29 23:09:46 INFO        Getting all estimators in module <module 'python_plug_in0' from '/home/juliana/venv_pytorch/share/accelergy/estimation_plug_ins/accelergy-cacti-plug-in/cacti_wrapper.py'>
2025-11-29 23:09:46 INFO        Added estimator CactiCache that estimates cache with actions idle, read, read_access, update, update_access, write, write_access, leak
2025-11-29 23:09:46 INFO        Added estimator CactiDRAM that estimates ['DRAM', 'dram'] with actions idle, read, update, write, leak
2025-11-29 23:09:46 INFO        Added estimator CactiSRAM that estimates ['SRAM', 'sram'] with actions idle, read, update, write, leak
2025-11-29 23:09:46 INFO        Done loading Python plug-ins.
2025-11-29 23:09:46 INFO        Found estimator plug-in: ADC Plug-In (<ADCEstimator.ADCEstimator object at 0x74e735c95be0>)
2025-11-29 23:09:46 INFO        Found estimator plug-in: DEPRECATED table-based-plug-ins. Use the Library plug-in instead. (<SetsOfTables.SetsOfTables object at 0x74e735c963c0>)
2025-11-29 23:09:46 INFO        Found estimator plug-in: Library (<LibraryEstimator.LibraryEstimator object at 0x74e735c76870>)
2025-11-29 23:09:46 INFO        Found estimator plug-in: dummy (<DummyTable.DummyTable object at 0x74e735c76fc0>)
2025-11-29 23:09:46 INFO        Found estimator plug-in: Neurosim Plug-In (<NeuroWrapper.NeuroWrapper object at 0x74e735b38800>)
2025-11-29 23:09:46 INFO        Found estimator plug-in: Aladdin_table (<AladdinTable.AladdinTable object at 0x74e735b38ec0>)
2025-11-29 23:09:46 INFO        Found estimator plug-in: CactiCache (<accelergy.plug_in_interface.estimator_wrapper.EstimatorWrapper object at 0x74e735b6a660>)
2025-11-29 23:09:46 INFO        Found estimator plug-in: CactiDRAM (<accelergy.plug_in_interface.estimator_wrapper.EstimatorWrapper object at 0x74e73661cc50>)
2025-11-29 23:09:46 INFO        Found estimator plug-in: CactiSRAM (<accelergy.plug_in_interface.estimator_wrapper.EstimatorWrapper object at 0x74e735c75490>)
2025-11-29 23:09:46 INFO        
2025-11-29 23:09:46 INFO        ENERGY ESTIMATION for SRAM(depth=16384, width=48, datawidth=6, instances=1, meshX=1, has_power_gating=False, n_banks=2, cluster_size=1, reduction_supported=True, multiple_buffering=1, min_utilization=0, allow_overbooking=False, meshY=1, technology=40nm, global_cycle_seconds=1e-09, version=0.4, action_latency_cycles=1, cycle_seconds=1e-09, n_instances=1).read(global_cycle_seconds=1e-09, action_latency_cycles=1)
2025-11-29 23:09:47 INFO        CactiSRAM estimated 1.9029769230769232e-11 with accuracy 80%. Messages:
2025-11-29 23:09:47 INFO        | Unused arguments (datawidth, instances, meshX, has_power_gating, cluster_size, reduction_supported, multiple_buffering, min_utilization, allow_overbooking, meshY, global_cycle_seconds, version, action_latency_cycles, cycle_seconds, n_instances) provided for ['SRAM', 'sram'].__init__. Arguments used: (depth, width, n_banks, technology)
2025-11-29 23:09:47 INFO        | Unused arguments (global_cycle_seconds, action_latency_cycles) provided for ['SRAM', 'sram'].read. Arguments used: ()
2025-11-29 23:09:47 INFO        | Interpolating technology between 32 and 45.
2025-11-29 23:09:47 INFO        | Calling CACTI with cache_size=98304 n_rw_ports=1 block_size=6 tech_node_um=0.032 n_banks=2 tag_size=0 associativity=1
2025-11-29 23:09:47 INFO        | Calling CACTI with input path /home/juliana/venv_pytorch/share/accelergy/estimation_plug_ins/accelergy-cacti-plug-in/cacti_inputs_outputs/tmpdtlabxri
2025-11-29 23:09:47 INFO        | CACTI output will be written to /home/juliana/venv_pytorch/share/accelergy/estimation_plug_ins/accelergy-cacti-plug-in/cacti_inputs_outputs/tmpgg82qufs
2025-11-29 23:09:47 INFO        | CACTI executable not found at /home/juliana/venv_pytorch/share/accelergy/estimation_plug_ins/accelergy-cacti-plug-in/cacti/cacti
2025-11-29 23:09:47 INFO        | Calling: cd /home/juliana/venv_pytorch/share/accelergy/estimation_plug_ins/accelergy-cacti-plug-in ; ./cacti -infile /home/juliana/venv_pytorch/share/accelergy/estimation_plug_ins/accelergy-cacti-plug-in/cacti_inputs_outputs/tmpdtlabxri >> /home/juliana/venv_pytorch/share/accelergy/estimation_plug_ins/accelergy-cacti-plug-in/cacti_inputs_outputs/tmpgg82qufs 2>&1
2025-11-29 23:09:47 INFO        | Calling CACTI with cache_size=98304 n_rw_ports=1 block_size=6 tech_node_um=0.045 n_banks=2 tag_size=0 associativity=1
2025-11-29 23:09:47 INFO        | Calling CACTI with input path /home/juliana/venv_pytorch/share/accelergy/estimation_plug_ins/accelergy-cacti-plug-in/cacti_inputs_outputs/tmpf6uh6wyx
2025-11-29 23:09:47 INFO        | CACTI output will be written to /home/juliana/venv_pytorch/share/accelergy/estimation_plug_ins/accelergy-cacti-plug-in/cacti_inputs_outputs/tmph926w6c_
2025-11-29 23:09:47 INFO        | CACTI executable not found at /home/juliana/venv_pytorch/share/accelergy/estimation_plug_ins/accelergy-cacti-plug-in/cacti/cacti
2025-11-29 23:09:47 INFO        | Calling: cd /home/juliana/venv_pytorch/share/accelergy/estimation_plug_ins/accelergy-cacti-plug-in ; ./cacti -infile /home/juliana/venv_pytorch/share/accelergy/estimation_plug_ins/accelergy-cacti-plug-in/cacti_inputs_outputs/tmpf6uh6wyx >> /home/juliana/venv_pytorch/share/accelergy/estimation_plug_ins/accelergy-cacti-plug-in/cacti_inputs_outputs/tmph926w6c_ 2>&1
2025-11-29 23:09:47 INFO        | Cache bandwidth: 12.0 bytes/cycle
2025-11-29 23:09:47 INFO        | Cache bandwidth: 77012839792.92926 bits/second
2025-11-29 23:09:47 INFO        
2025-11-29 23:09:47 INFO        ENERGY ESTIMATION for SRAM(depth=16384, width=48, datawidth=6, instances=1, meshX=1, has_power_gating=False, n_banks=2, cluster_size=1, reduction_supported=True, multiple_buffering=1, min_utilization=0, allow_overbooking=False, meshY=1, technology=40nm, global_cycle_seconds=1e-09, version=0.4, action_latency_cycles=1, cycle_seconds=1e-09, n_instances=1).write(global_cycle_seconds=1e-09, action_latency_cycles=1)
2025-11-29 23:09:48 INFO        CactiSRAM estimated 1.4991496153846158e-11 with accuracy 80%. Messages:
2025-11-29 23:09:48 INFO        | Unused arguments (datawidth, instances, meshX, has_power_gating, cluster_size, reduction_supported, multiple_buffering, min_utilization, allow_overbooking, meshY, global_cycle_seconds, version, action_latency_cycles, cycle_seconds, n_instances) provided for ['SRAM', 'sram'].__init__. Arguments used: (depth, width, n_banks, technology)
2025-11-29 23:09:48 INFO        | Unused arguments (global_cycle_seconds, action_latency_cycles) provided for ['SRAM', 'sram'].write. Arguments used: ()
2025-11-29 23:09:48 INFO        | Interpolating technology between 32 and 45.
2025-11-29 23:09:48 INFO        | Calling CACTI with cache_size=98304 n_rw_ports=1 block_size=6 tech_node_um=0.032 n_banks=2 tag_size=0 associativity=1
2025-11-29 23:09:48 INFO        | Calling CACTI with input path /home/juliana/venv_pytorch/share/accelergy/estimation_plug_ins/accelergy-cacti-plug-in/cacti_inputs_outputs/tmphr7u2l92
2025-11-29 23:09:48 INFO        | CACTI output will be written to /home/juliana/venv_pytorch/share/accelergy/estimation_plug_ins/accelergy-cacti-plug-in/cacti_inputs_outputs/tmp_n9gob1d
2025-11-29 23:09:48 INFO        | CACTI executable not found at /home/juliana/venv_pytorch/share/accelergy/estimation_plug_ins/accelergy-cacti-plug-in/cacti/cacti
2025-11-29 23:09:48 INFO        | Calling: cd /home/juliana/venv_pytorch/share/accelergy/estimation_plug_ins/accelergy-cacti-plug-in ; ./cacti -infile /home/juliana/venv_pytorch/share/accelergy/estimation_plug_ins/accelergy-cacti-plug-in/cacti_inputs_outputs/tmphr7u2l92 >> /home/juliana/venv_pytorch/share/accelergy/estimation_plug_ins/accelergy-cacti-plug-in/cacti_inputs_outputs/tmp_n9gob1d 2>&1
2025-11-29 23:09:48 INFO        | Calling CACTI with cache_size=98304 n_rw_ports=1 block_size=6 tech_node_um=0.045 n_banks=2 tag_size=0 associativity=1
2025-11-29 23:09:48 INFO        | Calling CACTI with input path /home/juliana/venv_pytorch/share/accelergy/estimation_plug_ins/accelergy-cacti-plug-in/cacti_inputs_outputs/tmpvop4oo0r
2025-11-29 23:09:48 INFO        | CACTI output will be written to /home/juliana/venv_pytorch/share/accelergy/estimation_plug_ins/accelergy-cacti-plug-in/cacti_inputs_outputs/tmp0lvg1lx7
2025-11-29 23:09:48 INFO        | CACTI executable not found at /home/juliana/venv_pytorch/share/accelergy/estimation_plug_ins/accelergy-cacti-plug-in/cacti/cacti
2025-11-29 23:09:48 INFO        | Calling: cd /home/juliana/venv_pytorch/share/accelergy/estimation_plug_ins/accelergy-cacti-plug-in ; ./cacti -infile /home/juliana/venv_pytorch/share/accelergy/estimation_plug_ins/accelergy-cacti-plug-in/cacti_inputs_outputs/tmpvop4oo0r >> /home/juliana/venv_pytorch/share/accelergy/estimation_plug_ins/accelergy-cacti-plug-in/cacti_inputs_outputs/tmp0lvg1lx7 2>&1
2025-11-29 23:09:48 INFO        | Cache bandwidth: 12.0 bytes/cycle
2025-11-29 23:09:48 INFO        | Cache bandwidth: 77012839792.92926 bits/second
2025-11-29 23:09:48 INFO        
2025-11-29 23:09:48 INFO        ENERGY ESTIMATION for SRAM(depth=16384, width=48, datawidth=6, instances=1, meshX=1, has_power_gating=False, n_banks=2, cluster_size=1, reduction_supported=True, multiple_buffering=1, min_utilization=0, allow_overbooking=False, meshY=1, technology=40nm, global_cycle_seconds=1e-09, version=0.4, action_latency_cycles=1, cycle_seconds=1e-09, n_instances=1).leak(global_cycle_seconds=1e-09, action_latency_cycles=1)
2025-11-29 23:09:49 INFO        CactiSRAM estimated 3.3224123076923076e-15 with accuracy 80%. Messages:
2025-11-29 23:09:49 INFO        | Unused arguments (datawidth, instances, meshX, has_power_gating, cluster_size, reduction_supported, multiple_buffering, min_utilization, allow_overbooking, meshY, global_cycle_seconds, version, action_latency_cycles, cycle_seconds, n_instances) provided for ['SRAM', 'sram'].__init__. Arguments used: (depth, width, n_banks, technology)
2025-11-29 23:09:49 INFO        | Unused arguments (action_latency_cycles) provided for ['SRAM', 'sram'].leak. Arguments used: (global_cycle_seconds)
2025-11-29 23:09:49 INFO        | Interpolating technology between 32 and 45.
2025-11-29 23:09:49 INFO        | Calling CACTI with cache_size=98304 n_rw_ports=1 block_size=6 tech_node_um=0.032 n_banks=2 tag_size=0 associativity=1
2025-11-29 23:09:49 INFO        | Calling CACTI with input path /home/juliana/venv_pytorch/share/accelergy/estimation_plug_ins/accelergy-cacti-plug-in/cacti_inputs_outputs/tmpb0j_w7of
2025-11-29 23:09:49 INFO        | CACTI output will be written to /home/juliana/venv_pytorch/share/accelergy/estimation_plug_ins/accelergy-cacti-plug-in/cacti_inputs_outputs/tmp3xgmhzbu
2025-11-29 23:09:49 INFO        | CACTI executable not found at /home/juliana/venv_pytorch/share/accelergy/estimation_plug_ins/accelergy-cacti-plug-in/cacti/cacti
2025-11-29 23:09:49 INFO        | Calling: cd /home/juliana/venv_pytorch/share/accelergy/estimation_plug_ins/accelergy-cacti-plug-in ; ./cacti -infile /home/juliana/venv_pytorch/share/accelergy/estimation_plug_ins/accelergy-cacti-plug-in/cacti_inputs_outputs/tmpb0j_w7of >> /home/juliana/venv_pytorch/share/accelergy/estimation_plug_ins/accelergy-cacti-plug-in/cacti_inputs_outputs/tmp3xgmhzbu 2>&1
2025-11-29 23:09:49 INFO        | Calling CACTI with cache_size=98304 n_rw_ports=1 block_size=6 tech_node_um=0.045 n_banks=2 tag_size=0 associativity=1
2025-11-29 23:09:49 INFO        | Calling CACTI with input path /home/juliana/venv_pytorch/share/accelergy/estimation_plug_ins/accelergy-cacti-plug-in/cacti_inputs_outputs/tmp8p41y722
2025-11-29 23:09:49 INFO        | CACTI output will be written to /home/juliana/venv_pytorch/share/accelergy/estimation_plug_ins/accelergy-cacti-plug-in/cacti_inputs_outputs/tmpdu0vi7lp
2025-11-29 23:09:49 INFO        | CACTI executable not found at /home/juliana/venv_pytorch/share/accelergy/estimation_plug_ins/accelergy-cacti-plug-in/cacti/cacti
2025-11-29 23:09:49 INFO        | Calling: cd /home/juliana/venv_pytorch/share/accelergy/estimation_plug_ins/accelergy-cacti-plug-in ; ./cacti -infile /home/juliana/venv_pytorch/share/accelergy/estimation_plug_ins/accelergy-cacti-plug-in/cacti_inputs_outputs/tmp8p41y722 >> /home/juliana/venv_pytorch/share/accelergy/estimation_plug_ins/accelergy-cacti-plug-in/cacti_inputs_outputs/tmpdu0vi7lp 2>&1
2025-11-29 23:09:49 INFO        | Cache bandwidth: 12.0 bytes/cycle
2025-11-29 23:09:49 INFO        | Cache bandwidth: 77012839792.92926 bits/second
2025-11-29 23:09:49 INFO        | Global cycle time 1e-09 is less than the cache's random cycle time 1.2465453846153846e-09
2025-11-29 23:09:49 INFO        | Multiplying by n_instances 1
2025-11-29 23:09:49 INFO        
2025-11-29 23:09:49 INFO        ENERGY ESTIMATION for SRAM(depth=16384, width=48, datawidth=6, instances=1, meshX=1, has_power_gating=False, n_banks=2, cluster_size=1, reduction_supported=True, multiple_buffering=1, min_utilization=0, allow_overbooking=False, meshY=1, technology=40nm, global_cycle_seconds=1e-09, version=0.4, action_latency_cycles=1, cycle_seconds=1e-09, n_instances=1).update(global_cycle_seconds=1e-09, action_latency_cycles=1)
2025-11-29 23:09:50 INFO        CactiSRAM estimated 1.4991496153846158e-11 with accuracy 80%. Messages:
2025-11-29 23:09:50 INFO        | Unused arguments (datawidth, instances, meshX, has_power_gating, cluster_size, reduction_supported, multiple_buffering, min_utilization, allow_overbooking, meshY, global_cycle_seconds, version, action_latency_cycles, cycle_seconds, n_instances) provided for ['SRAM', 'sram'].__init__. Arguments used: (depth, width, n_banks, technology)
2025-11-29 23:09:50 INFO        | Unused arguments (global_cycle_seconds, action_latency_cycles) provided for ['SRAM', 'sram'].update. Arguments used: ()
2025-11-29 23:09:50 INFO        | Interpolating technology between 32 and 45.
2025-11-29 23:09:50 INFO        | Calling CACTI with cache_size=98304 n_rw_ports=1 block_size=6 tech_node_um=0.032 n_banks=2 tag_size=0 associativity=1
2025-11-29 23:09:50 INFO        | Calling CACTI with input path /home/juliana/venv_pytorch/share/accelergy/estimation_plug_ins/accelergy-cacti-plug-in/cacti_inputs_outputs/tmp3lcad12o
2025-11-29 23:09:50 INFO        | CACTI output will be written to /home/juliana/venv_pytorch/share/accelergy/estimation_plug_ins/accelergy-cacti-plug-in/cacti_inputs_outputs/tmpioqo0m3p
2025-11-29 23:09:50 INFO        | CACTI executable not found at /home/juliana/venv_pytorch/share/accelergy/estimation_plug_ins/accelergy-cacti-plug-in/cacti/cacti
2025-11-29 23:09:50 INFO        | Calling: cd /home/juliana/venv_pytorch/share/accelergy/estimation_plug_ins/accelergy-cacti-plug-in ; ./cacti -infile /home/juliana/venv_pytorch/share/accelergy/estimation_plug_ins/accelergy-cacti-plug-in/cacti_inputs_outputs/tmp3lcad12o >> /home/juliana/venv_pytorch/share/accelergy/estimation_plug_ins/accelergy-cacti-plug-in/cacti_inputs_outputs/tmpioqo0m3p 2>&1
2025-11-29 23:09:50 INFO        | Calling CACTI with cache_size=98304 n_rw_ports=1 block_size=6 tech_node_um=0.045 n_banks=2 tag_size=0 associativity=1
2025-11-29 23:09:50 INFO        | Calling CACTI with input path /home/juliana/venv_pytorch/share/accelergy/estimation_plug_ins/accelergy-cacti-plug-in/cacti_inputs_outputs/tmpd630kun0
2025-11-29 23:09:50 INFO        | CACTI output will be written to /home/juliana/venv_pytorch/share/accelergy/estimation_plug_ins/accelergy-cacti-plug-in/cacti_inputs_outputs/tmpol8zvojs
2025-11-29 23:09:50 INFO        | CACTI executable not found at /home/juliana/venv_pytorch/share/accelergy/estimation_plug_ins/accelergy-cacti-plug-in/cacti/cacti
2025-11-29 23:09:50 INFO        | Calling: cd /home/juliana/venv_pytorch/share/accelergy/estimation_plug_ins/accelergy-cacti-plug-in ; ./cacti -infile /home/juliana/venv_pytorch/share/accelergy/estimation_plug_ins/accelergy-cacti-plug-in/cacti_inputs_outputs/tmpd630kun0 >> /home/juliana/venv_pytorch/share/accelergy/estimation_plug_ins/accelergy-cacti-plug-in/cacti_inputs_outputs/tmpol8zvojs 2>&1
2025-11-29 23:09:50 INFO        | Cache bandwidth: 12.0 bytes/cycle
2025-11-29 23:09:50 INFO        | Cache bandwidth: 77012839792.92926 bits/second
2025-11-29 23:09:50 INFO        
2025-11-29 23:09:50 INFO        ENERGY ESTIMATION for regfile(depth=1, width=12, datawidth=6, has_power_gating=False, n_banks=2, cluster_size=1, reduction_supported=True, multiple_buffering=1, min_utilization=0, allow_overbooking=False, meshX=2, meshY=1, technology=40nm, global_cycle_seconds=1e-09, spatial={'meshX': 32}, version=0.4, action_latency_cycles=1, cycle_seconds=1e-09, n_instances=1).read(global_cycle_seconds=1e-09, action_latency_cycles=1)
2025-11-29 23:09:50 INFO        Aladdin_table estimated 0.009p with accuracy 70%. 
2025-11-29 23:09:50 INFO        
2025-11-29 23:09:50 INFO        ENERGY ESTIMATION for regfile(depth=1, width=12, datawidth=6, has_power_gating=False, n_banks=2, cluster_size=1, reduction_supported=True, multiple_buffering=1, min_utilization=0, allow_overbooking=False, meshX=2, meshY=1, technology=40nm, global_cycle_seconds=1e-09, spatial={'meshX': 32}, version=0.4, action_latency_cycles=1, cycle_seconds=1e-09, n_instances=1).write(global_cycle_seconds=1e-09, action_latency_cycles=1)
2025-11-29 23:09:50 INFO        Aladdin_table estimated 0.009p with accuracy 70%. 
2025-11-29 23:09:50 INFO        
2025-11-29 23:09:50 INFO        ENERGY ESTIMATION for regfile(depth=1, width=12, datawidth=6, has_power_gating=False, n_banks=2, cluster_size=1, reduction_supported=True, multiple_buffering=1, min_utilization=0, allow_overbooking=False, meshX=2, meshY=1, technology=40nm, global_cycle_seconds=1e-09, spatial={'meshX': 32}, version=0.4, action_latency_cycles=1, cycle_seconds=1e-09, n_instances=1).leak(global_cycle_seconds=1e-09, action_latency_cycles=1)
2025-11-29 23:09:50 INFO        Aladdin_table estimated 7e-05p with accuracy 70%. Messages:
2025-11-29 23:09:50 INFO        | Multiplying by n_instances 1
2025-11-29 23:09:50 INFO        
2025-11-29 23:09:50 INFO        ENERGY ESTIMATION for regfile(depth=1, width=12, datawidth=6, has_power_gating=False, n_banks=2, cluster_size=1, reduction_supported=True, multiple_buffering=1, min_utilization=0, allow_overbooking=False, meshX=2, meshY=1, technology=40nm, global_cycle_seconds=1e-09, spatial={'meshX': 32}, version=0.4, action_latency_cycles=1, cycle_seconds=1e-09, n_instances=1).update(global_cycle_seconds=1e-09, action_latency_cycles=1)
2025-11-29 23:09:50 INFO        Aladdin_table estimated 0.009p with accuracy 70%. 
2025-11-29 23:09:50 INFO        
2025-11-29 23:09:50 INFO        ENERGY ESTIMATION for intmac(width=6, datawidth=6, has_power_gating=False, meshX=4, meshY=1, technology=40nm, global_cycle_seconds=1e-09, spatial={'meshX': 32}, version=0.4, action_latency_cycles=1, cycle_seconds=1e-09, n_instances=1).compute(global_cycle_seconds=1e-09, action_latency_cycles=1)
2025-11-29 23:09:50 INFO        Aladdin_table estimated 0.48515625p with accuracy 70%. 
2025-11-29 23:09:50 WARNING     No action counts are specified as yaml input
2025-11-29 23:09:50 INFO        
2025-11-29 23:09:50 INFO        AREA ESTIMATION for SRAM(depth=16384, width=48, datawidth=6, instances=1, meshX=1, has_power_gating=False, n_banks=2, cluster_size=1, reduction_supported=True, multiple_buffering=1, min_utilization=0, allow_overbooking=False, meshY=1, technology=40nm, global_cycle_seconds=1e-09, version=0.4, action_latency_cycles=1, cycle_seconds=1e-09, n_instances=1)
2025-11-29 23:09:51 INFO        CactiSRAM estimated 2.664632307692308e-07 with accuracy 80%. Messages:
2025-11-29 23:09:51 INFO        | Unused arguments (datawidth, instances, meshX, has_power_gating, cluster_size, reduction_supported, multiple_buffering, min_utilization, allow_overbooking, meshY, global_cycle_seconds, version, action_latency_cycles, cycle_seconds, n_instances) provided for ['SRAM', 'sram'].__init__. Arguments used: (depth, width, n_banks, technology)
2025-11-29 23:09:51 INFO        | Interpolating technology between 32 and 45.
2025-11-29 23:09:51 INFO        | Calling CACTI with cache_size=98304 n_rw_ports=1 block_size=6 tech_node_um=0.032 n_banks=2 tag_size=0 associativity=1
2025-11-29 23:09:51 INFO        | Calling CACTI with input path /home/juliana/venv_pytorch/share/accelergy/estimation_plug_ins/accelergy-cacti-plug-in/cacti_inputs_outputs/tmpa492l_l9
2025-11-29 23:09:51 INFO        | CACTI output will be written to /home/juliana/venv_pytorch/share/accelergy/estimation_plug_ins/accelergy-cacti-plug-in/cacti_inputs_outputs/tmpm3m6kc6h
2025-11-29 23:09:51 INFO        | CACTI executable not found at /home/juliana/venv_pytorch/share/accelergy/estimation_plug_ins/accelergy-cacti-plug-in/cacti/cacti
2025-11-29 23:09:51 INFO        | Calling: cd /home/juliana/venv_pytorch/share/accelergy/estimation_plug_ins/accelergy-cacti-plug-in ; ./cacti -infile /home/juliana/venv_pytorch/share/accelergy/estimation_plug_ins/accelergy-cacti-plug-in/cacti_inputs_outputs/tmpa492l_l9 >> /home/juliana/venv_pytorch/share/accelergy/estimation_plug_ins/accelergy-cacti-plug-in/cacti_inputs_outputs/tmpm3m6kc6h 2>&1
2025-11-29 23:09:51 INFO        | Calling CACTI with cache_size=98304 n_rw_ports=1 block_size=6 tech_node_um=0.045 n_banks=2 tag_size=0 associativity=1
2025-11-29 23:09:51 INFO        | Calling CACTI with input path /home/juliana/venv_pytorch/share/accelergy/estimation_plug_ins/accelergy-cacti-plug-in/cacti_inputs_outputs/tmp3sbe_zlo
2025-11-29 23:09:51 INFO        | CACTI output will be written to /home/juliana/venv_pytorch/share/accelergy/estimation_plug_ins/accelergy-cacti-plug-in/cacti_inputs_outputs/tmpp2nzpak9
2025-11-29 23:09:51 INFO        | CACTI executable not found at /home/juliana/venv_pytorch/share/accelergy/estimation_plug_ins/accelergy-cacti-plug-in/cacti/cacti
2025-11-29 23:09:51 INFO        | Calling: cd /home/juliana/venv_pytorch/share/accelergy/estimation_plug_ins/accelergy-cacti-plug-in ; ./cacti -infile /home/juliana/venv_pytorch/share/accelergy/estimation_plug_ins/accelergy-cacti-plug-in/cacti_inputs_outputs/tmp3sbe_zlo >> /home/juliana/venv_pytorch/share/accelergy/estimation_plug_ins/accelergy-cacti-plug-in/cacti_inputs_outputs/tmpp2nzpak9 2>&1
2025-11-29 23:09:51 INFO        | Cache bandwidth: 12.0 bytes/cycle
2025-11-29 23:09:51 INFO        | Cache bandwidth: 77012839792.92926 bits/second
2025-11-29 23:09:51 INFO        | Multiplying by n_instances 1
2025-11-29 23:09:51 INFO        
2025-11-29 23:09:51 INFO        AREA ESTIMATION for dummy_storage(width=1, depth=1, datawidth=1, technology=-1, has_power_gating=False, n_banks=2, cluster_size=1, reduction_supported=True, multiple_buffering=1, min_utilization=0, allow_overbooking=False, meshX=1, meshY=1, global_cycle_seconds=1e-09, spatial={'meshX': 32}, version=0.4, action_latency_cycles=1, cycle_seconds=1e-09, n_instances=1)
2025-11-29 23:09:51 INFO        dummy estimated 1u^2 with accuracy 100%. Messages:
2025-11-29 23:09:51 INFO        | Multiplying by n_instances 1
2025-11-29 23:09:51 INFO        
2025-11-29 23:09:51 INFO        AREA ESTIMATION for regfile(depth=1, width=12, datawidth=6, has_power_gating=False, n_banks=2, cluster_size=1, reduction_supported=True, multiple_buffering=1, min_utilization=0, allow_overbooking=False, meshX=2, meshY=1, technology=40nm, global_cycle_seconds=1e-09, spatial={'meshX': 32}, version=0.4, action_latency_cycles=1, cycle_seconds=1e-09, n_instances=1)
2025-11-29 23:09:51 INFO        Aladdin_table estimated 5.98u^2 with accuracy 70%. Messages:
2025-11-29 23:09:51 INFO        | Multiplying by n_instances 1
2025-11-29 23:09:51 INFO        
2025-11-29 23:09:51 INFO        AREA ESTIMATION for dummy_storage(width=1, depth=1, datawidth=1, technology=-1, has_power_gating=False, n_banks=2, cluster_size=1, reduction_supported=True, multiple_buffering=1, min_utilization=0, allow_overbooking=False, meshX=2, meshY=1, global_cycle_seconds=1e-09, spatial={'meshX': 32}, version=0.4, action_latency_cycles=1, cycle_seconds=1e-09, n_instances=1)
2025-11-29 23:09:51 INFO        dummy estimated 1u^2 with accuracy 100%. Messages:
2025-11-29 23:09:51 INFO        | Multiplying by n_instances 1
2025-11-29 23:09:51 INFO        
2025-11-29 23:09:51 INFO        AREA ESTIMATION for intmac(width=6, datawidth=6, has_power_gating=False, meshX=4, meshY=1, technology=40nm, global_cycle_seconds=1e-09, spatial={'meshX': 32}, version=0.4, action_latency_cycles=1, cycle_seconds=1e-09, n_instances=1)
2025-11-29 23:09:51 INFO        Aladdin_table estimated 275.3671875u^2 with accuracy 70%. Messages:
2025-11-29 23:09:51 INFO        | Multiplying by n_instances 1
2025-11-29 23:09:51 INFO        flattened architecture is saved to:
2025-11-29 23:09:51 INFO        ./timeloop-mapper.flattened_architecture.yaml
2025-11-29 23:09:51 INFO        energy reference table is saved to:
2025-11-29 23:09:51 INFO        ./timeloop-mapper.ERT.yaml
2025-11-29 23:09:51 INFO        energy reference table summary is saved to:
2025-11-29 23:09:51 INFO        ./timeloop-mapper.ERT_summary.yaml
2025-11-29 23:09:51 WARNING     no runtime energy estimations are generated... not generating energy_estimation.yaml
2025-11-29 23:09:51 INFO        area reference table is saved to:
2025-11-29 23:09:51 INFO        ./timeloop-mapper.ART.yaml
2025-11-29 23:09:51 INFO        area reference table summary is saved to:
2025-11-29 23:09:51 INFO        ./timeloop-mapper.ART_summary.yaml
