2025-11-29 22:51:53 INFO            _                _                      
2025-11-29 22:51:53 INFO           / \   ___ ___ ___| | ___ _ __ __ _ _   _ 
2025-11-29 22:51:53 INFO          / _ \ / __/ __/ _ \ |/ _ \ '__/ _` | | | |
2025-11-29 22:51:53 INFO         / ___ \ (_| (_|  __/ |  __/ | | (_| | |_| |
2025-11-29 22:51:53 INFO        /_/   \_\___\___\___|_|\___|_|  \__, |\__, |
2025-11-29 22:51:53 INFO                                        |___/ |___/ 
2025-11-29 22:51:53 INFO        generating outputs according to the following specified output flags... 
2025-11-29 22:51:53 INFO         Please use the -f flag to update the preference (default to all output files)
2025-11-29 22:51:53 INFO        {'ERT': 1, 'ERT_summary': 1, 'ART': 1, 'ART_summary': 1, 'energy_estimation': 1, 'flattened_arch': 1}
2025-11-29 22:51:53 INFO        Located config file at /home/juliana/.config/accelergy/accelergy_config.yaml.
2025-11-29 22:51:53 INFO        config file located:
2025-11-29 22:51:53 INFO        /home/juliana/.config/accelergy/accelergy_config.yaml
2025-11-29 22:51:53 INFO        Parsing file /home/juliana/Topicos-Especiais-XII/trabalho_final/timeloop/dse_pe_mac/outputs/1_neurons_2_macs/parsed-processed-input.yaml for architecture info
2025-11-29 22:51:53 INFO        Parsing file /home/juliana/Topicos-Especiais-XII/trabalho_final/timeloop/dse_pe_mac/outputs/1_neurons_2_macs/parsed-processed-input.yaml for compound_components info
2025-11-29 22:51:54 WARNING     No compound component classes specified, architecture can only contain primitive components
2025-11-29 22:51:54 INFO        Adding required action "write" to class SRAM
2025-11-29 22:51:54 INFO        Adding required action "read" to class SRAM
2025-11-29 22:51:54 INFO        Adding required action "leak" to class SRAM
2025-11-29 22:51:54 INFO        Adding required action "update" to class SRAM
2025-11-29 22:51:54 INFO        Adding required action "write" to class regfile
2025-11-29 22:51:54 INFO        Adding required action "read" to class regfile
2025-11-29 22:51:54 INFO        Adding required action "leak" to class regfile
2025-11-29 22:51:54 INFO        Adding required action "update" to class regfile
2025-11-29 22:51:54 INFO        Adding required action "compute" to class intmac
2025-11-29 22:51:54 INFO        Estimator plug-in identified by: /home/juliana/venv_pytorch/share/accelergy/estimation_plug_ins/accelergy-adc-plug-in/adc.estimator.yaml
2025-11-29 22:51:54 INFO        Estimator plug-in identified by: /home/juliana/venv_pytorch/share/accelergy/estimation_plug_ins/accelergy-table-based-plug-ins/table.estimator.yaml
2025-11-29 22:51:54 INFO        Estimator plug-in identified by: /home/juliana/venv_pytorch/share/accelergy/estimation_plug_ins/accelergy-library-plugin/library.estimator.yaml
2025-11-29 22:51:54 INFO        Estimator plug-in identified by: /home/juliana/venv_pytorch/share/accelergy/estimation_plug_ins/dummy_tables/dummy.estimator.yaml
2025-11-29 22:51:54 INFO        Estimator plug-in identified by: /home/juliana/venv_pytorch/share/accelergy/estimation_plug_ins/accelergy-neurosim-plugin/neurosim.estimator.yaml
2025-11-29 22:51:54 INFO        Estimator plug-in identified by: /home/juliana/venv_pytorch/share/accelergy/estimation_plug_ins/accelergy-aladdin-plug-in/aladdin.estimator.yaml
2025-11-29 22:51:54 INFO        Estimator plug-in identified by: /home/juliana/venv_pytorch/share/accelergy/estimation_plug_ins/accelergy-cacti-plug-in/cacti.estimator.yaml
2025-11-29 22:51:54 INFO        Loading Python plug-in: /home/juliana/venv_pytorch/share/accelergy/estimation_plug_ins/accelergy-cacti-plug-in/cacti_wrapper.py. Errors below are likely due to plug-in, not Accelergy.
2025-11-29 22:51:54 INFO        Getting all estimators in module <module 'python_plug_in0' from '/home/juliana/venv_pytorch/share/accelergy/estimation_plug_ins/accelergy-cacti-plug-in/cacti_wrapper.py'>
2025-11-29 22:51:54 INFO        Added estimator CactiCache that estimates cache with actions idle, read, read_access, update, update_access, write, write_access, leak
2025-11-29 22:51:54 INFO        Added estimator CactiDRAM that estimates ['DRAM', 'dram'] with actions idle, read, update, write, leak
2025-11-29 22:51:54 INFO        Added estimator CactiSRAM that estimates ['SRAM', 'sram'] with actions idle, read, update, write, leak
2025-11-29 22:51:54 INFO        Done loading Python plug-ins.
2025-11-29 22:51:54 INFO        Found estimator plug-in: ADC Plug-In (<ADCEstimator.ADCEstimator object at 0x740283757950>)
2025-11-29 22:51:54 INFO        Found estimator plug-in: DEPRECATED table-based-plug-ins. Use the Library plug-in instead. (<SetsOfTables.SetsOfTables object at 0x7402838cd700>)
2025-11-29 22:51:54 INFO        Found estimator plug-in: Library (<LibraryEstimator.LibraryEstimator object at 0x7402838cc710>)
2025-11-29 22:51:54 INFO        Found estimator plug-in: dummy (<DummyTable.DummyTable object at 0x7402838b32c0>)
2025-11-29 22:51:54 INFO        Found estimator plug-in: Neurosim Plug-In (<NeuroWrapper.NeuroWrapper object at 0x7402837a4650>)
2025-11-29 22:51:54 INFO        Found estimator plug-in: Aladdin_table (<AladdinTable.AladdinTable object at 0x740283914e60>)
2025-11-29 22:51:54 INFO        Found estimator plug-in: CactiCache (<accelergy.plug_in_interface.estimator_wrapper.EstimatorWrapper object at 0x7402838cc140>)
2025-11-29 22:51:54 INFO        Found estimator plug-in: CactiDRAM (<accelergy.plug_in_interface.estimator_wrapper.EstimatorWrapper object at 0x7402838cf020>)
2025-11-29 22:51:54 INFO        Found estimator plug-in: CactiSRAM (<accelergy.plug_in_interface.estimator_wrapper.EstimatorWrapper object at 0x7402837a4b00>)
2025-11-29 22:51:54 INFO        
2025-11-29 22:51:54 INFO        ENERGY ESTIMATION for SRAM(depth=16384, width=32, datawidth=8, instances=1, meshX=1, has_power_gating=False, n_banks=2, cluster_size=1, reduction_supported=True, multiple_buffering=1, min_utilization=0, allow_overbooking=False, meshY=1, technology=40nm, global_cycle_seconds=1e-09, version=0.4, action_latency_cycles=1, cycle_seconds=1e-09, n_instances=1).write(global_cycle_seconds=1e-09, action_latency_cycles=1)
2025-11-29 22:51:56 INFO        CactiSRAM estimated 1.0405719230769232e-11 with accuracy 80%. Messages:
2025-11-29 22:51:56 INFO        | Unused arguments (datawidth, instances, meshX, has_power_gating, cluster_size, reduction_supported, multiple_buffering, min_utilization, allow_overbooking, meshY, global_cycle_seconds, version, action_latency_cycles, cycle_seconds, n_instances) provided for ['SRAM', 'sram'].__init__. Arguments used: (depth, width, n_banks, technology)
2025-11-29 22:51:56 INFO        | Unused arguments (global_cycle_seconds, action_latency_cycles) provided for ['SRAM', 'sram'].write. Arguments used: ()
2025-11-29 22:51:56 INFO        | Interpolating technology between 32 and 45.
2025-11-29 22:51:56 INFO        | Calling CACTI with cache_size=65536 n_rw_ports=1 block_size=4 tech_node_um=0.032 n_banks=2 tag_size=0 associativity=1
2025-11-29 22:51:56 INFO        | Calling CACTI with input path /home/juliana/venv_pytorch/share/accelergy/estimation_plug_ins/accelergy-cacti-plug-in/cacti_inputs_outputs/tmpizvscg5t
2025-11-29 22:51:56 INFO        | CACTI output will be written to /home/juliana/venv_pytorch/share/accelergy/estimation_plug_ins/accelergy-cacti-plug-in/cacti_inputs_outputs/tmp40dlewdg
2025-11-29 22:51:56 INFO        | CACTI executable not found at /home/juliana/venv_pytorch/share/accelergy/estimation_plug_ins/accelergy-cacti-plug-in/cacti/cacti
2025-11-29 22:51:56 INFO        | Calling: cd /home/juliana/venv_pytorch/share/accelergy/estimation_plug_ins/accelergy-cacti-plug-in ; ./cacti -infile /home/juliana/venv_pytorch/share/accelergy/estimation_plug_ins/accelergy-cacti-plug-in/cacti_inputs_outputs/tmpizvscg5t >> /home/juliana/venv_pytorch/share/accelergy/estimation_plug_ins/accelergy-cacti-plug-in/cacti_inputs_outputs/tmp40dlewdg 2>&1
2025-11-29 22:51:56 INFO        | Calling CACTI with cache_size=65536 n_rw_ports=1 block_size=4 tech_node_um=0.045 n_banks=2 tag_size=0 associativity=1
2025-11-29 22:51:56 INFO        | Calling CACTI with input path /home/juliana/venv_pytorch/share/accelergy/estimation_plug_ins/accelergy-cacti-plug-in/cacti_inputs_outputs/tmp93b318v9
2025-11-29 22:51:56 INFO        | CACTI output will be written to /home/juliana/venv_pytorch/share/accelergy/estimation_plug_ins/accelergy-cacti-plug-in/cacti_inputs_outputs/tmp524n0rdo
2025-11-29 22:51:56 INFO        | CACTI executable not found at /home/juliana/venv_pytorch/share/accelergy/estimation_plug_ins/accelergy-cacti-plug-in/cacti/cacti
2025-11-29 22:51:56 INFO        | Calling: cd /home/juliana/venv_pytorch/share/accelergy/estimation_plug_ins/accelergy-cacti-plug-in ; ./cacti -infile /home/juliana/venv_pytorch/share/accelergy/estimation_plug_ins/accelergy-cacti-plug-in/cacti_inputs_outputs/tmp93b318v9 >> /home/juliana/venv_pytorch/share/accelergy/estimation_plug_ins/accelergy-cacti-plug-in/cacti_inputs_outputs/tmp524n0rdo 2>&1
2025-11-29 22:51:56 INFO        | Cache bandwidth: 8.0 bytes/cycle
2025-11-29 22:51:56 INFO        | Cache bandwidth: 43380328689.41353 bits/second
2025-11-29 22:51:56 INFO        
2025-11-29 22:51:56 INFO        ENERGY ESTIMATION for SRAM(depth=16384, width=32, datawidth=8, instances=1, meshX=1, has_power_gating=False, n_banks=2, cluster_size=1, reduction_supported=True, multiple_buffering=1, min_utilization=0, allow_overbooking=False, meshY=1, technology=40nm, global_cycle_seconds=1e-09, version=0.4, action_latency_cycles=1, cycle_seconds=1e-09, n_instances=1).read(global_cycle_seconds=1e-09, action_latency_cycles=1)
2025-11-29 22:51:59 INFO        CactiSRAM estimated 1.6626626923076923e-11 with accuracy 80%. Messages:
2025-11-29 22:51:59 INFO        | Unused arguments (datawidth, instances, meshX, has_power_gating, cluster_size, reduction_supported, multiple_buffering, min_utilization, allow_overbooking, meshY, global_cycle_seconds, version, action_latency_cycles, cycle_seconds, n_instances) provided for ['SRAM', 'sram'].__init__. Arguments used: (depth, width, n_banks, technology)
2025-11-29 22:51:59 INFO        | Unused arguments (global_cycle_seconds, action_latency_cycles) provided for ['SRAM', 'sram'].read. Arguments used: ()
2025-11-29 22:51:59 INFO        | Interpolating technology between 32 and 45.
2025-11-29 22:51:59 INFO        | Calling CACTI with cache_size=65536 n_rw_ports=1 block_size=4 tech_node_um=0.032 n_banks=2 tag_size=0 associativity=1
2025-11-29 22:51:59 INFO        | Calling CACTI with input path /home/juliana/venv_pytorch/share/accelergy/estimation_plug_ins/accelergy-cacti-plug-in/cacti_inputs_outputs/tmpx_isysy0
2025-11-29 22:51:59 INFO        | CACTI output will be written to /home/juliana/venv_pytorch/share/accelergy/estimation_plug_ins/accelergy-cacti-plug-in/cacti_inputs_outputs/tmph2n81sqf
2025-11-29 22:51:59 INFO        | CACTI executable not found at /home/juliana/venv_pytorch/share/accelergy/estimation_plug_ins/accelergy-cacti-plug-in/cacti/cacti
2025-11-29 22:51:59 INFO        | Calling: cd /home/juliana/venv_pytorch/share/accelergy/estimation_plug_ins/accelergy-cacti-plug-in ; ./cacti -infile /home/juliana/venv_pytorch/share/accelergy/estimation_plug_ins/accelergy-cacti-plug-in/cacti_inputs_outputs/tmpx_isysy0 >> /home/juliana/venv_pytorch/share/accelergy/estimation_plug_ins/accelergy-cacti-plug-in/cacti_inputs_outputs/tmph2n81sqf 2>&1
2025-11-29 22:51:59 INFO        | Calling CACTI with cache_size=65536 n_rw_ports=1 block_size=4 tech_node_um=0.045 n_banks=2 tag_size=0 associativity=1
2025-11-29 22:51:59 INFO        | Calling CACTI with input path /home/juliana/venv_pytorch/share/accelergy/estimation_plug_ins/accelergy-cacti-plug-in/cacti_inputs_outputs/tmpjn8p9dvw
2025-11-29 22:51:59 INFO        | CACTI output will be written to /home/juliana/venv_pytorch/share/accelergy/estimation_plug_ins/accelergy-cacti-plug-in/cacti_inputs_outputs/tmp438296b1
2025-11-29 22:51:59 INFO        | CACTI executable not found at /home/juliana/venv_pytorch/share/accelergy/estimation_plug_ins/accelergy-cacti-plug-in/cacti/cacti
2025-11-29 22:51:59 INFO        | Calling: cd /home/juliana/venv_pytorch/share/accelergy/estimation_plug_ins/accelergy-cacti-plug-in ; ./cacti -infile /home/juliana/venv_pytorch/share/accelergy/estimation_plug_ins/accelergy-cacti-plug-in/cacti_inputs_outputs/tmpjn8p9dvw >> /home/juliana/venv_pytorch/share/accelergy/estimation_plug_ins/accelergy-cacti-plug-in/cacti_inputs_outputs/tmp438296b1 2>&1
2025-11-29 22:51:59 INFO        | Cache bandwidth: 8.0 bytes/cycle
2025-11-29 22:51:59 INFO        | Cache bandwidth: 43380328689.41353 bits/second
2025-11-29 22:51:59 INFO        
2025-11-29 22:51:59 INFO        ENERGY ESTIMATION for SRAM(depth=16384, width=32, datawidth=8, instances=1, meshX=1, has_power_gating=False, n_banks=2, cluster_size=1, reduction_supported=True, multiple_buffering=1, min_utilization=0, allow_overbooking=False, meshY=1, technology=40nm, global_cycle_seconds=1e-09, version=0.4, action_latency_cycles=1, cycle_seconds=1e-09, n_instances=1).leak(global_cycle_seconds=1e-09, action_latency_cycles=1)
2025-11-29 22:52:01 INFO        CactiSRAM estimated 2.1603273846153848e-15 with accuracy 80%. Messages:
2025-11-29 22:52:01 INFO        | Unused arguments (datawidth, instances, meshX, has_power_gating, cluster_size, reduction_supported, multiple_buffering, min_utilization, allow_overbooking, meshY, global_cycle_seconds, version, action_latency_cycles, cycle_seconds, n_instances) provided for ['SRAM', 'sram'].__init__. Arguments used: (depth, width, n_banks, technology)
2025-11-29 22:52:01 INFO        | Unused arguments (action_latency_cycles) provided for ['SRAM', 'sram'].leak. Arguments used: (global_cycle_seconds)
2025-11-29 22:52:01 INFO        | Interpolating technology between 32 and 45.
2025-11-29 22:52:01 INFO        | Calling CACTI with cache_size=65536 n_rw_ports=1 block_size=4 tech_node_um=0.032 n_banks=2 tag_size=0 associativity=1
2025-11-29 22:52:01 INFO        | Calling CACTI with input path /home/juliana/venv_pytorch/share/accelergy/estimation_plug_ins/accelergy-cacti-plug-in/cacti_inputs_outputs/tmpm9jdnsnk
2025-11-29 22:52:01 INFO        | CACTI output will be written to /home/juliana/venv_pytorch/share/accelergy/estimation_plug_ins/accelergy-cacti-plug-in/cacti_inputs_outputs/tmp0y8ywgxb
2025-11-29 22:52:01 INFO        | CACTI executable not found at /home/juliana/venv_pytorch/share/accelergy/estimation_plug_ins/accelergy-cacti-plug-in/cacti/cacti
2025-11-29 22:52:01 INFO        | Calling: cd /home/juliana/venv_pytorch/share/accelergy/estimation_plug_ins/accelergy-cacti-plug-in ; ./cacti -infile /home/juliana/venv_pytorch/share/accelergy/estimation_plug_ins/accelergy-cacti-plug-in/cacti_inputs_outputs/tmpm9jdnsnk >> /home/juliana/venv_pytorch/share/accelergy/estimation_plug_ins/accelergy-cacti-plug-in/cacti_inputs_outputs/tmp0y8ywgxb 2>&1
2025-11-29 22:52:01 INFO        | Calling CACTI with cache_size=65536 n_rw_ports=1 block_size=4 tech_node_um=0.045 n_banks=2 tag_size=0 associativity=1
2025-11-29 22:52:01 INFO        | Calling CACTI with input path /home/juliana/venv_pytorch/share/accelergy/estimation_plug_ins/accelergy-cacti-plug-in/cacti_inputs_outputs/tmp4hdv2kvt
2025-11-29 22:52:01 INFO        | CACTI output will be written to /home/juliana/venv_pytorch/share/accelergy/estimation_plug_ins/accelergy-cacti-plug-in/cacti_inputs_outputs/tmp4x2bdokx
2025-11-29 22:52:01 INFO        | CACTI executable not found at /home/juliana/venv_pytorch/share/accelergy/estimation_plug_ins/accelergy-cacti-plug-in/cacti/cacti
2025-11-29 22:52:01 INFO        | Calling: cd /home/juliana/venv_pytorch/share/accelergy/estimation_plug_ins/accelergy-cacti-plug-in ; ./cacti -infile /home/juliana/venv_pytorch/share/accelergy/estimation_plug_ins/accelergy-cacti-plug-in/cacti_inputs_outputs/tmp4hdv2kvt >> /home/juliana/venv_pytorch/share/accelergy/estimation_plug_ins/accelergy-cacti-plug-in/cacti_inputs_outputs/tmp4x2bdokx 2>&1
2025-11-29 22:52:01 INFO        | Cache bandwidth: 8.0 bytes/cycle
2025-11-29 22:52:01 INFO        | Cache bandwidth: 43380328689.41353 bits/second
2025-11-29 22:52:01 INFO        | Global cycle time 1e-09 is less than the cache's random cycle time 1.475323076923077e-09
2025-11-29 22:52:01 INFO        | Multiplying by n_instances 1
2025-11-29 22:52:01 INFO        
2025-11-29 22:52:01 INFO        ENERGY ESTIMATION for SRAM(depth=16384, width=32, datawidth=8, instances=1, meshX=1, has_power_gating=False, n_banks=2, cluster_size=1, reduction_supported=True, multiple_buffering=1, min_utilization=0, allow_overbooking=False, meshY=1, technology=40nm, global_cycle_seconds=1e-09, version=0.4, action_latency_cycles=1, cycle_seconds=1e-09, n_instances=1).update(global_cycle_seconds=1e-09, action_latency_cycles=1)
2025-11-29 22:52:02 INFO        CactiSRAM estimated 1.0405719230769232e-11 with accuracy 80%. Messages:
2025-11-29 22:52:02 INFO        | Unused arguments (datawidth, instances, meshX, has_power_gating, cluster_size, reduction_supported, multiple_buffering, min_utilization, allow_overbooking, meshY, global_cycle_seconds, version, action_latency_cycles, cycle_seconds, n_instances) provided for ['SRAM', 'sram'].__init__. Arguments used: (depth, width, n_banks, technology)
2025-11-29 22:52:02 INFO        | Unused arguments (global_cycle_seconds, action_latency_cycles) provided for ['SRAM', 'sram'].update. Arguments used: ()
2025-11-29 22:52:02 INFO        | Interpolating technology between 32 and 45.
2025-11-29 22:52:02 INFO        | Calling CACTI with cache_size=65536 n_rw_ports=1 block_size=4 tech_node_um=0.032 n_banks=2 tag_size=0 associativity=1
2025-11-29 22:52:02 INFO        | Calling CACTI with input path /home/juliana/venv_pytorch/share/accelergy/estimation_plug_ins/accelergy-cacti-plug-in/cacti_inputs_outputs/tmp8ydspp3t
2025-11-29 22:52:02 INFO        | CACTI output will be written to /home/juliana/venv_pytorch/share/accelergy/estimation_plug_ins/accelergy-cacti-plug-in/cacti_inputs_outputs/tmpz_qpazek
2025-11-29 22:52:02 INFO        | CACTI executable not found at /home/juliana/venv_pytorch/share/accelergy/estimation_plug_ins/accelergy-cacti-plug-in/cacti/cacti
2025-11-29 22:52:02 INFO        | Calling: cd /home/juliana/venv_pytorch/share/accelergy/estimation_plug_ins/accelergy-cacti-plug-in ; ./cacti -infile /home/juliana/venv_pytorch/share/accelergy/estimation_plug_ins/accelergy-cacti-plug-in/cacti_inputs_outputs/tmp8ydspp3t >> /home/juliana/venv_pytorch/share/accelergy/estimation_plug_ins/accelergy-cacti-plug-in/cacti_inputs_outputs/tmpz_qpazek 2>&1
2025-11-29 22:52:02 INFO        | Calling CACTI with cache_size=65536 n_rw_ports=1 block_size=4 tech_node_um=0.045 n_banks=2 tag_size=0 associativity=1
2025-11-29 22:52:02 INFO        | Calling CACTI with input path /home/juliana/venv_pytorch/share/accelergy/estimation_plug_ins/accelergy-cacti-plug-in/cacti_inputs_outputs/tmpqbbuanuf
2025-11-29 22:52:02 INFO        | CACTI output will be written to /home/juliana/venv_pytorch/share/accelergy/estimation_plug_ins/accelergy-cacti-plug-in/cacti_inputs_outputs/tmpn36o736k
2025-11-29 22:52:02 INFO        | CACTI executable not found at /home/juliana/venv_pytorch/share/accelergy/estimation_plug_ins/accelergy-cacti-plug-in/cacti/cacti
2025-11-29 22:52:02 INFO        | Calling: cd /home/juliana/venv_pytorch/share/accelergy/estimation_plug_ins/accelergy-cacti-plug-in ; ./cacti -infile /home/juliana/venv_pytorch/share/accelergy/estimation_plug_ins/accelergy-cacti-plug-in/cacti_inputs_outputs/tmpqbbuanuf >> /home/juliana/venv_pytorch/share/accelergy/estimation_plug_ins/accelergy-cacti-plug-in/cacti_inputs_outputs/tmpn36o736k 2>&1
2025-11-29 22:52:02 INFO        | Cache bandwidth: 8.0 bytes/cycle
2025-11-29 22:52:02 INFO        | Cache bandwidth: 43380328689.41353 bits/second
2025-11-29 22:52:02 INFO        
2025-11-29 22:52:02 INFO        ENERGY ESTIMATION for regfile(depth=1, width=16, datawidth=8, has_power_gating=False, n_banks=2, cluster_size=1, reduction_supported=True, multiple_buffering=1, min_utilization=0, allow_overbooking=False, meshX=1, meshY=1, technology=40nm, global_cycle_seconds=1e-09, spatial={'meshX': 32}, version=0.4, action_latency_cycles=1, cycle_seconds=1e-09, n_instances=1).write(global_cycle_seconds=1e-09, action_latency_cycles=1)
2025-11-29 22:52:02 INFO        Aladdin_table estimated 0.009p with accuracy 70%. 
2025-11-29 22:52:02 INFO        
2025-11-29 22:52:02 INFO        ENERGY ESTIMATION for regfile(depth=1, width=16, datawidth=8, has_power_gating=False, n_banks=2, cluster_size=1, reduction_supported=True, multiple_buffering=1, min_utilization=0, allow_overbooking=False, meshX=1, meshY=1, technology=40nm, global_cycle_seconds=1e-09, spatial={'meshX': 32}, version=0.4, action_latency_cycles=1, cycle_seconds=1e-09, n_instances=1).read(global_cycle_seconds=1e-09, action_latency_cycles=1)
2025-11-29 22:52:02 INFO        Aladdin_table estimated 0.009p with accuracy 70%. 
2025-11-29 22:52:02 INFO        
2025-11-29 22:52:02 INFO        ENERGY ESTIMATION for regfile(depth=1, width=16, datawidth=8, has_power_gating=False, n_banks=2, cluster_size=1, reduction_supported=True, multiple_buffering=1, min_utilization=0, allow_overbooking=False, meshX=1, meshY=1, technology=40nm, global_cycle_seconds=1e-09, spatial={'meshX': 32}, version=0.4, action_latency_cycles=1, cycle_seconds=1e-09, n_instances=1).leak(global_cycle_seconds=1e-09, action_latency_cycles=1)
2025-11-29 22:52:02 INFO        Aladdin_table estimated 7e-05p with accuracy 70%. Messages:
2025-11-29 22:52:02 INFO        | Multiplying by n_instances 1
2025-11-29 22:52:02 INFO        
2025-11-29 22:52:02 INFO        ENERGY ESTIMATION for regfile(depth=1, width=16, datawidth=8, has_power_gating=False, n_banks=2, cluster_size=1, reduction_supported=True, multiple_buffering=1, min_utilization=0, allow_overbooking=False, meshX=1, meshY=1, technology=40nm, global_cycle_seconds=1e-09, spatial={'meshX': 32}, version=0.4, action_latency_cycles=1, cycle_seconds=1e-09, n_instances=1).update(global_cycle_seconds=1e-09, action_latency_cycles=1)
2025-11-29 22:52:02 INFO        Aladdin_table estimated 0.009p with accuracy 70%. 
2025-11-29 22:52:02 INFO        
2025-11-29 22:52:02 INFO        ENERGY ESTIMATION for intmac(width=8, datawidth=8, has_power_gating=False, meshX=2, meshY=1, technology=40nm, global_cycle_seconds=1e-09, spatial={'meshX': 32}, version=0.4, action_latency_cycles=1, cycle_seconds=1e-09, n_instances=1).compute(global_cycle_seconds=1e-09, action_latency_cycles=1)
2025-11-29 22:52:02 INFO        Aladdin_table estimated 0.845p with accuracy 70%. 
2025-11-29 22:52:02 WARNING     No action counts are specified as yaml input
2025-11-29 22:52:02 INFO        
2025-11-29 22:52:02 INFO        AREA ESTIMATION for SRAM(depth=16384, width=32, datawidth=8, instances=1, meshX=1, has_power_gating=False, n_banks=2, cluster_size=1, reduction_supported=True, multiple_buffering=1, min_utilization=0, allow_overbooking=False, meshY=1, technology=40nm, global_cycle_seconds=1e-09, version=0.4, action_latency_cycles=1, cycle_seconds=1e-09, n_instances=1)
2025-11-29 22:52:03 INFO        CactiSRAM estimated 1.7204530769230767e-07 with accuracy 80%. Messages:
2025-11-29 22:52:03 INFO        | Unused arguments (datawidth, instances, meshX, has_power_gating, cluster_size, reduction_supported, multiple_buffering, min_utilization, allow_overbooking, meshY, global_cycle_seconds, version, action_latency_cycles, cycle_seconds, n_instances) provided for ['SRAM', 'sram'].__init__. Arguments used: (depth, width, n_banks, technology)
2025-11-29 22:52:03 INFO        | Interpolating technology between 32 and 45.
2025-11-29 22:52:03 INFO        | Calling CACTI with cache_size=65536 n_rw_ports=1 block_size=4 tech_node_um=0.032 n_banks=2 tag_size=0 associativity=1
2025-11-29 22:52:03 INFO        | Calling CACTI with input path /home/juliana/venv_pytorch/share/accelergy/estimation_plug_ins/accelergy-cacti-plug-in/cacti_inputs_outputs/tmpf_t62kbo
2025-11-29 22:52:03 INFO        | CACTI output will be written to /home/juliana/venv_pytorch/share/accelergy/estimation_plug_ins/accelergy-cacti-plug-in/cacti_inputs_outputs/tmpslvja30b
2025-11-29 22:52:03 INFO        | CACTI executable not found at /home/juliana/venv_pytorch/share/accelergy/estimation_plug_ins/accelergy-cacti-plug-in/cacti/cacti
2025-11-29 22:52:03 INFO        | Calling: cd /home/juliana/venv_pytorch/share/accelergy/estimation_plug_ins/accelergy-cacti-plug-in ; ./cacti -infile /home/juliana/venv_pytorch/share/accelergy/estimation_plug_ins/accelergy-cacti-plug-in/cacti_inputs_outputs/tmpf_t62kbo >> /home/juliana/venv_pytorch/share/accelergy/estimation_plug_ins/accelergy-cacti-plug-in/cacti_inputs_outputs/tmpslvja30b 2>&1
2025-11-29 22:52:03 INFO        | Calling CACTI with cache_size=65536 n_rw_ports=1 block_size=4 tech_node_um=0.045 n_banks=2 tag_size=0 associativity=1
2025-11-29 22:52:03 INFO        | Calling CACTI with input path /home/juliana/venv_pytorch/share/accelergy/estimation_plug_ins/accelergy-cacti-plug-in/cacti_inputs_outputs/tmpi1v1pcx4
2025-11-29 22:52:03 INFO        | CACTI output will be written to /home/juliana/venv_pytorch/share/accelergy/estimation_plug_ins/accelergy-cacti-plug-in/cacti_inputs_outputs/tmpqbdtr4tc
2025-11-29 22:52:03 INFO        | CACTI executable not found at /home/juliana/venv_pytorch/share/accelergy/estimation_plug_ins/accelergy-cacti-plug-in/cacti/cacti
2025-11-29 22:52:03 INFO        | Calling: cd /home/juliana/venv_pytorch/share/accelergy/estimation_plug_ins/accelergy-cacti-plug-in ; ./cacti -infile /home/juliana/venv_pytorch/share/accelergy/estimation_plug_ins/accelergy-cacti-plug-in/cacti_inputs_outputs/tmpi1v1pcx4 >> /home/juliana/venv_pytorch/share/accelergy/estimation_plug_ins/accelergy-cacti-plug-in/cacti_inputs_outputs/tmpqbdtr4tc 2>&1
2025-11-29 22:52:03 INFO        | Cache bandwidth: 8.0 bytes/cycle
2025-11-29 22:52:03 INFO        | Cache bandwidth: 43380328689.41353 bits/second
2025-11-29 22:52:03 INFO        | Multiplying by n_instances 1
2025-11-29 22:52:03 INFO        
2025-11-29 22:52:03 INFO        AREA ESTIMATION for regfile(depth=1, width=16, datawidth=8, has_power_gating=False, n_banks=2, cluster_size=1, reduction_supported=True, multiple_buffering=1, min_utilization=0, allow_overbooking=False, meshX=1, meshY=1, technology=40nm, global_cycle_seconds=1e-09, spatial={'meshX': 32}, version=0.4, action_latency_cycles=1, cycle_seconds=1e-09, n_instances=1)
2025-11-29 22:52:03 INFO        Aladdin_table estimated 5.98u^2 with accuracy 70%. Messages:
2025-11-29 22:52:03 INFO        | Multiplying by n_instances 1
2025-11-29 22:52:03 INFO        
2025-11-29 22:52:03 INFO        AREA ESTIMATION for dummy_storage(width=1, depth=1, datawidth=1, technology=-1, has_power_gating=False, n_banks=2, cluster_size=1, reduction_supported=True, multiple_buffering=1, min_utilization=0, allow_overbooking=False, meshX=1, meshY=1, global_cycle_seconds=1e-09, spatial={'meshX': 32}, version=0.4, action_latency_cycles=1, cycle_seconds=1e-09, n_instances=1)
2025-11-29 22:52:03 INFO        dummy estimated 1u^2 with accuracy 100%. Messages:
2025-11-29 22:52:03 INFO        | Multiplying by n_instances 1
2025-11-29 22:52:03 INFO        
2025-11-29 22:52:03 INFO        AREA ESTIMATION for intmac(width=8, datawidth=8, has_power_gating=False, meshX=2, meshY=1, technology=40nm, global_cycle_seconds=1e-09, spatial={'meshX': 32}, version=0.4, action_latency_cycles=1, cycle_seconds=1e-09, n_instances=1)
2025-11-29 22:52:03 INFO        Aladdin_table estimated 466.375u^2 with accuracy 70%. Messages:
2025-11-29 22:52:03 INFO        | Multiplying by n_instances 1
2025-11-29 22:52:03 INFO        flattened architecture is saved to:
2025-11-29 22:52:03 INFO        ./timeloop-mapper.flattened_architecture.yaml
2025-11-29 22:52:03 INFO        energy reference table is saved to:
2025-11-29 22:52:03 INFO        ./timeloop-mapper.ERT.yaml
2025-11-29 22:52:03 INFO        energy reference table summary is saved to:
2025-11-29 22:52:03 INFO        ./timeloop-mapper.ERT_summary.yaml
2025-11-29 22:52:03 WARNING     no runtime energy estimations are generated... not generating energy_estimation.yaml
2025-11-29 22:52:03 INFO        area reference table is saved to:
2025-11-29 22:52:03 INFO        ./timeloop-mapper.ART.yaml
2025-11-29 22:52:03 INFO        area reference table summary is saved to:
2025-11-29 22:52:03 INFO        ./timeloop-mapper.ART_summary.yaml
