2025-11-29 23:14:37 INFO            _                _                      
2025-11-29 23:14:37 INFO           / \   ___ ___ ___| | ___ _ __ __ _ _   _ 
2025-11-29 23:14:37 INFO          / _ \ / __/ __/ _ \ |/ _ \ '__/ _` | | | |
2025-11-29 23:14:37 INFO         / ___ \ (_| (_|  __/ |  __/ | | (_| | |_| |
2025-11-29 23:14:37 INFO        /_/   \_\___\___\___|_|\___|_|  \__, |\__, |
2025-11-29 23:14:37 INFO                                        |___/ |___/ 
2025-11-29 23:14:37 INFO        generating outputs according to the following specified output flags... 
2025-11-29 23:14:37 INFO         Please use the -f flag to update the preference (default to all output files)
2025-11-29 23:14:37 INFO        {'ERT': 1, 'ERT_summary': 1, 'ART': 1, 'ART_summary': 1, 'energy_estimation': 1, 'flattened_arch': 1}
2025-11-29 23:14:37 INFO        Located config file at /home/juliana/.config/accelergy/accelergy_config.yaml.
2025-11-29 23:14:37 INFO        config file located:
2025-11-29 23:14:37 INFO        /home/juliana/.config/accelergy/accelergy_config.yaml
2025-11-29 23:14:37 INFO        Parsing file /home/juliana/Topicos-Especiais-XII/trabalho_final/timeloop/dse_pe_mac_width/outputs/16_neurons_2_macs_16_width/parsed-processed-input.yaml for architecture info
2025-11-29 23:14:37 INFO        Parsing file /home/juliana/Topicos-Especiais-XII/trabalho_final/timeloop/dse_pe_mac_width/outputs/16_neurons_2_macs_16_width/parsed-processed-input.yaml for compound_components info
2025-11-29 23:14:37 WARNING     No compound component classes specified, architecture can only contain primitive components
2025-11-29 23:14:37 INFO        Adding required action "read" to class SRAM
2025-11-29 23:14:37 INFO        Adding required action "write" to class SRAM
2025-11-29 23:14:37 INFO        Adding required action "leak" to class SRAM
2025-11-29 23:14:37 INFO        Adding required action "update" to class SRAM
2025-11-29 23:14:37 INFO        Adding required action "read" to class regfile
2025-11-29 23:14:37 INFO        Adding required action "write" to class regfile
2025-11-29 23:14:37 INFO        Adding required action "leak" to class regfile
2025-11-29 23:14:37 INFO        Adding required action "update" to class regfile
2025-11-29 23:14:37 INFO        Adding required action "compute" to class intmac
2025-11-29 23:14:37 INFO        Estimator plug-in identified by: /home/juliana/venv_pytorch/share/accelergy/estimation_plug_ins/accelergy-adc-plug-in/adc.estimator.yaml
2025-11-29 23:14:37 INFO        Estimator plug-in identified by: /home/juliana/venv_pytorch/share/accelergy/estimation_plug_ins/accelergy-table-based-plug-ins/table.estimator.yaml
2025-11-29 23:14:37 INFO        Estimator plug-in identified by: /home/juliana/venv_pytorch/share/accelergy/estimation_plug_ins/accelergy-library-plugin/library.estimator.yaml
2025-11-29 23:14:37 INFO        Estimator plug-in identified by: /home/juliana/venv_pytorch/share/accelergy/estimation_plug_ins/dummy_tables/dummy.estimator.yaml
2025-11-29 23:14:37 INFO        Estimator plug-in identified by: /home/juliana/venv_pytorch/share/accelergy/estimation_plug_ins/accelergy-neurosim-plugin/neurosim.estimator.yaml
2025-11-29 23:14:37 INFO        Estimator plug-in identified by: /home/juliana/venv_pytorch/share/accelergy/estimation_plug_ins/accelergy-aladdin-plug-in/aladdin.estimator.yaml
2025-11-29 23:14:37 INFO        Estimator plug-in identified by: /home/juliana/venv_pytorch/share/accelergy/estimation_plug_ins/accelergy-cacti-plug-in/cacti.estimator.yaml
2025-11-29 23:14:37 INFO        Loading Python plug-in: /home/juliana/venv_pytorch/share/accelergy/estimation_plug_ins/accelergy-cacti-plug-in/cacti_wrapper.py. Errors below are likely due to plug-in, not Accelergy.
2025-11-29 23:14:37 INFO        Getting all estimators in module <module 'python_plug_in0' from '/home/juliana/venv_pytorch/share/accelergy/estimation_plug_ins/accelergy-cacti-plug-in/cacti_wrapper.py'>
2025-11-29 23:14:37 INFO        Added estimator CactiCache that estimates cache with actions idle, read, read_access, update, update_access, write, write_access, leak
2025-11-29 23:14:37 INFO        Added estimator CactiDRAM that estimates ['DRAM', 'dram'] with actions idle, read, update, write, leak
2025-11-29 23:14:37 INFO        Added estimator CactiSRAM that estimates ['SRAM', 'sram'] with actions idle, read, update, write, leak
2025-11-29 23:14:37 INFO        Done loading Python plug-ins.
2025-11-29 23:14:37 INFO        Found estimator plug-in: ADC Plug-In (<ADCEstimator.ADCEstimator object at 0x7f973ef8b020>)
2025-11-29 23:14:37 INFO        Found estimator plug-in: DEPRECATED table-based-plug-ins. Use the Library plug-in instead. (<SetsOfTables.SetsOfTables object at 0x7f973ef8bd10>)
2025-11-29 23:14:37 INFO        Found estimator plug-in: Library (<LibraryEstimator.LibraryEstimator object at 0x7f973ef8bdd0>)
2025-11-29 23:14:37 INFO        Found estimator plug-in: dummy (<DummyTable.DummyTable object at 0x7f973ef594f0>)
2025-11-29 23:14:37 INFO        Found estimator plug-in: Neurosim Plug-In (<NeuroWrapper.NeuroWrapper object at 0x7f973ee28620>)
2025-11-29 23:14:37 INFO        Found estimator plug-in: Aladdin_table (<AladdinTable.AladdinTable object at 0x7f973ee28e00>)
2025-11-29 23:14:37 INFO        Found estimator plug-in: CactiCache (<accelergy.plug_in_interface.estimator_wrapper.EstimatorWrapper object at 0x7f973ef54140>)
2025-11-29 23:14:37 INFO        Found estimator plug-in: CactiDRAM (<accelergy.plug_in_interface.estimator_wrapper.EstimatorWrapper object at 0x7f973ef57d10>)
2025-11-29 23:14:37 INFO        Found estimator plug-in: CactiSRAM (<accelergy.plug_in_interface.estimator_wrapper.EstimatorWrapper object at 0x7f973ef58b90>)
2025-11-29 23:14:37 INFO        
2025-11-29 23:14:37 INFO        ENERGY ESTIMATION for SRAM(depth=16384, width=1024, datawidth=16, instances=1, meshX=1, has_power_gating=False, n_banks=2, cluster_size=1, reduction_supported=True, multiple_buffering=1, min_utilization=0, allow_overbooking=False, meshY=1, technology=40nm, global_cycle_seconds=1e-09, version=0.4, action_latency_cycles=1, cycle_seconds=1e-09, n_instances=1).read(global_cycle_seconds=1e-09, action_latency_cycles=1)
2025-11-29 23:14:40 INFO        CactiSRAM estimated 9.094907692307692e-10 with accuracy 80%. Messages:
2025-11-29 23:14:40 INFO        | Unused arguments (datawidth, instances, meshX, has_power_gating, cluster_size, reduction_supported, multiple_buffering, min_utilization, allow_overbooking, meshY, global_cycle_seconds, version, action_latency_cycles, cycle_seconds, n_instances) provided for ['SRAM', 'sram'].__init__. Arguments used: (depth, width, n_banks, technology)
2025-11-29 23:14:40 INFO        | Unused arguments (global_cycle_seconds, action_latency_cycles) provided for ['SRAM', 'sram'].read. Arguments used: ()
2025-11-29 23:14:40 INFO        | Interpolating technology between 32 and 45.
2025-11-29 23:14:40 INFO        | Calling CACTI with cache_size=2097152 n_rw_ports=1 block_size=128 tech_node_um=0.032 n_banks=2 tag_size=0 associativity=1
2025-11-29 23:14:40 INFO        | Calling CACTI with input path /home/juliana/venv_pytorch/share/accelergy/estimation_plug_ins/accelergy-cacti-plug-in/cacti_inputs_outputs/tmp_5iwjlbp
2025-11-29 23:14:40 INFO        | CACTI output will be written to /home/juliana/venv_pytorch/share/accelergy/estimation_plug_ins/accelergy-cacti-plug-in/cacti_inputs_outputs/tmp3crjussx
2025-11-29 23:14:40 INFO        | CACTI executable not found at /home/juliana/venv_pytorch/share/accelergy/estimation_plug_ins/accelergy-cacti-plug-in/cacti/cacti
2025-11-29 23:14:40 INFO        | Calling: cd /home/juliana/venv_pytorch/share/accelergy/estimation_plug_ins/accelergy-cacti-plug-in ; ./cacti -infile /home/juliana/venv_pytorch/share/accelergy/estimation_plug_ins/accelergy-cacti-plug-in/cacti_inputs_outputs/tmp_5iwjlbp >> /home/juliana/venv_pytorch/share/accelergy/estimation_plug_ins/accelergy-cacti-plug-in/cacti_inputs_outputs/tmp3crjussx 2>&1
2025-11-29 23:14:40 INFO        | Calling CACTI with cache_size=2097152 n_rw_ports=1 block_size=128 tech_node_um=0.045 n_banks=2 tag_size=0 associativity=1
2025-11-29 23:14:40 INFO        | Calling CACTI with input path /home/juliana/venv_pytorch/share/accelergy/estimation_plug_ins/accelergy-cacti-plug-in/cacti_inputs_outputs/tmp8xqx_10r
2025-11-29 23:14:40 INFO        | CACTI output will be written to /home/juliana/venv_pytorch/share/accelergy/estimation_plug_ins/accelergy-cacti-plug-in/cacti_inputs_outputs/tmpefmg7zzd
2025-11-29 23:14:40 INFO        | CACTI executable not found at /home/juliana/venv_pytorch/share/accelergy/estimation_plug_ins/accelergy-cacti-plug-in/cacti/cacti
2025-11-29 23:14:40 INFO        | Calling: cd /home/juliana/venv_pytorch/share/accelergy/estimation_plug_ins/accelergy-cacti-plug-in ; ./cacti -infile /home/juliana/venv_pytorch/share/accelergy/estimation_plug_ins/accelergy-cacti-plug-in/cacti_inputs_outputs/tmp8xqx_10r >> /home/juliana/venv_pytorch/share/accelergy/estimation_plug_ins/accelergy-cacti-plug-in/cacti_inputs_outputs/tmpefmg7zzd 2>&1
2025-11-29 23:14:40 INFO        | Cache bandwidth: 256.0 bytes/cycle
2025-11-29 23:14:40 INFO        | Cache bandwidth: 246824558116.45712 bits/second
2025-11-29 23:14:40 INFO        
2025-11-29 23:14:40 INFO        ENERGY ESTIMATION for SRAM(depth=16384, width=1024, datawidth=16, instances=1, meshX=1, has_power_gating=False, n_banks=2, cluster_size=1, reduction_supported=True, multiple_buffering=1, min_utilization=0, allow_overbooking=False, meshY=1, technology=40nm, global_cycle_seconds=1e-09, version=0.4, action_latency_cycles=1, cycle_seconds=1e-09, n_instances=1).write(global_cycle_seconds=1e-09, action_latency_cycles=1)
2025-11-29 23:14:42 INFO        CactiSRAM estimated 1.0034984615384617e-09 with accuracy 80%. Messages:
2025-11-29 23:14:42 INFO        | Unused arguments (datawidth, instances, meshX, has_power_gating, cluster_size, reduction_supported, multiple_buffering, min_utilization, allow_overbooking, meshY, global_cycle_seconds, version, action_latency_cycles, cycle_seconds, n_instances) provided for ['SRAM', 'sram'].__init__. Arguments used: (depth, width, n_banks, technology)
2025-11-29 23:14:42 INFO        | Unused arguments (global_cycle_seconds, action_latency_cycles) provided for ['SRAM', 'sram'].write. Arguments used: ()
2025-11-29 23:14:42 INFO        | Interpolating technology between 32 and 45.
2025-11-29 23:14:42 INFO        | Calling CACTI with cache_size=2097152 n_rw_ports=1 block_size=128 tech_node_um=0.032 n_banks=2 tag_size=0 associativity=1
2025-11-29 23:14:42 INFO        | Calling CACTI with input path /home/juliana/venv_pytorch/share/accelergy/estimation_plug_ins/accelergy-cacti-plug-in/cacti_inputs_outputs/tmp1_k03o8j
2025-11-29 23:14:42 INFO        | CACTI output will be written to /home/juliana/venv_pytorch/share/accelergy/estimation_plug_ins/accelergy-cacti-plug-in/cacti_inputs_outputs/tmphq_5ykz6
2025-11-29 23:14:42 INFO        | CACTI executable not found at /home/juliana/venv_pytorch/share/accelergy/estimation_plug_ins/accelergy-cacti-plug-in/cacti/cacti
2025-11-29 23:14:42 INFO        | Calling: cd /home/juliana/venv_pytorch/share/accelergy/estimation_plug_ins/accelergy-cacti-plug-in ; ./cacti -infile /home/juliana/venv_pytorch/share/accelergy/estimation_plug_ins/accelergy-cacti-plug-in/cacti_inputs_outputs/tmp1_k03o8j >> /home/juliana/venv_pytorch/share/accelergy/estimation_plug_ins/accelergy-cacti-plug-in/cacti_inputs_outputs/tmphq_5ykz6 2>&1
2025-11-29 23:14:42 INFO        | Calling CACTI with cache_size=2097152 n_rw_ports=1 block_size=128 tech_node_um=0.045 n_banks=2 tag_size=0 associativity=1
2025-11-29 23:14:42 INFO        | Calling CACTI with input path /home/juliana/venv_pytorch/share/accelergy/estimation_plug_ins/accelergy-cacti-plug-in/cacti_inputs_outputs/tmpxev726jo
2025-11-29 23:14:42 INFO        | CACTI output will be written to /home/juliana/venv_pytorch/share/accelergy/estimation_plug_ins/accelergy-cacti-plug-in/cacti_inputs_outputs/tmpobgo3ed_
2025-11-29 23:14:42 INFO        | CACTI executable not found at /home/juliana/venv_pytorch/share/accelergy/estimation_plug_ins/accelergy-cacti-plug-in/cacti/cacti
2025-11-29 23:14:42 INFO        | Calling: cd /home/juliana/venv_pytorch/share/accelergy/estimation_plug_ins/accelergy-cacti-plug-in ; ./cacti -infile /home/juliana/venv_pytorch/share/accelergy/estimation_plug_ins/accelergy-cacti-plug-in/cacti_inputs_outputs/tmpxev726jo >> /home/juliana/venv_pytorch/share/accelergy/estimation_plug_ins/accelergy-cacti-plug-in/cacti_inputs_outputs/tmpobgo3ed_ 2>&1
2025-11-29 23:14:42 INFO        | Cache bandwidth: 256.0 bytes/cycle
2025-11-29 23:14:42 INFO        | Cache bandwidth: 246824558116.45712 bits/second
2025-11-29 23:14:42 INFO        
2025-11-29 23:14:42 INFO        ENERGY ESTIMATION for SRAM(depth=16384, width=1024, datawidth=16, instances=1, meshX=1, has_power_gating=False, n_banks=2, cluster_size=1, reduction_supported=True, multiple_buffering=1, min_utilization=0, allow_overbooking=False, meshY=1, technology=40nm, global_cycle_seconds=1e-09, version=0.4, action_latency_cycles=1, cycle_seconds=1e-09, n_instances=1).leak(global_cycle_seconds=1e-09, action_latency_cycles=1)
2025-11-29 23:14:45 INFO        CactiSRAM estimated 6.217340000000001e-14 with accuracy 80%. Messages:
2025-11-29 23:14:45 INFO        | Unused arguments (datawidth, instances, meshX, has_power_gating, cluster_size, reduction_supported, multiple_buffering, min_utilization, allow_overbooking, meshY, global_cycle_seconds, version, action_latency_cycles, cycle_seconds, n_instances) provided for ['SRAM', 'sram'].__init__. Arguments used: (depth, width, n_banks, technology)
2025-11-29 23:14:45 INFO        | Unused arguments (action_latency_cycles) provided for ['SRAM', 'sram'].leak. Arguments used: (global_cycle_seconds)
2025-11-29 23:14:45 INFO        | Interpolating technology between 32 and 45.
2025-11-29 23:14:45 INFO        | Calling CACTI with cache_size=2097152 n_rw_ports=1 block_size=128 tech_node_um=0.032 n_banks=2 tag_size=0 associativity=1
2025-11-29 23:14:45 INFO        | Calling CACTI with input path /home/juliana/venv_pytorch/share/accelergy/estimation_plug_ins/accelergy-cacti-plug-in/cacti_inputs_outputs/tmp50018zrr
2025-11-29 23:14:45 INFO        | CACTI output will be written to /home/juliana/venv_pytorch/share/accelergy/estimation_plug_ins/accelergy-cacti-plug-in/cacti_inputs_outputs/tmp95q9hh6t
2025-11-29 23:14:45 INFO        | CACTI executable not found at /home/juliana/venv_pytorch/share/accelergy/estimation_plug_ins/accelergy-cacti-plug-in/cacti/cacti
2025-11-29 23:14:45 INFO        | Calling: cd /home/juliana/venv_pytorch/share/accelergy/estimation_plug_ins/accelergy-cacti-plug-in ; ./cacti -infile /home/juliana/venv_pytorch/share/accelergy/estimation_plug_ins/accelergy-cacti-plug-in/cacti_inputs_outputs/tmp50018zrr >> /home/juliana/venv_pytorch/share/accelergy/estimation_plug_ins/accelergy-cacti-plug-in/cacti_inputs_outputs/tmp95q9hh6t 2>&1
2025-11-29 23:14:45 INFO        | Calling CACTI with cache_size=2097152 n_rw_ports=1 block_size=128 tech_node_um=0.045 n_banks=2 tag_size=0 associativity=1
2025-11-29 23:14:45 INFO        | Calling CACTI with input path /home/juliana/venv_pytorch/share/accelergy/estimation_plug_ins/accelergy-cacti-plug-in/cacti_inputs_outputs/tmp_6dg39tn
2025-11-29 23:14:45 INFO        | CACTI output will be written to /home/juliana/venv_pytorch/share/accelergy/estimation_plug_ins/accelergy-cacti-plug-in/cacti_inputs_outputs/tmp8wcq8l55
2025-11-29 23:14:45 INFO        | CACTI executable not found at /home/juliana/venv_pytorch/share/accelergy/estimation_plug_ins/accelergy-cacti-plug-in/cacti/cacti
2025-11-29 23:14:45 INFO        | Calling: cd /home/juliana/venv_pytorch/share/accelergy/estimation_plug_ins/accelergy-cacti-plug-in ; ./cacti -infile /home/juliana/venv_pytorch/share/accelergy/estimation_plug_ins/accelergy-cacti-plug-in/cacti_inputs_outputs/tmp_6dg39tn >> /home/juliana/venv_pytorch/share/accelergy/estimation_plug_ins/accelergy-cacti-plug-in/cacti_inputs_outputs/tmp8wcq8l55 2>&1
2025-11-29 23:14:45 INFO        | Cache bandwidth: 256.0 bytes/cycle
2025-11-29 23:14:45 INFO        | Cache bandwidth: 246824558116.45712 bits/second
2025-11-29 23:14:45 INFO        | Global cycle time 1e-09 is less than the cache's random cycle time 8.29739153846154e-09
2025-11-29 23:14:45 INFO        | Multiplying by n_instances 1
2025-11-29 23:14:45 INFO        
2025-11-29 23:14:45 INFO        ENERGY ESTIMATION for SRAM(depth=16384, width=1024, datawidth=16, instances=1, meshX=1, has_power_gating=False, n_banks=2, cluster_size=1, reduction_supported=True, multiple_buffering=1, min_utilization=0, allow_overbooking=False, meshY=1, technology=40nm, global_cycle_seconds=1e-09, version=0.4, action_latency_cycles=1, cycle_seconds=1e-09, n_instances=1).update(global_cycle_seconds=1e-09, action_latency_cycles=1)
2025-11-29 23:14:47 INFO        CactiSRAM estimated 1.0034984615384617e-09 with accuracy 80%. Messages:
2025-11-29 23:14:47 INFO        | Unused arguments (datawidth, instances, meshX, has_power_gating, cluster_size, reduction_supported, multiple_buffering, min_utilization, allow_overbooking, meshY, global_cycle_seconds, version, action_latency_cycles, cycle_seconds, n_instances) provided for ['SRAM', 'sram'].__init__. Arguments used: (depth, width, n_banks, technology)
2025-11-29 23:14:47 INFO        | Unused arguments (global_cycle_seconds, action_latency_cycles) provided for ['SRAM', 'sram'].update. Arguments used: ()
2025-11-29 23:14:47 INFO        | Interpolating technology between 32 and 45.
2025-11-29 23:14:47 INFO        | Calling CACTI with cache_size=2097152 n_rw_ports=1 block_size=128 tech_node_um=0.032 n_banks=2 tag_size=0 associativity=1
2025-11-29 23:14:47 INFO        | Calling CACTI with input path /home/juliana/venv_pytorch/share/accelergy/estimation_plug_ins/accelergy-cacti-plug-in/cacti_inputs_outputs/tmpmix3m0c_
2025-11-29 23:14:47 INFO        | CACTI output will be written to /home/juliana/venv_pytorch/share/accelergy/estimation_plug_ins/accelergy-cacti-plug-in/cacti_inputs_outputs/tmpt9b100q1
2025-11-29 23:14:47 INFO        | CACTI executable not found at /home/juliana/venv_pytorch/share/accelergy/estimation_plug_ins/accelergy-cacti-plug-in/cacti/cacti
2025-11-29 23:14:47 INFO        | Calling: cd /home/juliana/venv_pytorch/share/accelergy/estimation_plug_ins/accelergy-cacti-plug-in ; ./cacti -infile /home/juliana/venv_pytorch/share/accelergy/estimation_plug_ins/accelergy-cacti-plug-in/cacti_inputs_outputs/tmpmix3m0c_ >> /home/juliana/venv_pytorch/share/accelergy/estimation_plug_ins/accelergy-cacti-plug-in/cacti_inputs_outputs/tmpt9b100q1 2>&1
2025-11-29 23:14:47 INFO        | Calling CACTI with cache_size=2097152 n_rw_ports=1 block_size=128 tech_node_um=0.045 n_banks=2 tag_size=0 associativity=1
2025-11-29 23:14:47 INFO        | Calling CACTI with input path /home/juliana/venv_pytorch/share/accelergy/estimation_plug_ins/accelergy-cacti-plug-in/cacti_inputs_outputs/tmprjx4p_ld
2025-11-29 23:14:47 INFO        | CACTI output will be written to /home/juliana/venv_pytorch/share/accelergy/estimation_plug_ins/accelergy-cacti-plug-in/cacti_inputs_outputs/tmpjtaw50ad
2025-11-29 23:14:47 INFO        | CACTI executable not found at /home/juliana/venv_pytorch/share/accelergy/estimation_plug_ins/accelergy-cacti-plug-in/cacti/cacti
2025-11-29 23:14:47 INFO        | Calling: cd /home/juliana/venv_pytorch/share/accelergy/estimation_plug_ins/accelergy-cacti-plug-in ; ./cacti -infile /home/juliana/venv_pytorch/share/accelergy/estimation_plug_ins/accelergy-cacti-plug-in/cacti_inputs_outputs/tmprjx4p_ld >> /home/juliana/venv_pytorch/share/accelergy/estimation_plug_ins/accelergy-cacti-plug-in/cacti_inputs_outputs/tmpjtaw50ad 2>&1
2025-11-29 23:14:47 INFO        | Cache bandwidth: 256.0 bytes/cycle
2025-11-29 23:14:47 INFO        | Cache bandwidth: 246824558116.45712 bits/second
2025-11-29 23:14:47 INFO        
2025-11-29 23:14:47 INFO        ENERGY ESTIMATION for regfile(depth=1, width=32, datawidth=16, has_power_gating=False, n_banks=2, cluster_size=1, reduction_supported=True, multiple_buffering=1, min_utilization=0, allow_overbooking=False, meshX=16, meshY=1, technology=40nm, global_cycle_seconds=1e-09, spatial={'meshX': 32}, version=0.4, action_latency_cycles=1, cycle_seconds=1e-09, n_instances=1).read(global_cycle_seconds=1e-09, action_latency_cycles=1)
2025-11-29 23:14:47 INFO        Aladdin_table estimated 0.009p with accuracy 70%. 
2025-11-29 23:14:47 INFO        
2025-11-29 23:14:47 INFO        ENERGY ESTIMATION for regfile(depth=1, width=32, datawidth=16, has_power_gating=False, n_banks=2, cluster_size=1, reduction_supported=True, multiple_buffering=1, min_utilization=0, allow_overbooking=False, meshX=16, meshY=1, technology=40nm, global_cycle_seconds=1e-09, spatial={'meshX': 32}, version=0.4, action_latency_cycles=1, cycle_seconds=1e-09, n_instances=1).write(global_cycle_seconds=1e-09, action_latency_cycles=1)
2025-11-29 23:14:47 INFO        Aladdin_table estimated 0.009p with accuracy 70%. 
2025-11-29 23:14:47 INFO        
2025-11-29 23:14:47 INFO        ENERGY ESTIMATION for regfile(depth=1, width=32, datawidth=16, has_power_gating=False, n_banks=2, cluster_size=1, reduction_supported=True, multiple_buffering=1, min_utilization=0, allow_overbooking=False, meshX=16, meshY=1, technology=40nm, global_cycle_seconds=1e-09, spatial={'meshX': 32}, version=0.4, action_latency_cycles=1, cycle_seconds=1e-09, n_instances=1).leak(global_cycle_seconds=1e-09, action_latency_cycles=1)
2025-11-29 23:14:47 INFO        Aladdin_table estimated 7e-05p with accuracy 70%. Messages:
2025-11-29 23:14:47 INFO        | Multiplying by n_instances 1
2025-11-29 23:14:47 INFO        
2025-11-29 23:14:47 INFO        ENERGY ESTIMATION for regfile(depth=1, width=32, datawidth=16, has_power_gating=False, n_banks=2, cluster_size=1, reduction_supported=True, multiple_buffering=1, min_utilization=0, allow_overbooking=False, meshX=16, meshY=1, technology=40nm, global_cycle_seconds=1e-09, spatial={'meshX': 32}, version=0.4, action_latency_cycles=1, cycle_seconds=1e-09, n_instances=1).update(global_cycle_seconds=1e-09, action_latency_cycles=1)
2025-11-29 23:14:47 INFO        Aladdin_table estimated 0.009p with accuracy 70%. 
2025-11-29 23:14:47 INFO        
2025-11-29 23:14:47 INFO        ENERGY ESTIMATION for intmac(width=16, datawidth=16, has_power_gating=False, meshX=32, meshY=1, technology=40nm, global_cycle_seconds=1e-09, spatial={'meshX': 32}, version=0.4, action_latency_cycles=1, cycle_seconds=1e-09, n_instances=1).compute(global_cycle_seconds=1e-09, action_latency_cycles=1)
2025-11-29 23:14:47 INFO        Aladdin_table estimated 3.275p with accuracy 70%. 
2025-11-29 23:14:47 WARNING     No action counts are specified as yaml input
2025-11-29 23:14:47 INFO        
2025-11-29 23:14:47 INFO        AREA ESTIMATION for SRAM(depth=16384, width=1024, datawidth=16, instances=1, meshX=1, has_power_gating=False, n_banks=2, cluster_size=1, reduction_supported=True, multiple_buffering=1, min_utilization=0, allow_overbooking=False, meshY=1, technology=40nm, global_cycle_seconds=1e-09, version=0.4, action_latency_cycles=1, cycle_seconds=1e-09, n_instances=1)
2025-11-29 23:14:49 INFO        CactiSRAM estimated 7.617915384615384e-06 with accuracy 80%. Messages:
2025-11-29 23:14:49 INFO        | Unused arguments (datawidth, instances, meshX, has_power_gating, cluster_size, reduction_supported, multiple_buffering, min_utilization, allow_overbooking, meshY, global_cycle_seconds, version, action_latency_cycles, cycle_seconds, n_instances) provided for ['SRAM', 'sram'].__init__. Arguments used: (depth, width, n_banks, technology)
2025-11-29 23:14:49 INFO        | Interpolating technology between 32 and 45.
2025-11-29 23:14:49 INFO        | Calling CACTI with cache_size=2097152 n_rw_ports=1 block_size=128 tech_node_um=0.032 n_banks=2 tag_size=0 associativity=1
2025-11-29 23:14:49 INFO        | Calling CACTI with input path /home/juliana/venv_pytorch/share/accelergy/estimation_plug_ins/accelergy-cacti-plug-in/cacti_inputs_outputs/tmp871r4f3_
2025-11-29 23:14:49 INFO        | CACTI output will be written to /home/juliana/venv_pytorch/share/accelergy/estimation_plug_ins/accelergy-cacti-plug-in/cacti_inputs_outputs/tmp3vl7jqxa
2025-11-29 23:14:49 INFO        | CACTI executable not found at /home/juliana/venv_pytorch/share/accelergy/estimation_plug_ins/accelergy-cacti-plug-in/cacti/cacti
2025-11-29 23:14:49 INFO        | Calling: cd /home/juliana/venv_pytorch/share/accelergy/estimation_plug_ins/accelergy-cacti-plug-in ; ./cacti -infile /home/juliana/venv_pytorch/share/accelergy/estimation_plug_ins/accelergy-cacti-plug-in/cacti_inputs_outputs/tmp871r4f3_ >> /home/juliana/venv_pytorch/share/accelergy/estimation_plug_ins/accelergy-cacti-plug-in/cacti_inputs_outputs/tmp3vl7jqxa 2>&1
2025-11-29 23:14:49 INFO        | Calling CACTI with cache_size=2097152 n_rw_ports=1 block_size=128 tech_node_um=0.045 n_banks=2 tag_size=0 associativity=1
2025-11-29 23:14:49 INFO        | Calling CACTI with input path /home/juliana/venv_pytorch/share/accelergy/estimation_plug_ins/accelergy-cacti-plug-in/cacti_inputs_outputs/tmpj8oait3i
2025-11-29 23:14:49 INFO        | CACTI output will be written to /home/juliana/venv_pytorch/share/accelergy/estimation_plug_ins/accelergy-cacti-plug-in/cacti_inputs_outputs/tmp98vlr4g3
2025-11-29 23:14:49 INFO        | CACTI executable not found at /home/juliana/venv_pytorch/share/accelergy/estimation_plug_ins/accelergy-cacti-plug-in/cacti/cacti
2025-11-29 23:14:49 INFO        | Calling: cd /home/juliana/venv_pytorch/share/accelergy/estimation_plug_ins/accelergy-cacti-plug-in ; ./cacti -infile /home/juliana/venv_pytorch/share/accelergy/estimation_plug_ins/accelergy-cacti-plug-in/cacti_inputs_outputs/tmpj8oait3i >> /home/juliana/venv_pytorch/share/accelergy/estimation_plug_ins/accelergy-cacti-plug-in/cacti_inputs_outputs/tmp98vlr4g3 2>&1
2025-11-29 23:14:49 INFO        | Cache bandwidth: 256.0 bytes/cycle
2025-11-29 23:14:49 INFO        | Cache bandwidth: 246824558116.45712 bits/second
2025-11-29 23:14:49 INFO        | Multiplying by n_instances 1
2025-11-29 23:14:49 INFO        
2025-11-29 23:14:49 INFO        AREA ESTIMATION for dummy_storage(width=1, depth=1, datawidth=1, technology=-1, has_power_gating=False, n_banks=2, cluster_size=1, reduction_supported=True, multiple_buffering=1, min_utilization=0, allow_overbooking=False, meshX=1, meshY=1, global_cycle_seconds=1e-09, spatial={'meshX': 32}, version=0.4, action_latency_cycles=1, cycle_seconds=1e-09, n_instances=1)
2025-11-29 23:14:49 INFO        dummy estimated 1u^2 with accuracy 100%. Messages:
2025-11-29 23:14:49 INFO        | Multiplying by n_instances 1
2025-11-29 23:14:49 INFO        
2025-11-29 23:14:49 INFO        AREA ESTIMATION for regfile(depth=1, width=32, datawidth=16, has_power_gating=False, n_banks=2, cluster_size=1, reduction_supported=True, multiple_buffering=1, min_utilization=0, allow_overbooking=False, meshX=16, meshY=1, technology=40nm, global_cycle_seconds=1e-09, spatial={'meshX': 32}, version=0.4, action_latency_cycles=1, cycle_seconds=1e-09, n_instances=1)
2025-11-29 23:14:49 INFO        Aladdin_table estimated 5.98u^2 with accuracy 70%. Messages:
2025-11-29 23:14:49 INFO        | Multiplying by n_instances 1
2025-11-29 23:14:49 INFO        
2025-11-29 23:14:49 INFO        AREA ESTIMATION for dummy_storage(width=1, depth=1, datawidth=1, technology=-1, has_power_gating=False, n_banks=2, cluster_size=1, reduction_supported=True, multiple_buffering=1, min_utilization=0, allow_overbooking=False, meshX=16, meshY=1, global_cycle_seconds=1e-09, spatial={'meshX': 32}, version=0.4, action_latency_cycles=1, cycle_seconds=1e-09, n_instances=1)
2025-11-29 23:14:49 INFO        dummy estimated 1u^2 with accuracy 100%. Messages:
2025-11-29 23:14:49 INFO        | Multiplying by n_instances 1
2025-11-29 23:14:49 INFO        
2025-11-29 23:14:49 INFO        AREA ESTIMATION for intmac(width=16, datawidth=16, has_power_gating=False, meshX=32, meshY=1, technology=40nm, global_cycle_seconds=1e-09, spatial={'meshX': 32}, version=0.4, action_latency_cycles=1, cycle_seconds=1e-09, n_instances=1)
2025-11-29 23:14:49 INFO        Aladdin_table estimated 1726.5u^2 with accuracy 70%. Messages:
2025-11-29 23:14:49 INFO        | Multiplying by n_instances 1
2025-11-29 23:14:49 INFO        flattened architecture is saved to:
2025-11-29 23:14:49 INFO        ./timeloop-mapper.flattened_architecture.yaml
2025-11-29 23:14:49 INFO        energy reference table is saved to:
2025-11-29 23:14:49 INFO        ./timeloop-mapper.ERT.yaml
2025-11-29 23:14:49 INFO        energy reference table summary is saved to:
2025-11-29 23:14:49 INFO        ./timeloop-mapper.ERT_summary.yaml
2025-11-29 23:14:49 WARNING     no runtime energy estimations are generated... not generating energy_estimation.yaml
2025-11-29 23:14:49 INFO        area reference table is saved to:
2025-11-29 23:14:49 INFO        ./timeloop-mapper.ART.yaml
2025-11-29 23:14:49 INFO        area reference table summary is saved to:
2025-11-29 23:14:49 INFO        ./timeloop-mapper.ART_summary.yaml
