2025-12-03 16:09:58 INFO            _                _                      
2025-12-03 16:09:58 INFO           / \   ___ ___ ___| | ___ _ __ __ _ _   _ 
2025-12-03 16:09:58 INFO          / _ \ / __/ __/ _ \ |/ _ \ '__/ _` | | | |
2025-12-03 16:09:58 INFO         / ___ \ (_| (_|  __/ |  __/ | | (_| | |_| |
2025-12-03 16:09:58 INFO        /_/   \_\___\___\___|_|\___|_|  \__, |\__, |
2025-12-03 16:09:58 INFO                                        |___/ |___/ 
2025-12-03 16:09:58 INFO        generating outputs according to the following specified output flags... 
2025-12-03 16:09:58 INFO         Please use the -f flag to update the preference (default to all output files)
2025-12-03 16:09:58 INFO        {'ERT': 1, 'ERT_summary': 1, 'ART': 1, 'ART_summary': 1, 'energy_estimation': 1, 'flattened_arch': 1}
2025-12-03 16:09:58 INFO        Located config file at /home/juliana/.config/accelergy/accelergy_config.yaml.
2025-12-03 16:09:58 INFO        config file located:
2025-12-03 16:09:58 INFO        /home/juliana/.config/accelergy/accelergy_config.yaml
2025-12-03 16:09:58 INFO        Parsing file /home/juliana/Topicos-Especiais-XII/trabalho_final/timeloop/dse_pe_mac_width/outputs/2_neurons_4_macs_16_width/parsed-processed-input.yaml for architecture info
2025-12-03 16:09:58 INFO        Parsing file /home/juliana/Topicos-Especiais-XII/trabalho_final/timeloop/dse_pe_mac_width/outputs/2_neurons_4_macs_16_width/parsed-processed-input.yaml for compound_components info
2025-12-03 16:09:58 WARNING     No compound component classes specified, architecture can only contain primitive components
2025-12-03 16:09:58 INFO        Adding required action "write" to class SRAM
2025-12-03 16:09:58 INFO        Adding required action "read" to class SRAM
2025-12-03 16:09:58 INFO        Adding required action "update" to class SRAM
2025-12-03 16:09:58 INFO        Adding required action "leak" to class SRAM
2025-12-03 16:09:58 INFO        Adding required action "write" to class regfile
2025-12-03 16:09:58 INFO        Adding required action "read" to class regfile
2025-12-03 16:09:58 INFO        Adding required action "update" to class regfile
2025-12-03 16:09:58 INFO        Adding required action "leak" to class regfile
2025-12-03 16:09:58 INFO        Adding required action "compute" to class intmac
2025-12-03 16:09:58 INFO        Estimator plug-in identified by: /home/juliana/venv_pytorch/share/accelergy/estimation_plug_ins/accelergy-adc-plug-in/adc.estimator.yaml
2025-12-03 16:09:58 INFO        Estimator plug-in identified by: /home/juliana/venv_pytorch/share/accelergy/estimation_plug_ins/accelergy-table-based-plug-ins/table.estimator.yaml
2025-12-03 16:09:58 INFO        Estimator plug-in identified by: /home/juliana/venv_pytorch/share/accelergy/estimation_plug_ins/accelergy-library-plugin/library.estimator.yaml
2025-12-03 16:09:58 INFO        Estimator plug-in identified by: /home/juliana/venv_pytorch/share/accelergy/estimation_plug_ins/dummy_tables/dummy.estimator.yaml
2025-12-03 16:09:58 INFO        Estimator plug-in identified by: /home/juliana/venv_pytorch/share/accelergy/estimation_plug_ins/accelergy-neurosim-plugin/neurosim.estimator.yaml
2025-12-03 16:09:59 INFO        Estimator plug-in identified by: /home/juliana/venv_pytorch/share/accelergy/estimation_plug_ins/accelergy-aladdin-plug-in/aladdin.estimator.yaml
2025-12-03 16:09:59 INFO        Estimator plug-in identified by: /home/juliana/venv_pytorch/share/accelergy/estimation_plug_ins/accelergy-cacti-plug-in/cacti.estimator.yaml
2025-12-03 16:09:59 INFO        Loading Python plug-in: /home/juliana/venv_pytorch/share/accelergy/estimation_plug_ins/accelergy-cacti-plug-in/cacti_wrapper.py. Errors below are likely due to plug-in, not Accelergy.
2025-12-03 16:09:59 INFO        Getting all estimators in module <module 'python_plug_in0' from '/home/juliana/venv_pytorch/share/accelergy/estimation_plug_ins/accelergy-cacti-plug-in/cacti_wrapper.py'>
2025-12-03 16:09:59 INFO        Added estimator CactiCache that estimates cache with actions idle, read, read_access, update, update_access, write, write_access, leak
2025-12-03 16:09:59 INFO        Added estimator CactiDRAM that estimates ['DRAM', 'dram'] with actions idle, read, update, write, leak
2025-12-03 16:09:59 INFO        Added estimator CactiSRAM that estimates ['SRAM', 'sram'] with actions idle, read, update, write, leak
2025-12-03 16:09:59 INFO        Done loading Python plug-ins.
2025-12-03 16:09:59 INFO        Found estimator plug-in: ADC Plug-In (<ADCEstimator.ADCEstimator object at 0x72b4cd8a7f50>)
2025-12-03 16:09:59 INFO        Found estimator plug-in: DEPRECATED table-based-plug-ins. Use the Library plug-in instead. (<SetsOfTables.SetsOfTables object at 0x72b4cda51df0>)
2025-12-03 16:09:59 INFO        Found estimator plug-in: Library (<LibraryEstimator.LibraryEstimator object at 0x72b4cda77b90>)
2025-12-03 16:09:59 INFO        Found estimator plug-in: dummy (<DummyTable.DummyTable object at 0x72b4cd8a57c0>)
2025-12-03 16:09:59 INFO        Found estimator plug-in: Neurosim Plug-In (<NeuroWrapper.NeuroWrapper object at 0x72b4ce7e1520>)
2025-12-03 16:09:59 INFO        Found estimator plug-in: Aladdin_table (<AladdinTable.AladdinTable object at 0x72b4cd92ef60>)
2025-12-03 16:09:59 INFO        Found estimator plug-in: CactiCache (<accelergy.plug_in_interface.estimator_wrapper.EstimatorWrapper object at 0x72b4cd8e5af0>)
2025-12-03 16:09:59 INFO        Found estimator plug-in: CactiDRAM (<accelergy.plug_in_interface.estimator_wrapper.EstimatorWrapper object at 0x72b4cda77050>)
2025-12-03 16:09:59 INFO        Found estimator plug-in: CactiSRAM (<accelergy.plug_in_interface.estimator_wrapper.EstimatorWrapper object at 0x72b4cd92fad0>)
2025-12-03 16:09:59 INFO        
2025-12-03 16:09:59 INFO        ENERGY ESTIMATION for SRAM(depth=16384, width=256, datawidth=16, instances=1, meshX=1, has_power_gating=False, n_banks=2, cluster_size=1, reduction_supported=True, multiple_buffering=1, min_utilization=0, allow_overbooking=False, meshY=1, technology=40nm, global_cycle_seconds=1e-09, version=0.4, action_latency_cycles=1, cycle_seconds=1e-09, n_instances=1).write(global_cycle_seconds=1e-09, action_latency_cycles=1)
2025-12-03 16:10:00 INFO        CactiSRAM estimated 1.3081765384615386e-10 with accuracy 80%. Messages:
2025-12-03 16:10:00 INFO        | Unused arguments (datawidth, instances, meshX, has_power_gating, cluster_size, reduction_supported, multiple_buffering, min_utilization, allow_overbooking, meshY, global_cycle_seconds, version, action_latency_cycles, cycle_seconds, n_instances) provided for ['SRAM', 'sram'].__init__. Arguments used: (depth, width, n_banks, technology)
2025-12-03 16:10:00 INFO        | Unused arguments (global_cycle_seconds, action_latency_cycles) provided for ['SRAM', 'sram'].write. Arguments used: ()
2025-12-03 16:10:00 INFO        | Interpolating technology between 32 and 45.
2025-12-03 16:10:00 INFO        | Calling CACTI with cache_size=524288 n_rw_ports=1 block_size=32 tech_node_um=0.032 n_banks=2 tag_size=0 associativity=1
2025-12-03 16:10:00 INFO        | Calling CACTI with input path /home/juliana/venv_pytorch/share/accelergy/estimation_plug_ins/accelergy-cacti-plug-in/cacti_inputs_outputs/tmpv0sk1v43
2025-12-03 16:10:00 INFO        | CACTI output will be written to /home/juliana/venv_pytorch/share/accelergy/estimation_plug_ins/accelergy-cacti-plug-in/cacti_inputs_outputs/tmp3vouxi99
2025-12-03 16:10:00 INFO        | CACTI executable not found at /home/juliana/venv_pytorch/share/accelergy/estimation_plug_ins/accelergy-cacti-plug-in/cacti/cacti
2025-12-03 16:10:00 INFO        | Calling: cd /home/juliana/venv_pytorch/share/accelergy/estimation_plug_ins/accelergy-cacti-plug-in ; ./cacti -infile /home/juliana/venv_pytorch/share/accelergy/estimation_plug_ins/accelergy-cacti-plug-in/cacti_inputs_outputs/tmpv0sk1v43 >> /home/juliana/venv_pytorch/share/accelergy/estimation_plug_ins/accelergy-cacti-plug-in/cacti_inputs_outputs/tmp3vouxi99 2>&1
2025-12-03 16:10:00 INFO        | Calling CACTI with cache_size=524288 n_rw_ports=1 block_size=32 tech_node_um=0.045 n_banks=2 tag_size=0 associativity=1
2025-12-03 16:10:00 INFO        | Calling CACTI with input path /home/juliana/venv_pytorch/share/accelergy/estimation_plug_ins/accelergy-cacti-plug-in/cacti_inputs_outputs/tmpo0d_f914
2025-12-03 16:10:00 INFO        | CACTI output will be written to /home/juliana/venv_pytorch/share/accelergy/estimation_plug_ins/accelergy-cacti-plug-in/cacti_inputs_outputs/tmpj7f5m5if
2025-12-03 16:10:00 INFO        | CACTI executable not found at /home/juliana/venv_pytorch/share/accelergy/estimation_plug_ins/accelergy-cacti-plug-in/cacti/cacti
2025-12-03 16:10:00 INFO        | Calling: cd /home/juliana/venv_pytorch/share/accelergy/estimation_plug_ins/accelergy-cacti-plug-in ; ./cacti -infile /home/juliana/venv_pytorch/share/accelergy/estimation_plug_ins/accelergy-cacti-plug-in/cacti_inputs_outputs/tmpo0d_f914 >> /home/juliana/venv_pytorch/share/accelergy/estimation_plug_ins/accelergy-cacti-plug-in/cacti_inputs_outputs/tmpj7f5m5if 2>&1
2025-12-03 16:10:00 INFO        | Cache bandwidth: 64.0 bytes/cycle
2025-12-03 16:10:00 INFO        | Cache bandwidth: 160404945369.29526 bits/second
2025-12-03 16:10:00 INFO        
2025-12-03 16:10:00 INFO        ENERGY ESTIMATION for SRAM(depth=16384, width=256, datawidth=16, instances=1, meshX=1, has_power_gating=False, n_banks=2, cluster_size=1, reduction_supported=True, multiple_buffering=1, min_utilization=0, allow_overbooking=False, meshY=1, technology=40nm, global_cycle_seconds=1e-09, version=0.4, action_latency_cycles=1, cycle_seconds=1e-09, n_instances=1).read(global_cycle_seconds=1e-09, action_latency_cycles=1)
2025-12-03 16:10:01 INFO        CactiSRAM estimated 1.3716419230769233e-10 with accuracy 80%. Messages:
2025-12-03 16:10:01 INFO        | Unused arguments (datawidth, instances, meshX, has_power_gating, cluster_size, reduction_supported, multiple_buffering, min_utilization, allow_overbooking, meshY, global_cycle_seconds, version, action_latency_cycles, cycle_seconds, n_instances) provided for ['SRAM', 'sram'].__init__. Arguments used: (depth, width, n_banks, technology)
2025-12-03 16:10:01 INFO        | Unused arguments (global_cycle_seconds, action_latency_cycles) provided for ['SRAM', 'sram'].read. Arguments used: ()
2025-12-03 16:10:01 INFO        | Interpolating technology between 32 and 45.
2025-12-03 16:10:01 INFO        | Calling CACTI with cache_size=524288 n_rw_ports=1 block_size=32 tech_node_um=0.032 n_banks=2 tag_size=0 associativity=1
2025-12-03 16:10:01 INFO        | Calling CACTI with input path /home/juliana/venv_pytorch/share/accelergy/estimation_plug_ins/accelergy-cacti-plug-in/cacti_inputs_outputs/tmpdzixwaca
2025-12-03 16:10:01 INFO        | CACTI output will be written to /home/juliana/venv_pytorch/share/accelergy/estimation_plug_ins/accelergy-cacti-plug-in/cacti_inputs_outputs/tmpo03n4eo0
2025-12-03 16:10:01 INFO        | CACTI executable not found at /home/juliana/venv_pytorch/share/accelergy/estimation_plug_ins/accelergy-cacti-plug-in/cacti/cacti
2025-12-03 16:10:01 INFO        | Calling: cd /home/juliana/venv_pytorch/share/accelergy/estimation_plug_ins/accelergy-cacti-plug-in ; ./cacti -infile /home/juliana/venv_pytorch/share/accelergy/estimation_plug_ins/accelergy-cacti-plug-in/cacti_inputs_outputs/tmpdzixwaca >> /home/juliana/venv_pytorch/share/accelergy/estimation_plug_ins/accelergy-cacti-plug-in/cacti_inputs_outputs/tmpo03n4eo0 2>&1
2025-12-03 16:10:01 INFO        | Calling CACTI with cache_size=524288 n_rw_ports=1 block_size=32 tech_node_um=0.045 n_banks=2 tag_size=0 associativity=1
2025-12-03 16:10:01 INFO        | Calling CACTI with input path /home/juliana/venv_pytorch/share/accelergy/estimation_plug_ins/accelergy-cacti-plug-in/cacti_inputs_outputs/tmppiq5yaos
2025-12-03 16:10:01 INFO        | CACTI output will be written to /home/juliana/venv_pytorch/share/accelergy/estimation_plug_ins/accelergy-cacti-plug-in/cacti_inputs_outputs/tmpf8oj_0tw
2025-12-03 16:10:01 INFO        | CACTI executable not found at /home/juliana/venv_pytorch/share/accelergy/estimation_plug_ins/accelergy-cacti-plug-in/cacti/cacti
2025-12-03 16:10:01 INFO        | Calling: cd /home/juliana/venv_pytorch/share/accelergy/estimation_plug_ins/accelergy-cacti-plug-in ; ./cacti -infile /home/juliana/venv_pytorch/share/accelergy/estimation_plug_ins/accelergy-cacti-plug-in/cacti_inputs_outputs/tmppiq5yaos >> /home/juliana/venv_pytorch/share/accelergy/estimation_plug_ins/accelergy-cacti-plug-in/cacti_inputs_outputs/tmpf8oj_0tw 2>&1
2025-12-03 16:10:01 INFO        | Cache bandwidth: 64.0 bytes/cycle
2025-12-03 16:10:01 INFO        | Cache bandwidth: 160404945369.29526 bits/second
2025-12-03 16:10:01 INFO        
2025-12-03 16:10:01 INFO        ENERGY ESTIMATION for SRAM(depth=16384, width=256, datawidth=16, instances=1, meshX=1, has_power_gating=False, n_banks=2, cluster_size=1, reduction_supported=True, multiple_buffering=1, min_utilization=0, allow_overbooking=False, meshY=1, technology=40nm, global_cycle_seconds=1e-09, version=0.4, action_latency_cycles=1, cycle_seconds=1e-09, n_instances=1).update(global_cycle_seconds=1e-09, action_latency_cycles=1)
2025-12-03 16:10:03 INFO        CactiSRAM estimated 1.3081765384615386e-10 with accuracy 80%. Messages:
2025-12-03 16:10:03 INFO        | Unused arguments (datawidth, instances, meshX, has_power_gating, cluster_size, reduction_supported, multiple_buffering, min_utilization, allow_overbooking, meshY, global_cycle_seconds, version, action_latency_cycles, cycle_seconds, n_instances) provided for ['SRAM', 'sram'].__init__. Arguments used: (depth, width, n_banks, technology)
2025-12-03 16:10:03 INFO        | Unused arguments (global_cycle_seconds, action_latency_cycles) provided for ['SRAM', 'sram'].update. Arguments used: ()
2025-12-03 16:10:03 INFO        | Interpolating technology between 32 and 45.
2025-12-03 16:10:03 INFO        | Calling CACTI with cache_size=524288 n_rw_ports=1 block_size=32 tech_node_um=0.032 n_banks=2 tag_size=0 associativity=1
2025-12-03 16:10:03 INFO        | Calling CACTI with input path /home/juliana/venv_pytorch/share/accelergy/estimation_plug_ins/accelergy-cacti-plug-in/cacti_inputs_outputs/tmpto99n6ep
2025-12-03 16:10:03 INFO        | CACTI output will be written to /home/juliana/venv_pytorch/share/accelergy/estimation_plug_ins/accelergy-cacti-plug-in/cacti_inputs_outputs/tmp5xw0v17z
2025-12-03 16:10:03 INFO        | CACTI executable not found at /home/juliana/venv_pytorch/share/accelergy/estimation_plug_ins/accelergy-cacti-plug-in/cacti/cacti
2025-12-03 16:10:03 INFO        | Calling: cd /home/juliana/venv_pytorch/share/accelergy/estimation_plug_ins/accelergy-cacti-plug-in ; ./cacti -infile /home/juliana/venv_pytorch/share/accelergy/estimation_plug_ins/accelergy-cacti-plug-in/cacti_inputs_outputs/tmpto99n6ep >> /home/juliana/venv_pytorch/share/accelergy/estimation_plug_ins/accelergy-cacti-plug-in/cacti_inputs_outputs/tmp5xw0v17z 2>&1
2025-12-03 16:10:03 INFO        | Calling CACTI with cache_size=524288 n_rw_ports=1 block_size=32 tech_node_um=0.045 n_banks=2 tag_size=0 associativity=1
2025-12-03 16:10:03 INFO        | Calling CACTI with input path /home/juliana/venv_pytorch/share/accelergy/estimation_plug_ins/accelergy-cacti-plug-in/cacti_inputs_outputs/tmpmo5yafle
2025-12-03 16:10:03 INFO        | CACTI output will be written to /home/juliana/venv_pytorch/share/accelergy/estimation_plug_ins/accelergy-cacti-plug-in/cacti_inputs_outputs/tmpx8cl5p45
2025-12-03 16:10:03 INFO        | CACTI executable not found at /home/juliana/venv_pytorch/share/accelergy/estimation_plug_ins/accelergy-cacti-plug-in/cacti/cacti
2025-12-03 16:10:03 INFO        | Calling: cd /home/juliana/venv_pytorch/share/accelergy/estimation_plug_ins/accelergy-cacti-plug-in ; ./cacti -infile /home/juliana/venv_pytorch/share/accelergy/estimation_plug_ins/accelergy-cacti-plug-in/cacti_inputs_outputs/tmpmo5yafle >> /home/juliana/venv_pytorch/share/accelergy/estimation_plug_ins/accelergy-cacti-plug-in/cacti_inputs_outputs/tmpx8cl5p45 2>&1
2025-12-03 16:10:03 INFO        | Cache bandwidth: 64.0 bytes/cycle
2025-12-03 16:10:03 INFO        | Cache bandwidth: 160404945369.29526 bits/second
2025-12-03 16:10:03 INFO        
2025-12-03 16:10:03 INFO        ENERGY ESTIMATION for SRAM(depth=16384, width=256, datawidth=16, instances=1, meshX=1, has_power_gating=False, n_banks=2, cluster_size=1, reduction_supported=True, multiple_buffering=1, min_utilization=0, allow_overbooking=False, meshY=1, technology=40nm, global_cycle_seconds=1e-09, version=0.4, action_latency_cycles=1, cycle_seconds=1e-09, n_instances=1).leak(global_cycle_seconds=1e-09, action_latency_cycles=1)
2025-12-03 16:10:04 INFO        CactiSRAM estimated 1.5823366153846158e-14 with accuracy 80%. Messages:
2025-12-03 16:10:04 INFO        | Unused arguments (datawidth, instances, meshX, has_power_gating, cluster_size, reduction_supported, multiple_buffering, min_utilization, allow_overbooking, meshY, global_cycle_seconds, version, action_latency_cycles, cycle_seconds, n_instances) provided for ['SRAM', 'sram'].__init__. Arguments used: (depth, width, n_banks, technology)
2025-12-03 16:10:04 INFO        | Unused arguments (action_latency_cycles) provided for ['SRAM', 'sram'].leak. Arguments used: (global_cycle_seconds)
2025-12-03 16:10:04 INFO        | Interpolating technology between 32 and 45.
2025-12-03 16:10:04 INFO        | Calling CACTI with cache_size=524288 n_rw_ports=1 block_size=32 tech_node_um=0.032 n_banks=2 tag_size=0 associativity=1
2025-12-03 16:10:04 INFO        | Calling CACTI with input path /home/juliana/venv_pytorch/share/accelergy/estimation_plug_ins/accelergy-cacti-plug-in/cacti_inputs_outputs/tmp4txwk5ad
2025-12-03 16:10:04 INFO        | CACTI output will be written to /home/juliana/venv_pytorch/share/accelergy/estimation_plug_ins/accelergy-cacti-plug-in/cacti_inputs_outputs/tmpkk0dxdtr
2025-12-03 16:10:04 INFO        | CACTI executable not found at /home/juliana/venv_pytorch/share/accelergy/estimation_plug_ins/accelergy-cacti-plug-in/cacti/cacti
2025-12-03 16:10:04 INFO        | Calling: cd /home/juliana/venv_pytorch/share/accelergy/estimation_plug_ins/accelergy-cacti-plug-in ; ./cacti -infile /home/juliana/venv_pytorch/share/accelergy/estimation_plug_ins/accelergy-cacti-plug-in/cacti_inputs_outputs/tmp4txwk5ad >> /home/juliana/venv_pytorch/share/accelergy/estimation_plug_ins/accelergy-cacti-plug-in/cacti_inputs_outputs/tmpkk0dxdtr 2>&1
2025-12-03 16:10:04 INFO        | Calling CACTI with cache_size=524288 n_rw_ports=1 block_size=32 tech_node_um=0.045 n_banks=2 tag_size=0 associativity=1
2025-12-03 16:10:04 INFO        | Calling CACTI with input path /home/juliana/venv_pytorch/share/accelergy/estimation_plug_ins/accelergy-cacti-plug-in/cacti_inputs_outputs/tmpe5xbb97n
2025-12-03 16:10:04 INFO        | CACTI output will be written to /home/juliana/venv_pytorch/share/accelergy/estimation_plug_ins/accelergy-cacti-plug-in/cacti_inputs_outputs/tmp4hutxjlf
2025-12-03 16:10:04 INFO        | CACTI executable not found at /home/juliana/venv_pytorch/share/accelergy/estimation_plug_ins/accelergy-cacti-plug-in/cacti/cacti
2025-12-03 16:10:04 INFO        | Calling: cd /home/juliana/venv_pytorch/share/accelergy/estimation_plug_ins/accelergy-cacti-plug-in ; ./cacti -infile /home/juliana/venv_pytorch/share/accelergy/estimation_plug_ins/accelergy-cacti-plug-in/cacti_inputs_outputs/tmpe5xbb97n >> /home/juliana/venv_pytorch/share/accelergy/estimation_plug_ins/accelergy-cacti-plug-in/cacti_inputs_outputs/tmp4hutxjlf 2>&1
2025-12-03 16:10:04 INFO        | Cache bandwidth: 64.0 bytes/cycle
2025-12-03 16:10:04 INFO        | Cache bandwidth: 160404945369.29526 bits/second
2025-12-03 16:10:04 INFO        | Global cycle time 1e-09 is less than the cache's random cycle time 3.191921538461539e-09
2025-12-03 16:10:04 INFO        | Multiplying by n_instances 1
2025-12-03 16:10:04 INFO        
2025-12-03 16:10:04 INFO        ENERGY ESTIMATION for regfile(depth=1, width=64, datawidth=16, has_power_gating=False, n_banks=2, cluster_size=1, reduction_supported=True, multiple_buffering=1, min_utilization=0, allow_overbooking=False, meshX=2, meshY=1, technology=40nm, global_cycle_seconds=1e-09, spatial={'meshX': 32}, version=0.4, action_latency_cycles=1, cycle_seconds=1e-09, n_instances=1).write(global_cycle_seconds=1e-09, action_latency_cycles=1)
2025-12-03 16:10:04 INFO        Aladdin_table estimated 0.009p with accuracy 70%. 
2025-12-03 16:10:04 INFO        
2025-12-03 16:10:04 INFO        ENERGY ESTIMATION for regfile(depth=1, width=64, datawidth=16, has_power_gating=False, n_banks=2, cluster_size=1, reduction_supported=True, multiple_buffering=1, min_utilization=0, allow_overbooking=False, meshX=2, meshY=1, technology=40nm, global_cycle_seconds=1e-09, spatial={'meshX': 32}, version=0.4, action_latency_cycles=1, cycle_seconds=1e-09, n_instances=1).read(global_cycle_seconds=1e-09, action_latency_cycles=1)
2025-12-03 16:10:04 INFO        Aladdin_table estimated 0.009p with accuracy 70%. 
2025-12-03 16:10:04 INFO        
2025-12-03 16:10:04 INFO        ENERGY ESTIMATION for regfile(depth=1, width=64, datawidth=16, has_power_gating=False, n_banks=2, cluster_size=1, reduction_supported=True, multiple_buffering=1, min_utilization=0, allow_overbooking=False, meshX=2, meshY=1, technology=40nm, global_cycle_seconds=1e-09, spatial={'meshX': 32}, version=0.4, action_latency_cycles=1, cycle_seconds=1e-09, n_instances=1).update(global_cycle_seconds=1e-09, action_latency_cycles=1)
2025-12-03 16:10:04 INFO        Aladdin_table estimated 0.009p with accuracy 70%. 
2025-12-03 16:10:04 INFO        
2025-12-03 16:10:04 INFO        ENERGY ESTIMATION for regfile(depth=1, width=64, datawidth=16, has_power_gating=False, n_banks=2, cluster_size=1, reduction_supported=True, multiple_buffering=1, min_utilization=0, allow_overbooking=False, meshX=2, meshY=1, technology=40nm, global_cycle_seconds=1e-09, spatial={'meshX': 32}, version=0.4, action_latency_cycles=1, cycle_seconds=1e-09, n_instances=1).leak(global_cycle_seconds=1e-09, action_latency_cycles=1)
2025-12-03 16:10:04 INFO        Aladdin_table estimated 7e-05p with accuracy 70%. Messages:
2025-12-03 16:10:04 INFO        | Multiplying by n_instances 1
2025-12-03 16:10:04 INFO        
2025-12-03 16:10:04 INFO        ENERGY ESTIMATION for intmac(width=16, datawidth=16, has_power_gating=False, meshX=8, meshY=1, technology=40nm, global_cycle_seconds=1e-09, spatial={'meshX': 32}, version=0.4, action_latency_cycles=1, cycle_seconds=1e-09, n_instances=1).compute(global_cycle_seconds=1e-09, action_latency_cycles=1)
2025-12-03 16:10:04 INFO        Aladdin_table estimated 3.275p with accuracy 70%. 
2025-12-03 16:10:04 WARNING     No action counts are specified as yaml input
2025-12-03 16:10:04 INFO        
2025-12-03 16:10:04 INFO        AREA ESTIMATION for SRAM(depth=16384, width=256, datawidth=16, instances=1, meshX=1, has_power_gating=False, n_banks=2, cluster_size=1, reduction_supported=True, multiple_buffering=1, min_utilization=0, allow_overbooking=False, meshY=1, technology=40nm, global_cycle_seconds=1e-09, version=0.4, action_latency_cycles=1, cycle_seconds=1e-09, n_instances=1)
2025-12-03 16:10:06 INFO        CactiSRAM estimated 1.5147865384615385e-06 with accuracy 80%. Messages:
2025-12-03 16:10:06 INFO        | Unused arguments (datawidth, instances, meshX, has_power_gating, cluster_size, reduction_supported, multiple_buffering, min_utilization, allow_overbooking, meshY, global_cycle_seconds, version, action_latency_cycles, cycle_seconds, n_instances) provided for ['SRAM', 'sram'].__init__. Arguments used: (depth, width, n_banks, technology)
2025-12-03 16:10:06 INFO        | Interpolating technology between 32 and 45.
2025-12-03 16:10:06 INFO        | Calling CACTI with cache_size=524288 n_rw_ports=1 block_size=32 tech_node_um=0.032 n_banks=2 tag_size=0 associativity=1
2025-12-03 16:10:06 INFO        | Calling CACTI with input path /home/juliana/venv_pytorch/share/accelergy/estimation_plug_ins/accelergy-cacti-plug-in/cacti_inputs_outputs/tmp85wjb5i_
2025-12-03 16:10:06 INFO        | CACTI output will be written to /home/juliana/venv_pytorch/share/accelergy/estimation_plug_ins/accelergy-cacti-plug-in/cacti_inputs_outputs/tmp3rz3osju
2025-12-03 16:10:06 INFO        | CACTI executable not found at /home/juliana/venv_pytorch/share/accelergy/estimation_plug_ins/accelergy-cacti-plug-in/cacti/cacti
2025-12-03 16:10:06 INFO        | Calling: cd /home/juliana/venv_pytorch/share/accelergy/estimation_plug_ins/accelergy-cacti-plug-in ; ./cacti -infile /home/juliana/venv_pytorch/share/accelergy/estimation_plug_ins/accelergy-cacti-plug-in/cacti_inputs_outputs/tmp85wjb5i_ >> /home/juliana/venv_pytorch/share/accelergy/estimation_plug_ins/accelergy-cacti-plug-in/cacti_inputs_outputs/tmp3rz3osju 2>&1
2025-12-03 16:10:06 INFO        | Calling CACTI with cache_size=524288 n_rw_ports=1 block_size=32 tech_node_um=0.045 n_banks=2 tag_size=0 associativity=1
2025-12-03 16:10:06 INFO        | Calling CACTI with input path /home/juliana/venv_pytorch/share/accelergy/estimation_plug_ins/accelergy-cacti-plug-in/cacti_inputs_outputs/tmpzzgj9e_9
2025-12-03 16:10:06 INFO        | CACTI output will be written to /home/juliana/venv_pytorch/share/accelergy/estimation_plug_ins/accelergy-cacti-plug-in/cacti_inputs_outputs/tmph0a0vssh
2025-12-03 16:10:06 INFO        | CACTI executable not found at /home/juliana/venv_pytorch/share/accelergy/estimation_plug_ins/accelergy-cacti-plug-in/cacti/cacti
2025-12-03 16:10:06 INFO        | Calling: cd /home/juliana/venv_pytorch/share/accelergy/estimation_plug_ins/accelergy-cacti-plug-in ; ./cacti -infile /home/juliana/venv_pytorch/share/accelergy/estimation_plug_ins/accelergy-cacti-plug-in/cacti_inputs_outputs/tmpzzgj9e_9 >> /home/juliana/venv_pytorch/share/accelergy/estimation_plug_ins/accelergy-cacti-plug-in/cacti_inputs_outputs/tmph0a0vssh 2>&1
2025-12-03 16:10:06 INFO        | Cache bandwidth: 64.0 bytes/cycle
2025-12-03 16:10:06 INFO        | Cache bandwidth: 160404945369.29526 bits/second
2025-12-03 16:10:06 INFO        | Multiplying by n_instances 1
2025-12-03 16:10:06 INFO        
2025-12-03 16:10:06 INFO        AREA ESTIMATION for dummy_storage(width=1, depth=1, datawidth=1, technology=-1, has_power_gating=False, n_banks=2, cluster_size=1, reduction_supported=True, multiple_buffering=1, min_utilization=0, allow_overbooking=False, meshX=1, meshY=1, global_cycle_seconds=1e-09, spatial={'meshX': 32}, version=0.4, action_latency_cycles=1, cycle_seconds=1e-09, n_instances=1)
2025-12-03 16:10:06 INFO        dummy estimated 1u^2 with accuracy 100%. Messages:
2025-12-03 16:10:06 INFO        | Multiplying by n_instances 1
2025-12-03 16:10:06 INFO        
2025-12-03 16:10:06 INFO        AREA ESTIMATION for regfile(depth=1, width=64, datawidth=16, has_power_gating=False, n_banks=2, cluster_size=1, reduction_supported=True, multiple_buffering=1, min_utilization=0, allow_overbooking=False, meshX=2, meshY=1, technology=40nm, global_cycle_seconds=1e-09, spatial={'meshX': 32}, version=0.4, action_latency_cycles=1, cycle_seconds=1e-09, n_instances=1)
2025-12-03 16:10:06 INFO        Aladdin_table estimated 5.98u^2 with accuracy 70%. Messages:
2025-12-03 16:10:06 INFO        | Multiplying by n_instances 1
2025-12-03 16:10:06 INFO        
2025-12-03 16:10:06 INFO        AREA ESTIMATION for dummy_storage(width=1, depth=1, datawidth=1, technology=-1, has_power_gating=False, n_banks=2, cluster_size=1, reduction_supported=True, multiple_buffering=1, min_utilization=0, allow_overbooking=False, meshX=2, meshY=1, global_cycle_seconds=1e-09, spatial={'meshX': 32}, version=0.4, action_latency_cycles=1, cycle_seconds=1e-09, n_instances=1)
2025-12-03 16:10:06 INFO        dummy estimated 1u^2 with accuracy 100%. Messages:
2025-12-03 16:10:06 INFO        | Multiplying by n_instances 1
2025-12-03 16:10:06 INFO        
2025-12-03 16:10:06 INFO        AREA ESTIMATION for intmac(width=16, datawidth=16, has_power_gating=False, meshX=8, meshY=1, technology=40nm, global_cycle_seconds=1e-09, spatial={'meshX': 32}, version=0.4, action_latency_cycles=1, cycle_seconds=1e-09, n_instances=1)
2025-12-03 16:10:06 INFO        Aladdin_table estimated 1726.5u^2 with accuracy 70%. Messages:
2025-12-03 16:10:06 INFO        | Multiplying by n_instances 1
2025-12-03 16:10:06 INFO        flattened architecture is saved to:
2025-12-03 16:10:06 INFO        ./timeloop-mapper.flattened_architecture.yaml
2025-12-03 16:10:06 INFO        energy reference table is saved to:
2025-12-03 16:10:06 INFO        ./timeloop-mapper.ERT.yaml
2025-12-03 16:10:06 INFO        energy reference table summary is saved to:
2025-12-03 16:10:06 INFO        ./timeloop-mapper.ERT_summary.yaml
2025-12-03 16:10:06 WARNING     no runtime energy estimations are generated... not generating energy_estimation.yaml
2025-12-03 16:10:06 INFO        area reference table is saved to:
2025-12-03 16:10:06 INFO        ./timeloop-mapper.ART.yaml
2025-12-03 16:10:06 INFO        area reference table summary is saved to:
2025-12-03 16:10:06 INFO        ./timeloop-mapper.ART_summary.yaml
