MAxPy: PYBIND COMPILATION LOG

Command line:

cmake -G Ninja -B neuron_drums_4/neuron_intra_Nbits_DRUMs_8/ -S neuron_drums_4/neuron_intra_Nbits_DRUMs_8/

Command line:

ninja -C neuron_drums_4/neuron_intra_Nbits_DRUMs_8/

Log from stdout and stderr:

-- The C compiler identification is GNU 13.3.0
-- The CXX compiler identification is GNU 13.3.0
-- Detecting C compiler ABI info
-- Detecting C compiler ABI info - done
-- Check for working C compiler: /usr/bin/cc - skipped
-- Detecting C compile features
-- Detecting C compile features - done
-- Detecting CXX compiler ABI info
-- Detecting CXX compiler ABI info - done
-- Check for working CXX compiler: /usr/bin/c++ - skipped
-- Detecting CXX compile features
-- Detecting CXX compile features - done
CMake Warning (dev) at /home/juliana/venv_pytorch/share/cmake/pybind11/FindPythonLibsNew.cmake:101 (message):
  Policy CMP0148 is not set: The FindPythonInterp and FindPythonLibs modules
  are removed.  Run "cmake --help-policy CMP0148" for policy details.  Use
  the cmake_policy command to set the policy and suppress this warning, or
  preferably upgrade to using FindPython, either by calling it explicitly
  before pybind11, or by setting PYBIND11_FINDPYTHON ON before pybind11.
Call Stack (most recent call first):
  /home/juliana/venv_pytorch/share/cmake/pybind11/pybind11Tools.cmake:44 (find_package)
  /home/juliana/venv_pytorch/share/cmake/pybind11/pybind11Common.cmake:226 (include)
  /home/juliana/venv_pytorch/share/cmake/pybind11/pybind11Config.cmake:257 (include)
  CMakeLists.txt:3 (find_package)
This warning is for project developers.  Use -Wno-dev to suppress it.

-- Found pybind11: /home/juliana/venv_pytorch/include (found version "3.0.1")
-- Configuring done (1.9s)
-- Generating done (0.0s)
-- Build files have been written to: /home/juliana/Topicos-Especiais-XII/trabalho_final/neuron_intra_Nbits/neuron_drums_4/neuron_intra_Nbits_DRUMs_8


12-02-2025 21:15:16

