MAxPy: OpenSTA LOG

Command line:

sta cmd_file.sta

OpenSTA file:

read_liberty /home/juliana/venv_pytorch/lib/python3.12/site-packages/MAxPy/pdk/NanGate15nm.lib
read_verilog neuron_drums_4/neuron_intra_Nbits_DRUMs_8/netlist_yosys/neuron_intra_Nbits.v
link_design neuron_intra_Nbits
report_power -digits 5 >power.rpt
report_checks -unconstrained -path_delay max -format summary -digits 5 >timing.rpt
exit


Log from stdout and stderr:

OpenSTA 2.7.0 581364982d Copyright (c) 2025, Parallax Software, Inc.
License GPLv3: GNU GPL version 3 <http://gnu.org/licenses/gpl.html>

This is free software, and you are free to change and redistribute it
under certain conditions; type `show_copying' for details. 
This program comes with ABSOLUTELY NO WARRANTY; for details type `show_warranty'.
Power report:

['Group                   Internal   Switching     Leakage       Total\n', '                           Power       Power       Power       Power (Watts)\n', '--------------------------------------------------------------------\n', 'Sequential           1.33308e-02 4.40199e-03 1.05948e-06 1.77338e-02   1.7%\n', 'Combinational        5.00811e-01 5.43297e-01 4.94364e-05 1.04416e+00  98.3%\n', 'Clock                0.00000e+00 0.00000e+00 0.00000e+00 0.00000e+00   0.0%\n', 'Macro                0.00000e+00 0.00000e+00 0.00000e+00 0.00000e+00   0.0%\n', 'Pad                  0.00000e+00 0.00000e+00 0.00000e+00 0.00000e+00   0.0%\n', '--------------------------------------------------------------------\n', 'Total                5.14141e-01 5.47699e-01 5.04959e-05 1.06189e+00 100.0%\n', '                           48.4%       51.6%        0.0%\n']

Timing report:

['Startpoint                           Endpoint                                  Slack\n', '-----------------------------------------------------------------------------------\n', 'X_N[55] (input)                      _6987_/D (DFFRNQ_X1)                  273.98624\n', '\n']

