xrun(64): 23.09-s013: (c) Copyright 1995-2024 Cadence Design Systems, Inc.
TOOL:	xrun(64)	23.09-s013: Started on Nov 28, 2025 at 16:24:04 -03
xrun
	rtl/neuron_intra_Nbits_1.v
	tb/tb_neuron_intra_1.v
Recompiling... reason: file './tb/tb_neuron_intra_1.v' is newer than expected.
	expected: Fri Nov 28 16:22:42 2025
	actual:   Fri Nov 28 16:23:00 2025
file: tb/tb_neuron_intra_1.v
    #10 rst = 0;`timescale 1ns / 1ps`timescale 1ns / 1ps
                                   |
xmvlog: *W,TMSERX (tb/tb_neuron_intra_1.v,67|35): `timescale must be used outside of design units; directive ignored [19.8(IEEE Std 1364-2005)].
    #10 rst = 0;`timescale 1ns / 1ps`timescale 1ns / 1ps
                                                       |
xmvlog: *W,TMSERX (tb/tb_neuron_intra_1.v,67|55): `timescale must be used outside of design units; directive ignored [19.8(IEEE Std 1364-2005)].
	module worklib.tb_neuron_intra:v
		errors: 0, warnings: 2
		Caching library 'worklib' ....... Done
	Elaborating the design hierarchy:
	Top level design units:
		tb_neuron_intra
	Building instance overlay tables: .................... Done
	Generating native compiled code:
		worklib.tb_neuron_intra:v <0x47b7ac88>
			streams:   8, words: 13387
	Building instance specific data structures.
	Loading native compiled code:     .................... Done
	Design hierarchy summary:
		                 Instances  Unique
		Modules:                 2       2
		Registers:              13      13
		Scalar wires:            3       -
		Expanded wires:         48       3
		Vectored wires:          9       -
		Always blocks:           2       2
		Initial blocks:          2       2
		Cont. assignments:       9       7
		Pseudo assignments:      3       -
		Process Clocks:          1       1
		Simulation timescale:  1ps
	Writing initial simulation snapshot: worklib.tb_neuron_intra:v
Loading snapshot worklib.tb_neuron_intra:v .................... Done
xcelium> source /tools/cadence/XCELIUM2309/tools/xcelium/files/xmsimrc
xcelium> run
OK   @26000:      ReLU mantem | Saida=10
OK   @46000:  ReLU zera saida | Saida=0
OK   @66000:       Soma mista | Saida=17
OK   @86000:              fim | Saida=2
Simulacao finalizada.
Simulation complete via $finish(1) at time 92 NS + 0
./tb/tb_neuron_intra_1.v:106     #6 $finish;
xcelium> exit
TOOL:	xrun(64)	23.09-s013: Exiting on Nov 28, 2025 at 16:24:05 -03  (total: 00:00:01)
