MAxPy: OpenSTA LOG

Command line:

sta cmd_file.sta

OpenSTA file:

read_liberty /home/juliana/venv_pytorch/lib/python3.12/site-packages/MAxPy/pdk/NanGate15nm.lib
read_verilog study_no_1/poly1_LOBA0s_4_eta1_1/netlist_yosys/poly1.v
link_design poly1
report_power -digits 5 >power.rpt
report_checks -unconstrained -path_delay max -format summary -digits 5 >timing.rpt
exit


Log from stdout and stderr:

OpenSTA 2.7.0 581364982d Copyright (c) 2025, Parallax Software, Inc.
License GPLv3: GNU GPL version 3 <http://gnu.org/licenses/gpl.html>

This is free software, and you are free to change and redistribute it
under certain conditions; type `show_copying' for details. 
This program comes with ABSOLUTELY NO WARRANTY; for details type `show_warranty'.
Power report:

['Group                   Internal   Switching     Leakage       Total\n', '                           Power       Power       Power       Power (Watts)\n', '--------------------------------------------------------------------\n', 'Sequential           0.00000e+00 0.00000e+00 0.00000e+00 0.00000e+00   0.0%\n', 'Combinational        2.25979e-02 2.18373e-02 2.14686e-06 4.44374e-02 100.0%\n', 'Clock                0.00000e+00 0.00000e+00 0.00000e+00 0.00000e+00   0.0%\n', 'Macro                0.00000e+00 0.00000e+00 0.00000e+00 0.00000e+00   0.0%\n', 'Pad                  0.00000e+00 0.00000e+00 0.00000e+00 0.00000e+00   0.0%\n', '--------------------------------------------------------------------\n', 'Total                2.25979e-02 2.18373e-02 2.14686e-06 4.44374e-02 100.0%\n', '                           50.9%       49.1%        0.0%\n']

Timing report:

['Startpoint                           Endpoint                                  Slack\n', '-----------------------------------------------------------------------------------\n', 'x[1] (input)                         y[8] (output)                         129.22252\n', '\n']

